File read to copy: 01 - Kryptonite.flac
 Fr: D:\Musica\Discografias\3 Doors Down\2000 - The Better Life
 To: G:\Musica\Discografias\3 Doors Down\2000 - The Better Life [16bit-44.1kHz]
File read to copy: 01 - When I'm Gone.flac
 Fr: D:\Musica\Discografias\3 Doors Down\2002 - Away From The Sun
 To: G:\Musica\Discografias\3 Doors Down\2002 - Away From The Sun [16bit-44.1kHz]
File read to copy: 01 - Right Where I Belong.flac
 Fr: D:\Musica\Discografias\3 Doors Down\2005 - Seventeen Days
 To: G:\Musica\Discografias\3 Doors Down\2005 - Seventeen Days [16bit-44.1kHz]
File read to copy: 01 - Train.flac
 Fr: D:\Musica\Discografias\3 Doors Down\2008 - 3 Doors Down
 To: G:\Musica\Discografias\3 Doors Down\2008 - 3 Doors Down [16bit-44.1kHz]
File read to copy: 01 - Time Of My Life.flac
 Fr: D:\Musica\Discografias\3 Doors Down\2011 - Time Of My Life
 To: G:\Musica\Discografias\3 Doors Down\2011 - Time Of My Life [16bit-44.1kHz]
File read to copy: 01 - The Broken.flac
 Fr: D:\Musica\Discografias\3 Doors Down\2016 - Us And The Night
 To: G:\Musica\Discografias\3 Doors Down\2016 - Us And The Night [16bit-44.1kHz]
File read to copy: 01. Capricorn (A Brand New Name).flac
 Fr: D:\Musica\Discografias\30 Seconds to Mars\2002 - 30 Seconds to Mars
 To: G:\Musica\Discografias\30 Seconds To Mars\2002 - 30 Seconds to Mars [16bit-44.1kHz]
File read to copy: 01 - Attack.flac
 Fr: D:\Musica\Discografias\30 Seconds to Mars\2007 - A Beautiful Lie (Deluxe Edition)
 To: G:\Musica\Discografias\30 Seconds To Mars\2006 - A Beautiful Lie (Deluxe Edition) [16bit-44.1kHz]
File read to copy: 01 - Message In A Bottle (Live).flac
 Fr: D:\Musica\Discografias\30 Seconds to Mars\2007 - AOL Sessions Undercover (EP) [WEB]
 To: G:\Musica\Discografias\30 Seconds To Mars\2007 - AOL Sessions Undercover [16bit-44.1kHz]
File read to copy: 01. Attack.flac
 Fr: D:\Musica\Discografias\30 Seconds to Mars\2008 - A Beautiful Lie (Japanese Limited Edition)
 To: G:\Musica\Discografias\30 Seconds To Mars\2008 - A Beautiful Lie (Japanese Limited Edition) [16bit-44.1kHz]
File read to copy: 01. Escape.flac
 Fr: D:\Musica\Discografias\30 Seconds to Mars\2010 - This Is War (Deluxe Editon)
 To: G:\Musica\Discografias\30 Seconds To Mars\2010 - This Is War [16bit-44.1kHz]
File read to copy: 01 - Hurricane (Unplugged).flac
 Fr: D:\Musica\Discografias\30 Seconds to Mars\2011 - MTV Unplugged Thirty Seconds To Mars (EP) [WEB]
 To: G:\Musica\Discografias\30 Seconds To Mars\2011 - MTV Unplugged Thirty Seconds to Mars - EP [16bit-44.1kHz]
File read to copy: 01 - Birth.flac
 Fr: D:\Musica\Discografias\30 Seconds to Mars\2013 - Love Lust Faith + Dreams
 To: G:\Musica\Discografias\Thirty Seconds to Mars\2013 - Love Lust Faith + Dreams [16bit-44.1kHz]
File read to copy: 01. Tapp.flac
 Fr: D:\Musica\Discografias\3OH3!\2009 - Want [Deluxe Edition]
 To: G:\Musica\Discografias\3OH!3\2009 - Want [Deluxe Edition [16bit-44.1kHz]
File read to copy: 01. Beaumont.flac
 Fr: D:\Musica\Discografias\3OH3!\2010 - Streets of Gold
 To: G:\Musica\Discografias\3OH!3\2010 - Streets of Gold [16bit-44.1kHz]
File read to copy: 01 - This Is Our Home.flac
 Fr: D:\Musica\Discografias\A-Ha\2017 - Summer Solstice (MTV Unplugged) [00602557929508]\CD 1
 To: G:\Musica\Discografias\A-Ha\2017 - MTV Unplugged - Summer Solstice [16bit-44.1kHz]\Disk 1
File read to copy: 01 - Sox of the Fox.flac
 Fr: D:\Musica\Discografias\A-Ha\2017 - Summer Solstice (MTV Unplugged) [00602557929508]\CD 2
 To: G:\Musica\Discografias\A-Ha\2017 - MTV Unplugged - Summer Solstice [16bit-44.1kHz]\Disk 2
File read to copy: 01 - Take On Me.flac
 Fr: D:\Musica\Discografias\A-Ha\2005 - The Singles 1984 - 2004
 To: G:\Musica\Discografias\a-ha\2004 - The Singles 1984 - 2004 [16bit-44.1kHz]
File read to copy: 01 - Dancin (feat. Luvli) (Krono Remix).flac
 Fr: D:\Musica\Discografias\Aaron Smith\2014 - Dancin (feat. Luvli) (Krono Remix)
 To: G:\Musica\Discografias\Aaron Smith', 'Krono', 'Luvli\2014 - Dancin (feat. Luvli) (Krono Remix) [16bit-44.1kHz]
File read to copy: 01. People Need Love.flac
 Fr: D:\Musica\Discografias\ABBA\2012 - The Essential Collection\2012 - The Essential Collection (disc 1 of 2 - The Essential Collection CD 1)
 To: G:\Musica\Discografias\ABBA\2012 - The Essential Collection [16bit-44.1kHz]\Disk 1
File read to copy: 01 - Dancing Queen.flac
 Fr: D:\Musica\Discografias\ABBA\1993 - ABBA Gold
 To: G:\Musica\Discografias\Abba\1993 - ABBA Gold [16bit-44.1kHz]
File read to copy: 01 - It's A Long Way To The Top (If You Wanna Rock 'N' Roll).flac
 Fr: D:\Musica\Discografias\AC DC\1975 - T.N.T. (Australian Release)
 To: G:\Musica\Discografias\ACDC\1975 - T.N.T. [16bit-44.1kHz]
File read to copy: 01 - Dirty Deeds Done Dirt Cheap.flac
 Fr: D:\Musica\Discografias\AC DC\1976 - Dirty Deeds Done Dirt Cheap
 To: G:\Musica\Discografias\ACDC\1976 - Dirty Deeds Done Dirt Cheap [16bit-44.1kHz]
File read to copy: 01 - It's A Long Way To The Top (If You Wanna Rock 'N' Roll).flac
 Fr: D:\Musica\Discografias\AC DC\1976 - High Voltage
 To: G:\Musica\Discografias\ACDC\1976 - High Voltage [16bit-44.1kHz]
File read to copy: 01 - Go Down.flac
 Fr: D:\Musica\Discografias\AC DC\1977 - Let There Be Rock
 To: G:\Musica\Discografias\ACDC\1977 - Let There Be Rock [16bit-44.1kHz]
File read to copy: 01 - Rock 'N' Roll Damnation.flac
 Fr: D:\Musica\Discografias\AC DC\1978 - Powerage
 To: G:\Musica\Discografias\ACDC\1978 - Powerage [16bit-44.1kHz]
File read to copy: 01 - Highway To Hell.flac
 Fr: D:\Musica\Discografias\AC DC\1979 - Highway To Hell
 To: G:\Musica\Discografias\ACDC\1979 - Highway To Hell [16bit-44.1kHz]
File read to copy: 01 - Hells Bells.flac
 Fr: D:\Musica\Discografias\AC DC\1980 - Back In Black
 To: G:\Musica\Discografias\ACDC\1980 - Back In Black [16bit-44.1kHz]
File read to copy: 01 - Who Made Who.flac
 Fr: D:\Musica\Discografias\AC DC\1986 - Who Made Who
 To: G:\Musica\Discografias\ACDC\1986 - Who Made Who [16bit-44.1kHz]
File read to copy: 01 - Thunderstruck.flac
 Fr: D:\Musica\Discografias\AC DC\1990 - The Razors Edge
 To: G:\Musica\Discografias\ACDC\1990 - The Razors Edge [16bit-44.1kHz]
File read to copy: 01 - For Those About to Rock (We Salute You).flac
 Fr: D:\Musica\Discografias\AC DC\1981 - For Those About to Rock (We Salute You)
 To: G:\Musica\Discografias\ACDC\1981 - For Those About to Rock (We Salute You) [24bit-48.0kHz]
File read to copy: 01 - Realize.flac
 Fr: D:\Musica\Discografias\AC DC\2020 - POWER UP
 To: G:\Musica\Discografias\ACDC\2020 - POWER UP [24bit-48.0kHz]
File read to copy: 01 - Rock N Roll Train.flac
 Fr: D:\Musica\Discografias\AC DC\2008 - Black Ice
 To: G:\Musica\Discografias\ACDC\2008 - Black Ice [24bit-48.0kHz]
File read to copy: 01 - Go Down.flac
 Fr: D:\Musica\Discografias\AC DC\Tidal mqa\1977 - Let There Be Rock
 To: G:\Musica\Discografias\ACDC\1977 - Let There Be Rock [24bit-48.0kHz]
File read to copy: 01 - Rock 'N' Roll Damnation.flac
 Fr: D:\Musica\Discografias\AC DC\Tidal mqa\1978 - Powerage
 To: G:\Musica\Discografias\ACDC\1978 - Powerage [24bit-48.0kHz]
File read to copy: 01 - Highway to Hell.flac
 Fr: D:\Musica\Discografias\AC DC\Tidal mqa\1979 - Highway to Hell
 To: G:\Musica\Discografias\ACDC\1979 - Highway to Hell [24bit-48.0kHz]
File read to copy: 01 - Hells Bells.flac
 Fr: D:\Musica\Discografias\AC DC\Tidal mqa\1980 - Back In Black
 To: G:\Musica\Discografias\ACDC\1980 - Back In Black [24bit-48.0kHz]
File read to copy: 01 - Who Made Who.flac
 Fr: D:\Musica\Discografias\AC DC\Tidal mqa\1986 - Who Made Who
 To: G:\Musica\Discografias\ACDC\1986 - Who Made Who [24bit-48.0kHz]
File read to copy: 01 - Thunderstruck.flac
 Fr: D:\Musica\Discografias\AC DC\Tidal mqa\1990 - The Razors Edge
 To: G:\Musica\Discografias\ACDC\1990 - The Razors Edge [24bit-48.0kHz]
File read to copy: 01 - Dirty Deeds Done Dirt Cheap.flac
 Fr: D:\Musica\Discografias\AC DC\Tidal mqa\1976 - Dirty Deeds Done Dirt Cheap
 To: G:\Musica\Discografias\ACDC\1976 - Dirty Deeds Done Dirt Cheap [24bit-48.0kHz]
File read to copy: 01 - It's a Long Way to the Top (If You Wanna Rock 'N'.flac
 Fr: D:\Musica\Discografias\AC DC\Tidal mqa\1976 - High Voltage
 To: G:\Musica\Discografias\ACDC\1976 - High Voltage [24bit-48.0kHz]
File read to copy: 01 - Hello.flac
 Fr: D:\Musica\Discografias\Adele\2015 - 25
 To: G:\Musica\Discografias\Adele\2015 - 25 [16bit-44.1kHz]
File read to copy: 01. Back in the Saddle.flac
 Fr: D:\Musica\Discografias\Aerosmith\1976 - Rocks
 To: G:\Musica\Discografias\Aerosmith\1976 - Rocks [16bit-44.1kHz]
File read to copy: 01. No Surprize.flac
 Fr: D:\Musica\Discografias\Aerosmith\1979 - Night in the Ruts
 To: G:\Musica\Discografias\Aerosmith\1979 - Night in the Ruts [16bit-44.1kHz]
File read to copy: 01. Intro.flac
 Fr: D:\Musica\Discografias\Aerosmith\1993 - Get a Grip
 To: G:\Musica\Discografias\Aerosmith\1993 - Get a Grip [16bit-44.1kHz]
File read to copy: 01. Walk on Water.flac
 Fr: D:\Musica\Discografias\Aerosmith\1994 - Big Ones
 To: G:\Musica\Discografias\Aerosmith\1994 - Big Ones [16bit-44.1kHz]
File read to copy: 01. I don't want to miss a thing.flac
 Fr: D:\Musica\Discografias\Aerosmith\1998 - I don't want to miss a thing (Maxi Single) [Japan SRCS 8630]
 To: G:\Musica\Discografias\Aerosmith\1998 - I don't want to miss a thing (Maxi Single) [Japan SRCS 8630] [16bit-44.1kHz]
File read to copy: 01. Beyond Beautiful.flac
 Fr: D:\Musica\Discografias\Aerosmith\2001 - Just Push Play
 To: G:\Musica\Discografias\Aerosmith\2001 - Just Push Play [16bit-44.1kHz]
File read to copy: 01 - Same Old Song and Dance.flac
 Fr: D:\Musica\Discografias\Aerosmith\1974 - Get Your Wings
 To: G:\Musica\Discografias\Aerosmith\1974 - Get Your Wings [24bit-48.0kHz]
File read to copy: 01 - Make It.flac
 Fr: D:\Musica\Discografias\Aerosmith\1973 - Aerosmith
 To: G:\Musica\Discografias\Aerosmith\1973 - Aerosmith [24bit-48.0kHz]
File read to copy: 01 - Heart's Done Time.flac
 Fr: D:\Musica\Discografias\Aerosmith\1987 - Permanent Vacation
 To: G:\Musica\Discografias\Aerosmith\1987 - Permanent Vacation [24bit-48.0kHz]
File read to copy: 01 - Intro.flac
 Fr: D:\Musica\Discografias\Aerosmith\1993 - Get A Grip 24-48
 To: G:\Musica\Discografias\Aerosmith\1993 - Get A Grip [24bit-48.0kHz]
File read to copy: 01 - Beyond Beautiful.flac
 Fr: D:\Musica\Discografias\Aerosmith\2001 - Just Push Play mqa
 To: G:\Musica\Discografias\Aerosmith\2001 - Just Push Play [24bit-48.0kHz]
File read to copy: 01 - Toys In The Attic.flac
 Fr: D:\Musica\Discografias\Aerosmith\1975 - Toys In The Attic
 To: G:\Musica\Discografias\Aerosmith\1975 - Toys In The Attic [24bit-48.0kHz]
File read to copy: 01 - Dream On.flac
 Fr: D:\Musica\Discografias\Aerosmith\1980 - Aerosmith's Greatest Hits
 To: G:\Musica\Discografias\Aerosmith\1980 - Aerosmith's Greatest Hits [24bit-48.0kHz]
File read to copy: 01 - Initiation.flac
 Fr: D:\Musica\Discografias\AFI\2000 - The Art of Drowning [FLAC.WI]
 To: G:\Musica\Discografias\AFI\2000 - The Art of Drowning [16bit-44.1kHz]
File read to copy: 01 - AFI - Miseria Cantare- The Beginning.flac
 Fr: D:\Musica\Discografias\AFI\2003 - Sing The Sorrow (UK Version) [FLAC.WI]
 To: G:\Musica\Discografias\AFI\2003 - Sing The Sorrow  [UK Version [16bit-44.1kHz]
File read to copy: 01. AFI - The Lost Souls.flac
 Fr: D:\Musica\Discografias\AFI\2004 - AFI (Official Compilation) [FLAC.WI]
 To: G:\Musica\Discografias\AFI\2004 - AFI [16bit-44.1kHz]
File read to copy: (01) Prelude 12,21.flac
 Fr: D:\Musica\Discografias\AFI\2006 - Decemberunderground (UK Bonus Tracks) [FLAC.WI]
 To: G:\Musica\Discografias\AFI\2006 - Decemberunderground [16bit-44.1kHz]
File read to copy: 01 - Torch Song.flac
 Fr: D:\Musica\Discografias\AFI\2009 - Crash Love (Japan Edition + Deluxe Edition Bonus Disc) [FLAC.WI]
 To: G:\Musica\Discografias\AFI\2009 - Crash Love (Japanese Edition) [16bit-44.1kHz]
File read to copy: 01 - Fainting Spells (From 'Decemberunderground' Sessions 2006).flac
 Fr: D:\Musica\Discografias\AFI\2009 - Crash Love (Japan Edition + Deluxe Edition Bonus Disc) [FLAC.WI]\Bonus Disc
 To: G:\Musica\Discografias\AFI\2009 - Crash Love [Deluxe Edition Bonus Disc [16bit-44.1kHz]
File read to copy: 01 The Sinking Night.flac
 Fr: D:\Musica\Discografias\AFI\2013 - Burials (Best Buy Exclusive) [FLAC]
 To: G:\Musica\Discografias\AFI\2013 - Burials [16bit-44.1kHz]
File read to copy: 01 - Dark Snow.flac
 Fr: D:\Musica\Discografias\AFI\2017 - AFI (The Blood Album)
 To: G:\Musica\Discografias\AFI\2017 - AFI (The Blood Album) [16bit-44.1kHz]
File read to copy: 01 - Twisted Tongues.flac
 Fr: D:\Musica\Discografias\AFI\2021 - Bodies
 To: G:\Musica\Discografias\AFI\2021 - Bodies [16bit-44.1kHz]
File read to copy: 01 - Locked Up.flac
 Fr: D:\Musica\Discografias\Akon\2005 - Trouble\D1
 To: G:\Musica\Discografias\Akon\2005 - Trouble (Deluxe Edition) (Disc 1) [16bit-44.1kHz]
File read to copy: 01 - Belly Dancer (Bananza)[Remix].flac
 Fr: D:\Musica\Discografias\Akon\2005 - Trouble\D2
 To: G:\Musica\Discografias\Akon\2005 - Trouble (Deluxe Edition) (Disc 2) [16bit-44.1kHz]
File read to copy: 01 - Akon - Shake Down (Produced By Giorgio Tuinfort).flac
 Fr: D:\Musica\Discografias\Akon\2007 - Konvicted
 To: G:\Musica\Discografias\Akon\2007 - Konvicted (Deluxe Edition) (AU) [16bit-44.1kHz]
File read to copy: 01 - Right Now (Na Na Na).flac
 Fr: D:\Musica\Discografias\Akon\2008 - Freedom
 To: G:\Musica\Discografias\Akon\2008 - Freedom [16bit-44.1kHz]
File read to copy: 01. Cuando nadie me ve.flac
 Fr: D:\Musica\Discografias\Alejandro Sanz\2001 - MTV Unplugged (FLAC)
 To: G:\Musica\Discografias\Alejandro Sanz\2001 - MTV Unplugged [16bit-44.1kHz]
File read to copy: 01. Corazón Partio.flac
 Fr: D:\Musica\Discografias\Alejandro Sanz\2012 - Coleccion Definitiva\2012 - Coleccion Definitiva CD1 (FLAC)
 To: G:\Musica\Discografias\Alejandro Sanz\2012 - Coleccion Definitiva CD1 [16bit-44.1kHz]
File read to copy: 01. Looking For Paradise [Featuring Alicia Keys].flac
 Fr: D:\Musica\Discografias\Alejandro Sanz\2012 - Coleccion Definitiva\2012 - Coleccion Definitiva CD2 (FLAC)
 To: G:\Musica\Discografias\Alejandro Sanz\2012 - Coleccion Definitiva CD2 [16bit-44.1kHz]
File read to copy: 01 - Icarus.flac
 Fr: D:\Musica\Discografias\Alesana\2006 - On Frail Wings Of Vanity And Wax
 To: G:\Musica\Discografias\Alesana\2006 - On Frail Wings Of Vanity And Wax [16bit-44.1kHz]
File read to copy: 01 - This Is Usually the Part Where People Scream.flac
 Fr: D:\Musica\Discografias\Alesana\2008 - Where Myth Fades To Legend (Japanese Edition)
 To: G:\Musica\Discografias\Alesana\2008 - Where Myth Fades To Legend [16bit-44.1kHz]
File read to copy: 01 - Curse Of The Virgin Canvas.flac
 Fr: D:\Musica\Discografias\Alesana\2010 - The Emptiness
 To: G:\Musica\Discografias\Alesana\2010 - The Emptiness [16bit-44.1kHz]
File read to copy: 01 - The Dark Wood of Error.flac
 Fr: D:\Musica\Discografias\Alesana\2011 - A Place Where the Sun Is Silent\Act 1- The Gate
 To: G:\Musica\Discografias\Alesana\2011 - A Place Where The Sun Is Silent [16bit-44.1kHz]\Disk 1
File read to copy: 09 - Before Him All Shall Scatter.flac
 Fr: D:\Musica\Discografias\Alesana\2011 - A Place Where the Sun Is Silent\Act 2- The Immortal Sill
 To: G:\Musica\Discografias\Alesana\2011 - A Place Where The Sun Is Silent [16bit-44.1kHz]\Disk 2
File read to copy: 01 - It Was a Dark and Stormy Night.flac
 Fr: D:\Musica\Discografias\Alesana\2015 - Confessions
 To: G:\Musica\Discografias\Alesana\2015 - Confessions [16bit-44.1kHz]
File read to copy: 01 - Profondo.flac
 Fr: D:\Musica\Discografias\Alesso\2015 - Forever
 To: G:\Musica\Discografias\Alesso\2015 - Forever [24bit-44.1kHz]
File read to copy: 01 - Leave A Little Love.flac
 Fr: D:\Musica\Discografias\Alesso\2021 - Leave A Little Love
 To: G:\Musica\Discografias\Alesso', 'Armin van Buuren\2021 - Leave A Little Love [16bit-44.1kHz]
File read to copy: 01. ¿Que Pides Tu.flac
 Fr: D:\Musica\Discografias\Alex Ubago\2001 - Que Pides Tú (FLAC)
 To: G:\Musica\Discografias\Alex Ubago\2001 - ¿Que Pides Tu [16bit-44.1kHz]
File read to copy: 01 - We Die Young.flac
 Fr: D:\Musica\Discografias\Alice in Chains\1990 - Facelift
 To: G:\Musica\Discografias\Alice In Chains\1990 - Facelift [16bit-44.1kHz]
File read to copy: 01 - Rotten Apple.flac
 Fr: D:\Musica\Discografias\Alice in Chains\1994 - Jar Of Flies
 To: G:\Musica\Discografias\Alice In Chains\1994 - Jar Of Flies [16bit-44.1kHz]
File read to copy: 01 - Them Bones.flac
 Fr: D:\Musica\Discografias\Alice in Chains\1992 - Dirt
 To: G:\Musica\Discografias\Alice In Chains\1992 - Dirt [16bit-44.1kHz]
File read to copy: 01 - Caught in a Dream.flac
 Fr: D:\Musica\Discografias\Alice in Chains\Alice Cooper\1971 - Love It to Death
 To: G:\Musica\Discografias\Alice Cooper\1971 - Love It to Death [16bit-44.1kHz]
File read to copy: 01 - School's Out.flac
 Fr: D:\Musica\Discografias\Alice in Chains\Alice Cooper\1972 - School's Out
 To: G:\Musica\Discografias\Alice Cooper\1972 - School's Out [16bit-44.1kHz]
File read to copy: 01 - Hello Hooray.flac
 Fr: D:\Musica\Discografias\Alice in Chains\Alice Cooper\1973 - Billion Dollar Babies (Deluxe Reissue)
 To: G:\Musica\Discografias\Alice Cooper\1973 - Billion Dollar Babies (Deluxe Reissue) [16bit-44.1kHz]
File read to copy: 01 - Poison.flac
 Fr: D:\Musica\Discografias\Alice in Chains\Alice Cooper\1989 - Trash
 To: G:\Musica\Discografias\Alice Cooper\1989 - Trash [24bit-48.0kHz]
File read to copy: 01 - Hey Stoopid.flac
 Fr: D:\Musica\Discografias\Alice in Chains\Alice Cooper\1991 - Hey Stoopid
 To: G:\Musica\Discografias\Alice Cooper\1991 - Hey Stoopid [24bit-48.0kHz]
File read to copy: 15 Merry Christmas Kiss My Ass.flac
 Fr: D:\Musica\Discografias\All Time Low\2011 - Dirty Work (Deluxe Version)
 To: G:\Musica\Discografias\All Time Low\2011 - Dirty Work [16bit-44.1kHz]
File read to copy: 04 Lost In Stereo.flac
 Fr: D:\Musica\Discografias\All Time Low\2019 - It's Still Nothing Personal A Ten Year Tribute
 To: G:\Musica\Discografias\All Time Low\2019 - It's Still Nothing Personal A Ten Year Tribute [16bit-44.1kHz]
File read to copy: 11 Come One Come All.flac
 Fr: D:\Musica\Discografias\All Time Low\2008 - So Wrong It's Right (Deluxe Version)
 To: G:\Musica\Discografias\All Time Low\2008 - So Wrong, It's Right (Deluxe Version) [16bit-44.1kHz]
File read to copy: 01 Umbrella.flac
 Fr: D:\Musica\Discografias\All Time Low\Singles\2009 - Umbrella (Single)
 To: G:\Musica\Discografias\All Time Low\2009 - Umbrella [16bit-44.1kHz]
File read to copy: 01 Birthday.flac
 Fr: D:\Musica\Discografias\All Time Low\Singles\2018 - Birthday (Single)
 To: G:\Musica\Discografias\All Time Low\2018 - Birthday [16bit-44.1kHz]
File read to copy: 01 Toxic Valentine.flac
 Fr: D:\Musica\Discografias\All Time Low\Singles\2009 - Toxic Valentine (Single)
 To: G:\Musica\Discografias\All Time Low\2009 - Toxic Valentine [16bit-44.1kHz]
File read to copy: 01 Painting Flowers.flac
 Fr: D:\Musica\Discografias\All Time Low\Singles\2011 - Painting Flowers (Single)
 To: G:\Musica\Discografias\All Time Low\2011 - Painting Flowers [16bit-44.1kHz]
File read to copy: 01 Everything Is Fine.flac
 Fr: D:\Musica\Discografias\All Time Low\Singles\2018 - Everything Is Fine (Single)
 To: G:\Musica\Discografias\All Time Low\2018 - Everything Is Fine [16bit-44.1kHz]
File read to copy: 01 Drugs & Candy (Live).flac
 Fr: D:\Musica\Discografias\All Time Low\Singles\2018 - Drugs & Candy (Live) (Single)
 To: G:\Musica\Discografias\All Time Low\2018 - Drugs & Candy (Live) [16bit-44.1kHz]
File read to copy: 01 Good Times (GOLDHOUSE Remix).flac
 Fr: D:\Musica\Discografias\All Time Low\Singles\2017 - Good Times (GOLDHOUSE Remix) (Single)
 To: G:\Musica\Discografias\All Time Low\2017 - Good Times (GOLDHOUSE Remix) [16bit-44.1kHz]
File read to copy: 01 Dear Maria Count Me In (Live).flac
 Fr: D:\Musica\Discografias\All Time Low\Singles\2010 - Dear Maria Count Me In (Live) (Single)
 To: G:\Musica\Discografias\All Time Low\2010 - Dear Maria, Count Me In (Live) [16bit-44.1kHz]
File read to copy: 01 Good Times (Orchestral Arrangement).flac
 Fr: D:\Musica\Discografias\All Time Low\Singles\2017 - Good Times (Orchestral Arrangement) (Single)
 To: G:\Musica\Discografias\All Time Low\2017 - Good Times (Orchestral Arrangement) [16bit-44.1kHz]
File read to copy: 01 The Reckless & the Brave (Acoustic).flac
 Fr: D:\Musica\Discografias\All Time Low\Singles\2013 - The Reckless & the Brave (Acoustic) - Single (Single)
 To: G:\Musica\Discografias\All Time Low\2013 - The Reckless & the Brave (Acoustic) - Single [16bit-44.1kHz]
File read to copy: 02 Poppin' (Video Mix).flac
 Fr: D:\Musica\Discografias\All Time Low\Singles\2008 - Poppin' Dance Remix (Single)
 To: G:\Musica\Discografias\All Time Low\2008 - Poppin' Dance Remix [16bit-44.1kHz]
File read to copy: 01 Lost In Stereo.flac
 Fr: D:\Musica\Discografias\All Time Low\Singles\2010 - Lost In Stereo (Single)
 To: G:\Musica\Discografias\All Time Low\2010 - Lost In Stereo [16bit-44.1kHz]
File read to copy: 02 Damned If I Do Ya (Damned If I Don't) [P.V. Stump Remix].flac
 Fr: D:\Musica\Discografias\All Time Low\Singles\2009 - Damned If I Do Ya (Damned If I Don't) (Single)
 To: G:\Musica\Discografias\All Time Low\2009 - Damned If I Do Ya (Damned If I Don't) [16bit-44.1kHz]
File read to copy: 01 Weightless.flac
 Fr: D:\Musica\Discografias\All Time Low\2009 - Nothing Personal
 To: G:\Musica\Discografias\All Time Low\2003', '2003 - Nothing Personal [16bit-44.1kHz]
File read to copy: 01 - 120 Km-hr.flac
 Fr: D:\Musica\Discografias\Allison\2012 - 120 Km-Hr-
 To: G:\Musica\Discografias\Allison\2012 - 120 KmHr. [16bit-44.1kHz]
File read to copy: 01 - Dualidad.flac
 Fr: D:\Musica\Discografias\Allison\2016 - Todo Está Encendido
 To: G:\Musica\Discografias\Allison\2016 - Todo Está Encendido [16bit-44.1kHz]
File read to copy: 01 - A Victory of Love.flac
 Fr: D:\Musica\Discografias\Alphaville\1984 - Forever Young
 To: G:\Musica\Discografias\Alphaville\1984 - Forever Young [16bit-44.1kHz]
File read to copy: 01 - Rehab.flac
 Fr: D:\Musica\Discografias\Amy Winehouse\2006 - Back To Black
 To: G:\Musica\Discografias\Amy Winehouse\2006 - Back To Black [24bit-48.0kHz]
File read to copy: 01 - Among The Living.flac
 Fr: D:\Musica\Discografias\Anthrax\1987 - Among The Living
 To: G:\Musica\Discografias\Anthrax\1987 - Among The Living [24bit-48.0kHz]
File read to copy: 01 - A.I.R-.flac
 Fr: D:\Musica\Discografias\Anthrax\2005 - Anthrology- No Hit Wonders (1985-1991)\CD1
 To: G:\Musica\Discografias\Anthrax\2005 - Anthrology No Hit Wonders (1985-1991) [16bit-44.1kHz]\Disk 1
File read to copy: 01 - Be All, End All.flac
 Fr: D:\Musica\Discografias\Anthrax\2005 - Anthrology- No Hit Wonders (1985-1991)\CD2
 To: G:\Musica\Discografias\Anthrax\2005 - Anthrology No Hit Wonders (1985-1991) [16bit-44.1kHz]\Disk 2
File read to copy: 01 - Worlds Collide.flac
 Fr: D:\Musica\Discografias\Apocalyptica\2007 - Worlds Collide
 To: G:\Musica\Discografias\Apocalyptica\2007 - Worlds Collide [16bit-44.1kHz]
File read to copy: 01 - At the Gates of Manala.flac
 Fr: D:\Musica\Discografias\Apocalyptica\2010 - 7th Symphony
 To: G:\Musica\Discografias\Apocalyptica\2010 - 7th Symphony [16bit-44.1kHz]
File read to copy: 01 - Harmageddon.flac
 Fr: D:\Musica\Discografias\Apocalyptica\1998 - Inquisition Symphony
 To: G:\Musica\Discografias\Apocalyptica\1998 - Inquisition Symphony [16bit-44.1kHz]
File read to copy: 01 - Enter Sandman.flac
 Fr: D:\Musica\Discografias\Apocalyptica\1996 - Plays Metallica by Four Cellos (Remastered)
 To: G:\Musica\Discografias\Apocalyptica\1996 - Plays Metallica by Four Cellos (Remastered) [16bit-44.1kHz]
File read to copy: 01 - Path.flac
 Fr: D:\Musica\Discografias\Apocalyptica\2000 - Cult
 To: G:\Musica\Discografias\Apocalyptica\2000 - Cult [16bit-44.1kHz]
File read to copy: 01 - Ashes Of The Modern World.flac
 Fr: D:\Musica\Discografias\Apocalyptica\2020 - Cell-0
 To: G:\Musica\Discografias\Apocalyptica\2020 - Cell-0 [24bit-44.1kHz]
File read to copy: 01 - Set Flame to the Night.flac
 Fr: D:\Musica\Discografias\Arch Enemy\2017 - Will To Power
 To: G:\Musica\Discografias\Arch Enemy\2017 - Will To Power [16bit-44.1kHz]
File read to copy: 01 - Tempore Nihil Sanat (Prelude In F Minor).flac
 Fr: D:\Musica\Discografias\Arch Enemy\2014 - War Eternal
 To: G:\Musica\Discografias\Arch Enemy\2014 - War Eternal [16bit-44.1kHz]
File read to copy: 01 - Enter the Machine.flac
 Fr: D:\Musica\Discografias\Arch Enemy\2005 - Doomsday Machine
 To: G:\Musica\Discografias\Arch Enemy\2005 - Doomsday Machine [16bit-44.1kHz]
File read to copy: 01 - Embrace (feat. Eric Vloeimans).flac
 Fr: D:\Musica\Discografias\Armin Van Buuren\2015 - Embrace
 To: G:\Musica\Discografias\Armin van Buuren\2015 - Embrace [16bit-44.1kHz]
File read to copy: 25. Revolution.flac
 Fr: D:\Musica\Discografias\Armin Van Buuren\2019 - Balance
 To: G:\Musica\Discografias\Armin van Buuren\2019 - Balance [16bit-44.1kHz]
File read to copy: 09. Armin van Buuren feat. Aruna - Won't Let You Go.flac
 Fr: D:\Musica\Discografias\Armin Van Buuren\2013 - Intense (The More Intense Edition)
 To: G:\Musica\Discografias\Armin van Buuren\2013 - Intense (The More Intense Edition) [16bit-44.1kHz]
File read to copy: 01 - Gozo Poderoso.flac
 Fr: D:\Musica\Discografias\Aterciopelados\2005 - Originales - 20 Exitos
 To: G:\Musica\Discografias\Aterciopelados\2005 - Originales - 20 Exitos [16bit-44.1kHz]
File read to copy: 01 - Baracunátana.flac
 Fr: D:\Musica\Discografias\Aterciopelados\2016 - Reluciente, Rechinante y Aterciopelado
 To: G:\Musica\Discografias\Aterciopelados\2016 - Reluciente, Rechinante y Aterciopelado [16bit-44.1kHz]
File read to copy: 01 - Cochise.flac
 Fr: D:\Musica\Discografias\Audioslave\2002 - Audioslave
 To: G:\Musica\Discografias\Audioslave\2002 - Audioslave [16bit-44.1kHz]
File read to copy: 01 - Your Time Has Come.flac
 Fr: D:\Musica\Discografias\Audioslave\2005 - Out of Exile
 To: G:\Musica\Discografias\Audioslave\2005 - Out Of Exile [16bit-44.1kHz]
File read to copy: 01 - Revelations.flac
 Fr: D:\Musica\Discografias\Audioslave\2006 - Revelations
 To: G:\Musica\Discografias\Audioslave\2006 - Revelations [16bit-44.1kHz]
File read to copy: 01 -  To End The Rapture.flac
 Fr: D:\Musica\Discografias\Avenged Sevenfold\2001 - Sounding the Seventh Trumpet
 To: G:\Musica\Discografias\Avenged Sevenfold\2001 - Sounding the Seventh Trumpet [16bit-44.1kHz]
File read to copy: 01 -  Waking the Fallen.flac
 Fr: D:\Musica\Discografias\Avenged Sevenfold\2003 - Waking the Fallen
 To: G:\Musica\Discografias\Avenged Sevenfold\2003 - Waking the Fallen [16bit-44.1kHz]
File read to copy: 05 - Trashed and Scattered.flac
 Fr: D:\Musica\Discografias\Avenged Sevenfold\2005 - City of Evil
 To: G:\Musica\Discografias\Avenged Sevenfold\2005 - City of Evil [16bit-44.1kHz]
File read to copy: A1. Beast And The Harlot.flac
 Fr: D:\Musica\Discografias\Avenged Sevenfold\2005 - City Of Evil [Vinyl Rip]
 To: G:\Musica\Discografias\Avenged Sevenfold\2005 - City Of Evil [24bit-96.0kHz]
File read to copy: 06 - Unbound (The Wild Ride).flac
 Fr: D:\Musica\Discografias\Avenged Sevenfold\2007 - Avenged Sevenfold
 To: G:\Musica\Discografias\Avenged Sevenfold\2007 - Avenged Sevenfold [16bit-44.1kHz]
File read to copy: 12 - Lost It All.flac
 Fr: D:\Musica\Discografias\Avenged Sevenfold\2010 - Nightmare
 To: G:\Musica\Discografias\Avenged Sevenfold\2010 - Nightmare [16bit-44.1kHz]
File read to copy: 11 - St. James (Bonus Track).flac
 Fr: D:\Musica\Discografias\Avenged Sevenfold\2013 - Hail to the King (Deluxe Edition)
 To: G:\Musica\Discografias\Avenged Sevenfold\2013 - Hail to the King (Deluxe Edition) [16bit-44.1kHz]
File read to copy: 01 - The Stage.flac
 Fr: D:\Musica\Discografias\Avenged Sevenfold\2016 - The Stage
 To: G:\Musica\Discografias\Avenged Sevenfold\2016 - The Stage [16bit-44.1kHz]
File read to copy: 01. Intro.flac
 Fr: D:\Musica\Discografias\Aventura\2009 - The Last
 To: G:\Musica\Discografias\Aventura\2009 - The Last [16bit-44.1kHz]
File read to copy: Amor de Madre - Aventura.flac
 Fr: D:\Musica\Discografias\Aventura\2016 - Todavía Me Amas- Lo Mejor de Aventura (Deluxe Edition)
 To: G:\Musica\Discografias\Aventura\2016 - Todavía Me Amas Lo Mejor de Aventura (Deluxe Edition) [16bit-44.1kHz]
File read to copy: 01. Cuando Volverás.flac
 Fr: D:\Musica\Discografias\Aventura\2011 - 14+14 (Edicion Especial)
 To: G:\Musica\Discografias\Aventura\2011 - 14+14 (Edicion Especial) [16bit-44.1kHz]
File read to copy: 01. Wake Me Up (Avicii Remix).flac
 Fr: D:\Musica\Discografias\Avicii\2014 - True (Avicii By Avicii) (Japan)
 To: G:\Musica\Discografias\Avicii\2014 - True (Avicii by Avicii) (Japan) [16bit-44.1kHz]
File read to copy: 01. Wake Me Up.flac
 Fr: D:\Musica\Discografias\Avicii\2014 - True (Japan)
 To: G:\Musica\Discografias\Avicii\2014 - True (Japan) [16bit-44.1kHz]
File read to copy: 01. Waiting For Love.flac
 Fr: D:\Musica\Discografias\Avicii\2015 - Stories (Japan Tour Edition)
 To: G:\Musica\Discografias\Avicii\2015 - Stories (Japan Tour Edition) [16bit-44.1kHz]
File read to copy: 01 - Peace Of Mind.flac
 Fr: D:\Musica\Discografias\Avicii\2019 - TIM
 To: G:\Musica\Discografias\Avicii\2019 - TIM [16bit-44.1kHz]
File read to copy: 01. Losing Grip.flac
 Fr: D:\Musica\Discografias\Avril Lavigne\2004 - Let Go (Special Bonus Edition)
 To: G:\Musica\Discografias\Avril Lavigne\2004 - Let Go (Special Bonus Edition) [16bit-44.1kHz]
File read to copy: 01. Take Me Away.flac
 Fr: D:\Musica\Discografias\Avril Lavigne\2005 - Under My Skin (Special Edition)
 To: G:\Musica\Discografias\Avril Lavigne\2005 - Under My Skin (Special Edition) [16bit-44.1kHz]
File read to copy: 01. Girlfriend.flac
 Fr: D:\Musica\Discografias\Avril Lavigne\2007 - The Best Damn Thing (Limited Edition)
 To: G:\Musica\Discografias\Avril Lavigne\2007 - The Best Damn Thing (Limited Edition) [16bit-44.1kHz]
File read to copy: 01. Black Star.flac
 Fr: D:\Musica\Discografias\Avril Lavigne\2011 - Goodbye Lullaby (Expanded Edition)
 To: G:\Musica\Discografias\Avril Lavigne\2011 - Goodbye Lullaby (Expanded Edition) [16bit-44.1kHz]
File read to copy: 01 - Los Calientes.flac
 Fr: D:\Musica\Discografias\Babasonicos\2001 - Jessico
 To: G:\Musica\Discografias\Babasónicos\2010 - Jessico [16bit-44.1kHz]
File read to copy: 01 - Irresponsables.flac
 Fr: D:\Musica\Discografias\Babasonicos\2003 - Infame
 To: G:\Musica\Discografias\Babasónicos\2010 - Infame [16bit-44.1kHz]
File read to copy: 01 - Asi Se Habla.flac
 Fr: D:\Musica\Discografias\Babasonicos\2005 - Anoche
 To: G:\Musica\Discografias\Babasónicos\2005 - Anoche [16bit-44.1kHz]
File read to copy: 01 - Yo Anuncio.flac
 Fr: D:\Musica\Discografias\Babasonicos\2008 - Mucho
 To: G:\Musica\Discografias\Babasónicos\2008 - Mucho [16bit-44.1kHz]
File read to copy: 01 - Flora y Fauno.flac
 Fr: D:\Musica\Discografias\Babasonicos\2011 - A Propósito
 To: G:\Musica\Discografias\Babasónicos\2011 - A Propósito [16bit-44.1kHz]
File read to copy: 01 - La Lanza.flac
 Fr: D:\Musica\Discografias\Babasonicos\2013 - Romantisísmico
 To: G:\Musica\Discografias\Babasónicos\2013 - Romantisísmico [16bit-44.1kHz]
File read to copy: 01 - La Pregunta.flac
 Fr: D:\Musica\Discografias\Babasonicos\2018 - Discutible
 To: G:\Musica\Discografias\Babasónicos\2018 - Discutible [16bit-44.1kHz]
File read to copy: 01. Manchados de amor.flac
 Fr: D:\Musica\Discografias\Bacilos\2001 - Bacilos
 To: G:\Musica\Discografias\Bacilos\2001 - Bacilos [16bit-44.1kHz]
File read to copy: 01. Mi Primer Millon.flac
 Fr: D:\Musica\Discografias\Bacilos\2002 - Caraluna
 To: G:\Musica\Discografias\Bacilos\2002 - Caraluna [16bit-44.1kHz]
File read to copy: 01 - Contigo.flac
 Fr: D:\Musica\Discografias\Bacilos\2006 - Grandes Exitos
 To: G:\Musica\Discografias\Bacilos\2006 - Grandes Exitos [16bit-44.1kHz]
File read to copy: 01. Larger Than Life.flac
 Fr: D:\Musica\Discografias\Backstreet Boys\1999 - Millennium (FLAC)
 To: G:\Musica\Discografias\Backstreet Boys\1999 - Millennium [16bit-44.1kHz]
File read to copy: 14 - How Did I Fall In Love With You.flac
 Fr: D:\Musica\Discografias\Backstreet Boys\2000 - Black & Blue (Jive - 9221172 (Special Edition), UK)
 To: G:\Musica\Discografias\Backstreet Boys\2000 - Black & Blue [16bit-44.1kHz]
File read to copy: 02 - As Long As You Love Me.flac
 Fr: D:\Musica\Discografias\Backstreet Boys\1997 - Backstreet's Back (Jive - J2 1617, CAN)
 To: G:\Musica\Discografias\Backstreet Boys\1997 - Backstreet's Back [16bit-44.1kHz]
File read to copy: 01 - Incomplete.flac
 Fr: D:\Musica\Discografias\Backstreet Boys\2005 - Never Gone (Jive - 82876 70530 2, US)
 To: G:\Musica\Discografias\Backstreet Boys\2005 - Never Gone [16bit-44.1kHz]
File read to copy: 01 - We've Got It Goin' On.flac
 Fr: D:\Musica\Discografias\Backstreet Boys\1998 - Backstreet Boys (Liberation Records - MUSH32482.3 (Collector's Edition), AUS)
 To: G:\Musica\Discografias\Backstreet Boys\1998 - Backstreet Boys (The Start Of The Phenomenon - Debut Album Collectors Edition) [16bit-44.1kHz]
File read to copy: 01 - Grand Guignol.flac
 Fr: D:\Musica\Discografias\Bajofondo\2007 - Mar Dulce
 To: G:\Musica\Discografias\Bajofondo\2007 - Mar Dulce [16bit-44.1kHz]
File read to copy: 01 - Intro.flac
 Fr: D:\Musica\Discografias\Bajofondo\2013 - Presente
 To: G:\Musica\Discografias\Bajofondo\2013 - Presente [16bit-44.1kHz]
File read to copy: 01. Mariposas.flac
 Fr: D:\Musica\Discografias\Belanova\2014 - 12 Favoritas (FLAC)
 To: G:\Musica\Discografias\Belanova\2014 - 12 Favoritas [16bit-44.1kHz]
File read to copy: 01. Planeador.flac
 Fr: D:\Musica\Discografias\Bengala\2006 - Bengala
 To: G:\Musica\Discografias\Bengala\2006 - Bengala [16bit-44.1kHz]
File read to copy: 01. Cárcel.flac
 Fr: D:\Musica\Discografias\Bengala\2009 - Oro (MX - Universal Music 1798840 - 2009-06-25)
 To: G:\Musica\Discografias\Bengala\2009 - Oro [16bit-44.1kHz]
File read to copy: 01 - Cárcel.flac
 Fr: D:\Musica\Discografias\Bengala\2009 - Oro
 To: G:\Musica\Discografias\Bengala\2009 - Oro [16bit-44.1kHz]
File read to copy: 01 - Nunca Digas Nunca.flac
 Fr: D:\Musica\Discografias\Bengala\2012 - Sigue
 To: G:\Musica\Discografias\Bengala\2012 - Sigue [16bit-44.1kHz]
File read to copy: 01 - Un Millón de Estrellas.flac
 Fr: D:\Musica\Discografias\Bengala\2019 - Laberinto
 To: G:\Musica\Discografias\Bengala\2019 - Laberinto [16bit-44.1kHz]
File read to copy: 01 - Combination of the Two.flac
 Fr: D:\Musica\Discografias\Big Brother & the Holding Company\1968 - Cheap Thrills
 To: G:\Musica\Discografias\Big Brother & The Holding Company', 'Janis Joplin\1968 - Cheap Thrills [16bit-44.1kHz]
File read to copy: 01 - Combination of the Two.flac
 Fr: D:\Musica\Discografias\Big Brother & the Holding Company\1968 - Cheap Thrills 24b
 To: G:\Musica\Discografias\Big Brother & The Holding Company', 'Janis Joplin\1968 - Cheap Thrills [24bit-44.1kHz]
File read to copy: 01 - Dancing With Myself (EP Version).flac
 Fr: D:\Musica\Discografias\Billy Idol\2008 - The Very Best Of Billy Idol- Idolize Yourself
 To: G:\Musica\Discografias\Billy Idol\2008 - The Very Best Of Billy Idol Idolize Yourself [16bit-44.1kHz]
File read to copy: Black Sabbath - Paranoid [SHM-SACD] - 03 - Planet Caravan.flac
 Fr: D:\Musica\Discografias\Black Sabbath\1970 - Paranoid [SHM - SACD]
 To: G:\Musica\Discografias\Black Sabbath\1970 - Paranoid [SHM-SACD [24bit-88.2kHz]
File read to copy: 04 Evil Woman.flac
 Fr: D:\Musica\Discografias\Black Sabbath\1970 - Black Sabbath
 To: G:\Musica\Discografias\Black Sabbath\1970 - Black Sabbath [16bit-44.1kHz]
File read to copy: 01 Sabbath Bloody Sabbath.flac
 Fr: D:\Musica\Discografias\Black Sabbath\1973 - Sabbath Bloody Sabbath
 To: G:\Musica\Discografias\Black Sabbath\1973 - Sabbath Bloody Sabbath [16bit-44.1kHz]
File read to copy: 7. Black Sabbath - Rat Salad.flac
 Fr: D:\Musica\Discografias\Black Sabbath\1970 - Paranoid [192 -64]
 To: G:\Musica\Discografias\Black Sabbath\18-09-1970 - Paranoid [24bit-192.0kHz]
File read to copy: 06 - Jack the Stripper - Fairies Wear Boots.flac
 Fr: D:\Musica\Discografias\Black Sabbath\2016 - The Ultimate Collection
 To: G:\Musica\Discografias\Black Sabbath\2016 - The Ultimate Collection [16bit-44.1kHz]
File read to copy: 16. Sweet Leaf.flac
 Fr: D:\Musica\Discografias\Black Sabbath\1971  - Master Of Reality
 To: G:\Musica\Discografias\Black Sabbath\1971 - Master Of Reality (2009 Remaster) [24bit-96.0kHz]\Disk 3
File read to copy: 24. Wheels of Confusion _ The Straightener.flac
 Fr: D:\Musica\Discografias\Black Sabbath\1972 - Vol. 4
 To: G:\Musica\Discografias\Black Sabbath\1972 - Vol. 4 (2009 Remaster) [24bit-96.0kHz]\Disk 4
File read to copy: 42. Hole in the Sky.flac
 Fr: D:\Musica\Discografias\Black Sabbath\1975  - Sabotage
 To: G:\Musica\Discografias\Black Sabbath\1975 - Sabotage (2009 Remaster) [24bit-96.0kHz]\Disk 6
File read to copy: 50. Back Street Kids.flac
 Fr: D:\Musica\Discografias\Black Sabbath\1976  - Technical Ecstasy
 To: G:\Musica\Discografias\Black Sabbath\1976 - Technical Ecstasy (2009 Remaster) [24bit-96.0kHz]\Disk 7
File read to copy: 66. Swinging the Chain.flac
 Fr: D:\Musica\Discografias\Black Sabbath\1978  - Never Say Die
 To: G:\Musica\Discografias\Black Sabbath\1978 - Never Say Die (2009 Remaster) [24bit-96.0kHz]\Disk 8
File read to copy: 04 Children Of The Grave.flac
 Fr: D:\Musica\Discografias\Black Sabbath\Master Reality
 To: G:\Musica\Discografias\Black Sabbath\1971 - Master of Reality (Remastered) [16bit-44.1kHz]
File read to copy: 01 - Neon Knights (2021 Remaster).flac
 Fr: D:\Musica\Discografias\Black Sabbath\1980 - Heaven and Hell (Deluxe Edition)\CD1
 To: G:\Musica\Discografias\Black Sabbath\1980 - Heaven and Hell (Deluxe Edition) [24bit-48.0kHz]\Disk 1
File read to copy: 01 - Children of the Sea (Live B-Side).flac
 Fr: D:\Musica\Discografias\Black Sabbath\1980 - Heaven and Hell (Deluxe Edition)\CD2
 To: G:\Musica\Discografias\Black Sabbath\1980 - Heaven and Hell (Deluxe Edition) [24bit-44.1kHz]\Disk 2
File read to copy: 01 - Exordium.flac
 Fr: D:\Musica\Discografias\Black Veil Brides\2012 - Wretched and Divine- The Story Of The Wild Ones Ul
 To: G:\Musica\Discografias\Black Veil Brides\2012 - Wretched and Divine The Story Of The Wild Ones Ultimate Edition [24bit-44.1kHz]
File read to copy: 01 - New Religion.flac
 Fr: D:\Musica\Discografias\Black Veil Brides\2011 - Set The World On Fire (Booklet Version)
 To: G:\Musica\Discografias\Black Veil Brides\2011 - Set The World On Fire (Booklet Version) [24bit-44.1kHz]
File read to copy: 01 - Heart Of Fire.flac
 Fr: D:\Musica\Discografias\Black Veil Brides\2014 - Black Veil Brides
 To: G:\Musica\Discografias\Black Veil Brides\2014 - Black Veil Brides [16bit-44.1kHz]
File read to copy: 01 - The Outcasts (Call to Arms).flac
 Fr: D:\Musica\Discografias\Black Veil Brides\2020 - We Stitch These Wounds
 To: G:\Musica\Discografias\Black Veil Brides\2020 - We Stitch These Wounds [16bit-44.1kHz]
File read to copy: 02 - Scarlet Cross.flac
 Fr: D:\Musica\Discografias\Black Veil Brides\2021 - The Phantom Tomorrow
 To: G:\Musica\Discografias\Black Veil Brides\2021 - The Phantom Tomorrow [24bit-44.1kHz]
File read to copy: 01 - Pathetic.flac
 Fr: D:\Musica\Discografias\Blink-182\1997 - Dude Ranch
 To: G:\Musica\Discografias\Blink-182\1997 - Dude Ranch [16bit-44.1kHz]
File read to copy: 01 - Dumpweed.flac
 Fr: D:\Musica\Discografias\Blink-182\1999 - Enema Of The State (Australian Tour Edition)\1- Enema Of The State
 To: G:\Musica\Discografias\Blink-182\1999 - Enema Of The State [16bit-44.1kHz]\Disk 1
File read to copy: 01 - All The Small Things.flac
 Fr: D:\Musica\Discografias\Blink-182\1999 - Enema Of The State (Australian Tour Edition)\2- bonus disc
 To: G:\Musica\Discografias\Blink-182\1999 - Enema Of The State [16bit-44.1kHz]\Disk 2
File read to copy: 01 - Anthem Part Two.flac
 Fr: D:\Musica\Discografias\Blink-182\2001 - Take Off Your Pants And Jacket\1- Take Off Your Pants And Jacket
 To: G:\Musica\Discografias\Blink-182\2001 - Take Off Your Pants And Jacket [16bit-44.1kHz]\Disk 1
File read to copy: 14 - Time To Break Up.flac
 Fr: D:\Musica\Discografias\Blink-182\2001 - Take Off Your Pants And Jacket\2- Red ''Take Off'' version
 To: G:\Musica\Discografias\Blink-182\2001 - Take Off Your Pants And Jacket [16bit-44.1kHz]\Disk 2
File read to copy: 14 - What Went Wrong.flac
 Fr: D:\Musica\Discografias\Blink-182\2001 - Take Off Your Pants And Jacket\3- Yellow ''Pants'' version
 To: G:\Musica\Discografias\Blink-182\2001 - Take Off Your Pants And Jacket [16bit-44.1kHz]\Disk 3
File read to copy: 14 - Don't Tell Me It's Over.flac
 Fr: D:\Musica\Discografias\Blink-182\2001 - Take Off Your Pants And Jacket\4- Green ''Jacket'' version
 To: G:\Musica\Discografias\Blink-182\2001 - Take Off Your Pants And Jacket [16bit-44.1kHz]\Disk 4
File read to copy: 01 - Feeling This.flac
 Fr: D:\Musica\Discografias\Blink-182\2003 - Blink-182
 To: G:\Musica\Discografias\Blink-182\2003 - Blink-182 [16bit-44.1kHz]
File read to copy: 15 - The Rock Show (Live In Minneapolis) (Bonus Track).flac
 Fr: D:\Musica\Discografias\Blink-182\2003 - Blink-182 (Australian Tour Edition)
 To: G:\Musica\Discografias\Blink-182\2003 - Blink-182 [16bit-44.1kHz]
File read to copy: 01 - Carousel.flac
 Fr: D:\Musica\Discografias\Blink-182\2005 - Greatest Hits (Japanese Edition)
 To: G:\Musica\Discografias\Blink-182\2005 - Greatest Hits [16bit-44.1kHz]
File read to copy: 18 - I Won't Be Home For Christmas.flac
 Fr: D:\Musica\Discografias\Blink-182\2005 - Greatest Hits (Japanese Edition)\2005 - Greatest Hits (UK Bonus)
 To: G:\Musica\Discografias\Blink-182\2005 - Greatest Hits [16bit-44.1kHz]
File read to copy: 01 - Dumpweed.flac
 Fr: D:\Musica\Discografias\Blink-182\1999 - Enema Of The State
 To: G:\Musica\Discografias\blink-182\1999 - Enema Of The State [24bit-48.0kHz]
File read to copy: 01 - Like Eating Glass.flac
 Fr: D:\Musica\Discografias\Bloc Party\2005 - Silent Alarm
 To: G:\Musica\Discografias\Bloc Party\2005 - Silent Alarm [16bit-44.1kHz]
File read to copy: 01 - Song for Clay (Disappear Here).flac
 Fr: D:\Musica\Discografias\Bloc Party\2007 - A Weekend in the City
 To: G:\Musica\Discografias\Bloc Party\2007 - A Weekend in the City [16bit-44.1kHz]
File read to copy: 01 - Dreaming (Remastered).flac
 Fr: D:\Musica\Discografias\Blondie\2006 - Greatest Hits
 To: G:\Musica\Discografias\Blondie\2006 - Greatest Hits [16bit-44.1kHz]
File read to copy: 01 - Altogether Ooky.flac
 Fr: D:\Musica\Discografias\Bloodhound Gang\2010 - Show Us Your Hits (German Edition)
 To: G:\Musica\Discografias\Bloodhound Gang\2010 - Show Us Your Hits [16bit-44.1kHz]
File read to copy: 01 - Beetlebum.flac
 Fr: D:\Musica\Discografias\Blur\2000 - Blur- The Best Of
 To: G:\Musica\Discografias\Blur\2000 - Blur The Best Of [16bit-44.1kHz]
File read to copy: 01 - Hurricane.flac
 Fr: D:\Musica\Discografias\Bob Dylan\1976 - Desire
 To: G:\Musica\Discografias\Bob Dylan\1976 - Desire [16bit-44.1kHz]
File read to copy: 01. Is This Love.flac
 Fr: D:\Musica\Discografias\Bob Marley\1995 - Legend (FLAC)
 To: G:\Musica\Discografias\Bob Marley & The Wailers\1995 - Legend [16bit-44.1kHz]
File read to copy: 01. Amanecer.flac
 Fr: D:\Musica\Discografias\Bomba Estereo\2015 - Amanecer (FLAC)
 To: G:\Musica\Discografias\Bomba Estereo\2015 - Amanecer [16bit-44.1kHz]
File read to copy: Bon Jovi - Have A Nice Day (8 - Last Cigarette).flac
 Fr: D:\Musica\Discografias\Bon Jovi\2005-Have A Nice Day
 To: G:\Musica\Discografias\Bon Jovi\2005 - Have A Nice Day [16bit-44.1kHz]
File read to copy: Bon Jovi - Slippery When Wet (7 - Without Love).flac
 Fr: D:\Musica\Discografias\Bon Jovi\1986-Slippery When Wet
 To: G:\Musica\Discografias\Bon Jovi\1986 - Slippery When Wet [16bit-44.1kHz]
File read to copy: Bon Jovi - Crush (14 - It_s My Life [Dave Bascombe mix]).flac
 Fr: D:\Musica\Discografias\Bon Jovi\2000-Crush
 To: G:\Musica\Discografias\Bon Jovi\2000 - Crush [16bit-44.1kHz]
File read to copy: Bon Jovi - Keep The Faith (8 - Woman In Love).flac
 Fr: D:\Musica\Discografias\Bon Jovi\1992-Keep The Faith
 To: G:\Musica\Discografias\Bon Jovi\1992 - Keep The Faith [16bit-44.1kHz]
File read to copy: Bon Jovi - New Jersey (8 - Ride Cowboy Ride).flac
 Fr: D:\Musica\Discografias\Bon Jovi\1988-New Jersey
 To: G:\Musica\Discografias\Bon Jovi\1988 - New Jersey [16bit-44.1kHz]
File read to copy: Bon Jovi - Cross Road (The Best Of) (7 - You Give Love A Bad Name).flac
 Fr: D:\Musica\Discografias\Bon Jovi\1994-Cross Road (The Best Of)
 To: G:\Musica\Discografias\Bon Jovi\1994 - Cross Road (The Best Of) [16bit-44.1kHz]
File read to copy: Bon Jovi - Bon Jovi (8 - Come Back).flac
 Fr: D:\Musica\Discografias\Bon Jovi\1984-Bon Jovi
 To: G:\Musica\Discografias\Bon Jovi\1984 - Bon Jovi [16bit-44.1kHz]
File read to copy: 01 - The Great Escape.flac
 Fr: D:\Musica\Discografias\Boys Like Girls\2006 - Boys Like Girls
 To: G:\Musica\Discografias\Boys Like Girls\2006 - Boys Like Girls [16bit-44.1kHz]
File read to copy: 01 - Heart Heart Heartbreak (Album Version).flac
 Fr: D:\Musica\Discografias\Boys Like Girls\2009 - Love Drunk
 To: G:\Musica\Discografias\Boys Like Girls\2009 - Love Drunk [16bit-44.1kHz]
File read to copy: 01 - ...Baby One More Time (Remastered).flac
 Fr: D:\Musica\Discografias\Britney Spears\2013 - The Essential Britney Spears\CD1
 To: G:\Musica\Discografias\Britney Spears\2013 - The Essential Britney Spears [16bit-44.1kHz]\Disk 1
File read to copy: 01 - My Prerogative (Remastered).flac
 Fr: D:\Musica\Discografias\Britney Spears\2013 - The Essential Britney Spears\CD2
 To: G:\Musica\Discografias\Britney Spears\2013 - The Essential Britney Spears [16bit-44.1kHz]\Disk 2
File read to copy: 01. Grenade.flac
 Fr: D:\Musica\Discografias\Bruno Mars\2011 - Doo-Wops & Hooligans Deluxe Edition (FLAC)
 To: G:\Musica\Discografias\Bruno Mars\2011 - Doo-Wops & Hooligans Deluxe Edition [16bit-44.1kHz]
File read to copy: 01. Young Girls.flac
 Fr: D:\Musica\Discografias\Bruno Mars\2012 - Unorthodox Jukebox Deluxe Edition (FLAC)
 To: G:\Musica\Discografias\Bruno Mars\2012 - Unorthodox Jukebox Deluxe Edition [16bit-44.1kHz]
File read to copy: 01. 24K Magic.flac
 Fr: D:\Musica\Discografias\Bruno Mars\2016 - 24k Magic (FLAC)
 To: G:\Musica\Discografias\Bruno Mars\2016 - 24K Magic [16bit-44.1kHz]
File read to copy: 01 - Leave The Door Open.flac
 Fr: D:\Musica\Discografias\Bruno Mars\2021 - Leave The Door Open
 To: G:\Musica\Discografias\Bruno Mars', 'Anderson .Paak', 'Silk Sonic\2021 - Leave The Door Open [24bit-44.1kHz]
File read to copy: 01. Chan chan.flac
 Fr: D:\Musica\Discografias\Buena Vista Social Club\1997 - Buena Vista Social Club (FLAC)
 To: G:\Musica\Discografias\Buena Vista Social Club\1997 - Buena Vista Social Club [16bit-44.1kHz]
File read to copy: 01. Bruca Manigua.flac
 Fr: D:\Musica\Discografias\Buena Vista Social Club\2015 - Lost And Found (FLAC)
 To: G:\Musica\Discografias\Buena Vista Social Club\2015 - Lost And Found [16bit-44.1kHz]
File read to copy: 01 - Your Betrayal.flac
 Fr: D:\Musica\Discografias\Bullet for My Vallentine\2010 - Fever (Tour Edition)
 To: G:\Musica\Discografias\Bullet For My Valentine\2010 - Fever (Tour Edition) [16bit-44.1kHz]
File read to copy: 01 - V.flac
 Fr: D:\Musica\Discografias\Bullet for My Vallentine\2015 - Venom (Deluxe Edition)
 To: G:\Musica\Discografias\Bullet For My Valentine\2015 - Venom (Deluxe Edition) [16bit-44.1kHz]
File read to copy: 01 - Leap Of Faith.flac
 Fr: D:\Musica\Discografias\Bullet for My Vallentine\2018 - Gravity
 To: G:\Musica\Discografias\Bullet For My Valentine\2018 - Gravity [16bit-44.1kHz]
File read to copy: 01 - Intro.flac
 Fr: D:\Musica\Discografias\Bullet for My Vallentine\2006 - The Poison (Deluxe Version)
 To: G:\Musica\Discografias\Bullet For My Valentine\2006 - The Poison (Deluxe Version) [16bit-44.1kHz]
File read to copy: 01 - Scream Aim Fire.flac
 Fr: D:\Musica\Discografias\Bullet for My Vallentine\2008 - Scream Aim Fire Deluxe Edition
 To: G:\Musica\Discografias\Bullet For My Valentine\2008 - Scream Aim Fire Deluxe Edition [16bit-44.1kHz]
File read to copy: 01. El Club De Los Imposibles.flac
 Fr: D:\Musica\Discografias\Bunbury\2006 - Canciones 1996 2006
 To: G:\Musica\Discografias\Enrique Bunbury\2006 - Canciones 1996  2006 [16bit-44.1kHz]
File read to copy: 01. Las Consecuencias (Asustar un Poco).flac
 Fr: D:\Musica\Discografias\Bunbury\2008 - Las Consecuencias
 To: G:\Musica\Discografias\Enrique Bunbury\2010 - Las Consecuencias [16bit-44.1kHz]
File read to copy: 01. Sin Documentos.flac
 Fr: D:\Musica\Discografias\Bunbury\2015 - Hijos Del Pueblo
 To: G:\Musica\Discografias\Enrique Bunbury & Andrés Calamaro\2015 - Hijos Del Pueblo [16bit-44.1kHz]
File read to copy: 01. Las Consecuencias.flac
 Fr: D:\Musica\Discografias\Bunbury\2011 - Gran Rex\2011 - Gran Rex CD1
 To: G:\Musica\Discografias\Enrique Bunbury\2011 - Gran Rex CD1 [16bit-44.1kHz]
File read to copy: 01. Sacame De Aqui.flac
 Fr: D:\Musica\Discografias\Bunbury\2011 - Gran Rex\2011 - Gran Rex CD2
 To: G:\Musica\Discografias\Enrique Bunbury\2011 - Gran Rex CD2 [16bit-44.1kHz]
File read to copy: 02 - Las batallas.flac
 Fr: D:\Musica\Discografias\Cafe Tacvba\1992 - Café Tacuba
 To: G:\Musica\Discografias\Café Tacvba\1992 - Café Tacvba [16bit-44.1kHz]
File read to copy: 04 - El borrego.flac
 Fr: D:\Musica\Discografias\Cafe Tacvba\1994 - Re
 To: G:\Musica\Discografias\Café Tacvba\1994 - Re [16bit-44.1kHz]
File read to copy: 01. El Aparato.flac
 Fr: D:\Musica\Discografias\Cafe Tacvba\1996 - Mtv Unplugged
 To: G:\Musica\Discografias\Cafe Tacvba\1996 - Mtv Unplugged [16bit-48.0kHz]
File read to copy: 01. Déjate caer.flac
 Fr: D:\Musica\Discografias\Cafe Tacvba\2002 - Vale Callampa
 To: G:\Musica\Discografias\Café Tacvba\2002 - Vale callampa [16bit-44.1kHz]
File read to copy: 01. Cero y uno.flac
 Fr: D:\Musica\Discografias\Cafe Tacvba\2003 - Cuatro Caminos
 To: G:\Musica\Discografias\Café Tacvba\2003 - Cuatro caminos [16bit-44.1kHz]
File read to copy: 01. María.flac
 Fr: D:\Musica\Discografias\Cafe Tacvba\2005 - Un Viaje\Un Viaje (Disc 1) (FLAC)
 To: G:\Musica\Discografias\Café Tacvba\2005 - Un Viaje [16bit-44.1kHz]
File read to copy: 01. El Fin De La Infancia.flac
 Fr: D:\Musica\Discografias\Cafe Tacvba\2005 - Un Viaje\Un Viaje (Disc 2) (FLAC)
 To: G:\Musica\Discografias\Café Tacvba\2005 - Un Viaje [16bit-44.1kHz]
File read to copy: 01. El Baile Y El Salón.flac
 Fr: D:\Musica\Discografias\Cafe Tacvba\2005 - Un Viaje\Un Viaje (Disc 3) (FLAC)
 To: G:\Musica\Discografias\Cafe Tacvba\2005 - Un Viaje (CD3) [16bit-44.1kHz]
File read to copy: 01. Seguir Siendo.flac
 Fr: D:\Musica\Discografias\Cafe Tacvba\2007 - Sino
 To: G:\Musica\Discografias\Café Tacvba\2007 - Sino [16bit-44.1kHz]
File read to copy: 01. 1-2-3.flac
 Fr: D:\Musica\Discografias\Cafe Tacvba\2017 - Jei Beibi
 To: G:\Musica\Discografias\Café Tacvba\2017 - Jei Beibi [16bit-44.1kHz]
File read to copy: 01 - La 11 (MTV Unplugged).flac
 Fr: D:\Musica\Discografias\Cafe Tacvba\2019 - Un Segundo MTV Unplugged
 To: G:\Musica\Discografias\Café Tacvba\2019 - Un Segundo MTV Unplugged [16bit-44.1kHz]
File read to copy: 01 - Chilanga banda.flac
 Fr: D:\Musica\Discografias\Cafe Tacvba\1996 - Avalancha de éxitos
 To: G:\Musica\Discografias\Café Tacvba\1996 - Avalancha de éxitos [16bit-44.1kHz]
File read to copy: 01 - Pájaros (Album Version).flac
 Fr: D:\Musica\Discografias\Cafe Tacvba\2012 - El Objeto Antes Llamado Disco (Edición Especial 01
 To: G:\Musica\Discografias\Café Tacvba\2012 - El Objeto Antes Llamado Disco (Edición Especial 01) [16bit-44.1kHz]
File read to copy: 01. Detrás de Ti.flac
 Fr: D:\Musica\Discografias\Caifanes\1990 - El Diablito (Caifanes Vol. 2) (FLAC)
 To: G:\Musica\Discografias\Caifanes\1990 - Caifanes Vol. 2 [16bit-44.1kHz]
File read to copy: 01 Metamorfeame.flac
 Fr: D:\Musica\Discografias\Caifanes\1992 - El Silencio (FLAC)
 To: G:\Musica\Discografias\Caifanes\1992 - El Silencio [16bit-44.1kHz]
File read to copy: 01 - Caifanes - Afuera.flac
 Fr: D:\Musica\Discografias\Caifanes\1994 - El Nervio Del Volcán
 To: G:\Musica\Discografias\Caifanes\1994 - El Nervio Del Volcán [16bit-44.1kHz]
File read to copy: 01 - Mátenme Porque Me Muero.flac
 Fr: D:\Musica\Discografias\Caifanes\2011 - Caifanes
 To: G:\Musica\Discografias\Caifanes\2011 - Caifanes [16bit-44.1kHz]
File read to copy: 01. Intro - Crónica de un nacimiento.flac
 Fr: D:\Musica\Discografias\Calle 13\2008 - Los De Atrás Vienen Conmigo (FLAC)
 To: G:\Musica\Discografias\Calle 13\2008 - Los De Atrás Vienen Conmigo [16bit-44.1kHz]
File read to copy: 01. Intro - El Viaje.flac
 Fr: D:\Musica\Discografias\Calle 13\2014 - Multiviral (FLAC)
 To: G:\Musica\Discografias\Calle 13\2014 - Multi viral [16bit-44.1kHz]
File read to copy: 01 - Cabe-c-o (Album Version).flac
 Fr: D:\Musica\Discografias\Calle 13\2005 - Calle 13 (Explicit Version)
 To: G:\Musica\Discografias\Calle 13\2005 - Calle 13 (Explicit Version) [16bit-44.1kHz]
File read to copy: 01 - Intro (Album Version).flac
 Fr: D:\Musica\Discografias\Calle 13\2010 - Entren Los Que Quieran
 To: G:\Musica\Discografias\Calle 13\2010 - Entren Los Que Quieran [16bit-44.1kHz]
File read to copy: 01 - Mientes.flac
 Fr: D:\Musica\Discografias\Camila\2010 - Dejarte De Amar
 To: G:\Musica\Discografias\Camila\2010 - Dejarte De Amar [16bit-44.1kHz]
File read to copy: 01 - Abrázame.flac
 Fr: D:\Musica\Discografias\Camila\2006 - Todo Cambio
 To: G:\Musica\Discografias\Camila\2006 - Todo Cambio [16bit-44.1kHz]
File read to copy: 01 - Fusion.flac
 Fr: D:\Musica\Discografias\Camilo Septimo\2017 - Oleos
 To: G:\Musica\Discografias\Camilo Septimo\2017 - Oleos [16bit-44.1kHz]
File read to copy: 05 - Fantasmas.flac
 Fr: D:\Musica\Discografias\Camilo Septimo\2019 - Navegantes
 To: G:\Musica\Discografias\Camilo Séptimo\2019 - Navegantes [16bit-44.1kHz]
File read to copy: 01 - Veneno.flac
 Fr: D:\Musica\Discografias\Camilo Septimo\2021 - Veneno
 To: G:\Musica\Discografias\Camilo Séptimo\2021 - Veneno [16bit-44.1kHz]
File read to copy: 1 La Planta.flac
 Fr: D:\Musica\Discografias\Caos
 To: G:\Musica\Discografias\Caos\2014 - La Vida Gacha [16bit-44.1kHz]
File read to copy: 01 - Safe And Sound.flac
 Fr: D:\Musica\Discografias\Capital Cities\2013 - In A Tidal Wave Of Mystery
 To: G:\Musica\Discografias\Capital Cities\2013 - In A Tidal Wave Of Mystery [16bit-44.1kHz]
File read to copy: 01 - Space.flac
 Fr: D:\Musica\Discografias\Capital Cities\2018 - Solarize
 To: G:\Musica\Discografias\Capital Cities\2018 - Solarize [24bit-44.1kHz]
File read to copy: 01. Compartir.flac
 Fr: D:\Musica\Discografias\Carla Morrison\2010 - Mientras tú dormías…
 To: G:\Musica\Discografias\Carla Morrison\2010 - Mientras tú dormías… [16bit-44.1kHz]
File read to copy: 01 - Un Beso.flac
 Fr: D:\Musica\Discografias\Carla Morrison\2015 - Amor Supremo (Desnudo)
 To: G:\Musica\Discografias\Carla Morrison\2015 - Amor Supremo (Desnudo) [24bit-44.1kHz]
File read to copy: 01. Intro.flac
 Fr: D:\Musica\Discografias\Cartel de Santa\2002 - Cartel De Santa
 To: G:\Musica\Discografias\Cartel De Santa\2002 - Cartel De Santa [16bit-44.1kHz]
File read to copy: 01. Blah, Blah, Blah.flac
 Fr: D:\Musica\Discografias\Cartel de Santa\2004 - Vol. II (FLAC)
 To: G:\Musica\Discografias\Cartel De Santa\2004 - Vol. II [16bit-44.1kHz]
File read to copy: 01. Babo Regresa.flac
 Fr: D:\Musica\Discografias\Cartel de Santa\2008 - Vol. IV (FLAC)
 To: G:\Musica\Discografias\Cartel De Santa\2008 - Vol. IV [16bit-44.1kHz]
File read to copy: 01. Subete Y Ya Veras (Feat. Big Man).flac
 Fr: D:\Musica\Discografias\Cartel de Santa\2010 - Sincopa (FLAC)
 To: G:\Musica\Discografias\Cartel De Santa\2010 - Sincopa [16bit-44.1kHz]
File read to copy: 01. Andamos Zumbando.flac
 Fr: D:\Musica\Discografias\Cartel de Santa\2014 - Golpe Avisa
 To: G:\Musica\Discografias\Cartel De Santa\2014 - Golpe Avisa [16bit-44.1kHz]
File read to copy: 01. Volvió El Sensei.flac
 Fr: D:\Musica\Discografias\Cartel de Santa\2016 - Viejo Marihuano
 To: G:\Musica\Discografias\Cartel De Santa\2016 - Viejo Marihuano [16bit-44.1kHz]
File read to copy: 01 - Mira Quien Vuelve al 100.flac
 Fr: D:\Musica\Discografias\Cartel de Santa\2007 - Volumen Prohibido
 To: G:\Musica\Discografias\Cartel De Santa\2007 - Volumen Prohibido [16bit-44.1kHz]
File read to copy: 01. Y tu te vas.flac
 Fr: D:\Musica\Discografias\Chayanne\2002 - Grandes Éxitos (FLAC)
 To: G:\Musica\Discografias\Chayanne\2002 - Grandes Exitos [16bit-44.1kHz]
File read to copy: 01. Amor narcótico.flac
 Fr: D:\Musica\Discografias\Chichi Peralta\1997 - Pa' Otro La'O (FLAC)
 To: G:\Musica\Discografias\Chichi Peralta\1997 - Pa' Otro La'O [16bit-44.1kHz]
File read to copy: 01 - In the Beginning.flac
 Fr: D:\Musica\Discografias\Claptone\2015 - Charmer
 To: G:\Musica\Discografias\Claptone\2015 - Charmer [16bit-44.1kHz]
File read to copy: 07 - Wildside.flac
 Fr: D:\Musica\Discografias\Claptone\2018 - Fantast
 To: G:\Musica\Discografias\Claptone\2018 - Fantast [16bit-44.1kHz]
File read to copy: 01 - Wake Up.flac
 Fr: D:\Musica\Discografias\Claptone\2021 - Wake Up
 To: G:\Musica\Discografias\Claptone', 'James Vincent McMorrow\2021 - Wake Up [16bit-44.1kHz]
File read to copy: 01 - Heartbeat.flac
 Fr: D:\Musica\Discografias\Claptone\2016 - Heartbeat
 To: G:\Musica\Discografias\Claptone\2016 - Heartbeat [16bit-44.1kHz]
File read to copy: 01 - Nice Guys Finish Last.flac
 Fr: D:\Musica\Discografias\Cobra Starship\2009 - Hot Mess (Deluxe Edition)
 To: G:\Musica\Discografias\Cobra Starship\2009 - Hot Mess (Deluxe Edition) [16bit-44.1kHz]
File read to copy: 01 - You Belong to Me.flac
 Fr: D:\Musica\Discografias\Cobra Starship\2011 - Night Shades
 To: G:\Musica\Discografias\Cobra Starship\2011 - Night Shades [16bit-44.1kHz]
File read to copy: 01 - The City Is at War.flac
 Fr: D:\Musica\Discografias\Cobra Starship\2007 - ¡Viva la Cobra!
 To: G:\Musica\Discografias\Cobra Starship\2007 - ¡Viva la Cobra! [16bit-44.1kHz]
File read to copy: 01 - Don't Panic.flac
 Fr: D:\Musica\Discografias\Coldplay\2000 - Parachutes
 To: G:\Musica\Discografias\Coldplay\2000 - Parachutes [16bit-44.1kHz]
File read to copy: 01. Politik.flac
 Fr: D:\Musica\Discografias\Coldplay\2002 - A Rush Of Blood To The Head
 To: G:\Musica\Discografias\Coldplay\2002 - A Rush Of Blood To The Head [24bit-44.1kHz]
File read to copy: 01 - A Head Full of Dreams.flac
 Fr: D:\Musica\Discografias\Coldplay\2015 - A Head Full of Dreams
 To: G:\Musica\Discografias\Coldplay\2015 - A Head Full of Dreams [24bit-48.0kHz]
File read to copy: 01 - Mylo Xyloto.flac
 Fr: D:\Musica\Discografias\Coldplay\2011 - Mylo Xyloto
 To: G:\Musica\Discografias\Coldplay\2011 - Mylo Xyloto [16bit-44.1kHz]
File read to copy: 01 - Life in Technicolor.flac
 Fr: D:\Musica\Discografias\Coldplay\2008 - Viva La Vida or Death and All His Friends
 To: G:\Musica\Discografias\Coldplay\2008 - Viva La Vida or Death and All His Friends [24bit-44.1kHz]
File read to copy: 01 - Always in My Head.flac
 Fr: D:\Musica\Discografias\Coldplay\2014 - Ghost Stories
 To: G:\Musica\Discografias\Coldplay\2014 - Ghost Stories [16bit-44.1kHz]
File read to copy: 01 - Square One.flac
 Fr: D:\Musica\Discografias\Coldplay\2005 - X&Y
 To: G:\Musica\Discografias\Coldplay\2005 - X&Y [24bit-48.0kHz]
File read to copy: 01 - Down On The Corner.flac
 Fr: D:\Musica\Discografias\Creedence Clearwater Revival\1969 - Willy And The Poor Boys
 To: G:\Musica\Discografias\Creedence Clearwater Revival\1969 - Willy And The Poor Boys [24bit-48.0kHz]
File read to copy: 01 - Pagan Baby.flac
 Fr: D:\Musica\Discografias\Creedence Clearwater Revival\1970 - Pendulum
 To: G:\Musica\Discografias\Creedence Clearwater Revival\1970 - Pendulum [24bit-48.0kHz]
File read to copy: 01 - Susie Q.flac
 Fr: D:\Musica\Discografias\Creedence Clearwater Revival\1976 - Chronicle- 20 Greatest Hits
 To: G:\Musica\Discografias\Creedence Clearwater Revival\1976 - Chronicle 20 Greatest Hits [16bit-44.1kHz]
File read to copy: 01 - Green River.flac
 Fr: D:\Musica\Discografias\Creedence Clearwater Revival\1969 - Green River (Hi Res [96-24])
 To: G:\Musica\Discografias\Creedence Clearwater Revival\1969 - Green River (Hi Res [9624]) [24bit-48.0kHz]
File read to copy: 01 - Ramble Tamble.flac
 Fr: D:\Musica\Discografias\Creedence Clearwater Revival\1970 - Cosmo's Factory
 To: G:\Musica\Discografias\Creedence Clearwater Revival\1970 - Cosmo's Factory [24bit-48.0kHz]
File read to copy: 01 - Born On The Bayou.flac
 Fr: D:\Musica\Discografias\Creedence Clearwater Revival\1969 - Bayou Country
 To: G:\Musica\Discografias\Creedence Clearwater Revival\1969 - Bayou Country [24bit-48.0kHz]
File read to copy: 01 - Cara de Pizza.flac
 Fr: D:\Musica\Discografias\Cuca\2001 - Rock En Español - Lo Mejor De Cuca
 To: G:\Musica\Discografias\Cuca\2001 - Rock En Español - Lo Mejor De Cuca [16bit-44.1kHz]
File read to copy: 01 - Cara de Pizza.flac
 Fr: D:\Musica\Discografias\Cuca\1993 - La Invasion De Los Blatidos
 To: G:\Musica\Discografias\Cuca\1993 - La Invasion De Los Blatidos [16bit-44.1kHz]
File read to copy: 01. Give Life Back to Music.flac
 Fr: D:\Musica\Discografias\Daft Punk\2013 - Random Access Memories (FLAC)
 To: G:\Musica\Discografias\Daft Punk\2013 - Random Access Memories [16bit-44.1kHz]
File read to copy: 6. Nightvision.flac
 Fr: D:\Musica\Discografias\Daft Punk\2001 - Discovery
 To: G:\Musica\Discografias\Daft Punk\2001 - Discovery [16bit-44.1kHz]
File read to copy: 01 - Human After All.flac
 Fr: D:\Musica\Discografias\Daft Punk\2005 - Human After All
 To: G:\Musica\Discografias\Daft Punk\2005 - Human After All [16bit-44.1kHz]
File read to copy: 01 - Daftendirekt.flac
 Fr: D:\Musica\Discografias\Daft Punk\1997 - Homework
 To: G:\Musica\Discografias\Daft Punk\1997 - Homework [16bit-44.1kHz]
File read to copy: 01 - Steal You Away (Radio Edit).flac
 Fr: D:\Musica\Discografias\Dash Berlin\2013 - #musicislife (#deluxe)\CD1
 To: G:\Musica\Discografias\Dash Berlin\2013 - musicislife (deluxe) [16bit-44.1kHz]\Disk 1
File read to copy: 16 - Steal You Away (Michael Brun Radio Edit).flac
 Fr: D:\Musica\Discografias\Dash Berlin\2013 - #musicislife (#deluxe)\CD2
 To: G:\Musica\Discografias\Dash Berlin\2013 - musicislife (deluxe) [16bit-44.1kHz]\Disk 2
File read to copy: 01 - Till The Sky Falls Down (Arctic Moon Remix).flac
 Fr: D:\Musica\Discografias\Dash Berlin\2010 - The New Daylight (Remixes)
 To: G:\Musica\Discografias\Dash Berlin\2010 - The New Daylight (Remixes) [16bit-44.1kHz]
File read to copy: 01 - In The End.flac
 Fr: D:\Musica\Discografias\Dash Berlin\2021 - In The End
 To: G:\Musica\Discografias\Dash Berlin\2021 - In The End [16bit-44.1kHz]
File read to copy: 01 - Till The Sky Falls Down.flac
 Fr: D:\Musica\Discografias\Dash Berlin\2008 - Till the Sky Falls Down
 To: G:\Musica\Discografias\Dash Berlin\2008 - Till the Sky Falls Down [16bit-44.1kHz]
File read to copy: David Bowie - Low [Remastered] - 12 - Some Are (Previously Unreleased Track Recorded 1976-79) (Bonus Track).flac
 Fr: D:\Musica\Discografias\David Bowie\1977 - Low [Remastered]
 To: G:\Musica\Discografias\David Bowie\1991 - Low [Remastered [16bit-44.1kHz]
File read to copy: 01 - Space Oddity (2015 Remaster).flac
 Fr: D:\Musica\Discografias\David Bowie\1969 - David Bowie (aka Space Oddity) [2015 Remaster]
 To: G:\Musica\Discografias\David Bowie\1969 - David Bowie (aka Space Oddity) [2015 Remaster [16bit-44.1kHz]
File read to copy: 01 - Five Years (2012 Remaster).flac
 Fr: D:\Musica\Discografias\David Bowie\1972 - The Rise and Fall of Ziggy Stardust and the Spider
 To: G:\Musica\Discografias\David Bowie\1972 - The Rise and Fall of Ziggy Stardust and the Spiders from Mars (2012 Remaster) [16bit-44.1kHz]
File read to copy: 01 - Changes (2015 Remaster).flac
 Fr: D:\Musica\Discografias\David Bowie\1971 - Hunky Dory (2015 Remaster)
 To: G:\Musica\Discografias\David Bowie\1971 - Hunky Dory (2015 Remaster) [16bit-44.1kHz]
File read to copy: 01 - Beauty and the Beast (2017 Remaster).flac
 Fr: D:\Musica\Discografias\David Bowie\1977 - -Heroes- (2017 Remaster)
 To: G:\Musica\Discografias\David Bowie\1977 - Heroes (2017 Remaster) [24bit-48.0kHz]
File read to copy: 01 - Blackstar.flac
 Fr: D:\Musica\Discografias\David Bowie\2016 - Blackstar
 To: G:\Musica\Discografias\David Bowie\2016 - Blackstar [24bit-48.0kHz]
File read to copy: 01 - Young Americans (2016 Remaster).flac
 Fr: D:\Musica\Discografias\David Bowie\1975 - Young Americans (2016 Remaster)
 To: G:\Musica\Discografias\David Bowie\1975 - Young Americans (2016 Remaster) [24bit-48.0kHz]
File read to copy: 01 - Modern Love (2018 Remaster).flac
 Fr: D:\Musica\Discografias\David Bowie\1983 - Let's Dance (2018 Remaster)
 To: G:\Musica\Discografias\David Bowie\1983 - Let's Dance (2018 Remaster) [16bit-44.1kHz]
File read to copy: 01 - Future Legend (2016 Remaster).flac
 Fr: D:\Musica\Discografias\David Bowie\1974 - Diamond Dogs (2016 Remaster)
 To: G:\Musica\Discografias\David Bowie\1974 - Diamond Dogs (2016 Remaster) [24bit-48.0kHz]
File read to copy: 01 - Watch That Man (2013 Remaster).flac
 Fr: D:\Musica\Discografias\David Bowie\1973 - Aladdin Sane (2013 Remaster)
 To: G:\Musica\Discografias\David Bowie\1973 - Aladdin Sane (2013 Remaster) [16bit-44.1kHz]
File read to copy: 01 - The Width Of A Circle (2020 Mix).flac
 Fr: D:\Musica\Discografias\David Bowie\1970 - Metrobolist (aka The Man Who Sold The World) [2020
 To: G:\Musica\Discografias\David Bowie\1970 - Metrobolist (aka The Man Who Sold The World) [2020 Mix [24bit-48.0kHz]
File read to copy: 01 - Rosalyn (2015 Remaster).flac
 Fr: D:\Musica\Discografias\David Bowie\1973 - Pinups (2015 Remaster)
 To: G:\Musica\Discografias\David Bowie\1973 - Pinups (2015 Remaster) [24bit-48.0kHz]
File read to copy: 01 - Station to Station (2016 Remaster).flac
 Fr: D:\Musica\Discografias\David Bowie\1976 - Station to Station (2016 Remaster)
 To: G:\Musica\Discografias\David Bowie\1976 - Station to Station (2016 Remaster) [16bit-44.1kHz]
File read to copy: 01 - Speed of Life (2017 Remaster).flac
 Fr: D:\Musica\Discografias\David Bowie\1977 - Low (2017 Remaster)
 To: G:\Musica\Discografias\David Bowie\1977 - Low (2017 Remaster) [24bit-48.0kHz]
File read to copy: 01 - Peter and the Wolf, Op. 67- Introduction.flac
 Fr: D:\Musica\Discografias\David Bowie\1978 - Peter & The Wolf
 To: G:\Musica\Discografias\David Bowie\1978 - Peter & The Wolf [16bit-44.1kHz]
File read to copy: 01 - Fantastic Voyage (2017 Remaster).flac
 Fr: D:\Musica\Discografias\David Bowie\1979 - Lodger (2017 Remaster)
 To: G:\Musica\Discografias\David Bowie\1979 - Lodger (2017 Remaster) [16bit-44.1kHz]
File read to copy: 01 - It's No Game (Pt. 1) [2017 Remaster].flac
 Fr: D:\Musica\Discografias\David Bowie\1980 - Scary Monsters (And Super Creeps) [2017 Remaster]
 To: G:\Musica\Discografias\David Bowie\1980 - Scary Monsters (And Super Creeps) [2017 Remaster [24bit-48.0kHz]
File read to copy: 01 - Loving The Alien (2018 Remaster).flac
 Fr: D:\Musica\Discografias\David Bowie\1984 - Tonight (2018 Remaster)
 To: G:\Musica\Discografias\David Bowie\1984 - Tonight (2018 Remaster) [16bit-44.1kHz]
File read to copy: 01 - Highway Star (2012 Remaster).flac
 Fr: D:\Musica\Discografias\Deep Purple\1972 - Machine Head (2016 Remaster)
 To: G:\Musica\Discografias\Deep Purple\1972 - Machine Head (2016 Remaster) [16bit-44.1kHz]
File read to copy: 01 - Burn (2002 Remaster).flac
 Fr: D:\Musica\Discografias\Deep Purple\1974 - Burn (Expanded 2005 Remaster)
 To: G:\Musica\Discografias\Deep Purple\1974 - Burn (Expanded 2005 Remaster) [16bit-44.1kHz]
File read to copy: 01 - Speed King.flac
 Fr: D:\Musica\Discografias\Deep Purple\1970 - Deep Purple in Rock
 To: G:\Musica\Discografias\Deep Purple\1970 - Deep Purple in Rock [24bit-48.0kHz]
File read to copy: 01 - Knocking At Your Back Door.flac
 Fr: D:\Musica\Discografias\Deep Purple\1984 - Perfect Strangers
 To: G:\Musica\Discografias\Deep Purple\1984 - Perfect Strangers [16bit-44.1kHz]
File read to copy: 01 - And The Address.flac
 Fr: D:\Musica\Discografias\Deep Purple\1968 - Shades of Deep Purple
 To: G:\Musica\Discografias\Deep Purple\1968 - Shades of Deep Purple [16bit-44.1kHz]
File read to copy: 01 - Fireball.flac
 Fr: D:\Musica\Discografias\Deep Purple\1971 - Fireball
 To: G:\Musica\Discografias\Deep Purple\1971 - Fireball [24bit-48.0kHz]
File read to copy: 01 - Women.flac
 Fr: D:\Musica\Discografias\Def Leppard\1987 - Hysteria
 To: G:\Musica\Discografias\Def Leppard\1987 - Hysteria [16bit-44.1kHz]
File read to copy: 01 - Rock Rock (Till You Drop).flac
 Fr: D:\Musica\Discografias\Def Leppard\1983 - Pyromania
 To: G:\Musica\Discografias\Def Leppard\1983 - Pyromania [16bit-44.1kHz]
File read to copy: 01 - World in My Eyes (2006 Remaster).flac
 Fr: D:\Musica\Discografias\Depeche Mode\1990 - Violator (2006 Remaster)
 To: G:\Musica\Discografias\Depeche Mode\1990 - Violator (2006 Remaster) [16bit-44.1kHz]
File read to copy: 01 - Going Backwards.flac
 Fr: D:\Musica\Discografias\Depeche Mode\2017 - Spirit (Deluxe)
 To: G:\Musica\Discografias\Depeche Mode\2017 - Spirit (Deluxe) [24bit-44.1kHz]
File read to copy: 01 - A Pain That I'm Used To.flac
 Fr: D:\Musica\Discografias\Depeche Mode\2005 - Playing the Angel
 To: G:\Musica\Discografias\Depeche Mode\2005 - Playing the Angel [16bit-44.1kHz]
File read to copy: 01 - New Life (2006 Remaster).flac
 Fr: D:\Musica\Discografias\Depeche Mode\1981 - Speak & Spell (2006 Remaster)
 To: G:\Musica\Discografias\Depeche Mode\1981 - Speak & Spell (2006 Remaster) [16bit-44.1kHz]
File read to copy: 01 - Never Let Me Down Again (2006 Remaster).flac
 Fr: D:\Musica\Discografias\Depeche Mode\1987 - Music for the Masses (2006 Remaster)
 To: G:\Musica\Discografias\Depeche Mode\1987 - Music for the Masses (2006 Remaster) [16bit-44.1kHz]
File read to copy: 01 - Personal Jesus (2006 Remaster).flac
 Fr: D:\Musica\Discografias\Depeche Mode\2006 - The Best of Depeche Mode, Volume 1
 To: G:\Musica\Discografias\Depeche Mode\2006 - The Best of Depeche Mode, Volume 1 [16bit-44.1kHz]
File read to copy: (07) [Derek And The Dominos] Key To The Highway.flac
 Fr: D:\Musica\Discografias\Derek & The Dominos\1970 - Layla And Other Assorted Love Songs (Hybrid SACD MFSL 2017)
 To: G:\Musica\Discografias\Derek & The Dominos\1970 - Layla And Other Assorted Love Songs MFSL [16bit-44.1kHz]
File read to copy: 01 - I Looked Away.flac
 Fr: D:\Musica\Discografias\Derek & The Dominos\1970 - Layla And Other Assorted Love Songs (Remastered 20
 To: G:\Musica\Discografias\Derek & The Dominos\1970 - Layla And Other Assorted Love Songs (Remastered 2010) [16bit-44.1kHz]
File read to copy: 01 - Hurricanes.flac
 Fr: D:\Musica\Discografias\Dido\2019 - Still on My Mind
 To: G:\Musica\Discografias\Dido\2019 - Still on My Mind [24bit-44.1kHz]
File read to copy: 01 - Here With Me.flac
 Fr: D:\Musica\Discografias\Dido\2013 - Greatest Hits (Deluxe)\CD1
 To: G:\Musica\Discografias\Dido\2013 - Greatest Hits (Deluxe) [16bit-44.1kHz]\Disk 1
File read to copy: 01 - Here With Me (Chillin with the Family Mix).flac
 Fr: D:\Musica\Discografias\Dido\2013 - Greatest Hits (Deluxe)\CD2
 To: G:\Musica\Discografias\Dido\2013 - Greatest Hits (Deluxe) [16bit-44.1kHz]\Disk 2
File read to copy: 01 - Stand Up and Shout.flac
 Fr: D:\Musica\Discografias\Dio\1983 - Holy Diver
 To: G:\Musica\Discografias\Dio\1983 - Holy Diver [24bit-48.0kHz]
File read to copy: 01 - We Rock.flac
 Fr: D:\Musica\Discografias\Dio\1984 - The Last in Line
 To: G:\Musica\Discografias\Dio\1984 - The Last in Line [16bit-44.1kHz]
File read to copy: 01 - Discovery.flac
 Fr: D:\Musica\Discografias\Dio\2000 - Magica
 To: G:\Musica\Discografias\Dio\2000 - Magica [16bit-44.1kHz]
File read to copy: 01 - Killing The Dragon.flac
 Fr: D:\Musica\Discografias\Dio\2002 - Killing the Dragon
 To: G:\Musica\Discografias\Dio\2002 - Killing the Dragon [16bit-44.1kHz]
File read to copy: 01 - One More for the Road.flac
 Fr: D:\Musica\Discografias\Dio\2004 - Master of the Moon
 To: G:\Musica\Discografias\Dio\2004 - Master of the Moon [16bit-44.1kHz]
File read to copy: (14) [] Avarice.flac
 Fr: D:\Musica\Discografias\Disturbed\2005 - Ten Thousand Fists
 To: G:\Musica\Discografias\Disturbed\2005 - Ten Thousand Fists [16bit-44.1kHz]
File read to copy: 01. The Eye Of The Storm.flac
 Fr: D:\Musica\Discografias\Disturbed\2015 - Immortalized [Deluxe Edition]
 To: G:\Musica\Discografias\Disturbed\2015 - Immortalized (Deluxe Edition) [16bit-44.1kHz]
File read to copy: (13) [] Run.flac
 Fr: D:\Musica\Discografias\Disturbed\2008 - Indestructible [Limited Edition]
 To: G:\Musica\Discografias\Disturbed\2008 - Indestructible [16bit-44.1kHz]
File read to copy: (05) [] Violence Fetish.flac
 Fr: D:\Musica\Discografias\Disturbed\2000 - The Sickness [10th Anniversary Edition]
 To: G:\Musica\Discografias\Disturbed\2000 - The Sickness [16bit-44.1kHz]
File read to copy: 01 - Hot Rod.flac
 Fr: D:\Musica\Discografias\Division Minuscula\2006 - Defecto Perfecto
 To: G:\Musica\Discografias\Division Minuscula\2006 - Defecto Perfecto [16bit-44.1kHz]
File read to copy: 01 - Voces.flac
 Fr: D:\Musica\Discografias\Division Minuscula\División\FLAC (16bit-44.1kHz)
 To: G:\Musica\Discografias\Division Minuscula\2012 - División [16bit-44.1kHz]
File read to copy: 01 - Control (Album Version).flac
 Fr: D:\Musica\Discografias\Division Minuscula\Sirenas\FLAC (16bit-44.1kHz)
 To: G:\Musica\Discografias\Division Minuscula\2008 - Sirenas [16bit-44.1kHz]
File read to copy: 01 - Día de Juicio.flac
 Fr: D:\Musica\Discografias\Division Minuscula\Secretos\FLAC (16bit-44.1kHz)
 To: G:\Musica\Discografias\Division Minuscula\2016 - Secretos [16bit-44.1kHz]
File read to copy: 01 - Las Cruzadas.flac
 Fr: D:\Musica\Discografias\DLD\2007 - Futura
 To: G:\Musica\Discografias\DLD\2007 - Futura [16bit-44.1kHz]
File read to copy: 01 - Animal.flac
 Fr: D:\Musica\Discografias\DLD\2012 - Primario
 To: G:\Musica\Discografias\DLD\2012 - Primario [16bit-44.1kHz]
File read to copy: 01 - Ventura.flac
 Fr: D:\Musica\Discografias\DLD\Ventura\FLAC (16bit-44.1kHz)
 To: G:\Musica\Discografias\DLD\2007 - Ventura [16bit-44.1kHz]
File read to copy: 01 - Intro.flac
 Fr: D:\Musica\Discografias\DLD\Por Encima\FLAC (16bit-44.1kHz)
 To: G:\Musica\Discografias\DLD\2009 - Por Encima [16bit-44.1kHz]
File read to copy: 01. Orphanization (feat. Kendo Kaponi y Syko).flac
 Fr: D:\Musica\Discografias\Don Omar\2010 - Meet The Orphans (Deluxe Edition) (FLAC)
 To: G:\Musica\Discografias\Don Omar\2010 - Meet The Orphans (Deluxe Edition) [16bit-44.1kHz]
File read to copy: 01 - The Chosen (Album Version).flac
 Fr: D:\Musica\Discografias\Don Omar\2009 - iDon
 To: G:\Musica\Discografias\Don Omar\2009 - iDon [16bit-44.1kHz]
File read to copy: 01 - Intro - Predica (Remastered 2016).flac
 Fr: D:\Musica\Discografias\Don Omar\2006 - King Of Kings 10th Anniversary (Remastered)
 To: G:\Musica\Discografias\Don Omar\2006 - King Of Kings 10th Anniversary (Remastered) [16bit-44.1kHz]
File read to copy: 01 - Soledad (Album Version).flac
 Fr: D:\Musica\Discografias\Don Omar\2015 - The Last Don II
 To: G:\Musica\Discografias\Don Omar\2015 - The Last Don II [24bit-44.1kHz]
File read to copy: 01 - Noches Blancas.flac
 Fr: D:\Musica\Discografias\Dorian\2018 - Justicia Universal
 To: G:\Musica\Discografias\Dorian\2018 - Justicia Universal [16bit-44.1kHz]
File read to copy: 01 - Cualquier Otra Parte.flac
 Fr: D:\Musica\Discografias\Dorian\2015 - Cualquier Otra Parte
 To: G:\Musica\Discografias\Dorian\2015 - Cualquier Otra Parte [24bit-44.1kHz]
File read to copy: 01 - Dual.flac
 Fr: D:\Musica\Discografias\Dorian\2020 - Dual
 To: G:\Musica\Discografias\Dorian', 'Pimp Flaco\2020 - Dual [16bit-44.1kHz]
File read to copy: 01 - Through the Fire and Flames.flac
 Fr: D:\Musica\Discografias\Dragonforce\2006 - Inhuman Rampage (Special Edition)
 To: G:\Musica\Discografias\DragonForce\2006 - Inhuman Rampage (Special Edition) [16bit-44.1kHz]
File read to copy: 01 - My Spirit Will Go On.flac
 Fr: D:\Musica\Discografias\Dragonforce\2004 - Sonic Firestorm (2010 US Edition)
 To: G:\Musica\Discografias\DragonForce\2004 - Sonic Firestorm (2010 US Edition) [16bit-44.1kHz]
File read to copy: 01 - Invocation of the Apocalyptic Evil (2010 Remastere.flac
 Fr: D:\Musica\Discografias\Dragonforce\2003 - Valley of the Damned (2010 Remastered Edition)
 To: G:\Musica\Discografias\DragonForce\2003 - Valley of the Damned (2010 Remastered Edition) [16bit-44.1kHz]
File read to copy: 01 - Holding On.flac
 Fr: D:\Musica\Discografias\Dragonforce\2012 - The Power Within (Special Edition)
 To: G:\Musica\Discografias\DragonForce\2012 - The Power Within (Special Edition) [16bit-44.1kHz]
File read to copy: 01 - Heroes of Our Time.flac
 Fr: D:\Musica\Discografias\Dragonforce\2008 - Ultra Beatdown
 To: G:\Musica\Discografias\DragonForce\2008 - Ultra Beatdown [16bit-44.1kHz]
File read to copy: 01 - Reaching into Infinity.flac
 Fr: D:\Musica\Discografias\Dragonforce\2017 - Reaching into Infinity (Special Edition)
 To: G:\Musica\Discografias\DragonForce\2017 - Reaching into Infinity (Special Edition) [16bit-44.1kHz]
File read to copy: 01 - The Game.flac
 Fr: D:\Musica\Discografias\Dragonforce\2014 - Maximum Overload
 To: G:\Musica\Discografias\DragonForce\2014 - Maximum Overload [16bit-44.1kHz]
File read to copy: 01 - No Convenceran.flac
 Fr: D:\Musica\Discografias\Dread Mar I\2010 - Vivi En Do
 To: G:\Musica\Discografias\Dread Mar I\2010 - Vivi En Do [16bit-44.1kHz]
File read to copy: 01 - De Qué Me Vas a Hablar.flac
 Fr: D:\Musica\Discografias\Dread Mar I\2014 - En el Sendero
 To: G:\Musica\Discografias\Dread Mar I\2014 - En el Sendero [16bit-44.1kHz]
File read to copy: 01 - El Brillo de los Dos.flac
 Fr: D:\Musica\Discografias\Dread Mar I\2018 - Caminarás Caminos
 To: G:\Musica\Discografias\Dread Mar I\2018 - Caminarás Caminos [16bit-44.1kHz]
File read to copy: 01. The A Team.flac
 Fr: D:\Musica\Discografias\Ed Sheeran\2011 - + (Deluxe Edition)
 To: G:\Musica\Discografias\Ed Sheeran\2011 - + (Deluxe Edition) [16bit-44.1kHz]
File read to copy: 01. One.flac
 Fr: D:\Musica\Discografias\Ed Sheeran\2014 - X (Deluxe Edition) (FLAC)
 To: G:\Musica\Discografias\Ed Sheeran\2014 - X (Deluxe Edition) [16bit-44.1kHz]
File read to copy: 01. Eraser.flac
 Fr: D:\Musica\Discografias\Ed Sheeran\2017 - Divide (Deluxe Edition) (Flac)
 To: G:\Musica\Discografias\Ed Sheeran\2017 - Divide (Deluxe Edition) [16bit-44.1kHz]
File read to copy: 01 - Tides.flac
 Fr: D:\Musica\Discografias\Ed Sheeran\2021 - =
 To: G:\Musica\Discografias\Ed Sheeran\2021-10-29 - = [24bit-48.0kHz]
File read to copy: 01. Intro. Chúntaros radio poder (Don Pancho Lomelí).flac
 Fr: D:\Musica\Discografias\El Gran Silencio\2001 - Chúntaros radio poder
 To: G:\Musica\Discografias\El Gran Silencio\2001 - Chúntaros radio poder [16bit-44.1kHz]
File read to copy: 01 - Guacharaca Scratch.flac
 Fr: D:\Musica\Discografias\El Gran Silencio\1999 - Libres Y Locos
 To: G:\Musica\Discografias\El Gran Silencio\1999 - Libres Y Locos [16bit-44.1kHz]
File read to copy: 01 - Sópleme usted primero.flac
 Fr: D:\Musica\Discografias\El Tri\1987 - Simplemente
 To: G:\Musica\Discografias\El Tri\1987 - Simplemente [16bit-44.1kHz]
File read to copy: 01 - Las piedras rodantes.flac
 Fr: D:\Musica\Discografias\El Tri\2011 - 20 Grandes Exitos (2CD)\CD1
 To: G:\Musica\Discografias\El Tri\2011 - 20 Grandes Exitos (2CD) [16bit-44.1kHz]\Disk 1
File read to copy: 01 - Hasta que el cuerpo aguante.flac
 Fr: D:\Musica\Discografias\El Tri\2011 - 20 Grandes Exitos (2CD)\CD2
 To: G:\Musica\Discografias\El Tri\2011 - 20 Grandes Exitos (2CD) [16bit-44.1kHz]\Disk 2
File read to copy: 01 - Fanfarria Para Un Hombre Comun.flac
 Fr: D:\Musica\Discografias\El Tri\2015 - Sinfonico 3
 To: G:\Musica\Discografias\El Tri\2015 - Sinfonico 3 [16bit-44.1kHz]
File read to copy: 01 - Todo es materia.flac
 Fr: D:\Musica\Discografias\El Tri\1995 - Una rola para los minusválidos
 To: G:\Musica\Discografias\El Tri\1995 - Una rola para los minusválidos [16bit-44.1kHz]
File read to copy: 01 - Virgen morena.flac
 Fr: D:\Musica\Discografias\El Tri\1997 - Cuando tú no estás
 To: G:\Musica\Discografias\El Tri\1997 - Cuando tú no estás [16bit-44.1kHz]
File read to copy: 01. De La Noche A La Mañana.flac
 Fr: D:\Musica\Discografias\Elefante\2001 - El Que Busca Encuentra (FLAC)
 To: G:\Musica\Discografias\Elefante\2001 - El Que Busca Encuentra [16bit-44.1kHz]
File read to copy: 01. La Limpia.flac
 Fr: D:\Musica\Discografias\Elefante\2002 - Lo Que Andábamos Buscando (FLAC)
 To: G:\Musica\Discografias\Elefante\2002 - Lo Que Andábamos Buscando [16bit-44.1kHz]
File read to copy: 01. Asi Es La Vida.flac
 Fr: D:\Musica\Discografias\Elefante\2007 - Elefante Exitos (FLAC)
 To: G:\Musica\Discografias\Elefante\2007 - Elefante Exitos [16bit-44.1kHz]
File read to copy: 01. Adiós.flac
 Fr: D:\Musica\Discografias\Elefante\2012 - E 87600 (FLAC)
 To: G:\Musica\Discografias\Elefante\2012 - E87600 [16bit-44.1kHz]
File read to copy: 01 - Ángel (Versión Sinfónico).flac
 Fr: D:\Musica\Discografias\Elefante\2020 - Sinfónico
 To: G:\Musica\Discografias\Elefante\2020 - Sinfónico [16bit-44.1kHz]
File read to copy: 01 - Ángel.flac
 Fr: D:\Musica\Discografias\Elefante\2005 - Elefante
 To: G:\Musica\Discografias\Elefante\2005 - Elefante [16bit-44.1kHz]
File read to copy: 01 - Public Service Announcement 2000.flac
 Fr: D:\Musica\Discografias\Eminem\2000 - The Marshall Mathers LP
 To: G:\Musica\Discografias\Eminem\2000 - The Marshall Mathers LP [16bit-44.1kHz]
File read to copy: 01 - Dr. West (Skit).flac
 Fr: D:\Musica\Discografias\Eminem\2009 - Relapse [Deluxe]
 To: G:\Musica\Discografias\Eminem\2009 - Relapse [Deluxe [16bit-44.1kHz]
File read to copy: 01 - Intro.flac
 Fr: D:\Musica\Discografias\Eminem\2005 - Curtain Call- The Hits
 To: G:\Musica\Discografias\Eminem\2005 - Curtain Call The Hits [16bit-44.1kHz]
File read to copy: 01 - Curtains Up (Skit).flac
 Fr: D:\Musica\Discografias\Eminem\2002 - The Eminem Show
 To: G:\Musica\Discografias\Eminem\2002 - The Eminem Show [16bit-44.1kHz]
File read to copy: 01 - Cold Wind Blows.flac
 Fr: D:\Musica\Discografias\Eminem\2010 - Recovery
 To: G:\Musica\Discografias\Eminem\2010 - Recovery [16bit-44.1kHz]
File read to copy: (01) [Enjambre] Intro.flac
 Fr: D:\Musica\Discografias\Enjambre\2008 - El Segundo es Felino
 To: G:\Musica\Discografias\Enjambre\2008 - El Segundo es Felino [16bit-44.1kHz]
File read to copy: 01. Obertura.flac
 Fr: D:\Musica\Discografias\Enjambre\2017 - Imperfecto Extraño
 To: G:\Musica\Discografias\Enjambre\2017 - Imperfecto Extraño [16bit-44.1kHz]
File read to copy: 01. Adyta (The Neverending Embrace).flac
 Fr: D:\Musica\Discografias\Epica\2003 - The Phantom Agony
 To: G:\Musica\Discografias\Epica\2003 - The Phantom Agony [16bit-44.1kHz]
File read to copy: 01 - Alpha - Anteludium -.flac
 Fr: D:\Musica\Discografias\Epica\2021 - Omega
 To: G:\Musica\Discografias\Epica\2021 - Omega [16bit-44.1kHz]
File read to copy: 01 - Indigo.flac
 Fr: D:\Musica\Discografias\Epica\2007 - The Divine Conspiracy
 To: G:\Musica\Discografias\Epica\2007 - The Divine Conspiracy [16bit-44.1kHz]
File read to copy: 01 - Samadhi - Prelude.flac
 Fr: D:\Musica\Discografias\Epica\2009 - Design Your Universe
 To: G:\Musica\Discografias\Epica\2009 - Design Your Universe [16bit-44.1kHz]
File read to copy: 01 - Hunab K'u (A New Age Dawns) [Prologue].flac
 Fr: D:\Musica\Discografias\Epica\2015 - Consign to Oblivion (Expanded Edition)
 To: G:\Musica\Discografias\Epica\2015 - Consign to Oblivion (Expanded Edition) [16bit-44.1kHz]
File read to copy: 01 - The Final Countdown.flac
 Fr: D:\Musica\Discografias\Europe\1986 - The Final Countdown (Expanded Edition)
 To: G:\Musica\Discografias\Europe\1986 - The Final Countdown (Expanded Edition) [16bit-44.1kHz]
File read to copy: 01 - Love Is A Stranger (Remastered Version).flac
 Fr: D:\Musica\Discografias\Eurythmics\1983 - Sweet Dreams (Are Made Of This)
 To: G:\Musica\Discografias\Eurythmics', 'Annie Lennox', 'Dave Stewart\1983 - Sweet Dreams (Are Made Of This) [16bit-44.1kHz]
File read to copy: 01 - Going Under.flac
 Fr: D:\Musica\Discografias\Evanescence\2003 - Fallen
 To: G:\Musica\Discografias\Evanescence\2003 - Fallen [16bit-44.1kHz]
File read to copy: 01 - Sweet Sacrifice.flac
 Fr: D:\Musica\Discografias\Evanescence\2006 - The Open Door
 To: G:\Musica\Discografias\Evanescence\2006 - The Open Door [16bit-44.1kHz]
File read to copy: 01 - What You Want.flac
 Fr: D:\Musica\Discografias\Evanescence\2011 - Evanescence
 To: G:\Musica\Discografias\Evanescence\2011 - Evanescence [16bit-44.1kHz]
File read to copy: 01 - Artifact-The Turn.flac
 Fr: D:\Musica\Discografias\Evanescence\2021 - The Bitter Truth
 To: G:\Musica\Discografias\Evanescence\2021 - The Bitter Truth [16bit-44.1kHz]
File read to copy: 01 - Our Lawyer Made Us Change The Name Of This Song So We Wouldn't Get Sued.flac
 Fr: D:\Musica\Discografias\Fall Out Boy\2005 - From Under the Cork Tree\2005 - Standard Edition
 To: G:\Musica\Discografias\Fall Out Boy\2005 - From Under The Cork Tree [16bit-44.1kHz]
File read to copy: 14 - Snitches and Talkers Get Stitches and Walkers.flac
 Fr: D:\Musica\Discografias\Fall Out Boy\2005 - From Under the Cork Tree\2006 - Limited Black Clouds and Underdogs Edition
 To: G:\Musica\Discografias\Fall Out Boy\2006 - From Under The Cork Tree [16bit-44.1kHz]
File read to copy: 01 - Thriller.flac
 Fr: D:\Musica\Discografias\Fall Out Boy\2007 - Infinity on High\1- Standard Edition
 To: G:\Musica\Discografias\Fall Out Boy\2007 - Infinity On High [16bit-44.1kHz]\Disk 1
File read to copy: 01 - G.I.N.A.S.F.S.flac
 Fr: D:\Musica\Discografias\Fall Out Boy\2007 - Infinity on High\2- Deluxe Edition Bonus CD
 To: G:\Musica\Discografias\Fall Out Boy\2007 - Infinity On High [16bit-44.1kHz]\Disk 2
File read to copy: 00 - Lullabye.flac
 Fr: D:\Musica\Discografias\Fall Out Boy\2008 - Folie a Deux\1- Folie à Deux
 To: G:\Musica\Discografias\Fall Out Boy\2008 - Folie À Deux [16bit-44.1kHz]
File read to copy: 14 - I Don't Care (Machine Shop Remix).flac
 Fr: D:\Musica\Discografias\Fall Out Boy\2008 - Folie a Deux\2- Japanese bonus
 To: G:\Musica\Discografias\Fall Out Boy\2008 - Folie À Deux [16bit-44.1kHz]
File read to copy: 01 - The Phoenix.flac
 Fr: D:\Musica\Discografias\Fall Out Boy\2013 - Save Rock And Roll
 To: G:\Musica\Discografias\Fall Out Boy\2013 - Save Rock And Roll [16bit-44.1kHz]
File read to copy: 01 - Irresistible.flac
 Fr: D:\Musica\Discografias\Fall Out Boy\2015 - American Beauty-American Psycho
 To: G:\Musica\Discografias\Fall Out Boy\2015 - American BeautyAmerican Psycho [16bit-44.1kHz]
File read to copy: 01 - Stay Frosty Royal Milk Tea.flac
 Fr: D:\Musica\Discografias\Fall Out Boy\2018 - M A N I A
 To: G:\Musica\Discografias\Fall Out Boy\2018 - M A N I A [16bit-44.1kHz]
File read to copy: 01. Visionary.flac
 Fr: D:\Musica\Discografias\Farruko\2011 - Visionary (FLAC)
 To: G:\Musica\Discografias\Farruko\2015 - Visionary [16bit-44.1kHz]
File read to copy: 01 - Intro.flac
 Fr: D:\Musica\Discografias\Favored Nations\2015 - The Great Unknown
 To: G:\Musica\Discografias\Favored Nations\2015 - The Great Unknown [16bit-44.1kHz]
File read to copy: (01) [Fobia] Los Muñecos.flac
 Fr: D:\Musica\Discografias\Fobia\1990 - Fobia
 To: G:\Musica\Discografias\Fobia\1990 - Fobia [16bit-44.1kHz]
File read to copy: 01. Plástico.flac
 Fr: D:\Musica\Discografias\Fobia\1993 - Leche
 To: G:\Musica\Discografias\Fobia\1993 - Leche [16bit-44.1kHz]
File read to copy: 01. Revolución sin manos.flac
 Fr: D:\Musica\Discografias\Fobia\1996 - Amor chiquito
 To: G:\Musica\Discografias\Fobia\1996 - Amor chiquito [16bit-44.1kHz]
File read to copy: 1 No Eres Yo.flac
 Fr: D:\Musica\Discografias\Fobia\2015 - Personalidad
 To: G:\Musica\Discografias\Fobia\2015 - Personalidad [16bit-44.1kHz]
File read to copy: 01 - Rosa Venus.flac
 Fr: D:\Musica\Discografias\Fobia\2006 - Rosa Venus
 To: G:\Musica\Discografias\Fobia\2006 - Rosa Venus [16bit-44.1kHz]
File read to copy: 01 - Pesadilla (MTV Unplugged).flac
 Fr: D:\Musica\Discografias\Fobia\2020 - Fobia MTV Unplugged
 To: G:\Musica\Discografias\Fobia\2020 - Fobia MTV Unplugged [16bit-44.1kHz]
File read to copy: 01 – This Is A Call.flac
 Fr: D:\Musica\Discografias\Foo Fighters\1995 - Foo Fighters (Japan, BVCM-35129)
 To: G:\Musica\Discografias\Foo Fighters\1995 - Foo Fighters Japan (BVCM-35129) [16bit-44.1kHz]
File read to copy: 01 - Doll.flac
 Fr: D:\Musica\Discografias\Foo Fighters\1997 - The Colour And The Shape (Japan, BVCM-35130)
 To: G:\Musica\Discografias\Foo Fighters\1997 - The Colour And The Shape Japan (BVCM-35130) [16bit-44.1kHz]
File read to copy: 01 – Stacked Actors.flac
 Fr: D:\Musica\Discografias\Foo Fighters\1999 - There Is Nothing Left To Lose (Japan, BVCM-35131)
 To: G:\Musica\Discografias\Foo Fighters\1999 - There Is Nothing Left To Lose Japan (BVCM-35131) [16bit-44.1kHz]
File read to copy: 01 – All My Life.flac
 Fr: D:\Musica\Discografias\Foo Fighters\2002 - One By One (Japan, BVCM-35132)
 To: G:\Musica\Discografias\Foo Fighters\2002 - One By One Japan (BVCM-35132) [16bit-44.1kHz]
File read to copy: 01 – In Your Honor.flac
 Fr: D:\Musica\Discografias\Foo Fighters\2005 - In Your Honor (2CD) (Japan, BVCM-35133-4)\One
 To: G:\Musica\Discografias\Foo Fighters\2005 - In Your Honor One Japan (BVCM-35133-4) [16bit-44.1kHz]
File read to copy: 01 – Still.flac
 Fr: D:\Musica\Discografias\Foo Fighters\2005 - In Your Honor (2CD) (Japan, BVCM-35133-4)\Two
 To: G:\Musica\Discografias\Foo Fighters\2005 - In Your Honor Two Japan (BVCM-35133-4) [16bit-44.1kHz]
File read to copy: 01 – Razor.flac
 Fr: D:\Musica\Discografias\Foo Fighters\2006 - Skin And Bones (Japan, BVCP-21502)
 To: G:\Musica\Discografias\Foo Fighters\2006 - Skin And Bones Japan (BVCP-21502) [16bit-44.1kHz]
File read to copy: 01 - The Pretender.flac
 Fr: D:\Musica\Discografias\Foo Fighters\2007 - Echoes, Silence, Patience & Grace (Japan, BVCP-21552 (88697-15501-2))
 To: G:\Musica\Discografias\Foo Fighters\2007 - Echoes, Silence, Patience & Grace (Japan, BVCP-21552 (88697-15501-2)) [16bit-44.1kHz]
File read to copy: 01 - All My Life.flac
 Fr: D:\Musica\Discografias\Foo Fighters\2009 - Greatest Hits (Japan, BVCP 40174)
 To: G:\Musica\Discografias\Foo Fighters\2009 - Greatest Hits (Japan, BVCP 40174) [16bit-44.1kHz]
File read to copy: 01 – Band On The Run.flac
 Fr: D:\Musica\Discografias\Foo Fighters\2011 - Medium Rare (Exclusive Q Subsriber's Album)
 To: G:\Musica\Discografias\Foo Fighters\2011 - Medium Rare (Exclusive Q Subsriber's Album) (UK, -) [16bit-44.1kHz]
File read to copy: 01 – Bridge Burning.flac
 Fr: D:\Musica\Discografias\Foo Fighters\2011 - Wasting Light (Japan 1st Press, SICP 3072)
 To: G:\Musica\Discografias\Foo Fighters\2011 - Wasting Light Japan 1st Press (SICP 3072) [16bit-44.1kHz]
File read to copy: 01 - Doll.flac
 Fr: D:\Musica\Discografias\Foo Fighters\1997 - The Colour And The Shape
 To: G:\Musica\Discografias\Foo Fighters\1997 - The Colour And The Shape [16bit-44.1kHz]
File read to copy: 01 - All My Life.flac
 Fr: D:\Musica\Discografias\Foo Fighters\2009 - Greatest Hits
 To: G:\Musica\Discografias\Foo Fighters\2009 - Greatest Hits [16bit-44.1kHz]
File read to copy: 01 - Helena Beat.flac
 Fr: D:\Musica\Discografias\Foster The People\2011 - Torches
 To: G:\Musica\Discografias\Foster the People\2011 - Torches [16bit-44.1kHz]
File read to copy: 01 - Are You What You Want To Be.flac
 Fr: D:\Musica\Discografias\Foster The People\2014 - Supermodel
 To: G:\Musica\Discografias\Foster the People\2014 - Supermodel [16bit-44.1kHz]
File read to copy: 01 - Pay the Man.flac
 Fr: D:\Musica\Discografias\Foster The People\2017 - Sacred Hearts Club
 To: G:\Musica\Discografias\Foster the People\2017 - Sacred Hearts Club [16bit-44.1kHz]
File read to copy: 01 - Imagination.flac
 Fr: D:\Musica\Discografias\Foster The People\2019 - Imagination
 To: G:\Musica\Discografias\Foster The People\2019 - Imagination [16bit-44.1kHz]
File read to copy: 01 - Jacqueline.flac
 Fr: D:\Musica\Discografias\Franz Ferdinand\2004 - Franz Ferdinand
 To: G:\Musica\Discografias\Franz Ferdinand\2004 - Franz Ferdinand [16bit-44.1kHz]
File read to copy: 01 - The Fallen.flac
 Fr: D:\Musica\Discografias\Franz Ferdinand\2005 - You Could Have It So Much Better
 To: G:\Musica\Discografias\Franz Ferdinand\2005 - You Could Have It So Much Better [16bit-44.1kHz]
File read to copy: 01 - Ulysses.flac
 Fr: D:\Musica\Discografias\Franz Ferdinand\2009 - Tonight
 To: G:\Musica\Discografias\Franz Ferdinand\2009 - Tonight [16bit-44.1kHz]
File read to copy: 01 - Right Action.flac
 Fr: D:\Musica\Discografias\Franz Ferdinand\2013 - Right Thoughts, Right Words, Right Action (Deluxe
 To: G:\Musica\Discografias\Franz Ferdinand\2013 - Right Thoughts, Right Words, Right Action (Deluxe Edition) [16bit-44.1kHz]
File read to copy: 01 - Always Ascending.flac
 Fr: D:\Musica\Discografias\Franz Ferdinand\2018 - Always Ascending
 To: G:\Musica\Discografias\Franz Ferdinand\2018 - Always Ascending [16bit-44.1kHz]
File read to copy: 01 - Borracho.flac
 Fr: D:\Musica\Discografias\Genitallica\2005 - Originales - 20 Exitos
 To: G:\Musica\Discografias\Genitallica\2005 - Originales - 20 Exitos [16bit-44.1kHz]
File read to copy: 01 - Intro.flac
 Fr: D:\Musica\Discografias\Genitallica\2005 - ConSEXcuencias
 To: G:\Musica\Discografias\Genitallica\2005 - ConSEXcuencias [16bit-44.1kHz]
File read to copy: 01 - Préndelo.flac
 Fr: D:\Musica\Discografias\Genitallica\2002 - Sin Vaselina
 To: G:\Musica\Discografias\Genitallica\2002 - Sin Vaselina [16bit-44.1kHz]
File read to copy: 01 - Fizbe para Todos.flac
 Fr: D:\Musica\Discografias\Genitallica\2001 - Picas O Platicas
 To: G:\Musica\Discografias\Genitallica\2001 - Picas O Platicas [16bit-44.1kHz]
File read to copy: 01 - Todos Tomados.flac
 Fr: D:\Musica\Discografias\Genitallica\2017 - Bien Intenso
 To: G:\Musica\Discografias\Genitallica\2017 - Bien Intenso [16bit-44.1kHz]
File read to copy: 01. La Gozadera.flac
 Fr: D:\Musica\Discografias\Gente de Zona\2016 - Visualizate (FLAC)
 To: G:\Musica\Discografias\Gente de Zona\2016 - Visualizate [16bit-44.1kHz]
File read to copy: 01 - Traidora (feat. Marc Anthony).flac
 Fr: D:\Musica\Discografias\Gente de Zona\2015 - Traidora (feat. Marc Anthony)
 To: G:\Musica\Discografias\Gente de Zona', 'Marc Anthony\2015 - Traidora (feat. Marc Anthony) [24bit-44.1kHz]
File read to copy: 01. Reggae is Coming.flac
 Fr: D:\Musica\Discografias\Gondwana\1997 - Gondwana
 To: G:\Musica\Discografias\Gondwana\1997 - Gondwana [16bit-44.1kHz]
File read to copy: 01. Sentimiento Original (Radio Edit).flac
 Fr: D:\Musica\Discografias\Gondwana\2005 - Grandes Éxitos (FLAC)\2005 - Grandes Éxitos CD1 (FLAC)
 To: G:\Musica\Discografias\Gondwana\2005 - Grandes Éxitos CD1 [16bit-44.1kHz]
File read to copy: 01. Antonia.flac
 Fr: D:\Musica\Discografias\Gondwana\2005 - Grandes Éxitos (FLAC)\2005 - Grandes Éxitos CD2 (FLAC)
 To: G:\Musica\Discografias\Gondwana\2005 - Grandes Éxitos CD2 [16bit-44.1kHz]
File read to copy: 01 - Felicidad.flac
 Fr: D:\Musica\Discografias\Gondwana\2008 - Made in Jamaica
 To: G:\Musica\Discografias\Gondwana\2008 - Made in Jamaica [16bit-44.1kHz]
File read to copy: 01 - Felicidad.flac
 Fr: D:\Musica\Discografias\Gondwana\2005 - This Is Crucial Reggae
 To: G:\Musica\Discografias\Gondwana\2005 - This Is Crucial Reggae [16bit-44.1kHz]
File read to copy: 01 - A New Beginning.flac
 Fr: D:\Musica\Discografias\Good Charlotte\2002 - The Young and The Hopeless
 To: G:\Musica\Discografias\Good Charlotte\2002 - The Young and The Hopeless [24bit-44.1kHz]
File read to copy: 01 - Good Morning Revival.flac
 Fr: D:\Musica\Discografias\Good Charlotte\2007 - Good Morning Revival
 To: G:\Musica\Discografias\Good Charlotte\2007 - Good Morning Revival [16bit-44.1kHz]
File read to copy: 01 - Once Upon a Time- The Battle of Life and Death.flac
 Fr: D:\Musica\Discografias\Good Charlotte\2004 - The Chronicles of Life and Death (-DEATH- Version)
 To: G:\Musica\Discografias\Good Charlotte\2004 - The Chronicles of Life and Death (DEATH Version) [16bit-44.1kHz]
File read to copy: 01 - Little Things.flac
 Fr: D:\Musica\Discografias\Good Charlotte\2011 - Greatest Hits
 To: G:\Musica\Discografias\Good Charlotte\2011 - Greatest Hits [16bit-44.1kHz]
File read to copy: 01 - Re-Hash.flac
 Fr: D:\Musica\Discografias\Gorillaz\2001 - Gorillaz
 To: G:\Musica\Discografias\Gorillaz\2001 - Gorillaz [16bit-44.1kHz]
File read to copy: 01 - Intro.flac
 Fr: D:\Musica\Discografias\Gorillaz\2005 - Demon Days
 To: G:\Musica\Discografias\Gorillaz\2005 - Demon Days [16bit-44.1kHz]
File read to copy: 01 - Orchestral Intro (feat. Sinfonia Viva).flac
 Fr: D:\Musica\Discografias\Gorillaz\2010 - Plastic Beach
 To: G:\Musica\Discografias\Gorillaz\2010 - Plastic Beach [16bit-44.1kHz]
File read to copy: 01 - Phoner To Arizona.flac
 Fr: D:\Musica\Discografias\Gorillaz\2011 - The Fall
 To: G:\Musica\Discografias\Gorillaz\2011 - The Fall [16bit-44.1kHz]
File read to copy: 01 - Intro- I Switched My Robot Off.flac
 Fr: D:\Musica\Discografias\Gorillaz\2017 - Humanz (Japanese Edition)\CD 1
 To: G:\Musica\Discografias\Gorillaz\2017 - Humanz [16bit-44.1kHz]\Disk 1
File read to copy: 21 - Interlude- New World.flac
 Fr: D:\Musica\Discografias\Gorillaz\2017 - Humanz (Japanese Edition)\CD 2
 To: G:\Musica\Discografias\Gorillaz\2017 - Humanz [16bit-44.1kHz]\Disk 2
File read to copy: 01 - Humility (feat. George Benson).flac
 Fr: D:\Musica\Discografias\Gorillaz\2018 - The Now Now
 To: G:\Musica\Discografias\Gorillaz\2018-06-29 - The Now Now [24bit-44.1kHz]
File read to copy: 01 - Cracker Island (feat. Thundercat).flac
 Fr: D:\Musica\Discografias\Gorillaz\2023 - Cracker Island (Deluxe)
 To: G:\Musica\Discografias\Gorillaz\2023-02-27 - Cracker Island (Deluxe) [16bit-44.1kHz]
File read to copy: 01. Song of the Century.flac
 Fr: D:\Musica\Discografias\Green Day\2009 - 21 centurry
 To: G:\Musica\Discografias\Green Day\2009 - 21st Century Breakdown [16bit-44.1kHz]
File read to copy: Green Day - Dookie - 15 - All By Myself.flac
 Fr: D:\Musica\Discografias\Green Day\1994 - Dookie
 To: G:\Musica\Discografias\Green Day\1994 - Dookie [24bit-192.0kHz]
File read to copy: 01 - American Idiot.flac
 Fr: D:\Musica\Discografias\Green Day\2004 - American Idiot
 To: G:\Musica\Discografias\Green Day\2004 - American Idiot [24bit-48.0kHz]
File read to copy: 01 - Song of the Century.flac
 Fr: D:\Musica\Discografias\Green Day\2009 - 21st Century Breakdown
 To: G:\Musica\Discografias\Green Day\2009 - 21st Century Breakdown [16bit-44.1kHz]
File read to copy: 01 - Nice Guys Finish Last.flac
 Fr: D:\Musica\Discografias\Green Day\1997 - Nimrod
 To: G:\Musica\Discografias\Green Day\1997 - Nimrod [16bit-44.1kHz]
File read to copy: 01 - Armatage Shanks.flac
 Fr: D:\Musica\Discografias\Green Day\1995 - Insomniac
 To: G:\Musica\Discografias\Green Day\1995 - Insomniac [16bit-44.1kHz]
File read to copy: 01. Una Aventura.flac
 Fr: D:\Musica\Discografias\Grupo Niche\2004 - Los 30 Mejores CD1 (FLAC)
 To: G:\Musica\Discografias\Grupo Niche\2004 - Los 30 Mejores CD1 [16bit-44.1kHz]
File read to copy: 01. Sin Sentimiento.flac
 Fr: D:\Musica\Discografias\Grupo Niche\2004 - Los 30 Mejores CD2 (FLAC)
 To: G:\Musica\Discografias\Grupo Niche\2004 - Los 30 Mejores CD2 [16bit-44.1kHz]
File read to copy: 01 - Welcome To The Jungle.flac
 Fr: D:\Musica\Discografias\Guns N' Roses\1987 - Appetite For Destruction
 To: G:\Musica\Discografias\Guns N' Roses\1987 - Appetite For Destruction [16bit-44.1kHz]
File read to copy: 01 - Reckless Life.flac
 Fr: D:\Musica\Discografias\Guns N' Roses\1988 - G N' R Lies
 To: G:\Musica\Discografias\Guns N' Roses\1988 - G N' R Lies [16bit-44.1kHz]
File read to copy: 01 - Right Next Door To Hell.flac
 Fr: D:\Musica\Discografias\Guns N' Roses\1991 - Use Your Illusion I
 To: G:\Musica\Discografias\Guns N' Roses\1991 - Use Your Illusion I [16bit-44.1kHz]
File read to copy: 01 - Civil War.flac
 Fr: D:\Musica\Discografias\Guns N' Roses\1991 - Use Your Illusion II
 To: G:\Musica\Discografias\Guns N' Roses\1991 - Use Your Illusion II [16bit-44.1kHz]
File read to copy: 01 - Since I Don't Have You.flac
 Fr: D:\Musica\Discografias\Guns N' Roses\1993 - The Spaghetti incident¿
 To: G:\Musica\Discografias\Guns N' Roses\1993 - The Spaghetti Incident [16bit-44.1kHz]
File read to copy: 01 - Welcome To The Jungle.flac
 Fr: D:\Musica\Discografias\Guns N' Roses\2004 - Greatest Hits
 To: G:\Musica\Discografias\Guns N' Roses\2004 - Greatest Hits [16bit-44.1kHz]
File read to copy: 01 - Chinese Democracy.flac
 Fr: D:\Musica\Discografias\Guns N' Roses\2008 - Chinese Democracy
 To: G:\Musica\Discografias\Guns N' Roses\2008 - Chinese Democracy [16bit-44.1kHz]
File read to copy: 01 - Welcome To The Jungle.flac
 Fr: D:\Musica\Discografias\Guns N' Roses\1987 - Appetite For Destruction [24-48] mqa
 To: G:\Musica\Discografias\Guns N' Roses\1987 - Appetite For Destruction [24bit-48.0kHz]
File read to copy: 01. Tabú.flac
 Fr: D:\Musica\Discografias\Gustavo Cerati\1999 - Bocanada [CD]
 To: G:\Musica\Discografias\Gustavo Cerati\1999 - Bocanada [16bit-44.1kHz]
File read to copy: 01. Al fin sucede.flac
 Fr: D:\Musica\Discografias\Gustavo Cerati\2006 - Ahí vamos [CD]
 To: G:\Musica\Discografias\Gustavo Cerati\2006 - Ahí vamos [16bit-44.1kHz]
File read to copy: 01 - Fuerza Natural.flac
 Fr: D:\Musica\Discografias\Gustavo Cerati\2015 - Infinito
 To: G:\Musica\Discografias\Gustavo Cerati\2015 - Infinito [16bit-44.1kHz]
File read to copy: 01 - Amor Amarillo.flac
 Fr: D:\Musica\Discografias\Gustavo Cerati\1993 - Amor Amarillo
 To: G:\Musica\Discografias\Gustavo Cerati\1993 - Amor Amarillo [16bit-44.1kHz]
File read to copy: 01 - Fuerza Natural.flac
 Fr: D:\Musica\Discografias\Gustavo Cerati\2009 - Fuerza Natural
 To: G:\Musica\Discografias\Gustavo Cerati\2009 - Fuerza Natural [16bit-44.1kHz]
File read to copy: 01 - Al Fin Sucede.flac
 Fr: D:\Musica\Discografias\Gustavo Cerati\2006 - Ahí Vamos
 To: G:\Musica\Discografias\Gustavo Cerati\2006 - Ahí Vamos [16bit-44.1kHz]
File read to copy: 01 - Tabu.flac
 Fr: D:\Musica\Discografias\Gustavo Cerati\1999 - Bocanada
 To: G:\Musica\Discografias\Gustavo Cerati\1999 - Bocanada [16bit-44.1kHz]
File read to copy: 01 - Za Intro.flac
 Fr: D:\Musica\Discografias\Gym Class Heroes\2011 - The Papercut Chronicles II
 To: G:\Musica\Discografias\Gym Class Heroes\2011 - The Papercut Chronicles II [16bit-44.1kHz]
File read to copy: 01 - Za Intro.flac
 Fr: D:\Musica\Discografias\Gym Class Heroes\2005 - The Papercut Chronicles
 To: G:\Musica\Discografias\Gym Class Heroes\2005 - The Papercut Chronicles [16bit-44.1kHz]
File read to copy: 01. Soy mujer.flac
 Fr: D:\Musica\Discografias\Ha-Ash\2003 - Ha-Ash (FLAC)
 To: G:\Musica\Discografias\Hanna y Ashley\2003 - Ha-Ash [16bit-44.1kHz]
File read to copy: 01 - 30 de Febrero (feat. Abraham Mateo).flac
 Fr: D:\Musica\Discografias\Ha-Ash\2017 - 30 de Febrero
 To: G:\Musica\Discografias\HaAsh\2017 - 30 de Febrero [16bit-44.1kHz]
File read to copy: 01 - Buen Viaje.flac
 Fr: D:\Musica\Discografias\Hello Seahorse!\2012 - Arunima
 To: G:\Musica\Discografias\Hello Seahorse!\2012 - Arunima [16bit-44.1kHz]
File read to copy: 01 - Bestia.flac
 Fr: D:\Musica\Discografias\Hello Seahorse!\2009 - Bestia
 To: G:\Musica\Discografias\Hello Seahorse!\2009 - Bestia [16bit-44.1kHz]
File read to copy: 01 - Algún Día (Alicia).flac
 Fr: D:\Musica\Discografias\Hello Seahorse!\2015 - Entretanto
 To: G:\Musica\Discografias\Hello Seahorse!\2015 - Entretanto [16bit-44.1kHz]
File read to copy: 01 - Remedios.flac
 Fr: D:\Musica\Discografias\Hello Seahorse!\2020 - Disco Estimulante
 To: G:\Musica\Discografias\Hello Seahorse!\2020 - Disco Estimulante [16bit-44.1kHz]
File read to copy: 01 - Invitation.flac
 Fr: D:\Musica\Discografias\Helloween\1988 - Keeper Of The Seven Keys - Part II
 To: G:\Musica\Discografias\Helloween\1988 - Keeper Of The seven Keys Part II [16bit-44.1kHz]
File read to copy: 01 - We Burn.flac
 Fr: D:\Musica\Discografias\Helloween\1996 - The Time Of The Oath
 To: G:\Musica\Discografias\Helloween\1996 - The Time Of The Oath [16bit-44.1kHz]
File read to copy: 01 - Out for the Glory.flac
 Fr: D:\Musica\Discografias\Helloween\2021 - Helloween
 To: G:\Musica\Discografias\Helloween\2021 - Helloween [16bit-44.1kHz]
File read to copy: 01 - Initiation.flac
 Fr: D:\Musica\Discografias\Helloween\1987 - Keeper of the Seven Keys, Pt. I (Expanded Edition)
 To: G:\Musica\Discografias\Helloween\1987 - Keeper of the Seven Keys, Pt. I (Expanded Edition) [16bit-44.1kHz]
File read to copy: 01 - Invitation.flac
 Fr: D:\Musica\Discografias\Helloween\1987 - Keeper of the Seven Keys, Pt. II (Expanded Edition\CD1
 To: G:\Musica\Discografias\Helloween\1987 - Keeper of the Seven Keys, Pt. II (Expanded Edition) [16bit-44.1kHz]\Disk 1
File read to copy: 01 - Savage.flac
 Fr: D:\Musica\Discografias\Helloween\1987 - Keeper of the Seven Keys, Pt. II (Expanded Edition\CD2
 To: G:\Musica\Discografias\Helloween\1987 - Keeper of the Seven Keys, Pt. II (Expanded Edition) [16bit-44.1kHz]\Disk 2
File read to copy: 01 - Beyond the Portal.flac
 Fr: D:\Musica\Discografias\Helloween\2000 - The Dark Ride
 To: G:\Musica\Discografias\Helloween\2000 - The Dark Ride [16bit-44.1kHz]
File read to copy: 01 - Just a Little Sign.flac
 Fr: D:\Musica\Discografias\Helloween\2003 - Rabbit Don't Come Easy (Special Edition)
 To: G:\Musica\Discografias\Helloween\2003 - Rabbit Don't Come Easy (Special Edition) [16bit-44.1kHz]
File read to copy: 01 - Irritation.flac
 Fr: D:\Musica\Discografias\Helloween\1994 - Master of the Rings (Expanded Edition)\CD1
 To: G:\Musica\Discografias\Helloween\1994 - Master of the Rings (Expanded Edition) [16bit-44.1kHz]\Disk 1
File read to copy: 01 - Can't Fight Your Desire.flac
 Fr: D:\Musica\Discografias\Helloween\1994 - Master of the Rings (Expanded Edition)\CD2
 To: G:\Musica\Discografias\Helloween\1994 - Master of the Rings (Expanded Edition) [16bit-44.1kHz]\Disk 2
File read to copy: (01) [Heroes del Silencio] Entre dos tierras.flac
 Fr: D:\Musica\Discografias\Heroes del Silencio\CD 1
 To: G:\Musica\Discografias\Heroes del Silencio\2006 - The Platinum Collection [16bit-44.1kHz]
File read to copy: (01) [Heroes del Silencio] Nuestros nombres.flac
 Fr: D:\Musica\Discografias\Heroes del Silencio\CD 2
 To: G:\Musica\Discografias\Heroes del Silencio\2006 - The Platinum Collection [16bit-44.1kHz]
File read to copy: 01 Strange World.flac
 Fr: D:\Musica\Discografias\HIM\2012 - XX – Two Decades of Love Metal
 To: G:\Musica\Discografias\HIM\2012 - XX – Two Decades of Love Metal [16bit-44.1kHz]
File read to copy: 1. I love you.flac
 Fr: D:\Musica\Discografias\HIM\1999 - Razorblade Romance
 To: G:\Musica\Discografias\HIM\2000 - Razorblade Romance [16bit-44.1kHz]
File read to copy: 01 - Vampire Heart.flac
 Fr: D:\Musica\Discografias\HIM\2005 - Dark Light
 To: G:\Musica\Discografias\HIM\2005 - Dark Light [16bit-44.1kHz]
File read to copy: 01 - For You (Intro).flac
 Fr: D:\Musica\Discografias\HIM\1997 - Greatest Lovesongs Vol. 666
 To: G:\Musica\Discografias\HIM\1997 - Greatest Lovesongs Vol. 666 [16bit-44.1kHz]
File read to copy: 01 - Buried Alive By Love.flac
 Fr: D:\Musica\Discografias\HIM\2003 - Love Metal (Deluxe Re-Mastered)
 To: G:\Musica\Discografias\HIM\2003 - Love Metal (Deluxe Re-Mastered) [16bit-44.1kHz]
File read to copy: 01 - In Venere Veritas.flac
 Fr: D:\Musica\Discografias\HIM\2010 - Screamworks- Love in Theory and Practice (Deluxe V
 To: G:\Musica\Discografias\HIM\2010 - Screamworks Love in Theory and Practice (Deluxe Version) [16bit-44.1kHz]
File read to copy: 01 - Venus Doom.flac
 Fr: D:\Musica\Discografias\HIM\2007 - Venus Doom (Deluxe Version)
 To: G:\Musica\Discografias\HIM\2007 - Venus Doom (Deluxe Version) [16bit-44.1kHz]
File read to copy: 01 - Salt In Our Wounds.flac
 Fr: D:\Musica\Discografias\HIM\2002 - Deep Shadows And Brilliant Highlights (Deluxe Re-M
 To: G:\Musica\Discografias\HIM\2002 - Deep Shadows And Brilliant Highlights (Deluxe Re-Mastered) [16bit-44.1kHz]
File read to copy: 01 - Unleash The Red.flac
 Fr: D:\Musica\Discografias\HIM\2013 - Tears On Tape (Deluxe)
 To: G:\Musica\Discografias\HIM\2013 - Tears On Tape (Deluxe) [24bit-44.1kHz]
File read to copy: 01. Visite Nuestro Bar.flac
 Fr: D:\Musica\Discografias\Hombres G\1986 - La Cagaste... Burt Lancaster
 To: G:\Musica\Discografias\Hombres G\1986 - La Cagaste... Burt Lancaster [16bit-44.1kHz]
File read to copy: 01 - Lo noto (Versión CD).flac
 Fr: D:\Musica\Discografias\Hombres G\2004 - Peligrosamente Juntos
 To: G:\Musica\Discografias\Hombres G\2004 - Peligrosamente Juntos [16bit-44.1kHz]
File read to copy: 01 - Venezia.flac
 Fr: D:\Musica\Discografias\Hombres G\1985 - Hombres G (Edición 30 Aniversario)
 To: G:\Musica\Discografias\Hombres G\1985 - Hombres G (Edición 30 Aniversario) [16bit-44.1kHz]
File read to copy: 01 - No lloraré.flac
 Fr: D:\Musica\Discografias\Hombres G\1996 - Las baladas (Los singles vol II)
 To: G:\Musica\Discografias\Hombres G\1996 - Las baladas (Los singles vol II) [16bit-44.1kHz]
File read to copy: 01 - Devuélveme a mi chica.flac
 Fr: D:\Musica\Discografias\Hombres G\1993 - Los Singles 1985-2005
 To: G:\Musica\Discografias\Hombres G\1993 - Los Singles 1985-2005 [16bit-44.1kHz]
File read to copy: 01 - Tengo una chica.flac
 Fr: D:\Musica\Discografias\Hombres G\1988 - Agitar Antes De Usar
 To: G:\Musica\Discografias\Hombres G\1988 - Agitar Antes De Usar [16bit-44.1kHz]
File read to copy: 01 - Running Away.flac
 Fr: D:\Musica\Discografias\Hoobastank\2009 - Best Of
 To: G:\Musica\Discografias\Hoobastank\2009 - Best Of [16bit-44.1kHz]
File read to copy: 01. I Don't Know Why.flac
 Fr: D:\Musica\Discografias\Imagine Dragons\2017 - Evolve [Deluxe Edition]
 To: G:\Musica\Discografias\Imagine Dragons\2017 - Evolve [Deluxe Edition [16bit-44.1kHz]
File read to copy: 01 - Radioactive.flac
 Fr: D:\Musica\Discografias\Imagine Dragons\2012 - Night Visions (Deluxe)
 To: G:\Musica\Discografias\Imagine Dragons\2012 - Night Visions (Deluxe) [16bit-44.1kHz]
File read to copy: 01 - Natural.flac
 Fr: D:\Musica\Discografias\Imagine Dragons\2018 - Origins (Deluxe Edition)
 To: G:\Musica\Discografias\Imagine Dragons\2018 - Origins (Deluxe Edition) [24bit-44.1kHz]
File read to copy: 01 - Next To Me.flac
 Fr: D:\Musica\Discografias\Imagine Dragons\2017 - Evolve
 To: G:\Musica\Discografias\Imagine Dragons\2017 - Evolve [24bit-44.1kHz]
File read to copy: 01. Amnesia.flac
 Fr: D:\Musica\Discografias\Inspector\2002 - Alma en fuego
 To: G:\Musica\Discografias\Inspector\2002 - Alma en fuego [16bit-44.1kHz]
File read to copy: 01 - Me Estoy Enamorando.flac
 Fr: D:\Musica\Discografias\Inspector\2012 - Ska a La Carta
 To: G:\Musica\Discografias\Inspector\2012 - Ska a La Carta [16bit-44.1kHz]
File read to copy: 01 - Es Por Ti.flac
 Fr: D:\Musica\Discografias\Inspector\2009 - Inspector
 To: G:\Musica\Discografias\Inspector\2009 - Inspector [16bit-44.1kHz]
File read to copy: 01 - Untitled (2012 Remaster).flac
 Fr: D:\Musica\Discografias\Interpol\2002 - Turn On The Bright Lights (The Tenth Anniversary E\CD1
 To: G:\Musica\Discografias\Interpol\2002 - Turn On The Bright Lights (The Tenth Anniversary Edition - 2012 Remaster) [16bit-44.1kHz]\Disk 1
File read to copy: 01 - Interlude (B-Side - 2012 Remaster).flac
 Fr: D:\Musica\Discografias\Interpol\2002 - Turn On The Bright Lights (The Tenth Anniversary E\CD2
 To: G:\Musica\Discografias\Interpol\2002 - Turn On The Bright Lights (The Tenth Anniversary Edition - 2012 Remaster) [16bit-44.1kHz]\Disk 2
File read to copy: 01 - Next Exit.flac
 Fr: D:\Musica\Discografias\Interpol\2004 - Antics (The Special Edition)\CD1
 To: G:\Musica\Discografias\Interpol\2004 - Antics (The Special Edition) [16bit-44.1kHz]\Disk 1
File read to copy: 01 - Song Seven.flac
 Fr: D:\Musica\Discografias\Interpol\2004 - Antics (The Special Edition)\CD2
 To: G:\Musica\Discografias\Interpol\2004 - Antics (The Special Edition) [16bit-44.1kHz]\Disk 2
File read to copy: 01 - Pioneer To The Falls.flac
 Fr: D:\Musica\Discografias\Interpol\2007 - Our Love To Admire
 To: G:\Musica\Discografias\Interpol\2007 - Our Love To Admire [16bit-44.1kHz]
File read to copy: 01 - Success.flac
 Fr: D:\Musica\Discografias\Interpol\2010 - Interpol
 To: G:\Musica\Discografias\Interpol\2010 - Interpol [16bit-44.1kHz]
File read to copy: 01 - All the Rage Back Home.flac
 Fr: D:\Musica\Discografias\Interpol\2014 - El Pintor
 To: G:\Musica\Discografias\Interpol\2014 - El Pintor [16bit-44.1kHz]
File read to copy: 01 - If You Really Love Nothing.flac
 Fr: D:\Musica\Discografias\Interpol\2018 - Marauder
 To: G:\Musica\Discografias\Interpol\2018 - Marauder [16bit-44.1kHz]
File read to copy: 01 - Prowler.flac
 Fr: D:\Musica\Discografias\Iron Maiden\1980 - Iron Maiden\CD 1- North American version
 To: G:\Musica\Discografias\Iron Maiden\1980 - Iron Maiden [16bit-44.1kHz]\Disk 1
File read to copy: 01 - Burning Ambition.flac
 Fr: D:\Musica\Discografias\Iron Maiden\1980 - Iron Maiden\CD 2- 1995 Reissue bonus disc
 To: G:\Musica\Discografias\Iron Maiden\1980 - Iron Maiden [16bit-44.1kHz]\Disk 2
File read to copy: 01 - The Ides Of March.flac
 Fr: D:\Musica\Discografias\Iron Maiden\1981 - Killers\CD 1- North American version
 To: G:\Musica\Discografias\Iron Maiden\1981 - Killers [16bit-44.1kHz]\Disk 1
File read to copy: 01 - Women In Uniform.flac
 Fr: D:\Musica\Discografias\Iron Maiden\1981 - Killers\CD 2- 1995 US Reissue bonus disc
 To: G:\Musica\Discografias\Iron Maiden\1981 - Killers [16bit-44.1kHz]\Disk 2
File read to copy: 01 - Invaders.flac
 Fr: D:\Musica\Discografias\Iron Maiden\1982 - The Number Of The Beast\CD 1
 To: G:\Musica\Discografias\Iron Maiden\1982 - The Number Of The Beast [16bit-44.1kHz]\Disk 1
File read to copy: 01 - Total Eclipse.flac
 Fr: D:\Musica\Discografias\Iron Maiden\1982 - The Number Of The Beast\CD 2- 1995 reissue bonus disc
 To: G:\Musica\Discografias\Iron Maiden\1982 - The Number Of The Beast [16bit-44.1kHz]\Disk 2
File read to copy: 01 - Where Eagles Dare.flac
 Fr: D:\Musica\Discografias\Iron Maiden\1983 - Piece Of Mind\CD 1
 To: G:\Musica\Discografias\Iron Maiden\1983 - Piece Of Mind [16bit-44.1kHz]\Disk 1
File read to copy: 01 - I've Got The Fire.flac
 Fr: D:\Musica\Discografias\Iron Maiden\1983 - Piece Of Mind\CD 2- 1995 reissue bonus CD
 To: G:\Musica\Discografias\Iron Maiden\1983 - Piece Of Mind [16bit-44.1kHz]\Disk 2
File read to copy: 01 - Aces High.flac
 Fr: D:\Musica\Discografias\Iron Maiden\1984 - Powerslave\CD 1
 To: G:\Musica\Discografias\Iron Maiden\1984 - Powerslave [16bit-44.1kHz]\Disk 1
File read to copy: 01 - Rainbow's Gold (Beckett cover).flac
 Fr: D:\Musica\Discografias\Iron Maiden\1984 - Powerslave\CD 2- 1995 reissue bonus CD
 To: G:\Musica\Discografias\Iron Maiden\1984 - Powerslave [16bit-44.1kHz]\Disk 2
File read to copy: 01 - Caught Somewhere In Time.flac
 Fr: D:\Musica\Discografias\Iron Maiden\1986 - Somewhere In Time\CD 1
 To: G:\Musica\Discografias\Iron Maiden\1986 - Somewhere In Time [16bit-44.1kHz]\Disk 1
File read to copy: 01 - Reach Out.flac
 Fr: D:\Musica\Discografias\Iron Maiden\1986 - Somewhere In Time\CD 2- 1995 reissue bonus CD
 To: G:\Musica\Discografias\Iron Maiden\1986 - Somewhere In Time [16bit-44.1kHz]\Disk 2
File read to copy: 01 - Moonchild.flac
 Fr: D:\Musica\Discografias\Iron Maiden\1988 - Seventh Son Of A Seventh Son\CD 1
 To: G:\Musica\Discografias\Iron Maiden\1988 - Seventh Son of a Seventh Son [16bit-44.1kHz]\Disk 1
File read to copy: 01 - Black Bart Blues.flac
 Fr: D:\Musica\Discografias\Iron Maiden\1988 - Seventh Son Of A Seventh Son\CD 2- 1995 reissue bonus CD
 To: G:\Musica\Discografias\Iron Maiden\1988 - Seventh Son of a Seventh Son [16bit-44.1kHz]\Disk 2
File read to copy: 01 - Tailgunner.flac
 Fr: D:\Musica\Discografias\Iron Maiden\1990 - No Prayer For The Dying\CD 1
 To: G:\Musica\Discografias\Iron Maiden\1990 - No Prayer For The Dying [16bit-44.1kHz]\Disk 1
File read to copy: 01 - All In Your Mind (Stray cover).flac
 Fr: D:\Musica\Discografias\Iron Maiden\1990 - No Prayer For The Dying\CD 2- 1995 reissue bonus CD
 To: G:\Musica\Discografias\Iron Maiden\1990 - No Prayer For The Dying [16bit-44.1kHz]\Disk 2
File read to copy: 01 - Be Quick or Be Dead.flac
 Fr: D:\Musica\Discografias\Iron Maiden\1992 - Fear Of The Dark\CD 1
 To: G:\Musica\Discografias\Iron Maiden\1992 - Fear Of The Dark [16bit-44.1kHz]\Disk 1
File read to copy: 01 - Nodding Donkey Blues.flac
 Fr: D:\Musica\Discografias\Iron Maiden\1992 - Fear Of The Dark\CD 2- 1995 reissue bonus CD
 To: G:\Musica\Discografias\Iron Maiden\1992 - Fear Of The Dark [16bit-44.1kHz]\Disk 2
File read to copy: 01 - The Wicker Man.flac
 Fr: D:\Musica\Discografias\Iron Maiden\2000 - Brave New World
 To: G:\Musica\Discografias\Iron Maiden\2000 - Brave New World [16bit-44.1kHz]
File read to copy: 01. Churchill's Speech.flac
 Fr: D:\Musica\Discografias\Iron Maiden\2009 - Flight 666\Disc 1
 To: G:\Musica\Discografias\Iron Maiden\2009 - Flight 666 The Original Soundtrack [16bit-44.1kHz]\Disk 1
File read to copy: 01. Powerslave.flac
 Fr: D:\Musica\Discografias\Iron Maiden\2009 - Flight 666\Disc 2
 To: G:\Musica\Discografias\Iron Maiden\2009 - Flight 666 The Original Soundtrack [16bit-44.1kHz]\Disk 2
File read to copy: 01 - Satellite 15... The Final Frontier.flac
 Fr: D:\Musica\Discografias\Iron Maiden\2010 - The Final Frontier
 To: G:\Musica\Discografias\Iron Maiden\2010 - The Final Frontier [16bit-44.1kHz]
File read to copy: 01 - If Eternity Should Fail.flac
 Fr: D:\Musica\Discografias\Iron Maiden\2015 - The Book Of Souls\CD 1
 To: G:\Musica\Discografias\Iron Maiden\2015 - The Book Of Souls [16bit-44.1kHz]\Disk 1
File read to copy: 01 - Death Or Glory.flac
 Fr: D:\Musica\Discografias\Iron Maiden\2015 - The Book Of Souls\CD 2
 To: G:\Musica\Discografias\Iron Maiden\2015 - The Book Of Souls [16bit-44.1kHz]\Disk 2
File read to copy: 01 Phantom Of The Opera.flac
 Fr: D:\Musica\Discografias\Iron Maiden\2008 - Greatest Hits\CDI
 To: G:\Musica\Discografias\Iron Maiden\2008 - Greatest Hits CD1 [16bit-44.1kHz]
File read to copy: 01 Fear Of The Dark.flac
 Fr: D:\Musica\Discografias\Iron Maiden\2008 - Greatest Hits\CDII
 To: G:\Musica\Discografias\Iron Maiden\2008 - Greatest Hits CD2 [16bit-44.1kHz]
File read to copy: 01 - Wildest Dreams (2015 Remaster).flac
 Fr: D:\Musica\Discografias\Iron Maiden\2003 - Dance of Death (2015 - Remaster)
 To: G:\Musica\Discografias\Iron Maiden\2003 - Dance of Death (2015 - Remaster) [16bit-44.1kHz]
File read to copy: 01 - Tailgunner (2015 Remaster).flac
 Fr: D:\Musica\Discografias\Iron Maiden\1990 - No Prayer for the Dying (2015 Remaster)
 To: G:\Musica\Discografias\Iron Maiden\1990 - No Prayer for the Dying (2015 Remaster) [24bit-44.1kHz]
File read to copy: 01 - Different World (2015 Remaster).flac
 Fr: D:\Musica\Discografias\Iron Maiden\2006 - A Matter of Life and Death (2015 Remaster)
 To: G:\Musica\Discografias\Iron Maiden\2006 - A Matter of Life and Death (2015 Remaster) [24bit-48.0kHz]
File read to copy: 01 - The Wicker Man (2015 Remaster).flac
 Fr: D:\Musica\Discografias\Iron Maiden\2000 - Brave New World (2015 - Remaster)
 To: G:\Musica\Discografias\Iron Maiden\2000 - Brave New World (2015 - Remaster) [16bit-44.1kHz]
File read to copy: 01 - Sign of the Cross (2015 Remaster).flac
 Fr: D:\Musica\Discografias\Iron Maiden\1995 - The X Factor (2015 - Remaster)
 To: G:\Musica\Discografias\Iron Maiden\1995 - The X Factor (2015 - Remaster) [16bit-44.1kHz]
File read to copy: 01 - Futureal (2015 Remaster).flac
 Fr: D:\Musica\Discografias\Iron Maiden\1998 - Virtual XI (2015 Remaster)
 To: G:\Musica\Discografias\Iron Maiden\1998 - Virtual XI (2015 Remaster) [24bit-44.1kHz]
File read to copy: 01 - Senjutsu.flac
 Fr: D:\Musica\Discografias\Iron Maiden\2021 - Senjutsu
 To: G:\Musica\Discografias\Iron Maiden\2021 - Senjutsu [24bit-48.0kHz]
File read to copy: 01. Amarillo.flac
 Fr: D:\Musica\Discografias\J Balvin\2020 - Colores (FLAC)
 To: G:\Musica\Discografias\J Balvin\2020-03-19 - Colores [16bit-44.1kHz]
File read to copy: 01 - Vibras.flac
 Fr: D:\Musica\Discografias\J Balvin\2018 - Vibras
 To: G:\Musica\Discografias\J Balvin\2018 - Vibras [16bit-44.1kHz]
File read to copy: 01 - Veneno.flac
 Fr: D:\Musica\Discografias\J Balvin\2016 - Energía
 To: G:\Musica\Discografias\J Balvin\2016 - Energía [16bit-44.1kHz]
File read to copy: 01 - MOJAITA.flac
 Fr: D:\Musica\Discografias\J Balvin\2019 - OASIS
 To: G:\Musica\Discografias\J Balvin\2019 - OASIS [16bit-44.1kHz]
File read to copy: 01. Dime jaguar.flac
 Fr: D:\Musica\Discografias\Jaguares\1999 - Bajo El Azul De Tu Misterio [FLAC]\CD1
 To: G:\Musica\Discografias\Jaguares\1999 - Bajo el azul de tu misterio CD1 [16bit-44.1kHz]
File read to copy: 01. Hoy.flac
 Fr: D:\Musica\Discografias\Jaguares\1999 - Bajo El Azul De Tu Misterio [FLAC]\CD2
 To: G:\Musica\Discografias\Jaguares\1999 - Bajo el azul de tu misterio CD2 [16bit-44.1kHz]
File read to copy: 1 Quisiera Ser Alcohol.flac
 Fr: D:\Musica\Discografias\Jaguares\2002 - El Primer Instinto
 To: G:\Musica\Discografias\Jaguares\2002 - El Primer Instinto [16bit-44.1kHz]
File read to copy: 01 - El Equilibrio (Parte Uno).flac
 Fr: D:\Musica\Discografias\Jaguares\1996 - El Equilibrio De Los Jaguares
 To: G:\Musica\Discografias\Jaguares\1996 - El Equilibrio De Los Jaguares [16bit-44.1kHz]
File read to copy: 01 - Dime Jaguar.flac
 Fr: D:\Musica\Discografias\Jaguares\1999 - Bajo El Azul De Tu Misterio\CD1
 To: G:\Musica\Discografias\Jaguares\1999 - Bajo El Azul De Tu Misterio [16bit-44.1kHz]\Disk 1
File read to copy: 01 - Hoy.flac
 Fr: D:\Musica\Discografias\Jaguares\1999 - Bajo El Azul De Tu Misterio\CD2
 To: G:\Musica\Discografias\Jaguares\1999 - Bajo El Azul De Tu Misterio [16bit-44.1kHz]\Disk 2
File read to copy: 01 - Cuando La Sangre Galopa.flac
 Fr: D:\Musica\Discografias\Jaguares\2001 - Cuando La Sangre Galopa
 To: G:\Musica\Discografias\Jaguares\2001 - Cuando La Sangre Galopa [16bit-44.1kHz]
File read to copy: 01 - Alquimista.flac
 Fr: D:\Musica\Discografias\Jaguares\2008 - 45
 To: G:\Musica\Discografias\Jaguares\2008 - 45 [16bit-44.1kHz]
File read to copy: 01 - Move Over.flac
 Fr: D:\Musica\Discografias\Janis Joplin\1971 - Pearl (Legacy Edition)\CD1
 To: G:\Musica\Discografias\Janis Joplin\1971 - Pearl (Legacy Edition) [16bit-44.1kHz]\Disk 1
File read to copy: 01 - Tell Mama (Live at CNE Stadium, Toronto, Canada -.flac
 Fr: D:\Musica\Discografias\Janis Joplin\1971 - Pearl (Legacy Edition)\CD2
 To: G:\Musica\Discografias\Janis Joplin\1971 - Pearl (Legacy Edition) [16bit-44.1kHz]\Disk 2
File read to copy: 01 - Try (Just a Little Bit Harder).flac
 Fr: D:\Musica\Discografias\Janis Joplin\1969 - I Got Dem Ol' Kozmic Blues Again Mama!
 To: G:\Musica\Discografias\Janis Joplin\1969 - I Got Dem Ol' Kozmic Blues Again Mama! [24bit-48.0kHz]
File read to copy: 01 - Mercedes Benz (with The Full Tilt Boogie Band).flac
 Fr: D:\Musica\Discografias\Janis Joplin\1975 - Janis\CD1
 To: G:\Musica\Discografias\Janis Joplin\1975 - Janis [16bit-44.1kHz]\Disk 1
File read to copy: 01 - Trouble In Mind (Live in Austin, Texas).flac
 Fr: D:\Musica\Discografias\Janis Joplin\1975 - Janis\CD2
 To: G:\Musica\Discografias\Janis Joplin\1975 - Janis [16bit-44.1kHz]\Disk 2
File read to copy: 01. Quiero Ser Poeta.flac
 Fr: D:\Musica\Discografias\Jarabe de Palo\1996 - La Flaca
 To: G:\Musica\Discografias\Jarabe De Palo\1996 - La Flaca [16bit-44.1kHz]
File read to copy: 01 - Depende.flac
 Fr: D:\Musica\Discografias\Jarabe de Palo\1998 - Depende
 To: G:\Musica\Discografias\Jarabe de Palo\1998 - Depende [16bit-44.1kHz]
File read to copy: 01 - Vuelvo.flac
 Fr: D:\Musica\Discografias\Jarabe de Palo\2020 - Tragas o Escupes
 To: G:\Musica\Discografias\Jarabe de Palo\2020 - Tragas o Escupes [16bit-44.1kHz]
File read to copy: 01 - La flaca.flac
 Fr: D:\Musica\Discografias\Jarabe de Palo\2017 - En la vida conocí mujer igual a la Flaca- 20 años
 To: G:\Musica\Discografias\Jarabe de Palo\2017 - En la vida conocí mujer igual a la Flaca 20 años [16bit-44.1kHz]
File read to copy: 01 - Humo.flac
 Fr: D:\Musica\Discografias\Jarabe de Palo\2017 - 50 Palos
 To: G:\Musica\Discografias\Jarabe de Palo\2017 - 50 Palos [16bit-44.1kHz]
File read to copy: 01 - Verde Más Allá.flac
 Fr: D:\Musica\Discografias\Jenny And The Mexicats\2012 - Jenny And The Mexicats
 To: G:\Musica\Discografias\Jenny And The Mexicats\2012 - Jenny And The Mexicats [16bit-44.1kHz]
File read to copy: 01 - Frenetico Ritmo.flac
 Fr: D:\Musica\Discografias\Jenny And The Mexicats\2014 - Ome
 To: G:\Musica\Discografias\Jenny And The Mexicats\2014 - Ome [16bit-44.1kHz]
File read to copy: 01 - Starting Something.flac
 Fr: D:\Musica\Discografias\Jenny And The Mexicats\2018 - Ten Spins Round the Sun (10 Year Anniversary Album
 To: G:\Musica\Discografias\Jenny And The Mexicats\2018 - Ten Spins Round the Sun (10 Year Anniversary Album) [16bit-44.1kHz]
File read to copy: 01 - Separate Ways (Worlds Apart).flac
 Fr: D:\Musica\Discografias\Journey\1983 - Frontiers
 To: G:\Musica\Discografias\Journey\1983 - Frontiers [16bit-44.1kHz]
File read to copy: 01 - Don't Stop Believin'.flac
 Fr: D:\Musica\Discografias\Journey\2006 - Escape
 To: G:\Musica\Discografias\Journey\2006 - Escape [16bit-44.1kHz]
File read to copy: 01 - Lights.flac
 Fr: D:\Musica\Discografias\Journey\1978 - Infinity
 To: G:\Musica\Discografias\Journey\1978 - Infinity [16bit-44.1kHz]
File read to copy: 01 - Any Way You Want It.flac
 Fr: D:\Musica\Discografias\Journey\1980 - Departure
 To: G:\Musica\Discografias\Journey\1980 - Departure [16bit-44.1kHz]
File read to copy: 01 - Majestic.flac
 Fr: D:\Musica\Discografias\Journey\1979 - Evolution
 To: G:\Musica\Discografias\Journey\1979 - Evolution [16bit-44.1kHz]
File read to copy: 01. A Dios Le Pido.flac
 Fr: D:\Musica\Discografias\Juanes\2002 - Un Dia Normal
 To: G:\Musica\Discografias\Juanes\2002 - Un Dia Normal [16bit-44.1kHz]
File read to copy: 01. Amame.flac
 Fr: D:\Musica\Discografias\Juanes\2004 - Mi Sangre
 To: G:\Musica\Discografias\Juanes\2004 - Mi Sangre [16bit-44.1kHz]
File read to copy: 01. De Mis Pasos.flac
 Fr: D:\Musica\Discografias\Julieta Venegas\2007 - Realmente Lo Mejor
 To: G:\Musica\Discografias\Julieta Venegas\2007 - Realmente Lo Mejor [16bit-44.1kHz]
File read to copy: 01 - No Me Importa el Dinero (feat. Julieta Venegas) (V.flac
 Fr: D:\Musica\Discografias\Julieta Venegas\2012 - No Me Importa el Dinero (Vivo) - Single
 To: G:\Musica\Discografias\Julieta Venegas', 'Los Auténticos Decadentes\2012 - No Me Importa el Dinero (Vivo) - Single [16bit-44.1kHz]
File read to copy: 01 - Limón y  Sal.flac
 Fr: D:\Musica\Discografias\Julieta Venegas\2008 - Julieta Venegas - MTV Unplugged
 To: G:\Musica\Discografias\Julieta Venegas\2008-06-10 - Julieta Venegas - MTV Unplugged [16bit-44.1kHz]
File read to copy: 01. Monotransistor.flac
 Fr: D:\Musica\Discografias\Jumbo\1999 - Restaurant
 To: G:\Musica\Discografias\Jumbo\1999 - Restaurant [16bit-44.1kHz]
File read to copy: 01 - D.D. y Ponle Play (Intro).flac
 Fr: D:\Musica\Discografias\Jumbo\2001 - D.D. Y Ponle Play
 To: G:\Musica\Discografias\Jumbo\2001 - D.D. Y Ponle Play [16bit-44.1kHz]
File read to copy: 01 - En Repetición (En Directo).flac
 Fr: D:\Musica\Discografias\Jumbo\2018 - Manual De Viaje A Un Lugar Lejano (En Directo)
 To: G:\Musica\Discografias\Jumbo\2018 - Manual De Viaje A Un Lugar Lejano (En Directo) [16bit-44.1kHz]
File read to copy: 01 - Genesis.flac
 Fr: D:\Musica\Discografias\Justice\2007 - Justice
 To: G:\Musica\Discografias\Justice\2007 - Justice [16bit-44.1kHz]
File read to copy: 01 - Safe and Sound.flac
 Fr: D:\Musica\Discografias\Justice\2016 - Woman
 To: G:\Musica\Discografias\Justice\2016 - Woman [16bit-44.1kHz]
File read to copy: 01 - Horsepower.flac
 Fr: D:\Musica\Discografias\Justice\2011 - Audio, Video, Disco-
 To: G:\Musica\Discografias\Justice\2011 - Audio, Video, Disco. [16bit-44.1kHz]
File read to copy: 01 - Point of Know Return.flac
 Fr: D:\Musica\Discografias\Kansas\1977 - Point Of Know Return (Expanded Edition)
 To: G:\Musica\Discografias\Kansas\1977 - Point Of Know Return (Expanded Edition) [16bit-44.1kHz]
File read to copy: 01 - Carry on Wayward Son.flac
 Fr: D:\Musica\Discografias\Kansas\1984 - The Best Of Kansas
 To: G:\Musica\Discografias\Kansas\1984 - The Best Of Kansas [16bit-44.1kHz]
File read to copy: 01 - Teenage Dream.flac
 Fr: D:\Musica\Discografias\Katy Perry\2010 - Teenage Dream
 To: G:\Musica\Discografias\Katy Perry\2010 - Teenage Dream [16bit-44.1kHz]
File read to copy: 01 - One Of The Boys.flac
 Fr: D:\Musica\Discografias\Katy Perry\2008 - One Of The Boys
 To: G:\Musica\Discografias\Katy Perry\2008 - One Of The Boys [16bit-44.1kHz]
File read to copy: 01 - Teenage Dream.flac
 Fr: D:\Musica\Discografias\Katy Perry\2010 - Katy Perry - Teenage Dream- The Complete Confectio
 To: G:\Musica\Discografias\Katy Perry\2010 - Katy Perry - Teenage Dream The Complete Confection [16bit-44.1kHz]
File read to copy: 01 - Witness.flac
 Fr: D:\Musica\Discografias\Katy Perry\2017 - Witness (Deluxe)
 To: G:\Musica\Discografias\Katy Perry\2017 - Witness (Deluxe) [24bit-44.1kHz]
File read to copy: 01 - Never Really Over.flac
 Fr: D:\Musica\Discografias\Katy Perry\2020 - Smile
 To: G:\Musica\Discografias\Katy Perry\2020 - Smile [24bit-44.1kHz]
File read to copy: 01 - Roar.flac
 Fr: D:\Musica\Discografias\Katy Perry\2013 - PRISM (Deluxe)
 To: G:\Musica\Discografias\Katy Perry\2013-10-21 - PRISM (Deluxe) [16bit-44.1kHz]
File read to copy: 01 - Resilient.flac
 Fr: D:\Musica\Discografias\Katy Perry\2020 - Empowered
 To: G:\Musica\Discografias\Katy Perry\2020-11-03 - Empowered [16bit-44.1kHz]
File read to copy: 01 - Intro.flac
 Fr: D:\Musica\Discografias\Kenny y Los Electricos\2014 - Alma Beta
 To: G:\Musica\Discografias\Kenny y Los Electricos\2014 - Alma Beta [16bit-44.1kHz]
File read to copy: 01 - Sáquenme de Aquí.flac
 Fr: D:\Musica\Discografias\Kenny y Los Electricos\2014 - Si No Estás Aquí
 To: G:\Musica\Discografias\Kenny y Los Electricos\2014 - Si No Estás Aquí [16bit-44.1kHz]
File read to copy: 01 - Soun Tha Mi Primer Amor.flac
 Fr: D:\Musica\Discografias\Kinky\2014 - MTV Unplugged
 To: G:\Musica\Discografias\Kinky\2014 - MTV Unplugged [16bit-44.1kHz]
File read to copy: 01 - Inmóvil.flac
 Fr: D:\Musica\Discografias\Kinky\2011 - Sueño de la Máquina
 To: G:\Musica\Discografias\Kinky\2011 - Sueño de la Máquina [16bit-44.1kHz]
File read to copy: 01 - Hasta Quemarnos.flac
 Fr: D:\Musica\Discografias\Kinky\2008 - Barracuda
 To: G:\Musica\Discografias\Kinky\2008 - Barracuda [16bit-44.1kHz]
File read to copy: 01 - Mexican Radio.flac
 Fr: D:\Musica\Discografias\Kinky\2006 - Reina
 To: G:\Musica\Discografias\Kinky\2006 - Reina [16bit-44.1kHz]
File read to copy: 01 - Presidente (Remastered).flac
 Fr: D:\Musica\Discografias\Kinky\2003 - Atlas (Remastered)
 To: G:\Musica\Discografias\Kinky\2003 - Atlas (Remastered) [16bit-44.1kHz]
File read to copy: 01 - Mas (Remastered).flac
 Fr: D:\Musica\Discografias\Kinky\2002 - Kinky (Remastered)
 To: G:\Musica\Discografias\Kinky\2002 - Kinky (Remastered) [16bit-44.1kHz]
File read to copy: 01 - Mexican Radio.flac
 Fr: D:\Musica\Discografias\Kinky\2008 - Reina De Lujo
 To: G:\Musica\Discografias\Kinky\2008-03-27 - Reina De Lujo [16bit-44.1kHz]
File read to copy: 01 - Un Peso.flac
 Fr: D:\Musica\Discografias\Kinky\2017 - Nada Vale Más Que Tú
 To: G:\Musica\Discografias\Kinky\2017-07-07 - Nada Vale Más Que Tú [16bit-44.1kHz]
File read to copy: 01 - Strutter (Album Version).flac
 Fr: D:\Musica\Discografias\KISS\2002 - The Very Best Of Kiss
 To: G:\Musica\Discografias\Kiss\2002 - The Very Best Of Kiss [16bit-44.1kHz]
File read to copy: 01 - I Was Made For Lovin' You.flac
 Fr: D:\Musica\Discografias\KISS\1979 - Dynasty
 To: G:\Musica\Discografias\Kiss\1979 - Dynasty [24bit-48.0kHz]
File read to copy: 01 - Room Service.flac
 Fr: D:\Musica\Discografias\KISS\1975 - Dressed To Kill
 To: G:\Musica\Discografias\Kiss\1975 - Dressed To Kill [24bit-48.0kHz]
File read to copy: 01 - Strutter '78.flac
 Fr: D:\Musica\Discografias\KISS\1978 - Double Platinum
 To: G:\Musica\Discografias\Kiss\1978 - Double Platinum [24bit-48.0kHz]
File read to copy: 01 - I've Had Enough (Into The Fire).flac
 Fr: D:\Musica\Discografias\KISS\1984 - Animalize
 To: G:\Musica\Discografias\Kiss\1984 - Animalize [24bit-48.0kHz]
File read to copy: 01 - Exciter.flac
 Fr: D:\Musica\Discografias\KISS\1983 - Lick It Up
 To: G:\Musica\Discografias\Kiss\1983 - Lick It Up [24bit-48.0kHz]
File read to copy: 01 - Strutter.flac
 Fr: D:\Musica\Discografias\KISS\1974 - Kiss
 To: G:\Musica\Discografias\Kiss\1974 - Kiss [24bit-48.0kHz]
File read to copy: 01 - Rise To It.flac
 Fr: D:\Musica\Discografias\KISS\1989 - Hot In The Shade
 To: G:\Musica\Discografias\Kiss\1989 - Hot In The Shade [24bit-48.0kHz]
File read to copy: 01 - Crazy Crazy Nights.flac
 Fr: D:\Musica\Discografias\KISS\1987 - Crazy Nights
 To: G:\Musica\Discografias\Kiss\1987 - Crazy Nights [24bit-48.0kHz]
File read to copy: 01 - I Stole Your Love.flac
 Fr: D:\Musica\Discografias\KISS\1977 - Love Gun (Deluxe Edition)
 To: G:\Musica\Discografias\Kiss\1977 - Love Gun (Deluxe Edition) [24bit-48.0kHz]
File read to copy: 01 - Detroit Rock City (2012 Remix).flac
 Fr: D:\Musica\Discografias\KISS\1976 - Destroyer (Resurrected)
 To: G:\Musica\Discografias\Kiss\1976 - Destroyer (Resurrected) [24bit-48.0kHz]
File read to copy: 01 - King Of The Mountain.flac
 Fr: D:\Musica\Discografias\KISS\1985 - Asylum
 To: G:\Musica\Discografias\Kiss\1985 - Asylum [24bit-48.0kHz]
File read to copy: 01 - Creatures Of The Night.flac
 Fr: D:\Musica\Discografias\KISS\1982 - Creatures Of The Night
 To: G:\Musica\Discografias\Kiss\1982 - Creatures Of The Night [24bit-48.0kHz]
File read to copy: 01 - Blind.flac
 Fr: D:\Musica\Discografias\Korn\1994 - Korn
 To: G:\Musica\Discografias\Korn\1994 - Korn [16bit-44.1kHz]
File read to copy: 01 - Twist.flac
 Fr: D:\Musica\Discografias\Korn\1996 - Life Is Peachy
 To: G:\Musica\Discografias\Korn\1996 - Life Is Peachy [16bit-44.1kHz]
File read to copy: 01 - Silent.flac
 Fr: D:\Musica\Discografias\Korn\1998 - Follow The Leader\CD 1- Follow The Leader
 To: G:\Musica\Discografias\Korn\1998 - Follow The Leader [16bit-44.1kHz]\Disk 1
File read to copy: 01 - All In The Family (Clark World Mix).flac
 Fr: D:\Musica\Discografias\Korn\1998 - Follow The Leader\CD 2- All In The Family Remixes
 To: G:\Musica\Discografias\Korn\1999 - All In The Family Remixes [16bit-44.1kHz]\Disk 2
File read to copy: 01 - Dead.flac
 Fr: D:\Musica\Discografias\Korn\1999 - Issues
 To: G:\Musica\Discografias\Korn\1999 - Issues [16bit-44.1kHz]
File read to copy: 01 - Here to Stay.flac
 Fr: D:\Musica\Discografias\Korn\2002 - Untouchables
 To: G:\Musica\Discografias\Korn\2002 - Untouchables [16bit-44.1kHz]
File read to copy: 01 - Right Now.flac
 Fr: D:\Musica\Discografias\Korn\2003 - Take A Look In The Mirror
 To: G:\Musica\Discografias\Korn\2003 - Take A Look In The Mirror [16bit-44.1kHz]
File read to copy: 01. Word Up!.flac
 Fr: D:\Musica\Discografias\Korn\2004 - Greatest Hits Vol. 1 (Japan) (FLAC)
 To: G:\Musica\Discografias\Korn\2004 - Greatest Hits Vol. 1 [16bit-44.1kHz]
File read to copy: 01 - Twisted Transistor.flac
 Fr: D:\Musica\Discografias\Korn\2005 - See You On The Other Side\CD 1
 To: G:\Musica\Discografias\Korn\2005 - See You On The Other Side [16bit-44.1kHz]\Disk 1
File read to copy: 01 - It's Me Again.flac
 Fr: D:\Musica\Discografias\Korn\2005 - See You On The Other Side\CD 2
 To: G:\Musica\Discografias\Korn\2005 - See You On The Other Side [16bit-44.1kHz]\Disk 2
File read to copy: 01. Blind.flac
 Fr: D:\Musica\Discografias\Korn\2007 - MTV Unplugged (Japan)
 To: G:\Musica\Discografias\Korn\2007 - MTV Unplugged [16bit-44.1kHz]
File read to copy: 01 - Intro.flac
 Fr: D:\Musica\Discografias\Korn\2007 - Untitled
 To: G:\Musica\Discografias\Korn\2007 - Untitled [16bit-44.1kHz]
File read to copy: 01 - Chaos Lives in Everything.flac
 Fr: D:\Musica\Discografias\Korn\2011 - The Path of Totality
 To: G:\Musica\Discografias\Korn\2011 - The Path Of Totality [16bit-44.1kHz]
File read to copy: 01 - The End Begins.flac
 Fr: D:\Musica\Discografias\Korn\2019 -The Nothing
 To: G:\Musica\Discografias\Korn\2019 - The Nothing [16bit-44.1kHz]
File read to copy: 01 - Forgotten.flac
 Fr: D:\Musica\Discografias\Korn\2022 - Requiem
 To: G:\Musica\Discografias\Korn\2022-02-04 - Requiem [24bit-48.0kHz]
File read to copy: 01 - Escapar.flac
 Fr: D:\Musica\Discografias\Kudai\2004 - Vuelo
 To: G:\Musica\Discografias\Kudai\2004 - Vuelo [16bit-44.1kHz]
File read to copy: 01 - Inicia.flac
 Fr: D:\Musica\Discografias\Kudai\2006 - Sobrevive
 To: G:\Musica\Discografias\Kudai\2006 - Sobrevive [16bit-44.1kHz]
File read to copy: La Barranca - 01 - Reptíl.flac
 Fr: D:\Musica\Discografias\La Barranca\1995 - El Fuego de la Noche
 To: G:\Musica\Discografias\La Barranca\1996 - El Fuego De La Noche [16bit-44.1kHz]
File read to copy: 01 - Brecha.flac
 Fr: D:\Musica\Discografias\La Barranca\2018 - Lo Eterno
 To: G:\Musica\Discografias\La Barranca\2018 - Lo Eterno [16bit-44.1kHz]
File read to copy: 01 - Fascinación.flac
 Fr: D:\Musica\Discografias\La Barranca\2005 - Denzura
 To: G:\Musica\Discografias\La Barranca\2005 - Denzura [16bit-44.1kHz]
File read to copy: 01 - Dormir sin miedo.flac
 Fr: D:\Musica\Discografias\La Barranca\2006 - El Fluir
 To: G:\Musica\Discografias\La Barranca\2006 - El Fluir [16bit-44.1kHz]
File read to copy: 01 - El Alma Nunca Deja de Sentir.flac
 Fr: D:\Musica\Discografias\La Barranca\2013 - Eclipse de Memoria
 To: G:\Musica\Discografias\La Barranca\2013 - Eclipse de Memoria [16bit-44.1kHz]
File read to copy: 01 - Sueño de Orquídea.flac
 Fr: D:\Musica\Discografias\La Barranca\2020 - Entre la Niebla
 To: G:\Musica\Discografias\La Barranca\2020 - Entre la Niebla [16bit-44.1kHz]
File read to copy: 01 - En el Fondo de Tus Sueños.flac
 Fr: D:\Musica\Discografias\La Barranca\2010 - Piedad Ciudad
 To: G:\Musica\Discografias\La Barranca\2010 - Piedad Ciudad [16bit-44.1kHz]
File read to copy: 01 - Dia Negro.flac
 Fr: D:\Musica\Discografias\La Barranca\2004 - Tempestad
 To: G:\Musica\Discografias\La Barranca\2004 - Tempestad [16bit-44.1kHz]
File read to copy: 01 - El Palacio de la Ópera.flac
 Fr: D:\Musica\Discografias\La Barranca\2015 - Fatâlis
 To: G:\Musica\Discografias\La Barranca\2015 - Fatâlis [16bit-44.1kHz]
File read to copy: 01 - Día Negro.flac
 Fr: D:\Musica\Discografias\La Barranca\2017 - Día Negro
 To: G:\Musica\Discografias\La Barranca\2017 - Día Negro [16bit-44.1kHz]
File read to copy: 01 - Ka'an.flac
 Fr: D:\Musica\Discografias\La Barranca\2008 - Construcción
 To: G:\Musica\Discografias\La Barranca\2008-06-12 - Construcción [16bit-44.1kHz]
File read to copy: (01) [La Gusana Ciega] Entra en el Agua - Copy.flac
 Fr: D:\Musica\Discografias\La Gusana Ciega\2011 - Conejo en el Sombrero
 To: G:\Musica\Discografias\La Gusana Ciega\2011 - Conejo en el Sombrero [16bit-44.1kHz]
File read to copy: 01 - 1987.flac
 Fr: D:\Musica\Discografias\La Gusana Ciega\2018 -  Borregos En La Niebla\CD1
 To: G:\Musica\Discografias\La Gusana Ciega\2018 - Borregos En La Niebla [16bit-44.1kHz]\Disk 1
File read to copy: 01 - Amantes Modernos.flac
 Fr: D:\Musica\Discografias\La Gusana Ciega\2018 -  Borregos En La Niebla\CD2
 To: G:\Musica\Discografias\La Gusana Ciega\2018 - Borregos En La Niebla [16bit-44.1kHz]\Disk 2
File read to copy: 01 - Vivir Así, Es Morir de Amor.flac
 Fr: D:\Musica\Discografias\La Gusana Ciega\2008 - Jaibol
 To: G:\Musica\Discografias\La Gusana Ciega\2008 - Jaibol [16bit-44.1kHz]
File read to copy: 01 - San Miguel.flac
 Fr: D:\Musica\Discografias\La Gusana Ciega\2014 - Monarca
 To: G:\Musica\Discografias\La Gusana Ciega\2014 - Monarca [16bit-44.1kHz]
File read to copy: 01 - La Que Come Suciedad.flac
 Fr: D:\Musica\Discografias\La Gusana Ciega\2016 - Merlina (Deluxe Version)
 To: G:\Musica\Discografias\La Gusana Ciega\2016 - Merlina (Deluxe Version) [16bit-44.1kHz]
File read to copy: 01 - 727.flac
 Fr: D:\Musica\Discografias\La Gusana Ciega\2000 - Correspondencia Interna
 To: G:\Musica\Discografias\La Gusana Ciega\2000 - Correspondencia Interna [16bit-44.1kHz]
File read to copy: 01 - Sálvame De Mí (En Vivo).flac
 Fr: D:\Musica\Discografias\La Gusana Ciega\2001 - La Gusana Ciega
 To: G:\Musica\Discografias\La Gusana Ciega\2001 - La Gusana Ciega [16bit-44.1kHz]
File read to copy: 01 - Empezar de Cero.flac
 Fr: D:\Musica\Discografias\La Gusana Ciega\2021 - Empezar de Cero
 To: G:\Musica\Discografias\La Gusana Ciega\2021 - Empezar de Cero [16bit-44.1kHz]
File read to copy: 01 - Furtunae.flac
 Fr: D:\Musica\Discografias\La Gusana Ciega\2006 - La Rueda del Diablo
 To: G:\Musica\Discografias\La Gusana Ciega\2006-11-07 - La Rueda del Diablo [16bit-44.1kHz]
File read to copy: 01 - Venus En La Arena (Inedita).flac
 Fr: D:\Musica\Discografias\La Gusana Ciega\2006 - Super Especial
 To: G:\Musica\Discografias\La Gusana Ciega\2006-11-23 - Super Especial [16bit-44.1kHz]
File read to copy: 01 - Talismán.flac
 Fr: D:\Musica\Discografias\La Gusana Ciega\2007 - Super Bee
 To: G:\Musica\Discografias\La Gusana Ciega\2007-09-20 - Super Bee [16bit-44.1kHz]
File read to copy: 01. Animal.flac
 Fr: D:\Musica\Discografias\La Ley\1995 - Invisible
 To: G:\Musica\Discografias\La Ley\1995 - Invisible [16bit-44.1kHz]
File read to copy: (01) [La Ley] Animal.flac
 Fr: D:\Musica\Discografias\La Ley\2001 - MTV Unplugged
 To: G:\Musica\Discografias\La Ley\2001 - MTV Unplugged [16bit-44.1kHz]
File read to copy: 01. Mirate.flac
 Fr: D:\Musica\Discografias\La Ley\2004 - Historias E Histeria
 To: G:\Musica\Discografias\La Ley\2004 - Historias E Histeria [16bit-44.1kHz]
File read to copy: 01 - Eternidad.flac
 Fr: D:\Musica\Discografias\La Ley\2000 - Uno
 To: G:\Musica\Discografias\La Ley\2000 - Uno [16bit-44.1kHz]
File read to copy: 01 - Contrabando y Traición (Resmasterizado).flac
 Fr: D:\Musica\Discografias\La Lupita\2018 - Lupitología
 To: G:\Musica\Discografias\La Lupita\2018 - Lupitología [16bit-44.1kHz]
File read to copy: 01 - Cuídate.flac
 Fr: D:\Musica\Discografias\La Oreja de Van Gogh\2000 - El Viaje de Copperpot
 To: G:\Musica\Discografias\La Oreja De Van Gogh\2000 - El Viaje de Copperpot [24bit-44.1kHz]
File read to copy: 01 - Paris (with Pablo Villafranca) (Versión Francés-Es.flac
 Fr: D:\Musica\Discografias\La Oreja de Van Gogh\2004 - París
 To: G:\Musica\Discografias\La Oreja De Van Gogh\2004 - París [24bit-44.1kHz]
File read to copy: 01 - El Ultimo Vals.flac
 Fr: D:\Musica\Discografias\La Oreja de Van Gogh\2008 - A las Cinco en el Astoria
 To: G:\Musica\Discografias\La Oreja De Van Gogh\2008 - A las Cinco en el Astoria [24bit-44.1kHz]
File read to copy: 1 Bad Romance.flac
 Fr: D:\Musica\Discografias\Lady Gaga\2010 - The Fame Monster
 To: G:\Musica\Discografias\Lady Gaga\2010-01-01', '2010 - The Fame Monster [16 [24bit-44.1kHz]
File read to copy: 1 Diamond Heart.flac
 Fr: D:\Musica\Discografias\Lady Gaga\2016 - Joanne
 To: G:\Musica\Discografias\Lady Gaga\2016-10-21', '2016 - Joanne [24 [24bit-44.1kHz]
File read to copy: 1 Just Dance.flac
 Fr: D:\Musica\Discografias\Lady Gaga\2008 - The Fame
 To: G:\Musica\Discografias\Lady Gaga\2008-01-01', '2008 - The Fame [24 [24bit-44.1kHz]
File read to copy: A1 - Bad Romance.flac
 Fr: D:\Musica\Discografias\Lady Gaga\2009 - The Fame Monster[24.96]
 To: G:\Musica\Discografias\Lady GaGa\2009 - The Fame Monster [24bit-96.0kHz]
File read to copy: 13 Lady Gaga - Yoü And I.flac
 Fr: D:\Musica\Discografias\Lady Gaga\2011 - Born This Way
 To: G:\Musica\Discografias\Lady Gaga\2011 - Born This Way [24bit-44.1kHz]
File read to copy: 13. Chromatica III.flac
 Fr: D:\Musica\Discografias\Lady Gaga\2020 - Chromatica  [24 Bit - 48 kHz] (QoBuz)
 To: G:\Musica\Discografias\Lady Gaga\2020 - Chromatica [24bit-48.0kHz]
File read to copy: 17. Love Me Right.flac
 Fr: D:\Musica\Discografias\Lady Gaga\2020 - Chromatica  [24 Bit - 48 kHz] (QoBuz)\ Target Special Edition-International Bonus Tracks-Official Instrumentals [16 Bit - 44.1 kHz] (CD RIP FLAC)
 To: G:\Musica\Discografias\Lady Gaga\2020 - Chromatica [Deluxe Edition [16bit-44.1kHz]
File read to copy: 01 - Black Eyes.flac
 Fr: D:\Musica\Discografias\Lady Gaga\2018 - A Star Is Born Soundtrack (Without Dialogue)
 To: G:\Musica\Discografias\Lady Gaga, Bradley Cooper\2018-10-05 - A Star Is Born Soundtrack (Without Dialogue) [16bit-44.1kHz]
File read to copy: 01 - Good Times, Bad Times.flac
 Fr: D:\Musica\Discografias\Led Zeppelin\1969 - Led Zeppelin\Disc 1
 To: G:\Musica\Discografias\Led Zeppelin\1969 - Led Zeppelin [16bit-44.1kHz]\Disk 1
File read to copy: 01 - Good Times Bad Times ~ Communication Breakdown.flac
 Fr: D:\Musica\Discografias\Led Zeppelin\1969 - Led Zeppelin\Disc 2
 To: G:\Musica\Discografias\Led Zeppelin\2014 - Led Zeppelin [16bit-44.1kHz]\Disk 2
File read to copy: 01 - Whole Lotta Love.flac
 Fr: D:\Musica\Discografias\Led Zeppelin\1969 - Led Zeppelin II\Disc 1
 To: G:\Musica\Discografias\Led Zeppelin\1969 - Led Zeppelin II [16bit-44.1kHz]\Disk 1
File read to copy: 01 - Whole Lotta Love [Rough Mix with Vocal].flac
 Fr: D:\Musica\Discografias\Led Zeppelin\1969 - Led Zeppelin II\Disc 2
 To: G:\Musica\Discografias\Led Zeppelin\1969 - Led Zeppelin II [16bit-44.1kHz]\Disk 2
File read to copy: 01 - Immigrant Song.flac
 Fr: D:\Musica\Discografias\Led Zeppelin\1970 - Led Zeppelin III\Disc 1
 To: G:\Musica\Discografias\Led Zeppelin\1970 - Led Zeppelin III [16bit-44.1kHz]\Disk 1
File read to copy: 01 - Immigrant Song [Alternate Mix].flac
 Fr: D:\Musica\Discografias\Led Zeppelin\1970 - Led Zeppelin III\Disc 2
 To: G:\Musica\Discografias\Led Zeppelin\1970 - Led Zeppelin III [16bit-44.1kHz]\Disk 2
File read to copy: 01 - Black Dog.flac
 Fr: D:\Musica\Discografias\Led Zeppelin\1971 - Led Zeppelin IV
 To: G:\Musica\Discografias\Led Zeppelin\1971 - Led Zeppelin IV [16bit-44.1kHz]
File read to copy: 01 - The Song Remains the Same.flac
 Fr: D:\Musica\Discografias\Led Zeppelin\1973 - Houses Of The Holy
 To: G:\Musica\Discografias\Led Zeppelin\1973 - Houses of the Holy [16bit-44.1kHz]
File read to copy: 01 - Custard Pie.flac
 Fr: D:\Musica\Discografias\Led Zeppelin\1975 - Physical Graffiti\Disc 1
 To: G:\Musica\Discografias\Led Zeppelin\1975 - Physical Graffiti [16bit-44.1kHz]\Disk 1
File read to copy: 01 - In The Light.flac
 Fr: D:\Musica\Discografias\Led Zeppelin\1975 - Physical Graffiti\Disc 2
 To: G:\Musica\Discografias\Led Zeppelin\1975 - Physical Graffiti [16bit-44.1kHz]\Disk 2
File read to copy: 01 - We're Gonna Groove.flac
 Fr: D:\Musica\Discografias\Led Zeppelin\1982 - Coda
 To: G:\Musica\Discografias\Led Zeppelin\1982 - Coda [16bit-44.1kHz]
File read to copy: 104. Hot Dog.flac
 Fr: D:\Musica\Discografias\Led Zeppelin\1997 - In Through The Out Door [24-96]
 To: G:\Musica\Discografias\Led Zeppelin\1979 - In Through The Out Door [24bit-96.0kHz]
File read to copy: 103. Royal Orleans.flac
 Fr: D:\Musica\Discografias\Led Zeppelin\1976 - Presence [24-96 ]
 To: G:\Musica\Discografias\Led Zeppelin\1976 - Presence [24bit-96.0kHz]
File read to copy: 01 - Good Times Bad Times (Remaster).flac
 Fr: D:\Musica\Discografias\Led Zeppelin\2007 - Mothership (Remastered)\CD1
 To: G:\Musica\Discografias\Led Zeppelin\2007-11-13 - Mothership (Remastered) [16bit-44.1kHz]\Disk 1
File read to copy: 01 - The Song Remains the Same (Remaster).flac
 Fr: D:\Musica\Discografias\Led Zeppelin\2007 - Mothership (Remastered)\CD2
 To: G:\Musica\Discografias\Led Zeppelin\2007-11-13 - Mothership (Remastered) [16bit-44.1kHz]\Disk 2
File read to copy: 01. Locos.flac
 Fr: D:\Musica\Discografias\León Larregui\2016 - Voluma
 To: G:\Musica\Discografias\León Larregui\2016 - Voluma [16bit-44.1kHz]
File read to copy: 01. Aurora Boreal.flac
 Fr: D:\Musica\Discografias\León Larregui\2012 - Solstis
 To: G:\Musica\Discografias\León Larregui\2012 - Solstis [16bit-44.1kHz]
File read to copy: 01 - Counterfeit (Album Version (Edited)).flac
 Fr: D:\Musica\Discografias\Limp Bizkit\2005 - Greatest Hitz
 To: G:\Musica\Discografias\Limp Bizkit\2005 - Greatest Hitz [16bit-44.1kHz]
File read to copy: 01 - Papercut.flac
 Fr: D:\Musica\Discografias\Linkin Park\2000 - Hybrid Theory
 To: G:\Musica\Discografias\Linkin Park\2000 - Hybrid Theory [16bit-44.1kHz]
File read to copy: 01 - Opening.flac
 Fr: D:\Musica\Discografias\Linkin Park\2002 - Reanimation
 To: G:\Musica\Discografias\Linkin Park\2002 - Reanimation [16bit-44.1kHz]
File read to copy: 01 - Foreword.flac
 Fr: D:\Musica\Discografias\Linkin Park\2003 - Meteora
 To: G:\Musica\Discografias\Linkin Park\2003 - Meteora [16bit-44.1kHz]
File read to copy: 01 - Dirt off your shoulder - Lying from you.flac
 Fr: D:\Musica\Discografias\Linkin Park\2004 - Collision Course
 To: G:\Musica\Discografias\Linkin Park  Jay-Z\2004 - Collision Course [16bit-44.1kHz]
File read to copy: 01 - Wake.flac
 Fr: D:\Musica\Discografias\Linkin Park\2007 - Minutes to Midnight\1- Minutes to Midnight
 To: G:\Musica\Discografias\Linkin Park\2007 - Minutes to Midnight [16bit-44.1kHz]
File read to copy: 13 - No Roads Left (Bonus).flac
 Fr: D:\Musica\Discografias\Linkin Park\2007 - Minutes to Midnight\2- Tour Edition bonus disc
 To: G:\Musica\Discografias\Linkin Park\2007 - Minutes to Midnight [16bit-44.1kHz]
File read to copy: 01 - The Requiem.flac
 Fr: D:\Musica\Discografias\Linkin Park\2010 - A Thousand Suns
 To: G:\Musica\Discografias\Linkin Park\2010 - A Thousand Suns [16bit-44.1kHz]
File read to copy: 01 - Lost In The Echo.flac
 Fr: D:\Musica\Discografias\Linkin Park\2012 - Living Things\1- Living Things
 To: G:\Musica\Discografias\Linkin Park\2012 - Living Things [16bit-44.1kHz]\Disk 1
File read to copy: 01 - In the End (Live).flac
 Fr: D:\Musica\Discografias\Linkin Park\2012 - Living Things\2- Australian Tour Edition bonus
 To: G:\Musica\Discografias\Linkin Park\2012 - Living Things [16bit-44.1kHz]\Disk 2
File read to copy: 01 - Keys to the Kingdom.flac
 Fr: D:\Musica\Discografias\Linkin Park\2014 - The Hunting Party
 To: G:\Musica\Discografias\Linkin Park\2014 - The Hunting Party [16bit-44.1kHz]
File read to copy: 01 - Nobody Can Save Me.flac
 Fr: D:\Musica\Discografias\Linkin Park\2017 - One More Light
 To: G:\Musica\Discografias\Linkin Park\2017 - One More Light [16bit-44.1kHz]
File read to copy: 01. Nuevos Amigos.flac
 Fr: D:\Musica\Discografias\Little Jesus\2016 - Río Salvaje
 To: G:\Musica\Discografias\Little Jesus\2016 - Río Salvaje [16bit-44.1kHz]
File read to copy: 01. Pesadilla.flac
 Fr: D:\Musica\Discografias\Little Jesus\2014 - Norte
 To: G:\Musica\Discografias\Little Jesus\2014 - Norte [16bit-44.1kHz]
File read to copy: 01. Norte.flac
 Fr: D:\Musica\Discografias\Little Jesus\2014 - Sur (disc 2 of 2)
 To: G:\Musica\Discografias\LIttle Jesus\2014 - Sur [16bit-44.1kHz]\Disk 2
File read to copy: 01. Failing In Love Again.flac
 Fr: D:\Musica\Discografias\Londonbeat\1997 - The Very Best Of Londonbeat
 To: G:\Musica\Discografias\Londonbeat\1997 - The Very Best Of Londonbeat [16bit-44.1kHz]
File read to copy: 01 - I've Been Thinking About You.flac
 Fr: D:\Musica\Discografias\Londonbeat\1990 - In The Blood
 To: G:\Musica\Discografias\Londonbeat\1990 - In The Blood [16bit-44.1kHz]
File read to copy: 01 - Mamá.flac
 Fr: D:\Musica\Discografias\Los Amantes de Lola\2001 - Rock En Espanol - Lo Mejor De Los Amantes De Lola
 To: G:\Musica\Discografias\Los Amantes De Lola\2001 - Rock En Espanol - Lo Mejor De Los Amantes De Lola [16bit-44.1kHz]
File read to copy: 01 - Llegando.flac
 Fr: D:\Musica\Discografias\Los Amigos Invisibles\2017 - El Paradise
 To: G:\Musica\Discografias\Los Amigos Invisibles\2017 - El Paradise [16bit-44.1kHz]
File read to copy: 01 - Fuerza.flac
 Fr: D:\Musica\Discografias\Los Amigos Invisibles\2009 - Commercial
 To: G:\Musica\Discografias\Los Amigos Invisibles\2009 - Commercial [16bit-44.1kHz]
File read to copy: 01 - Dulce (Versión Acústica).flac
 Fr: D:\Musica\Discografias\Los Amigos Invisibles\2015 - Los Amigos Invisibles, Acústico
 To: G:\Musica\Discografias\Los Amigos Invisibles\2015 - Los Amigos Invisibles, Acústico [16bit-44.1kHz]
File read to copy: 01. Como Me Voy A Olvidar.flac
 Fr: D:\Musica\Discografias\Los Autenticos Decadentes\2002 - Los Reyes De La Canción
 To: G:\Musica\Discografias\Los Auténticos Decadentes\2002 - Los Reyes De La Canción [16bit-44.1kHz]
File read to copy: 01 - Sigue Tu Camino.flac
 Fr: D:\Musica\Discografias\Los Autenticos Decadentes\2004 - Sigue Tu Camino
 To: G:\Musica\Discografias\Los Auténticos Decadentes\2004 - Sigue Tu Camino [16bit-44.1kHz]
File read to copy: 01 - La Guitarra (Remasterized 2001).flac
 Fr: D:\Musica\Discografias\Los Autenticos Decadentes\2005 - Originales - 20 Exitos
 To: G:\Musica\Discografias\Los Auténticos Decadentes\2005 - Originales - 20 Exitos [16bit-44.1kHz]
File read to copy: 01 - Somos (En Vivo).flac
 Fr: D:\Musica\Discografias\Los Autenticos Decadentes\2010 - Somos (En Vivo)
 To: G:\Musica\Discografias\Los Auténticos Decadentes\2010 - Somos (En Vivo) [16bit-44.1kHz]
File read to copy: 01 - El Murguero (MTV Unplugged).flac
 Fr: D:\Musica\Discografias\Los Autenticos Decadentes\2018 - Fiesta Nacional (Mtv Unplugged)
 To: G:\Musica\Discografias\Los Auténticos Decadentes\2018 - Fiesta Nacional (Mtv Unplugged) [16bit-44.1kHz]
File read to copy: 01 - Ven Aquí.flac
 Fr: D:\Musica\Discografias\Los Bunkers\2005 - Vida de Perros
 To: G:\Musica\Discografias\Los Bunkers\2005 - Vida De Perros [16bit-44.1kHz]
File read to copy: (01) [Los Bunkers] Coma.flac
 Fr: D:\Musica\Discografias\Los Bunkers\2008 - Barrio Estacion
 To: G:\Musica\Discografias\Los Bunkers\2008 - Barrio Estación [16bit-44.1kHz]
File read to copy: 01 - Desperdíciame.flac
 Fr: D:\Musica\Discografias\Los Bunkers\2013 - La Velocidad de la Luz
 To: G:\Musica\Discografias\Los Bunkers\2013 - La Velocidad de la Luz [16bit-44.1kHz]
File read to copy: 01 - Las Cosas Que Cambié y Dejé por Ti.flac
 Fr: D:\Musica\Discografias\Los Bunkers\2017 - Antología
 To: G:\Musica\Discografias\Los Bunkers\2017 - Antología [16bit-44.1kHz]
File read to copy: 01 - Sueño Con Serpientes.flac
 Fr: D:\Musica\Discografias\Los Bunkers\2010 - Música Libre
 To: G:\Musica\Discografias\Los Bunkers\2010 - Música Libre [16bit-44.1kHz]
File read to copy: 01 - Canción de Lejos (Album Version).flac
 Fr: D:\Musica\Discografias\Los Bunkers\2012 - Canción De Lejos
 To: G:\Musica\Discografias\Los Bunkers\2012 - Canción De Lejos [16bit-44.1kHz]
File read to copy: 01 - Canción para mañana (Album Version).flac
 Fr: D:\Musica\Discografias\Los Bunkers\2012 - La Culpa
 To: G:\Musica\Discografias\Los Bunkers\2012 - La Culpa [16bit-44.1kHz]
File read to copy: 01 - No Me Hables de sufrir (Album Version).flac
 Fr: D:\Musica\Discografias\Los Bunkers\2013 - Grandes Exitos
 To: G:\Musica\Discografias\Los Bunkers\2013 - Grandes Exitos [16bit-44.1kHz]
File read to copy: 01 - Mi Estanciera y Yo.flac
 Fr: D:\Musica\Discografias\Los Caligaris\2005 - Chanchos Amigos
 To: G:\Musica\Discografias\Los Caligaris\2005 - Chanchos Amigos [16bit-44.1kHz]
File read to copy: 01 - Kilómetros.flac
 Fr: D:\Musica\Discografias\Los Caligaris\2007 - No Es Lo Que Parece
 To: G:\Musica\Discografias\Los Caligaris\2007 - No Es Lo Que Parece [16bit-44.1kHz]
File read to copy: 01 - Me Gusta Portarme Mal.flac
 Fr: D:\Musica\Discografias\Los Caligaris\2009 - Transpirando Alegría
 To: G:\Musica\Discografias\Los Caligaris\2009 - Transpirando Alegría [16bit-44.1kHz]
File read to copy: 01 - Bailarín Apocalíptico.flac
 Fr: D:\Musica\Discografias\Los Caligaris\2011 - Bailarín Apocalíptico
 To: G:\Musica\Discografias\Los Caligaris\2011 - Bailarín Apocalíptico [16bit-44.1kHz]
File read to copy: 01 - Todos Locos.flac
 Fr: D:\Musica\Discografias\Los Caligaris\2015 - Circología
 To: G:\Musica\Discografias\Los Caligaris\2015 - Circología [16bit-44.1kHz]
File read to copy: 01 - Rompecabezas.flac
 Fr: D:\Musica\Discografias\Los Concorde\2008 - Región 4
 To: G:\Musica\Discografias\Los Concorde\2008 - Región 4 [16bit-44.1kHz]
File read to copy: 01 - No Nos Podemos Derrotar.flac
 Fr: D:\Musica\Discografias\Los Concorde\2011 - Es Lo Que Hay
 To: G:\Musica\Discografias\Los Concorde\2011 - Es Lo Que Hay [16bit-44.1kHz]
File read to copy: 01 - Cuentos.flac
 Fr: D:\Musica\Discografias\Los Daniels\2010 - A Casa
 To: G:\Musica\Discografias\Los Daniels\2010 - A Casa [16bit-44.1kHz]
File read to copy: 01 - Amanecer.flac
 Fr: D:\Musica\Discografias\Los Daniels\2013 - Amanecer\CD1
 To: G:\Musica\Discografias\Los Daniels\2013 - Amanecer [16bit-44.1kHz]\Disk 1
File read to copy: 01 - Cuentos ((En Vivo)).flac
 Fr: D:\Musica\Discografias\Los Daniels\2013 - Amanecer\CD2
 To: G:\Musica\Discografias\Los Daniels\2013 - Amanecer [16bit-44.1kHz]\Disk 2
File read to copy: 01 - Vendrás por Mi.flac
 Fr: D:\Musica\Discografias\Los Daniels\2018 - Vendrás por Mi
 To: G:\Musica\Discografias\Los Daniels\2018 - Vendrás por Mi [16bit-44.1kHz]
File read to copy: 01 - Ahora.flac
 Fr: D:\Musica\Discografias\Los Daniels\2016 - Inmortal
 To: G:\Musica\Discografias\Los Daniels\2016 - Inmortal [16bit-44.1kHz]
File read to copy: 01. La Muralla Verde.flac
 Fr: D:\Musica\Discografias\Los Enanitos Verdes\1986 - Contra Reloj (FLAC)
 To: G:\Musica\Discografias\Enanitos Verdes\1986 - Contra Reloj [16bit-44.1kHz]
File read to copy: 01 El ExtranÌƒo del Pelo Largo.flac
 Fr: D:\Musica\Discografias\Los Enanitos Verdes\1987 - Habitaciones Extrañas
 To: G:\Musica\Discografias\Enanitos Verdes\1987 - Habitaciones Extrañas [16bit-44.1kHz]
File read to copy: 01. Sos Un Perdedor.flac
 Fr: D:\Musica\Discografias\Los Enanitos Verdes\1988 - Carrousel (FLAC)
 To: G:\Musica\Discografias\Enanitos Verdes\1988 - Carrousel [16bit-44.1kHz]
File read to copy: 01. Buscando la manera.flac
 Fr: D:\Musica\Discografias\Los Enanitos Verdes\1989 - Había Una Vez
 To: G:\Musica\Discografias\Enanitos Verdes\1989 - Había una vez [16bit-44.1kHz]
File read to copy: 01. Igual Que Ayer.flac
 Fr: D:\Musica\Discografias\Los Enanitos Verdes\1992 - Igual Que Ayer (FLAC)
 To: G:\Musica\Discografias\Enanitos Verdes\1992 - Igual Que Ayer [16bit-44.1kHz]
File read to copy: 01. Mejor no hablemos del amor.flac
 Fr: D:\Musica\Discografias\Los Enanitos Verdes\1994 - Big Bang
 To: G:\Musica\Discografias\Enanitos Verdes\1994 - Big Bang [16bit-44.1kHz]
File read to copy: 01 - Carmencita.flac
 Fr: D:\Musica\Discografias\Los Enanitos Verdes\1997 - Planetario
 To: G:\Musica\Discografias\Enanitos Verdes\1997 - Planetario [16bit-44.1kHz]
File read to copy: 01. Por El Resto.flac
 Fr: D:\Musica\Discografias\Los Enanitos Verdes\1998 - Traccion Acustica
 To: G:\Musica\Discografias\Enanitos Verdes\1998 - Traccion Acustica [16bit-44.1kHz]
File read to copy: 01. Cordillera.flac
 Fr: D:\Musica\Discografias\Los Enanitos Verdes\2000 - Nectar
 To: G:\Musica\Discografias\Enanitos Verdes\2000 - Nectar [16bit-44.1kHz]
File read to copy: 01 - Frances limon.flac
 Fr: D:\Musica\Discografias\Los Enanitos Verdes\2002 - Amores Lejanos
 To: G:\Musica\Discografias\Enanitos Verdes\2002 - Amores Lejanos [16bit-44.1kHz]
File read to copy: 01. Amores Lejanos.flac
 Fr: D:\Musica\Discografias\Los Enanitos Verdes\2004 - En Vivo
 To: G:\Musica\Discografias\Enanitos Verdes\2004 - En Vivo [16bit-44.1kHz]
File read to copy: 01. A las tres.flac
 Fr: D:\Musica\Discografias\Los Enanitos Verdes\2006 - Pescado Original
 To: G:\Musica\Discografias\Enanitos Verdes\2006 - Pescado original [16bit-44.1kHz]
File read to copy: 01 Cadillacs.flac
 Fr: D:\Musica\Discografias\Los Fabulosos Cadillacs\1993 - Vasos Vacíos
 To: G:\Musica\Discografias\Los Fabulosos Cadillacs\1993 - Vasos Vacíos [16bit-44.1kHz]
File read to copy: 01 - El Matador.flac
 Fr: D:\Musica\Discografias\Los Fabulosos Cadillacs\2005 - Originales - 20 Exitos
 To: G:\Musica\Discografias\Los Fabulosos Cadillacs\2005 - Originales - 20 Exitos [16bit-44.1kHz]
File read to copy: 01 - La Luz del Ritmo.flac
 Fr: D:\Musica\Discografias\Los Fabulosos Cadillacs\2008 - La Luz Del Ritmo
 To: G:\Musica\Discografias\Los Fabulosos Cadillacs\2008-01-01 - La Luz Del Ritmo [16bit-44.1kHz]
File read to copy: 01 - Carnaval Toda la Vida (Remasterizado 2008).flac
 Fr: D:\Musica\Discografias\Los Fabulosos Cadillacs\1992 - El León
 To: G:\Musica\Discografias\Los Fabulosos Cadillacs\1992-01-01 - El León [16bit-44.1kHz]
File read to copy: 01 - Mal Bicho (Remasterizado 2008).flac
 Fr: D:\Musica\Discografias\Los Fabulosos Cadillacs\1995 - Rey Azúcar
 To: G:\Musica\Discografias\Los Fabulosos Cadillacs\1995-06-20 - Rey Azúcar [16bit-44.1kHz]
File read to copy: 01 - El Muerto (Versión Remasterizada 2008).flac
 Fr: D:\Musica\Discografias\Los Fabulosos Cadillacs\1997 - Fabulosos Calavera
 To: G:\Musica\Discografias\Los Fabulosos Cadillacs\1997-07-29 - Fabulosos Calavera [16bit-44.1kHz]
File read to copy: 01 - Vasos Vacíos (Remasterizado 2008).flac
 Fr: D:\Musica\Discografias\Los Fabulosos Cadillacs\2021 - Obras Cumbres
 To: G:\Musica\Discografias\Los Fabulosos Cadillacs\2021-03-05 - Obras Cumbres [16bit-44.1kHz]
File read to copy: 01 Mucha Experiencia.flac
 Fr: D:\Musica\Discografias\Los Pericos\2009-Pericos & Friends
 To: G:\Musica\Discografias\Los Pericos\2010 - Pericos & Friends [16bit-44.1kHz]
File read to copy: 01 - Señales Erróneas.flac
 Fr: D:\Musica\Discografias\Los Pericos\2016 - Soundamerica
 To: G:\Musica\Discografias\Los Pericos\2016 - Soundamerica [16bit-44.1kHz]
File read to copy: 01 - Pianito.flac
 Fr: D:\Musica\Discografias\Los Pericos\2008 - Pura Vida
 To: G:\Musica\Discografias\Los Pericos\2008 - Pura Vida [16bit-44.1kHz]
File read to copy: 01 - Sin Cadenas.flac
 Fr: D:\Musica\Discografias\Los Pericos\1999 - Mystic Love (Reissue)
 To: G:\Musica\Discografias\Los Pericos\1999 - Mystic Love (Reissue) [16bit-44.1kHz]
File read to copy: 01 - El Ritual De La Banana.flac
 Fr: D:\Musica\Discografias\Los Pericos\2002 - Ritual De Los Pericos
 To: G:\Musica\Discografias\Los Pericos\2002 - Ritual De Los Pericos [16bit-44.1kHz]
File read to copy: 01 - Los Toreros Muertos - Los Toreros Muertos.flac
 Fr: D:\Musica\Discografias\Los Toreros Muertos\1986 - 30 Años de Exitos
 To: G:\Musica\Discografias\Los Toreros Muertos\1986 - 30 Años De Exitos [16bit-44.1kHz]
File read to copy: 01 - Sweet Home Alabama.flac
 Fr: D:\Musica\Discografias\Lynyrd Skynyrd\1974 - Second Helping
 To: G:\Musica\Discografias\Lynyrd Skynyrd\1974-04-01 - Second Helping [16bit-44.1kHz]
File read to copy: 01 - I Ain't The One.flac
 Fr: D:\Musica\Discografias\Lynyrd Skynyrd\1973 - Pronounced Leh-Nerd-Skin-Nerd
 To: G:\Musica\Discografias\Lynyrd Skynyrd\1973-09-01 - Pronounced Leh-Nerd-Skin-Nerd [16bit-44.1kHz]
File read to copy: 01 - Sweet Home Alabama.flac
 Fr: D:\Musica\Discografias\Lynyrd Skynyrd\2010 - Best Of
 To: G:\Musica\Discografias\Lynyrd Skynyrd\2010-08-31 - Best Of [16bit-44.1kHz]
File read to copy: 01 - Bamboo Banga.flac
 Fr: D:\Musica\Discografias\M.I.A\2007 - Kala
 To: G:\Musica\Discografias\M.I.A.\2007-08-20 - Kala [16bit-44.1kHz]
File read to copy: 01 - Karmageddon.flac
 Fr: D:\Musica\Discografias\M.I.A\2013 - Matangi
 To: G:\Musica\Discografias\M.I.A.\2013-11-05 - Matangi [16bit-44.1kHz]
File read to copy: 01 - Borders.flac
 Fr: D:\Musica\Discografias\M.I.A\2016 - AIM (Deluxe)
 To: G:\Musica\Discografias\M.I.A.\2016-09-09 - AIM (Deluxe) [16bit-44.1kHz]
File read to copy: 01 - Intro.flac
 Fr: D:\Musica\Discografias\M83\2011 - Hurry up, We're Dreaming
 To: G:\Musica\Discografias\M83\2011-10-18 - Hurry up, We're Dreaming [16bit-44.1kHz]
File read to copy: Madonna - Madonna (8 - Everybody).flac
 Fr: D:\Musica\Discografias\Madonna\1983 - Madonna (1985 - Sire Records Company • Warner-Pioneer Corp. - Japan - 32XD-318)
 To: G:\Musica\Discografias\Madonna\1983 - Madonna [16bit-44.1kHz]
File read to copy: Madonna - Like A Virgin (3 - Like A Virgin).flac
 Fr: D:\Musica\Discografias\Madonna\1984 - Like A Virgin (1994 - Sire Records Company - Germany - 7599-25181-2)
 To: G:\Musica\Discografias\Madonna\1984 - Like A Virgin [16bit-44.1kHz]
File read to copy: Madonna - True Blue (5 - Where_s The Party).flac
 Fr: D:\Musica\Discografias\Madonna\1986 - True Blue (1986 - Sire Records Company • Warner-Pioneer Corp. - Japan - 32XD-449)
 To: G:\Musica\Discografias\Madonna\1986 - True Blue [16bit-44.1kHz]
File read to copy: Various - Who_s That Girl (8 - Can_t Stop).flac
 Fr: D:\Musica\Discografias\Madonna\1987 - Who_s That Girl - Original Motion Picture Soundtrack (2004 - Sire Records Company - Germany - 7599-25611-2)
 To: G:\Musica\Discografias\Madonna\1987 - Who's That Girl [16bit-44.1kHz]
File read to copy: Madonna - You Can Dance (5 - Over And Over).flac
 Fr: D:\Musica\Discografias\Madonna\1987 - You Can Dance (2004 - Sire Records Company - Germany - 7599-25535-2)
 To: G:\Musica\Discografias\Madonna\1987 - You Can Dance [16bit-44.1kHz]
File read to copy: Madonna - Like A Prayer (10 - Pray For Spanish Eyes).flac
 Fr: D:\Musica\Discografias\Madonna\1989 - Like A Prayer (2004 - Sire Records Company - Germany - 7599-25844-2)
 To: G:\Musica\Discografias\Madonna\1989 - Like A Prayer [16bit-44.1kHz]
File read to copy: Madonna - I_m Breathless (11 - Now I_m Following You (Part ll)).flac
 Fr: D:\Musica\Discografias\Madonna\1990 - I_m Breathless (1990 - Sire Records Company • Warner Bros. Records Inc. - US - 9 26209-2)
 To: G:\Musica\Discografias\Madonna\1990 - I'm Breathless [16bit-44.1kHz]
File read to copy: Madonna - The Immaculate Collection (9 - Papa Don_t Preach).flac
 Fr: D:\Musica\Discografias\Madonna\1990 - The Immaculate Collection (1990 - Sire Records Company • Warner Bros. Records Inc. - US - 9 26440-2)
 To: G:\Musica\Discografias\Madonna\1990 - The Immaculate Collection [16bit-44.1kHz]
File read to copy: Madonna - Erotica (Explicit) (10 - Rain).flac
 Fr: D:\Musica\Discografias\Madonna\1992 - Erotica (1992 - Maverick Recording Company • Sire Records Company - US - 9 45031-2)
 To: G:\Musica\Discografias\Madonna\1992 - Erotica (Explicit) [16bit-44.1kHz]
File read to copy: Madonna - Bedtime Stories (10 - Bedtime Story).flac
 Fr: D:\Musica\Discografias\Madonna\1994 - Bedtime Stories (1994 - Maverick Recording Company • Sire Records Company - Germany - 9362-45767-2)
 To: G:\Musica\Discografias\Madonna\1994 - Bedtime Stories [16bit-44.1kHz]
File read to copy: Madonna - Something To Remember (11 - One More Chance).flac
 Fr: D:\Musica\Discografias\Madonna\1995 - Something To Remember
 To: G:\Musica\Discografias\Madonna\1995 - Something To Remember [16bit-44.1kHz]
File read to copy: Madonna - Frozen (2 - Stereo MC_s Remix).flac
 Fr: D:\Musica\Discografias\Madonna\1998 - Frozen (CDM) (1998 - Maverick Recording Company • Warner Bros. Records Inc. - US - 9 43993-2)
 To: G:\Musica\Discografias\Madonna\1998 - Frozen [16bit-44.1kHz]
File read to copy: Madonna - Ray Of Light (3 - Ray Of Light).flac
 Fr: D:\Musica\Discografias\Madonna\1998 - Ray Of Light (1998 - Maverick Recording Company • Warner Bros. Records Inc. - US - 9 46847-2)
 To: G:\Musica\Discografias\Madonna\1998 - Ray Of Light [16bit-44.1kHz]
File read to copy: Madonna - Music (10 - Gone).flac
 Fr: D:\Musica\Discografias\Madonna\2000 - Music (2000 - Maverick Recording Company • Warner Bros. Records Inc. - Germany - 9362-47865-2)
 To: G:\Musica\Discografias\Madonna\2000 - Music [16bit-44.1kHz]
File read to copy: Madonna - American Life (10 - Die Another Day (From The MGM Motion Picture Die Another Day)).flac
 Fr: D:\Musica\Discografias\Madonna\2003 - American Life (2003 - Maverick Recording Company • Warner Bros. Records Inc. - US - 48439-2)
 To: G:\Musica\Discografias\Madonna\2003 - American Life [16bit-44.1kHz]
File read to copy: Madonna - Remixed And Revisited (2 - Love Profusion (Headcleanr Rock Mix)).flac
 Fr: D:\Musica\Discografias\Madonna\2003 - Remixed And Revisited
 To: G:\Musica\Discografias\Madonna\2003 - Remixed And Revisited [16bit-44.1kHz]
File read to copy: Madonna - Confessions On A Dance Floor (8 - Jump).flac
 Fr: D:\Musica\Discografias\Madonna\2005 - Confessions On A Dance Floor (2006 - Warner Bros. Records Inc. • Warner Music Japan Inc. - Japan - WPZR-30184-5)
 To: G:\Musica\Discografias\Madonna\2005 - Confessions On A Dance Floor [16bit-44.1kHz]
File read to copy: Madonna - Hard Candy (2 - 4 Minutes (feat. Justin Timberlake And Timbaland)).flac
 Fr: D:\Musica\Discografias\Madonna\2008 - Hard Candy (2008 - Warner Bros. Records Inc. - Germany - 9362-49884-9)
 To: G:\Musica\Discografias\Madonna\2008 - Hard Candy [16bit-44.1kHz]
File read to copy: Madonna - Celebration (Deluxe Edition) Disc 2 (7 - Crazy For You).flac
 Fr: D:\Musica\Discografias\Madonna\2009 - Celebration (Deluxe Edition) (2009 - Warner Bros. Records Inc. - Germany - 9362-49729-6)\Disc Two
 To: G:\Musica\Discografias\Madonna\2009 - Celebration (Deluxe Edition) Disc 2 [16bit-44.1kHz]
File read to copy: Madonna - Celebration (Deluxe Edition) Disc 1 (6 - Everybody).flac
 Fr: D:\Musica\Discografias\Madonna\2009 - Celebration (Deluxe Edition) (2009 - Warner Bros. Records Inc. - Germany - 9362-49729-6)\Disc One
 To: G:\Musica\Discografias\Madonna\2009 - Celebration (Deluxe Edition) Disc 1 [16bit-44.1kHz]
File read to copy: Madonna - MDNA (Deluxe Edition) Disc 1 (1 - Girl Gone Wild).flac
 Fr: D:\Musica\Discografias\Madonna\2012 - MDNA (Deluxe Edition)\Disc One
 To: G:\Musica\Discografias\Madonna\2012 - MDNA (Deluxe Edition) Disc 1 [16bit-44.1kHz]
File read to copy: Madonna - MDNA (Deluxe Edition) Disc 2 (5 - Give Me All Your Luvin_ (Party Rock Remix) (feat. LMFAO And.flac
 Fr: D:\Musica\Discografias\Madonna\2012 - MDNA (Deluxe Edition)\Disc Two
 To: G:\Musica\Discografias\Madonna\2012 - MDNA (Deluxe Edition) Disc 2 [16bit-44.1kHz]
File read to copy: Madonna - Rebel Heart (Deluxe Version) Disc 2 (4 - Graffiti Heart).flac
 Fr: D:\Musica\Discografias\Madonna\2015 - Rebel Heart\Disc Two
 To: G:\Musica\Discografias\Madonna\2015 - Rebel Heart (Deluxe Version) Disc 2 [16bit-44.1kHz]
File read to copy: Madonna - Rebel Heart (Deluxe Version) Disc 1 (18 - Messiah).flac
 Fr: D:\Musica\Discografias\Madonna\2015 - Rebel Heart\Disc One
 To: G:\Musica\Discografias\Madonna\2015 - Rebel Heart (Deluxe Version) Disc 1 [16bit-44.1kHz]
File read to copy: 01 - Hung Up.flac
 Fr: D:\Musica\Discografias\Madonna\2009 - Celebration
 To: G:\Musica\Discografias\Madonna\2009-09-04 - Celebration [16bit-44.1kHz]
File read to copy: 01 - T'esnucare Contra'l Bide.flac
 Fr: D:\Musica\Discografias\Mago de Oz\1994 - Mägo de Oz
 To: G:\Musica\Discografias\Mägo de Oz\1994 - Mägo de Oz [16bit-44.1kHz]
File read to copy: 01 - Génesis.flac
 Fr: D:\Musica\Discografias\Mago de Oz\1996 - Jesús de Chamberí
 To: G:\Musica\Discografias\Mägo de Oz\1996 - Jesús de Chamberí [16bit-44.1kHz]
File read to copy: 01 - El Lago.flac
 Fr: D:\Musica\Discografias\Mago de Oz\1997 - La Bruja [EP]
 To: G:\Musica\Discografias\Mägo de Oz\1997 - La Bruja [16bit-44.1kHz]
File read to copy: 01 - En un Lugar....flac
 Fr: D:\Musica\Discografias\Mago de Oz\1998 - La Leyenda de la Mancha
 To: G:\Musica\Discografias\Mägo de Oz\1998 - La Leyenda de la Mancha [16bit-44.1kHz]
File read to copy: 01 - Prólogo.flac
 Fr: D:\Musica\Discografias\Mago de Oz\2000 - Finisterra\CD1
 To: G:\Musica\Discografias\Mägo de Oz\2000 - Finisterra [16bit-44.1kHz]\Disk 1
File read to copy: 01 - Fiesta Pagana.flac
 Fr: D:\Musica\Discografias\Mago de Oz\2000 - Finisterra\CD2
 To: G:\Musica\Discografias\Mägo de Oz\2000 - Finisterra [16bit-44.1kHz]\Disk 2
File read to copy: 01 - Obertura MDXX.flac
 Fr: D:\Musica\Discografias\Mago de Oz\2003 - Gaia
 To: G:\Musica\Discografias\Mägo de Oz\2003 - Gaia [16bit-44.1kHz]
File read to copy: 01 - Irish Pub.flac
 Fr: D:\Musica\Discografias\Mago de Oz\2004 - Belfast
 To: G:\Musica\Discografias\Mägo de Oz\2004 - Belfast [16bit-44.1kHz]
File read to copy: 01 - Volaverunt Opus 666.flac
 Fr: D:\Musica\Discografias\Mago de Oz\2005 - Gaia II; La Voz Dormida\CD 1
 To: G:\Musica\Discografias\Mägo de Oz\2005 - Gaia II La Voz Dormida [16bit-44.1kHz]\Disk 1
File read to copy: 01 - Íncubos y Súcubos.flac
 Fr: D:\Musica\Discografias\Mago de Oz\2005 - Gaia II; La Voz Dormida\CD 2
 To: G:\Musica\Discografias\Mägo de Oz\2005 - Gaia II La Voz Dormida [16bit-44.1kHz]\Disk 2
File read to copy: 01 - El Espíritu del Bosque (Intro).flac
 Fr: D:\Musica\Discografias\Mago de Oz\2007 - La Ciudad de los Árboles
 To: G:\Musica\Discografias\Mägo de Oz\2007 - La Ciudad de los Árboles [16bit-44.1kHz]
File read to copy: 01 - El Latido de Gaia (Intro).flac
 Fr: D:\Musica\Discografias\Mago de Oz\2010 - Gaia III; Atlantia\Disco I
 To: G:\Musica\Discografias\Mägo de Oz\2010 - Gaia III Atlantia [16bit-44.1kHz]\Disk 1
File read to copy: 01 - Mis Demonios (Atrévete a Vivir).flac
 Fr: D:\Musica\Discografias\Mago de Oz\2010 - Gaia III; Atlantia\Disco II
 To: G:\Musica\Discografias\Mägo de Oz\2010 - Gaia III Atlantia [16bit-44.1kHz]\Disk 2
File read to copy: 01 - Madre Tierra (Intro).flac
 Fr: D:\Musica\Discografias\Mago de Oz\2010 - Gaia; Epílogo
 To: G:\Musica\Discografias\Mägo de Oz\2010 - Gaia Epílogo [16bit-44.1kHz]
File read to copy: 01 - El Libro de las Sombras.flac
 Fr: D:\Musica\Discografias\Mago de Oz\2012 - Hechizos, Pócimas y Brujería
 To: G:\Musica\Discografias\Mägo de Oz\2012 - Hechizos, Pócimas y Brujería [16bit-44.1kHz]
File read to copy: 01 - Pensatorium.flac
 Fr: D:\Musica\Discografias\Mago de Oz\2014 - Ilussia
 To: G:\Musica\Discografias\Mägo de Oz\2014 - Ilussia [16bit-44.1kHz]
File read to copy: 01 - Prólogo.flac
 Fr: D:\Musica\Discografias\Mago de Oz\2015 - Finisterra Opera Rock\CD 1
 To: G:\Musica\Discografias\Mägo De Oz\2015 - Finisterra Opera Rock [16bit-44.1kHz]\Disk 1
File read to copy: 01 - Fiesta Pagana.flac
 Fr: D:\Musica\Discografias\Mago de Oz\2015 - Finisterra Opera Rock\CD 2
 To: G:\Musica\Discografias\Mägo De Oz\2015 - Finisterra Opera Rock [16bit-44.1kHz]\Disk 2
File read to copy: 01 - Jerusalem D.C.flac
 Fr: D:\Musica\Discografias\Mago de Oz\2019 - Ira Dei
 To: G:\Musica\Discografias\Mägo de Oz\2019-03-08 - Ira Dei [16bit-44.1kHz]
File read to copy: 01 - La isla de las 7 Calaveras (Intro).flac
 Fr: D:\Musica\Discografias\Mago de Oz\2021 - Bandera Negra
 To: G:\Musica\Discografias\Mägo de Oz\2021-09-17 - Bandera Negra [16bit-44.1kHz]
File read to copy: 01 - Pachuco.flac
 Fr: D:\Musica\Discografias\Maldita Vecindad\1991 - El Circo
 To: G:\Musica\Discografias\Maldita Vecindad\1991-08-13 - El Circo [16bit-44.1kHz]
File read to copy: 01 - Pachuco (Remasterizado).flac
 Fr: D:\Musica\Discografias\Maldita Vecindad\2015 - A 30 Años
 To: G:\Musica\Discografias\Maldita Vecindad\2015-06-16 - A 30 Años [16bit-44.1kHz]
File read to copy: 01 - El Malasuerte.flac
 Fr: D:\Musica\Discografias\Maldita Vecindad\2016 - Mostros
 To: G:\Musica\Discografias\Maldita Vecindad\2016-09-01 - Mostros [16bit-44.1kHz]
File read to copy: 01. Borro Cassette.flac
 Fr: D:\Musica\Discografias\Maluma\2015 - Pretty Boy, Dirty Boy (FLAC)
 To: G:\Musica\Discografias\Maluma\2015 - Pretty Boy, Dirty Boy [16bit-44.1kHz]
File read to copy: 01 - The Love Song.flac
 Fr: D:\Musica\Discografias\Marilyn Manson\2004 - Lest We Forget The Best Of
 To: G:\Musica\Discografias\Marilyn Manson\2004 - Lest  We Forget The Best Of [16bit-44.1kHz]
File read to copy: 01 - If I Was Your Vampire.flac
 Fr: D:\Musica\Discografias\Marilyn Manson\2007 - Eat Me, Drink Me
 To: G:\Musica\Discografias\Marilyn Manson\2007 - Eat Me, Drink Me [16bit-44.1kHz]
File read to copy: 01 - Hey, Cruel World....flac
 Fr: D:\Musica\Discografias\Marilyn Manson\2012 - Born Villain
 To: G:\Musica\Discografias\Marilyn Manson\2012 - Born Villain [16bit-44.1kHz]
File read to copy: 01 - Killing Strangers.flac
 Fr: D:\Musica\Discografias\Marilyn Manson\2015 - The Pale Emperor
 To: G:\Musica\Discografias\Marilyn Manson\2015 - The Pale Emperor [16bit-44.1kHz]
File read to copy: 01 - Revelation #12.flac
 Fr: D:\Musica\Discografias\Marilyn Manson\2017 - Heaven Upside Down
 To: G:\Musica\Discografias\Marilyn Manson\2017 - Heaven Upside Down [16bit-44.1kHz]
File read to copy: 01 - Harder To Breathe.flac
 Fr: D:\Musica\Discografias\Maroon 5\2002 - Songs About Jane
 To: G:\Musica\Discografias\Maroon 5\2003 - Songs About Jane [16bit-44.1kHz]
File read to copy: 07. Can_t Stop.flac
 Fr: D:\Musica\Discografias\Maroon 5\2007 - It Won_t Be Soon Before Long (FLAC)
 To: G:\Musica\Discografias\Maroon 5\2007 - It Won't Be Soon Before Long [16bit-44.1kHz]
File read to copy: 19. Wake Up Call (Acoustic).flac
 Fr: D:\Musica\Discografias\Maroon 5\2010 - Hands All Over [Japan Edition] (FLAC)
 To: G:\Musica\Discografias\Maroon 5\2010 - Hands All Over [Japan Edition [16bit-44.1kHz]
File read to copy: 05. The Man Who Never Lied.flac
 Fr: D:\Musica\Discografias\Maroon 5\2012 - Overexposed (Deluxe Edition) (FLAC)
 To: G:\Musica\Discografias\Maroon 5\2012 - Overexposed (Deluxe Edition) [16bit-44.1kHz]
File read to copy: 09. Coming Back For You.flac
 Fr: D:\Musica\Discografias\Maroon 5\2014 - V (Deluxe Edition) (FLAC)
 To: G:\Musica\Discografias\Maroon 5\2014 - V [Deluxe Edition [16bit-44.1kHz]
File read to copy: 08 - Whiskey.flac
 Fr: D:\Musica\Discografias\Maroon 5\2017 - Red Pill Blues Hi-Res
 To: G:\Musica\Discografias\Maroon 5\2017 - Red Pill Blues [24bit-44.1kHz]
File read to copy: 09 - Pantry Queen.flac
 Fr: D:\Musica\Discografias\Maroon 5\Karas Flowers - Thefourthword
 To: G:\Musica\Discografias\Kara's Flowers\1997 - Fourth World [16bit-44.1kHz]
File read to copy: 01 - Wake Up Dead.flac
 Fr: D:\Musica\Discografias\Megadeth\1986 - Peace Sells... but Who's Buying\1986 - Peace Sells... but Who's Buying
 To: G:\Musica\Discografias\Megadeth\1986 - Peace Sells... but Who's Buying [16bit-44.1kHz]
File read to copy: 09 - Wake Up Dead (Randy Burns mix).flac
 Fr: D:\Musica\Discografias\Megadeth\1986 - Peace Sells... but Who's Buying\1986 - Peace Sells... but Who's Buying\2004 - Remixed & Remastered
 To: G:\Musica\Discografias\Megadeth\2004 - Peace Sells... but Who's Buying [16bit-44.1kHz]
File read to copy: 01 - Intro.flac
 Fr: D:\Musica\Discografias\Megadeth\1986 - Peace Sells... but Who's Buying\1986 - Peace Sells... but Who's Buying\2011 - 25th Anniversary - Live at Phantasy Theater, Cleveland 1987
 To: G:\Musica\Discografias\Megadeth\2011 - Peace Sells... but Who's Buying [16bit-44.1kHz]
File read to copy: 01 - Into The Lungs Of Hell.flac
 Fr: D:\Musica\Discografias\Megadeth\1988 - So Far, So Good... So What!\1988 - So Far, So Good... So What!
 To: G:\Musica\Discografias\Megadeth\1988 - So Far, So Good... So What! [16bit-44.1kHz]
File read to copy: 09 - Into The Lungs Of Hell (Paul Lani Mix).flac
 Fr: D:\Musica\Discografias\Megadeth\1988 - So Far, So Good... So What!\2004 - Remixed & Remastered
 To: G:\Musica\Discografias\Megadeth\2004 - So Far, So Good... So What! [16bit-44.1kHz]
File read to copy: 01 - Holy Wars... The Punishment Due.flac
 Fr: D:\Musica\Discografias\Megadeth\1990 - Rust in Peace\1990 - Rust in Peace
 To: G:\Musica\Discografias\Megadeth\1990 - Rust in Peace [16bit-44.1kHz]
File read to copy: 10 - My Creation.flac
 Fr: D:\Musica\Discografias\Megadeth\1990 - Rust in Peace\2004 - Remixed & Remastered
 To: G:\Musica\Discografias\Megadeth\2004 - Rust in Peace [16bit-44.1kHz]
File read to copy: 01 - Skin o' My Teeth.flac
 Fr: D:\Musica\Discografias\Megadeth\1992 - Countdown To Extinction\1992 - Countdown To Extinction
 To: G:\Musica\Discografias\Megadeth\1992 - Countdown to Extinction [16bit-44.1kHz]
File read to copy: 12 - Crown Of Worms.flac
 Fr: D:\Musica\Discografias\Megadeth\1992 - Countdown To Extinction\2004 - Remixed & Remastered
 To: G:\Musica\Discografias\Megadeth\2004 - Countdown to Extinction [16bit-44.1kHz]
File read to copy: 01 - Intro.flac
 Fr: D:\Musica\Discografias\Megadeth\1992 - Countdown To Extinction\2012 - 20th Anniversary - Live at Cow Palac
 To: G:\Musica\Discografias\Megadeth\2012 - Countdown to Extinction [16bit-44.1kHz]
File read to copy: 01 - Reckoning Day.flac
 Fr: D:\Musica\Discografias\Megadeth\1994 - Youthanasia\1994 - Youthanasia
 To: G:\Musica\Discografias\Megadeth\1994 - Youthanasia [16bit-44.1kHz]
File read to copy: 13 - A Crown Of Worms (Bonus Track).flac
 Fr: D:\Musica\Discografias\Megadeth\1994 - Youthanasia\1994 - Youthanasia (Japanese bonus tracks)
 To: G:\Musica\Discografias\Megadeth\1994 - Youthanasia [16bit-44.1kHz]
File read to copy: 13 - Millennium Of The Blind (Bonus) [Previously Unreleased].flac
 Fr: D:\Musica\Discografias\Megadeth\1994 - Youthanasia\2004 - Remixed & Remastered
 To: G:\Musica\Discografias\Megadeth\2004 - Youthanasia [16bit-44.1kHz]
File read to copy: 01. Who Can It Be Now.flac
 Fr: D:\Musica\Discografias\Men At Work\1996 - Contraband The Best Of Men At Work (FLAC)
 To: G:\Musica\Discografias\Men At Work\1996 - ContrabandThe Best Of Men At Work [16bit-44.1kHz]
File read to copy: 01 - Hit The Lights.flac
 Fr: D:\Musica\Discografias\Metallica\1983 - Kill 'Em All
 To: G:\Musica\Discografias\Metallica\1983 - Kill 'Em All [16bit-44.1kHz]
File read to copy: 01. Fight Fire With Fire.flac
 Fr: D:\Musica\Discografias\Metallica\1984 - Ride The Lightning (Remastered) (FLAC)
 To: G:\Musica\Discografias\Metallica\1984 - Ride The Lightning (Remastered) [16bit-44.1kHz]
File read to copy: 01 - Battery.flac
 Fr: D:\Musica\Discografias\Metallica\1986 - Master of Puppets
 To: G:\Musica\Discografias\Metallica\1986 - Master Of Puppets [16bit-44.1kHz]
File read to copy: 01 - Blackened.flac
 Fr: D:\Musica\Discografias\Metallica\1988 - ...And Justice for All
 To: G:\Musica\Discografias\Metallica\1988 - ...And Justice For All [16bit-44.1kHz]
File read to copy: 01 - Enter Sandman.flac
 Fr: D:\Musica\Discografias\Metallica\1991 - Metallica (Black Album)
 To: G:\Musica\Discografias\Metallica\1991 - Metallica [16bit-44.1kHz]
File read to copy: 01 - Ain't My Bitch.flac
 Fr: D:\Musica\Discografias\Metallica\1996 - Load
 To: G:\Musica\Discografias\Metallica\1996 - Load [16bit-44.1kHz]
File read to copy: 01 - Fuel.flac
 Fr: D:\Musica\Discografias\Metallica\1997 - Reload
 To: G:\Musica\Discografias\Metallica\1997 - Reload [16bit-44.1kHz]
File read to copy: 01 - Free Speech For The Dumb.flac
 Fr: D:\Musica\Discografias\Metallica\1998 - Garage Inc\Disc 1
 To: G:\Musica\Discografias\Metallica\1998 - Garage Inc. [16bit-44.1kHz]\Disk 1
File read to copy: 01 - Helpless.flac
 Fr: D:\Musica\Discografias\Metallica\1998 - Garage Inc\Disc 2
 To: G:\Musica\Discografias\Metallica\1998 - Garage Inc. [16bit-44.1kHz]\Disk 2
File read to copy: 01 - The Ecstasy Of Gold.flac
 Fr: D:\Musica\Discografias\Metallica\1999 - S&M\Disc 1
 To: G:\Musica\Discografias\Metallica\1999 - S&M [16bit-44.1kHz]\Disk 1
File read to copy: 01 - Nothing Else Matters.flac
 Fr: D:\Musica\Discografias\Metallica\1999 - S&M\Disc 2
 To: G:\Musica\Discografias\Metallica\1999 - S&M [16bit-44.1kHz]\Disk 2
File read to copy: 01 - Frantic.flac
 Fr: D:\Musica\Discografias\Metallica\2003 - St. Anger
 To: G:\Musica\Discografias\Metallica\2003 - St. Anger [16bit-44.1kHz]
File read to copy: 01 - That Was Just Your Life.flac
 Fr: D:\Musica\Discografias\Metallica\2008 - Death Magnetic
 To: G:\Musica\Discografias\Metallica\2008 - Death Magnetic [16bit-44.1kHz]
File read to copy: 01 - Brandenburg Gate.flac
 Fr: D:\Musica\Discografias\Metallica\2011 - Lulu\Disc 1
 To: G:\Musica\Discografias\Metallica  Lou Reed\2011 - Lulu [16bit-44.1kHz]\Disk 1
File read to copy: 01 - Frustration.flac
 Fr: D:\Musica\Discografias\Metallica\2011 - Lulu\Disc 2
 To: G:\Musica\Discografias\Metallica  Lou Reed\2011 - Lulu [16bit-44.1kHz]\Disk 2
File read to copy: 01 - Hardwired.flac
 Fr: D:\Musica\Discografias\Metallica\2016 - Hardwired...To Self-Destruct\Disc 1
 To: G:\Musica\Discografias\Metallica\2016 - Hardwired...To Self-Destruct [16bit-44.1kHz]\Disk 1
File read to copy: 01 - Confusion.flac
 Fr: D:\Musica\Discografias\Metallica\2016 - Hardwired...To Self-Destruct\Disc 2
 To: G:\Musica\Discografias\Metallica\2016 - Hardwired...To Self-Destruct [16bit-44.1kHz]\Disk 2
File read to copy: 01 - Lords Of Summer.flac
 Fr: D:\Musica\Discografias\Metallica\2016 - Hardwired...To Self-Destruct\Disc 3
 To: G:\Musica\Discografias\Metallica\2016 - Hardwired...To Self-Destruct [16bit-44.1kHz]\Disk 3
File read to copy: 01 - Time To Pretend.flac
 Fr: D:\Musica\Discografias\MGMT\2008 - Oracular Spectacular (1st Japan Press SICP-1820)
 To: G:\Musica\Discografias\MGMT\2008 - Oracular Spectacular [16bit-44.1kHz]
File read to copy: 01. It's Working.flac
 Fr: D:\Musica\Discografias\MGMT\2011 - Congratulations [Australian Tour Edition]\Disc 1
 To: G:\Musica\Discografias\MGMT\2011 - Congratulations [Australian Tour Edition CD1 [16bit-44.1kHz]
File read to copy: 01. Congratulations - Erol Alkan Remix.flac
 Fr: D:\Musica\Discografias\MGMT\2011 - Congratulations [Australian Tour Edition]\Disc 2
 To: G:\Musica\Discografias\MGMT\2011 - Congratulations [Australian Tour Edition CD2 [16bit-44.1kHz]
File read to copy: 01 - Alien Days.flac
 Fr: D:\Musica\Discografias\MGMT\2013 - MGMT
 To: G:\Musica\Discografias\MGMT\2013 - MGMT [16bit-44.1kHz]
File read to copy: 01 She Works Out Too Much.flac
 Fr: D:\Musica\Discografias\MGMT\2018 - Little Dark Age
 To: G:\Musica\Discografias\MGMT\2018 - Little Dark Age [16bit-44.1kHz]
File read to copy: 01 - Infinite Canyons.flac
 Fr: D:\Musica\Discografias\Miami Horror\2010 - Illumination
 To: G:\Musica\Discografias\Miami Horror\2010 - Illumination [16bit-44.1kHz]
File read to copy: 01 American Dream.flac
 Fr: D:\Musica\Discografias\Miami Horror\2015 - All Possible Futures
 To: G:\Musica\Discografias\Miami Horror\2015-04-24 - All Possible Futures [16bit-44.1kHz]
File read to copy: 07 - Man in the Mirror.flac
 Fr: D:\Musica\Discografias\Michael Jackson\1987 - Bad
 To: G:\Musica\Discografias\Michael Jackson\1987 - Bad [16bit-44.1kHz]
File read to copy: 03 - The Girl Is Mine.flac
 Fr: D:\Musica\Discografias\Michael Jackson\1982 - Thriller
 To: G:\Musica\Discografias\Michael Jackson\1982 - Thriller [16bit-44.1kHz]
File read to copy: 13 - Michael Jackson - Gone Too Soon.flac
 Fr: D:\Musica\Discografias\Michael Jackson\1991 - Dangerous
 To: G:\Musica\Discografias\Michael Jackson\1991 - Dangerous [16bit-44.1kHz]
File read to copy: 01 - Perfecta.flac
 Fr: D:\Musica\Discografias\Miranda!\2008 - El Templo del Pop
 To: G:\Musica\Discografias\Miranda!\2008 - El Templo del Pop [16bit-44.1kHz]
File read to copy: 01 - Prisionero.flac
 Fr: D:\Musica\Discografias\Miranda!\2007 - El Disco de Tu Corazón
 To: G:\Musica\Discografias\Miranda!\2007 - El Disco de Tu Corazón [16bit-44.1kHz]
File read to copy: 01 - Yo Te Diré.flac
 Fr: D:\Musica\Discografias\Miranda!\2005 - Sin Restricciones
 To: G:\Musica\Discografias\Miranda!\2005 - Sin Restricciones [16bit-44.1kHz]
File read to copy: 01 - 743.flac
 Fr: D:\Musica\Discografias\Miranda!\2017 - Fuerte
 To: G:\Musica\Discografias\Miranda!\2017 - Fuerte [16bit-44.1kHz]
File read to copy: 01 - Mentía.flac
 Fr: D:\Musica\Discografias\Miranda!\2009 - Miranda Es Imposible!
 To: G:\Musica\Discografias\Miranda!\2009 - Miranda Es Imposible! [16bit-44.1kHz]
File read to copy: 01 - Fantasmas.flac
 Fr: D:\Musica\Discografias\Miranda!\2014 - Safari
 To: G:\Musica\Discografias\Miranda!\2014 - Safari [16bit-44.1kHz]
File read to copy: 01. Quisiera Adivinar.flac
 Fr: D:\Musica\Discografias\Moenia\1999 - Adicion (FLAC)
 To: G:\Musica\Discografias\Moenia\1999 - Adicion [16bit-44.1kHz]
File read to copy: 01. Tormento.flac
 Fr: D:\Musica\Discografias\Mon Laferte\2015 - Mon Laferte, vol. 1
 To: G:\Musica\Discografias\Mon Laferte\2015 - Mon Laferte, vol. 1 [16bit-44.1kHz]
File read to copy: 01 - Sunburn.flac
 Fr: D:\Musica\Discografias\Muse\1999 - Showbiz
 To: G:\Musica\Discografias\Muse\1999 - Showbiz [16bit-44.1kHz]
File read to copy: 01 - New Born.flac
 Fr: D:\Musica\Discografias\Muse\2001 - Origin Of Symmetry
 To: G:\Musica\Discografias\Muse\2001 - Origin Of Symmetry [16bit-44.1kHz]
File read to copy: 01 - Intro.flac
 Fr: D:\Musica\Discografias\Muse\2003 - Absolution
 To: G:\Musica\Discografias\Muse\2003 - Absolution [16bit-44.1kHz]
File read to copy: 01 - Take A Bow.flac
 Fr: D:\Musica\Discografias\Muse\2006 - Black Holes And Revelations
 To: G:\Musica\Discografias\Muse\2006 - Black Holes And Revelations [16bit-44.1kHz]
File read to copy: 01 - Uprising.flac
 Fr: D:\Musica\Discografias\Muse\2009 - The Resistance
 To: G:\Musica\Discografias\Muse\2009 - The Resistance [16bit-44.1kHz]
File read to copy: 01 - Supremacy.flac
 Fr: D:\Musica\Discografias\Muse\2012 - The 2nd Law
 To: G:\Musica\Discografias\Muse\2012 - The 2nd Law [16bit-44.1kHz]
File read to copy: 01 - Dead Inside.flac
 Fr: D:\Musica\Discografias\Muse\2015 - Drones
 To: G:\Musica\Discografias\Muse\2015 - Drones [16bit-44.1kHz]
File read to copy: 01 - Algorithm.flac
 Fr: D:\Musica\Discografias\Muse\2018 - Simulation Theory (Super Deluxe)\CD 1
 To: G:\Musica\Discografias\Muse\2018 - Simulation Theory (Super Deluxe) [16bit-44.1kHz]\Disk 1
File read to copy: 01 - Algorithm (Alternate Reality Version).flac
 Fr: D:\Musica\Discografias\Muse\2018 - Simulation Theory (Super Deluxe)\CD 2
 To: G:\Musica\Discografias\Muse\2018 - Simulation Theory (Super Deluxe) [16bit-44.1kHz]\Disk 2
File read to copy: 01. Host.flac
 Fr: D:\Musica\Discografias\Muse\2000 - Random 1-8 (FLAC)
 To: G:\Musica\Discografias\Muse\2000 - Random 1-8 [16bit-44.1kHz]
File read to copy: 01 - Intro (Live from Wembley Stadium).flac
 Fr: D:\Musica\Discografias\Muse\2008 - HAARP (Live from Wembley Stadium)
 To: G:\Musica\Discografias\Muse\2008 - HAARP (Live from Wembley Stadium) [16bit-44.1kHz]
File read to copy: 01 - New Born (XX Anniversary RemiXX).flac
 Fr: D:\Musica\Discografias\Muse\2001 - Origin of Symmetry (XX Anniversary RemiXX)
 To: G:\Musica\Discografias\Muse\2001-07-17 - Origin of Symmetry (XX Anniversary RemiXX) [16bit-44.1kHz]
File read to copy: 01 - Will Of The People.flac
 Fr: D:\Musica\Discografias\Muse\2022 - Will Of The People
 To: G:\Musica\Discografias\Muse\2022-08-26 - Will Of The People [16bit-44.1kHz]
File read to copy: 01 - Romance.flac
 Fr: D:\Musica\Discografias\My Chemical Romance\2002 - I Brought You My Bullets, You Brought Me Your Love
 To: G:\Musica\Discografias\My Chemical Romance\2002 - I Brought You My Bullets, You Brought Me Your Love [16bit-44.1kHz]
File read to copy: 01 - Helena.flac
 Fr: D:\Musica\Discografias\My Chemical Romance\2004 - Three Cheers for Sweet Revenge
 To: G:\Musica\Discografias\My Chemical Romance\2004 - Three Cheers for Sweet Revenge [16bit-44.1kHz]
File read to copy: 01 - The End..flac
 Fr: D:\Musica\Discografias\My Chemical Romance\2006 - The Black Parade
 To: G:\Musica\Discografias\My Chemical Romance\2006 - The Black Parade [16bit-44.1kHz]
File read to copy: 15 - My Way Home Is Through You [B-Side].flac
 Fr: D:\Musica\Discografias\My Chemical Romance\2006 - The Black Parade (Deluxe Bonus Tracks)
 To: G:\Musica\Discografias\My Chemical Romance\2006 - The Black Parade [16bit-44.1kHz]
File read to copy: 01 - Look Alive, Sunshine.flac
 Fr: D:\Musica\Discografias\My Chemical Romance\2010 - Danger Days- The True Lives of the Fabulous Killjoys
 To: G:\Musica\Discografias\My Chemical Romance\2010 - Danger Days The True Lives of the Fabulous Killjoys [16bit-44.1kHz]
File read to copy: 01 - Boy Division.flac
 Fr: D:\Musica\Discografias\My Chemical Romance\2013 - Conventional Weapons\Disc 1
 To: G:\Musica\Discografias\My Chemical Romance\2012 - Conventional Weapons [16bit-44.1kHz]\Disk 1
File read to copy: 01 - AMBULANCE.flac
 Fr: D:\Musica\Discografias\My Chemical Romance\2013 - Conventional Weapons\Disc 2
 To: G:\Musica\Discografias\My Chemical Romance\2012 - Conventional Weapons [16bit-44.1kHz]\Disk 2
File read to copy: 01 - The World Is Ugly.flac
 Fr: D:\Musica\Discografias\My Chemical Romance\2013 - Conventional Weapons\Disc 3
 To: G:\Musica\Discografias\My Chemical Romance\2012 - Conventional Weapons [16bit-44.1kHz]\Disk 3
File read to copy: 01 - Kiss the Ring.flac
 Fr: D:\Musica\Discografias\My Chemical Romance\2013 - Conventional Weapons\Disc 4
 To: G:\Musica\Discografias\My Chemical Romance\2013 - Conventional Weapons [16bit-44.1kHz]\Disk 4
File read to copy: 01 - Surrender the Night.flac
 Fr: D:\Musica\Discografias\My Chemical Romance\2013 - Conventional Weapons\Disc 5
 To: G:\Musica\Discografias\My Chemical Romance\2013 - Conventional Weapons [16bit-44.1kHz]\Disk 5
File read to copy: 01. El Ganador.flac
 Fr: D:\Musica\Discografias\Nicky Jam\2017 - Fenix
 To: G:\Musica\Discografias\Nicky Jam\2017 - Fenix [16bit-44.1kHz]
File read to copy: 01 - Blew.flac
 Fr: D:\Musica\Discografias\Nirvana\1989 - Bleach
 To: G:\Musica\Discografias\Nirvana\1989 - Bleach [16bit-44.1kHz]
File read to copy: 01 - Smells Like Teen Spirit.flac
 Fr: D:\Musica\Discografias\Nirvana\1991 - Nevermind
 To: G:\Musica\Discografias\Nirvana\1991 - Nevermind [16bit-44.1kHz]
File read to copy: 01 - Turnaround (Mark Mothersbaugh, Gerald Casale).flac
 Fr: D:\Musica\Discografias\Nirvana\1992 - Hormoaning
 To: G:\Musica\Discografias\Nirvana\1992 - Hormoaning [16bit-44.1kHz]
File read to copy: 01 - Dive.flac
 Fr: D:\Musica\Discografias\Nirvana\1992 - Incesticide
 To: G:\Musica\Discografias\Nirvana\1992 - Incesticide [16bit-44.1kHz]
File read to copy: 01 - Serve The Servants.flac
 Fr: D:\Musica\Discografias\Nirvana\1993 - In Utero
 To: G:\Musica\Discografias\Nirvana\1993 - In Utero [16bit-44.1kHz]
File read to copy: 01 - About a Girl .flac
 Fr: D:\Musica\Discografias\Nirvana\1994 - Unplugged In New York
 To: G:\Musica\Discografias\Nirvana\1994 - Unplugged In New York [16bit-44.1kHz]
File read to copy: 01. Odisea.flac
 Fr: D:\Musica\Discografias\Ozuna\2017 - Odisea (FLAC)
 To: G:\Musica\Discografias\Ozuna\2017 - Odisea [16bit-44.1kHz]
File read to copy: 01. Nibiru.flac
 Fr: D:\Musica\Discografias\Ozuna\2019 - Nibiru (FLAC)
 To: G:\Musica\Discografias\Ozuna\2019-11-29 - Nibiru [16bit-44.1kHz]
File read to copy: 01. Reflexiones De Una Mente Perturbada.flac
 Fr: D:\Musica\Discografias\Panda\2009 - Para Ti Con Desprecio (FLAC)
 To: G:\Musica\Discografias\Panda\2009 - Para Ti Con Desprecio [16bit-44.1kHz]
File read to copy: 01 - La Estrategia Perdida.flac
 Fr: D:\Musica\Discografias\Panda\2007 - Amantes Sunt Amentes
 To: G:\Musica\Discografias\Panda\2007 - Amantes Sunt Amentes [16bit-44.1kHz]
File read to copy: 01 - Popurrí para Ti.flac
 Fr: D:\Musica\Discografias\Panda\2009 - Poetics\CD1
 To: G:\Musica\Discografias\Panda\2009 - Poetics [16bit-44.1kHz]\Disk 1
File read to copy: 01 - Que Tu Cama Sea Mi Hogar.flac
 Fr: D:\Musica\Discografias\Panda\2009 - Poetics\CD2
 To: G:\Musica\Discografias\Panda\2009 - Poetics [16bit-44.1kHz]\Disk 2
File read to copy: 01 - Huésped en casa propia.flac
 Fr: D:\Musica\Discografias\Panda\2018 - Bonanza
 To: G:\Musica\Discografias\Panda\2018 - Bonanza [16bit-44.1kHz]
File read to copy: 01 - Nuestra Aflicción (MTV Unplugged).flac
 Fr: D:\Musica\Discografias\Panda\2010 - Panda MTV Unplugged (Live)
 To: G:\Musica\Discografias\Panda\2010 - Panda MTV Unplugged (Live) [16bit-44.1kHz]
File read to copy: 01 - Intro (En vivo).flac
 Fr: D:\Musica\Discografias\Panda\2007 - Sinfonia Soledad
 To: G:\Musica\Discografias\Panda\2007 - Sinfonia Soledad [16bit-44.1kHz]
File read to copy: 01 - Paramore - All We Know.flac
 Fr: D:\Musica\Discografias\Paramore\2005 - All We Know Is Falling
 To: G:\Musica\Discografias\Paramore\2005 - All We Know Is Falling [16bit-44.1kHz]
File read to copy: 01 For A Pessimist, I'm Pretty Optimistic.flac
 Fr: D:\Musica\Discografias\Paramore\2007 - RIOT! (Limited Edition MVI)
 To: G:\Musica\Discografias\Paramore\2007 - RIOT! [Limited Edition [16bit-44.1kHz]
File read to copy: 01 - Born For This.flac
 Fr: D:\Musica\Discografias\Paramore\2008 - The Final Riot!
 To: G:\Musica\Discografias\Paramore\2008 - The Final RIOT! [16bit-44.1kHz]
File read to copy: 01. Careful.flac
 Fr: D:\Musica\Discografias\Paramore\2009 - Brand New Eyes (Deluxe European)
 To: G:\Musica\Discografias\Paramore\2009 - Brand New Eyes [16bit-44.1kHz]
File read to copy: 01 Fast In My Car.flac
 Fr: D:\Musica\Discografias\Paramore\2013 - Paramore (Japan Edition)
 To: G:\Musica\Discografias\Paramore\2013 - Paramore (Japan Edition) [16bit-44.1kHz]
File read to copy: 01 - Hard Times.flac
 Fr: D:\Musica\Discografias\Paramore\2017 - After Laughter
 To: G:\Musica\Discografias\Paramore\2017 - After Laughter [16bit-44.1kHz]
File read to copy: 01. Colores.flac
 Fr: D:\Musica\Discografias\Pastilla\2007 - A Marte
 To: G:\Musica\Discografias\Pastilla\2007 - A Marte [16bit-44.1kHz]
File read to copy: 01 - Two Divided by Zero (2001 Remaster).flac
 Fr: D:\Musica\Discografias\Pet Shop Boys\1986 - Please
 To: G:\Musica\Discografias\Pet Shop Boys\1986 - Please [16bit-44.1kHz]
File read to copy: 01 - One More Chance (2001 Remaster).flac
 Fr: D:\Musica\Discografias\Pet Shop Boys\1987 - Actually
 To: G:\Musica\Discografias\Pet Shop Boys\1987 - Actually [16bit-44.1kHz]
File read to copy: 01 - Go West (2003 Remaster).flac
 Fr: D:\Musica\Discografias\Pet Shop Boys\2003 - PopArt- The Hits\CD1
 To: G:\Musica\Discografias\Pet Shop Boys\2003 - PopArt The Hits [16bit-44.1kHz]\Disk 1
File read to copy: 01 - Left to My Own Devices (Single Version; 2001 Remas.flac
 Fr: D:\Musica\Discografias\Pet Shop Boys\2003 - PopArt- The Hits\CD2
 To: G:\Musica\Discografias\Pet Shop Boys\2003 - PopArt The Hits [16bit-44.1kHz]\Disk 2
File read to copy: 01 - Atom Heart Mother.flac
 Fr: D:\Musica\Discografias\Pink Floyd\1970 - Atom Heart Mother
 To: G:\Musica\Discografias\Pink Floyd\1970 - Atom Heart Mother [16bit-44.1kHz]
File read to copy: 01 - Speak To Me - Breathe.flac
 Fr: D:\Musica\Discografias\Pink Floyd\1973 - The Dark Side Of The Moon
 To: G:\Musica\Discografias\Pink Floyd\1973 - The Dark Side Of The Moon [16bit-44.1kHz]
File read to copy: 01 - Shine On You Crazy Diamond (Parts I-V).flac
 Fr: D:\Musica\Discografias\Pink Floyd\1975 - Wish You Were Here
 To: G:\Musica\Discografias\Pink Floyd\1975 - Wish You Were Here [16bit-44.1kHz]
File read to copy: 01 - Pigs On The Wing (Part 1).flac
 Fr: D:\Musica\Discografias\Pink Floyd\1977 - Animals
 To: G:\Musica\Discografias\Pink Floyd\1977 - Animals [16bit-44.1kHz]
File read to copy: 01 - In The Flesh.flac
 Fr: D:\Musica\Discografias\Pink Floyd\1979 - The Wall\CD 1
 To: G:\Musica\Discografias\Pink Floyd\1979 - The Wall [16bit-44.1kHz]\Disk 1
File read to copy: 01 - Hey You.flac
 Fr: D:\Musica\Discografias\Pink Floyd\1979 - The Wall\CD 2
 To: G:\Musica\Discografias\Pink Floyd\1979 - The Wall [16bit-44.1kHz]\Disk 2
File read to copy: 01 - The Post War Dream.flac
 Fr: D:\Musica\Discografias\Pink Floyd\1983 - The Final Cut
 To: G:\Musica\Discografias\Pink Floyd\1983 - The Final Cut [16bit-44.1kHz]
File read to copy: 04 Pink Floyd - San Tropez.flac
 Fr: D:\Musica\Discografias\Pink Floyd\1971 - Meddle
 To: G:\Musica\Discografias\Pink Floyd\1971 - Meddle [16bit-44.1kHz]
File read to copy: 4. I Bleed - 2008 Remastered Version.flac
 Fr: D:\Musica\Discografias\Pixies\1989 - Doolittle
 To: G:\Musica\Discografias\Pixies\1989 - Doolittle (2008 Remastered Version) [16bit-44.1kHz]
File read to copy: 8. Cactus - 2007 Remastered Version.flac
 Fr: D:\Musica\Discografias\Pixies\1988 - Surfer Rosa
 To: G:\Musica\Discografias\Pixies\1988 - Surfer Rosa (2007 Remastered Version) [16bit-44.1kHz]
File read to copy: 01 Bulletproof Cupid.flac
 Fr: D:\Musica\Discografias\Placebo\CD 1 - Sleeping with Ghosts
 To: G:\Musica\Discografias\Placebo\2003 - Sleeping with Ghosts [16bit-44.1kHz]
File read to copy: 01 - Meds.flac
 Fr: D:\Musica\Discografias\Placebo\2006 - Meds
 To: G:\Musica\Discografias\Placebo\2006 - Meds [16bit-44.1kHz]
File read to copy: 01 - Kitty Litter.flac
 Fr: D:\Musica\Discografias\Placebo\2009 - Battle for the Sun
 To: G:\Musica\Discografias\Placebo\2009 - Battle for the Sun [16bit-44.1kHz]
File read to copy: 01 - Taste in Men.flac
 Fr: D:\Musica\Discografias\Placebo\2000 - Black Market Music
 To: G:\Musica\Discografias\Placebo\2000 - Black Market Music [16bit-44.1kHz]
File read to copy: 01 - Come Home.flac
 Fr: D:\Musica\Discografias\Placebo\1996 - Placebo
 To: G:\Musica\Discografias\Placebo\1996 - Placebo [16bit-44.1kHz]
File read to copy: 01 - Pure Morning.flac
 Fr: D:\Musica\Discografias\Placebo\1998 - Without You I'm Nothing
 To: G:\Musica\Discografias\Placebo\1998 - Without You I'm Nothing [16bit-44.1kHz]
File read to copy: 01 - Loud Like Love.flac
 Fr: D:\Musica\Discografias\Placebo\2013 - Loud Like Love
 To: G:\Musica\Discografias\Placebo\2013 - Loud Like Love [16bit-44.1kHz]
File read to copy: 01. Toll Free.flac
 Fr: D:\Musica\Discografias\Plastilina Mosh\2008 - All U Need Is Mosh (FLAC)
 To: G:\Musica\Discografias\Plastilina Mosh\2008 - All U Need Is Mosh [16bit-44.1kHz]
File read to copy: 1 - Espiral.flac
 Fr: D:\Musica\Discografias\Porter\2004 - Donde Los Ponys Pastan
 To: G:\Musica\Discografias\Porter\2004 - Donde los Ponys Pastan [16bit-44.1kHz]
File read to copy: 01 - El Túnel.flac
 Fr: D:\Musica\Discografias\Porter\2007 - Atemahawke
 To: G:\Musica\Discografias\Porter\2007 - Atemahawke [16bit-44.1kHz]
File read to copy: 01 - Paranoid.flac
 Fr: D:\Musica\Discografias\Post Malone\2018 - beerbongs & bentleys
 To: G:\Musica\Discografias\Post Malone\2018 - beerbongs & bentleys [24bit-44.1kHz]
File read to copy: 01 - Hollywood's Bleeding.flac
 Fr: D:\Musica\Discografias\Post Malone\2019 - Hollywood's Bleeding
 To: G:\Musica\Discografias\Post Malone\2019 - Hollywood's Bleeding [24bit-44.1kHz]
File read to copy: 01 - Mustapha (Remastered 2011).flac
 Fr: D:\Musica\Discografias\Queen\1978 - Jazz (Deluxe Remastered Version)\CD1
 To: G:\Musica\Discografias\Queen\1978 - Jazz (Deluxe Remastered Version) [16bit-44.1kHz]\Disk 1
File read to copy: 01 - Fat Bottomed Girls (Single Version - Remastered 20.flac
 Fr: D:\Musica\Discografias\Queen\1978 - Jazz (Deluxe Remastered Version)\CD2
 To: G:\Musica\Discografias\Queen\1978 - Jazz (Deluxe Remastered Version) [16bit-44.1kHz]\Disk 2
File read to copy: 01 - We Will Rock You (Remastered 2011).flac
 Fr: D:\Musica\Discografias\Queen\1977 - News Of The World (Deluxe Remastered Version)\CD1
 To: G:\Musica\Discografias\Queen\1977 - News Of The World (Deluxe Remastered Version) [16bit-44.1kHz]\Disk 1
File read to copy: 01 - Feelings, Feelings (Take 10 - July 1977).flac
 Fr: D:\Musica\Discografias\Queen\1977 - News Of The World (Deluxe Remastered Version)\CD2
 To: G:\Musica\Discografias\Queen\1977 - News Of The World (Deluxe Remastered Version) [16bit-44.1kHz]\Disk 2
File read to copy: 01 - Tie Your Mother Down (Remastered 2011).flac
 Fr: D:\Musica\Discografias\Queen\1976 - A Day At The Races (Deluxe Remastered Version)\CD1
 To: G:\Musica\Discografias\Queen\1976 - A Day At The Races (Deluxe Remastered Version) [16bit-44.1kHz]\Disk 1
File read to copy: 01 - Tie Your Mother Down (Backing Track Mix).flac
 Fr: D:\Musica\Discografias\Queen\1976 - A Day At The Races (Deluxe Remastered Version)\CD2
 To: G:\Musica\Discografias\Queen\1976 - A Day At The Races (Deluxe Remastered Version) [16bit-44.1kHz]\Disk 2
File read to copy: 01 - Death On Two Legs (Dedicated To...) (Remastered 20.flac
 Fr: D:\Musica\Discografias\Queen\1975 - A Night At The Opera (Deluxe Remastered Version)\CD1
 To: G:\Musica\Discografias\Queen\1975 - A Night At The Opera (Deluxe Remastered Version) [16bit-44.1kHz]\Disk 1
File read to copy: 01 - Keep Yourself Alive (Long Lost Retake - June 1975.flac
 Fr: D:\Musica\Discografias\Queen\1975 - A Night At The Opera (Deluxe Remastered Version)\CD2
 To: G:\Musica\Discografias\Queen\1975 - A Night At The Opera (Deluxe Remastered Version) [16bit-44.1kHz]\Disk 2
File read to copy: 01 - Keep Yourself Alive (2011 Mix).flac
 Fr: D:\Musica\Discografias\Queen\1973 - Queen (Deluxe Remastered Version)\CD1
 To: G:\Musica\Discografias\Queen\1973 - Queen (Deluxe Remastered Version) [16bit-44.1kHz]\Disk 1
File read to copy: 01 - Keep Yourself Alive (De Lane Lea Demo - December 1.flac
 Fr: D:\Musica\Discografias\Queen\1973 - Queen (Deluxe Remastered Version)\CD2
 To: G:\Musica\Discografias\Queen\1973 - Queen (Deluxe Remastered Version) [16bit-44.1kHz]\Disk 2
File read to copy: 01 - Procession (Remastered 2011).flac
 Fr: D:\Musica\Discografias\Queen\1974 - Queen II (Deluxe Remastered Version)\CD1
 To: G:\Musica\Discografias\Queen\1974 - Queen II (Deluxe Remastered Version) [16bit-44.1kHz]\Disk 1
File read to copy: 01 - See What A Fool I've Been (Live BBC Session, Londo.flac
 Fr: D:\Musica\Discografias\Queen\1974 - Queen II (Deluxe Remastered Version)\CD2
 To: G:\Musica\Discografias\Queen\1974 - Queen II (Deluxe Remastered Version) [16bit-44.1kHz]\Disk 2
File read to copy: 01 - Brighton Rock (Remastered 2011).flac
 Fr: D:\Musica\Discografias\Queen\1974 - Sheer Heart Attack (Deluxe Remastered Version)\CD1
 To: G:\Musica\Discografias\Queen\1974 - Sheer Heart Attack (Deluxe Remastered Version) [16bit-44.1kHz]\Disk 1
File read to copy: 01 - Now I’m Here (Live At Hammersmith Odeon, London -.flac
 Fr: D:\Musica\Discografias\Queen\1974 - Sheer Heart Attack (Deluxe Remastered Version)\CD2
 To: G:\Musica\Discografias\Queen\1974 - Sheer Heart Attack (Deluxe Remastered Version) [16bit-44.1kHz]\Disk 2
File read to copy: 01 - Play The Game (Remastered 2011).flac
 Fr: D:\Musica\Discografias\Queen\1980 - The Game (Deluxe Remastered Version)\CD1
 To: G:\Musica\Discografias\Queen\1980 - The Game (Deluxe Remastered Version) [16bit-44.1kHz]\Disk 1
File read to copy: 01 - Save Me (Live In Montreal - November 1981).flac
 Fr: D:\Musica\Discografias\Queen\1980 - The Game (Deluxe Remastered Version)\CD2
 To: G:\Musica\Discografias\Queen\1980 - The Game (Deluxe Remastered Version) [16bit-44.1kHz]\Disk 2
File read to copy: 01 - Flash's Theme (Remastered 2011).flac
 Fr: D:\Musica\Discografias\Queen\1980 - Flash Gordon (Deluxe Remastered Version)\CD1
 To: G:\Musica\Discografias\Queen\1980 - Flash Gordon (Deluxe Remastered Version) [16bit-44.1kHz]\Disk 1
File read to copy: 01 - Flash (Single Version).flac
 Fr: D:\Musica\Discografias\Queen\1980 - Flash Gordon (Deluxe Remastered Version)\CD2
 To: G:\Musica\Discografias\Queen\1980 - Flash Gordon (Deluxe Remastered Version) [16bit-44.1kHz]\Disk 2
File read to copy: 01 - Staying Power (Remastered 2011).flac
 Fr: D:\Musica\Discografias\Queen\1982 - Hot Space (Deluxe Remastered Version)\CD1
 To: G:\Musica\Discografias\Queen\1982 - Hot Space (Deluxe Remastered Version) [16bit-44.1kHz]\Disk 1
File read to copy: 01 - Staying Power (Live At Milton Keynes Bowl - June 1.flac
 Fr: D:\Musica\Discografias\Queen\1982 - Hot Space (Deluxe Remastered Version)\CD2
 To: G:\Musica\Discografias\Queen\1982 - Hot Space (Deluxe Remastered Version) [16bit-44.1kHz]\Disk 2
File read to copy: 01 - Radio Ga Ga (Remastered 2011).flac
 Fr: D:\Musica\Discografias\Queen\1984 - The Works (Deluxe Remastered Version)\CD1
 To: G:\Musica\Discografias\Queen\1984 - The Works (Deluxe Remastered Version) [16bit-44.1kHz]\Disk 1
File read to copy: 01 - I Go Crazy (B-Side).flac
 Fr: D:\Musica\Discografias\Queen\1984 - The Works (Deluxe Remastered Version)\CD2
 To: G:\Musica\Discografias\Queen\1984 - The Works (Deluxe Remastered Version) [16bit-44.1kHz]\Disk 2
File read to copy: 01 - One Vision (Remastered 2011).flac
 Fr: D:\Musica\Discografias\Queen\1986 - A Kind of Magic (Deluxe Remastered Version)\CD1
 To: G:\Musica\Discografias\Queen\1986 - A Kind of Magic (Deluxe Remastered Version) [16bit-44.1kHz]\Disk 1
File read to copy: 01 - A Kind Of Magic (Highlander Version).flac
 Fr: D:\Musica\Discografias\Queen\1986 - A Kind of Magic (Deluxe Remastered Version)\CD2
 To: G:\Musica\Discografias\Queen\1986 - A Kind of Magic (Deluxe Remastered Version) [16bit-44.1kHz]\Disk 2
File read to copy: 01 - Party (Remastered 2011).flac
 Fr: D:\Musica\Discografias\Queen\1989 - The Miracle (Deluxe Remastered Version)\CD1
 To: G:\Musica\Discografias\Queen\1989 - The Miracle (Deluxe Remastered Version) [16bit-44.1kHz]\Disk 1
File read to copy: 01 - I Want It All (Remastered 2011).flac
 Fr: D:\Musica\Discografias\Queen\1989 - The Miracle (Deluxe Remastered Version)\CD2
 To: G:\Musica\Discografias\Queen\1989 - The Miracle (Deluxe Remastered Version) [16bit-44.1kHz]\Disk 2
File read to copy: 01 - Innuendo (Remastered 2011).flac
 Fr: D:\Musica\Discografias\Queen\1991 - Innuendo (Deluxe Remastered Version)\CD1
 To: G:\Musica\Discografias\Queen\1991 - Innuendo (Deluxe Remastered Version) [16bit-44.1kHz]\Disk 1
File read to copy: 01 - I Can't Live With You (1997 Rocks Retake).flac
 Fr: D:\Musica\Discografias\Queen\1991 - Innuendo (Deluxe Remastered Version)\CD2
 To: G:\Musica\Discografias\Queen\1991 - Innuendo (Deluxe Remastered Version) [16bit-44.1kHz]\Disk 2
File read to copy: 01 - It's A Beautiful Day (Remastered 2011).flac
 Fr: D:\Musica\Discografias\Queen\1995 - Made in Heaven (Deluxe Remastered Version)\CD1
 To: G:\Musica\Discografias\Queen\1995 - Made in Heaven (Deluxe Remastered Version) [16bit-44.1kHz]\Disk 1
File read to copy: 01 - Heaven For Everyone (Remastered 2011 - Single Vers.flac
 Fr: D:\Musica\Discografias\Queen\1995 - Made in Heaven (Deluxe Remastered Version)\CD2
 To: G:\Musica\Discografias\Queen\1995 - Made in Heaven (Deluxe Remastered Version) [16bit-44.1kHz]\Disk 2
File read to copy: Radiohead - OK Computer OKNOTOK 1997 2017 (Disc 2) - 06 - Melatonin [Remastered].flac
 Fr: D:\Musica\Discografias\Radiohead\1977 - OK Computer [OKNOTOK]\Disc 2
 To: G:\Musica\Discografias\Radiohead\2017 - OK Computer OKNOTOK 1997 2017 [24bit-96.0kHz]\Disk 2
File read to copy: Radiohead - OK Computer OKNOTOK 1997 2017 (Disc 1) - 07 - Fitter Happier [Remastered].flac
 Fr: D:\Musica\Discografias\Radiohead\1977 - OK Computer [OKNOTOK]\Disc 1
 To: G:\Musica\Discografias\Radiohead\2017 - OK Computer OKNOTOK 1997 2017 [24bit-96.0kHz]\Disk 1
File read to copy: 01 - You.flac
 Fr: D:\Musica\Discografias\Radiohead\1993 - Pablo Honey
 To: G:\Musica\Discografias\Radiohead\1993 - Pablo Honey [16bit-44.1kHz]
File read to copy: 01 - 2 + 2 = 5.flac
 Fr: D:\Musica\Discografias\Radiohead\2003 - Hail To the Thief
 To: G:\Musica\Discografias\Radiohead\2003 - Hail To the Thief [16bit-44.1kHz]
File read to copy: 01 - Everything In Its Right Place.flac
 Fr: D:\Musica\Discografias\Radiohead\2000 - Kid A
 To: G:\Musica\Discografias\Radiohead\2000-10-02 - Kid A [16bit-44.1kHz]
File read to copy: 01 - Planet Telex.flac
 Fr: D:\Musica\Discografias\Radiohead\1995 - The Bends
 To: G:\Musica\Discografias\Radiohead\1995-04-04 - The Bends [16bit-44.1kHz]
File read to copy: 01 - 15 Step.flac
 Fr: D:\Musica\Discografias\Radiohead\2007 - In Rainbows
 To: G:\Musica\Discografias\Radiohead\2007-10-10 - In Rainbows [16bit-44.1kHz]
File read to copy: 01 - Bloom.flac
 Fr: D:\Musica\Discografias\Radiohead\2011 - The King Of Limbs
 To: G:\Musica\Discografias\Radiohead\2011-02-18 - The King Of Limbs [16bit-44.1kHz]
File read to copy: 01 - Wollt Ihr Das Bett In Flammen Sehen.flac
 Fr: D:\Musica\Discografias\Rammstein\1995 - Herzeleid
 To: G:\Musica\Discografias\Rammstein\1995 - Herzeleid [16bit-44.1kHz]
File read to copy: 01 - Sehnsucht.flac
 Fr: D:\Musica\Discografias\Rammstein\1997 - Sehnsucht
 To: G:\Musica\Discografias\Rammstein\1997 - Sehnsucht [16bit-44.1kHz]
File read to copy: 01 - Mein Herz Brennt.flac
 Fr: D:\Musica\Discografias\Rammstein\2001 - Mutter
 To: G:\Musica\Discografias\Rammstein\2001 - Mutter [16bit-44.1kHz]
File read to copy: 01 - Reise, Reise.flac
 Fr: D:\Musica\Discografias\Rammstein\2004 - Reise, Reise
 To: G:\Musica\Discografias\Rammstein\2004 - Reise, Reise [16bit-44.1kHz]
File read to copy: 01 - Benzin.flac
 Fr: D:\Musica\Discografias\Rammstein\2005 - Rosenrot
 To: G:\Musica\Discografias\Rammstein\2005 - Rosenrot [16bit-44.1kHz]
File read to copy: 01 - Deutschland.flac
 Fr: D:\Musica\Discografias\Rammstein\2019 - Rammstein
 To: G:\Musica\Discografias\Rammstein\2019 - Rammstein [16bit-44.1kHz]
File read to copy: 01 - La Leyenda del Hada y el Mago.flac
 Fr: D:\Musica\Discografias\Rata Blanca\1990 - Magos, Espadas Y Rosas
 To: G:\Musica\Discografias\Rata Blanca\1990 - Magos, Espadas y Rosas [16bit-44.1kHz]
File read to copy: 01 - Madame X.flac
 Fr: D:\Musica\Discografias\Rata Blanca\1997 - Rata Blanca VII
 To: G:\Musica\Discografias\Rata Blanca\1997 - Rata Blanca VII [16bit-44.1kHz]
File read to copy: 01 - Intro.flac
 Fr: D:\Musica\Discografias\Rata Blanca\2005 - La Llave de la Puerta Secreta
 To: G:\Musica\Discografias\Rata Blanca\2005 - La Llave de la Puerta Secreta [16bit-44.1kHz]
File read to copy: 01 - Las Voces del Mar (Intro).flac
 Fr: D:\Musica\Discografias\Rata Blanca\2008 - El Reino Olvidado
 To: G:\Musica\Discografias\Rata Blanca\2007 - El Reino Olvidado [16bit-44.1kHz]
File read to copy: 01 - Good Time Boys.flac
 Fr: D:\Musica\Discografias\Red Hot Chili Peppers\1989 - Mother's Milk
 To: G:\Musica\Discografias\Red Hot Chili Peppers\1989 - Mother's Milk [16bit-44.1kHz]
File read to copy: 01 - The Power Of Equality.flac
 Fr: D:\Musica\Discografias\Red Hot Chili Peppers\1991 - Blood Sugar Sex Magik
 To: G:\Musica\Discografias\Red Hot Chili Peppers\1991 - Blood Sugar Sex Magik [16bit-44.1kHz]
File read to copy: 01 - Warped.flac
 Fr: D:\Musica\Discografias\Red Hot Chili Peppers\1995 - One Hot Minute
 To: G:\Musica\Discografias\Red Hot Chili Peppers\1995 - One Hot Minute [16bit-44.1kHz]
File read to copy: 01 - Around the World.flac
 Fr: D:\Musica\Discografias\Red Hot Chili Peppers\1999 - Californication
 To: G:\Musica\Discografias\Red Hot Chili Peppers\1999 - Californication [16bit-44.1kHz]
File read to copy: 01 - By the Way.flac
 Fr: D:\Musica\Discografias\Red Hot Chili Peppers\2002 - By the Way
 To: G:\Musica\Discografias\Red Hot Chili Peppers\2002 - By the Way [16bit-44.1kHz]
File read to copy: 01 - Under the Bridge.flac
 Fr: D:\Musica\Discografias\Red Hot Chili Peppers\2003 - Greatest Hits
 To: G:\Musica\Discografias\Red Hot Chili Peppers\2003 - Greatest Hits [16bit-44.1kHz]
File read to copy: 01 - Dani California.flac
 Fr: D:\Musica\Discografias\Red Hot Chili Peppers\2006 - Stadium Arcadium\1 - Jupiter
 To: G:\Musica\Discografias\Red Hot Chili Peppers\2006 - Stadium Arcadium [16bit-44.1kHz]\Disk 1
File read to copy: 01 - Desecration Smile.flac
 Fr: D:\Musica\Discografias\Red Hot Chili Peppers\2006 - Stadium Arcadium\2 - Mars
 To: G:\Musica\Discografias\Red Hot Chili Peppers\2006 - Stadium Arcadium [16bit-44.1kHz]\Disk 2
File read to copy: 01 - Monarchy Of Roses.flac
 Fr: D:\Musica\Discografias\Red Hot Chili Peppers\2011 - I'm With You
 To: G:\Musica\Discografias\Red Hot Chili Peppers\2011 - I'm With You [16bit-44.1kHz]
File read to copy: 01 - The Getaway.flac
 Fr: D:\Musica\Discografias\Red Hot Chili Peppers\2016 - The Getaway
 To: G:\Musica\Discografias\Red Hot Chili Peppers\2016 - The Getaway [16bit-44.1kHz]
File read to copy: 01 - Tease Me Please Me.flac
 Fr: D:\Musica\Discografias\Scorpions\Live\1995 - Live Bites
 To: G:\Musica\Discografias\Scorpions\1995 - Live Bites [16bit-44.1kHz]
File read to copy: 01 - Ladies And Gentlemen.flac
 Fr: D:\Musica\Discografias\Scorpions\Live\2011 Get Your Sting And Blackout\CD 1
 To: G:\Musica\Discografias\Scorpions\2011 - Get Your Sting And Blackout [16bit-44.1kHz]\Disk 1
File read to copy: 01 - Blackout.flac
 Fr: D:\Musica\Discografias\Scorpions\Live\2011 Get Your Sting And Blackout\CD 2
 To: G:\Musica\Discografias\Scorpions\2011 - Get Your Sting And Blackout [16bit-44.1kHz]\Disk 2
File read to copy: 01 - Sting In The Tail.flac
 Fr: D:\Musica\Discografias\Scorpions\Live\2013 - MTV Unplugged - Live  In Athens\CD 1
 To: G:\Musica\Discografias\Scorpions\2013 - MTV Unplugged In Athens [16bit-44.1kHz]\Disk 1
File read to copy: 01 - Send Me An Angel.flac
 Fr: D:\Musica\Discografias\Scorpions\Live\2013 - MTV Unplugged - Live  In Athens\CD 2
 To: G:\Musica\Discografias\Scorpions\2013 - MTV Unplugged In Athens [16bit-44.1kHz]\Disk 2
File read to copy: 01 - Still Loving You.flac
 Fr: D:\Musica\Discografias\Scorpions\Recopilatorios\1984 - Gold Ballads
 To: G:\Musica\Discografias\Scorpions\1984 - Gold Ballads [16bit-44.1kHz]
File read to copy: 01 - Rock You Like A Hurricane.flac
 Fr: D:\Musica\Discografias\Scorpions\Recopilatorios\2002 - Bad For Good
 To: G:\Musica\Discografias\Scorpions\2002 - Bad For Good The Very Best Of Scorpions [16bit-44.1kHz]
File read to copy: 01 - Rock you like a hurricane.flac
 Fr: D:\Musica\Discografias\Scorpions\Recopilatorios\2010 -Icon
 To: G:\Musica\Discografias\Scorpions\2010 - Icon [16bit-44.1kHz]
File read to copy: 01 - Rhythm Of Love.flac
 Fr: D:\Musica\Discografias\Scorpions\Recopilatorios\2011 - Comeblack
 To: G:\Musica\Discografias\Scorpions\2011 - Comeblack [16bit-44.1kHz]
File read to copy: 01 - I'm Goin' Mad.flac
 Fr: D:\Musica\Discografias\Scorpions\Studio\1972 - Lonesome Crow
 To: G:\Musica\Discografias\Scorpions\1972 - Lonesome Crow [16bit-44.1kHz]
File read to copy: 01 - Pictured Life.flac
 Fr: D:\Musica\Discografias\Scorpions\Studio\1976 - Virgin Killer
 To: G:\Musica\Discografias\Scorpions\1976 - Virgin Killer [16bit-44.1kHz]
File read to copy: 01 - Make It Real.flac
 Fr: D:\Musica\Discografias\Scorpions\Studio\1980 - Animal Magnetism
 To: G:\Musica\Discografias\Scorpions\1980 - Animal Magnetism [16bit-44.1kHz]
File read to copy: 01 - Blackout.flac
 Fr: D:\Musica\Discografias\Scorpions\Studio\1982 - Blackout
 To: G:\Musica\Discografias\Scorpions\1982 - Blackout [16bit-44.1kHz]
File read to copy: 01 - Bad Boys Running Wild.flac
 Fr: D:\Musica\Discografias\Scorpions\Studio\1984 - Love At First Sting
 To: G:\Musica\Discografias\Scorpions\1984 - Love At First Sting [16bit-44.1kHz]
File read to copy: 01 - Don't Stop At The Top.flac
 Fr: D:\Musica\Discografias\Scorpions\Studio\1988 - Savage Amusement
 To: G:\Musica\Discografias\Scorpions\1988 - Savage Amusement [16bit-44.1kHz]
File read to copy: 01 - Tease Me Please Me.flac
 Fr: D:\Musica\Discografias\Scorpions\Studio\1990 - Crazy World
 To: G:\Musica\Discografias\Scorpions\1990 - Crazy World [16bit-44.1kHz]
File read to copy: 01 - Wild Child.flac
 Fr: D:\Musica\Discografias\Scorpions\Studio\1996 - Pure Instinct
 To: G:\Musica\Discografias\Scorpions\1996 - Pure Instinct [16bit-44.1kHz]
File read to copy: 01 - Mysterious.flac
 Fr: D:\Musica\Discografias\Scorpions\Studio\1999 - Eye II Eye
 To: G:\Musica\Discografias\Scorpions\1999 - Eye II Eye [16bit-44.1kHz]
File read to copy: 01 - New Generation.flac
 Fr: D:\Musica\Discografias\Scorpions\Studio\2004 - Unbreakable
 To: G:\Musica\Discografias\Scorpions\2004 - Unbreakable [16bit-44.1kHz]
File read to copy: 01 - Hour I.flac
 Fr: D:\Musica\Discografias\Scorpions\Studio\2007 - Humanity; Hour I
 To: G:\Musica\Discografias\Scorpions\2007 - Humanity Hour I [16bit-44.1kHz]
File read to copy: 01 - Empty Walls.flac
 Fr: D:\Musica\Discografias\Serj Tankian\2007 - Elect The Dead
 To: G:\Musica\Discografias\Serj Tankian\2007 - Elect The Dead [16bit-44.1kHz]
File read to copy: 01 - Feed Us.flac
 Fr: D:\Musica\Discografias\Serj Tankian\2010 - Elect The Dead Symphony (Live)
 To: G:\Musica\Discografias\Serj Tankian\2010 - Elect The Dead Symphony [16bit-44.1kHz]
File read to copy: 01 - Cornucopia.flac
 Fr: D:\Musica\Discografias\Serj Tankian\2012 - Harakiri
 To: G:\Musica\Discografias\Serj Tankian\2012 - Harakiri [16bit-44.1kHz]
File read to copy: 01. Volverte a Ver.flac
 Fr: D:\Musica\Discografias\Siddhartha\2008 - Why You
 To: G:\Musica\Discografias\Siddhartha\2008 - Why You [16bit-44.1kHz]
File read to copy: 01. Ser Parte.flac
 Fr: D:\Musica\Discografias\Siddhartha\2016 - Únicos
 To: G:\Musica\Discografias\Siddhartha\2016 - Únicos [16bit-44.1kHz]
File read to copy: 07 - Addicted.flac
 Fr: D:\Musica\Discografias\Simple Plan\2002 - No Pads, No Helmets...Just Balls [WEB]
 To: G:\Musica\Discografias\Simple Plan\2002 - No Pads, No Helmets...Just Balls [16bit-44.1kHz]
File read to copy: 01 - Shut Up.flac
 Fr: D:\Musica\Discografias\Simple Plan\2005 - MTV Hard Rock Live {Lava - CD 94112} [CD]
 To: G:\Musica\Discografias\Simple Plan\2005 - MTV Hard Rock Live [16bit-44.1kHz]
File read to copy: 01 - Shut Up!.flac
 Fr: D:\Musica\Discografias\Simple Plan\2005 - Still Not Getting Any... (Tour Edition) {Lava - 7567-93440-2} [CD]
 To: G:\Musica\Discografias\Simple Plan\2005 - Still Not Getting Any... [16bit-44.1kHz]
File read to copy: 11 - What If.flac
 Fr: D:\Musica\Discografias\Simple Plan\2008 - Simple Plan (Exclusive Explicit) [WEB]
 To: G:\Musica\Discografias\Simple Plan\2008 - Simple Plan (Exclusive Explicit) [16bit-44.1kHz]
File read to copy: 12 - Astronaut (Naked Version).flac
 Fr: D:\Musica\Discografias\Simple Plan\2011 - Get Your Heart On! - 2 [WEB]
 To: G:\Musica\Discografias\Simple Plan\2011 - Get Your Heart On! [16bit-44.1kHz]
File read to copy: 01 - Opinion Overload.flac
 Fr: D:\Musica\Discografias\Simple Plan\2016 - Taking One For The Team (French Deluxe Edition) {Atlantic - 7567-86657-1} [CD]
 To: G:\Musica\Discografias\Simple Plan\2016 - Taking One For The Team [16bit-44.1kHz]
File read to copy: 19 - Perfect (Acoustic Version).flac
 Fr: D:\Musica\Discografias\Simple Plan\2018 - No Pads, No Helmets...Just Balls (15th Anniversary Tour Edition) [WEB]
 To: G:\Musica\Discografias\Simple Plan\2018 - No Pads, No Helmets...Just Balls (15th Anniversary Tour Edition) [16bit-44.1kHz]
File read to copy: 01. Para Alcanzarte.flac
 Fr: D:\Musica\Discografias\Sin Bandera\2002 - Sin Bandera
 To: G:\Musica\Discografias\Sin Bandera\2002 - Sin Bandera [16bit-44.1kHz]
File read to copy: 01 - De viaje.flac
 Fr: D:\Musica\Discografias\Sin Bandera\2003 - De Viaje-
 To: G:\Musica\Discografias\Sin Bandera\2003 - De viaje [16bit-44.1kHz]
File read to copy: 01 - El Gato Lopez.flac
 Fr: D:\Musica\Discografias\Ska-P\1996 - El Vals del Obrero
 To: G:\Musica\Discografias\Ska-P\1996 - El Vals del Obrero [16bit-44.1kHz]
File read to copy: 01 - La Estampida.flac
 Fr: D:\Musica\Discografias\Ska-P\2002 - Que corra la voz
 To: G:\Musica\Discografias\Ska-P\2002 - Que Corra la Voz [16bit-44.1kHz]
File read to copy: 01. En la Ciudad de la Furia.flac
 Fr: D:\Musica\Discografias\Soda Stereo\1996 - Comfort Y Musica Para Volar Mtv Unplugged (FLAC)
 To: G:\Musica\Discografias\Soda Stereo\1996 - Comfort y Música para Volar [16bit-44.1kHz]
File read to copy: 01. En La Ciudad De La Furia.flac
 Fr: D:\Musica\Discografias\Soda Stereo\1997 - El Ultimo Concierto (A) (FLAC)
 To: G:\Musica\Discografias\Soda Stereo\1997 - El Ultimo Concierto A [16bit-44.1kHz]
File read to copy: 01. Disco Eterno.flac
 Fr: D:\Musica\Discografias\Soda Stereo\1997 - El Ultimo Concierto (B) (FLAC)
 To: G:\Musica\Discografias\Soda Stereo\1997 - El Último Concierto, B [Live [16bit-44.1kHz]
File read to copy: 10 Wet My Bed.flac
 Fr: D:\Musica\Discografias\Stone Temple Pilots\1992 - Core
 To: G:\Musica\Discografias\Stone Temple Pilots\1992 - Core [16bit-44.1kHz]
File read to copy: 04-Interstate Love Song.flac
 Fr: D:\Musica\Discografias\Stone Temple Pilots\1993 - Purple
 To: G:\Musica\Discografias\Stone Temple Pilots\1994 - Purple [16bit-44.1kHz]
Traceback (most recent call last):
  File "C:\Users\Batcave\PycharmProjects\Library Order by Sound Quality\FLAC_Organizer.py", line 108, in <module>
    print("File read to copy: " + file + "\n Fr: " + path + "\n To: " + destination_path, file=log)
  File "C:\Python311\Lib\encodings\cp1252.py", line 19, in encode
        return codecs.charmap_encode(input,self.errors,encoding_table)[0]
           ^^^^^^^^^^^^^^^^^^^^^^^^^^^^^^^^^^^^^^^^^^^^^^^^^^^^^^^
UnicodeEncodeError: 'charmap' codec can't encode character '\u2116' in position 89: character maps to <undefined>
Traceback (most recent call last):
  File "C:\Users\Batcave\PycharmProjects\Library Order by Sound Quality\FLAC_Organizer.py", line 108, in <module>
    print("File read to copy: " + file + "\n Fr: " + path + "\n To: " + destination_path, file=log)
  File "C:\Python311\Lib\encodings\cp1252.py", line 19, in encode
    return codecs.charmap_encode(input,self.errors,encoding_table)[0]
           ^^^^^^^^^^^^^^^^^^^^^^^^^^^^^^^^^^^^^^^^^^^^^^^^^^^^^^^
UnicodeEncodeError: 'charmap' codec can't encode character '\u2116' in position 90: character maps to <undefined>
Traceback (most recent call last):
  File "C:\Users\Batcave\PycharmProjects\Library Order by Sound Quality\FLAC_Organizer.py", line 108, in <module>
    print("File read to copy: " + file + "\n Fr: " + path + "\n To: " + destination_path, file=log)
  File "C:\Python311\Lib\encodings\cp1252.py", line 19, in encode
    return codecs.charmap_encode(input,self.errors,encoding_table)[0]
           ^^^^^^^^^^^^^^^^^^^^^^^^^^^^^^^^^^^^^^^^^^^^^^^^^^^^^^^
UnicodeEncodeError: 'charmap' codec can't encode character '\u2116' in position 89: character maps to <undefined>
Traceback (most recent call last):
  File "C:\Users\Batcave\PycharmProjects\Library Order by Sound Quality\FLAC_Organizer.py", line 108, in <module>
    print("File read to copy: " + file + "\n Fr: " + path + "\n To: " + destination_path, file=log)
  File "C:\Python311\Lib\encodings\cp1252.py", line 19, in encode
    return codecs.charmap_encode(input,self.errors,encoding_table)[0]
           ^^^^^^^^^^^^^^^^^^^^^^^^^^^^^^^^^^^^^^^^^^^^^^^^^^^^^^^
UnicodeEncodeError: 'charmap' codec can't encode character '\u2116' in position 99: character maps to <undefined>
Traceback (most recent call last):
  File "C:\Users\Batcave\PycharmProjects\Library Order by Sound Quality\FLAC_Organizer.py", line 108, in <module>
    print("File read to copy: " + file + "\n Fr: " + path + "\n To: " + destination_path, file=log)
  File "C:\Python311\Lib\encodings\cp1252.py", line 19, in encode
    return codecs.charmap_encode(input,self.errors,encoding_table)[0]
           ^^^^^^^^^^^^^^^^^^^^^^^^^^^^^^^^^^^^^^^^^^^^^^^^^^^^^^^
UnicodeEncodeError: 'charmap' codec can't encode character '\u2116' in position 94: character maps to <undefined>
Traceback (most recent call last):
  File "C:\Users\Batcave\PycharmProjects\Library Order by Sound Quality\FLAC_Organizer.py", line 108, in <module>
    print("File read to copy: " + file + "\n Fr: " + path + "\n To: " + destination_path, file=log)
  File "C:\Python311\Lib\encodings\cp1252.py", line 19, in encode
    return codecs.charmap_encode(input,self.errors,encoding_table)[0]
           ^^^^^^^^^^^^^^^^^^^^^^^^^^^^^^^^^^^^^^^^^^^^^^^^^^^^^^^
UnicodeEncodeError: 'charmap' codec can't encode character '\u2116' in position 90: character maps to <undefined>
Traceback (most recent call last):
  File "C:\Users\Batcave\PycharmProjects\Library Order by Sound Quality\FLAC_Organizer.py", line 108, in <module>
    print("File read to copy: " + file + "\n Fr: " + path + "\n To: " + destination_path, file=log)
  File "C:\Python311\Lib\encodings\cp1252.py", line 19, in encode
    return codecs.charmap_encode(input,self.errors,encoding_table)[0]
           ^^^^^^^^^^^^^^^^^^^^^^^^^^^^^^^^^^^^^^^^^^^^^^^^^^^^^^^
UnicodeEncodeError: 'charmap' codec can't encode character '\u2116' in position 102: character maps to <undefined>
Traceback (most recent call last):
  File "C:\Users\Batcave\PycharmProjects\Library Order by Sound Quality\FLAC_Organizer.py", line 108, in <module>
    print("File read to copy: " + file + "\n Fr: " + path + "\n To: " + destination_path, file=log)
  File "C:\Python311\Lib\encodings\cp1252.py", line 19, in encode
    return codecs.charmap_encode(input,self.errors,encoding_table)[0]
           ^^^^^^^^^^^^^^^^^^^^^^^^^^^^^^^^^^^^^^^^^^^^^^^^^^^^^^^
UnicodeEncodeError: 'charmap' codec can't encode character '\u2116' in position 102: character maps to <undefined>
Traceback (most recent call last):
  File "C:\Users\Batcave\PycharmProjects\Library Order by Sound Quality\FLAC_Organizer.py", line 108, in <module>
    print("File read to copy: " + file + "\n Fr: " + path + "\n To: " + destination_path, file=log)
  File "C:\Python311\Lib\encodings\cp1252.py", line 19, in encode
    return codecs.charmap_encode(input,self.errors,encoding_table)[0]
           ^^^^^^^^^^^^^^^^^^^^^^^^^^^^^^^^^^^^^^^^^^^^^^^^^^^^^^^
UnicodeEncodeError: 'charmap' codec can't encode character '\u2116' in position 95: character maps to <undefined>
Traceback (most recent call last):
  File "C:\Users\Batcave\PycharmProjects\Library Order by Sound Quality\FLAC_Organizer.py", line 108, in <module>
    print("File read to copy: " + file + "\n Fr: " + path + "\n To: " + destination_path, file=log)
  File "C:\Python311\Lib\encodings\cp1252.py", line 19, in encode
    return codecs.charmap_encode(input,self.errors,encoding_table)[0]
           ^^^^^^^^^^^^^^^^^^^^^^^^^^^^^^^^^^^^^^^^^^^^^^^^^^^^^^^
UnicodeEncodeError: 'charmap' codec can't encode character '\u2116' in position 92: character maps to <undefined>
Traceback (most recent call last):
  File "C:\Users\Batcave\PycharmProjects\Library Order by Sound Quality\FLAC_Organizer.py", line 108, in <module>
    print("File read to copy: " + file + "\n Fr: " + path + "\n To: " + destination_path, file=log)
  File "C:\Python311\Lib\encodings\cp1252.py", line 19, in encode
    return codecs.charmap_encode(input,self.errors,encoding_table)[0]
           ^^^^^^^^^^^^^^^^^^^^^^^^^^^^^^^^^^^^^^^^^^^^^^^^^^^^^^^
UnicodeEncodeError: 'charmap' codec can't encode character '\u2116' in position 94: character maps to <undefined>
File read to copy: 01 - Suite-Pee.flac
 Fr: D:\Musica\Discografias\System of a Down\1998 - System Of A Down
 To: G:\Musica\Discografias\System Of A Down\1998 - System Of A Down [16bit-44.1kHz]
File read to copy: 01 - Sugar.flac
 Fr: D:\Musica\Discografias\System of a Down\1999 - System Of A Down (Limited Edition Bonus)
 To: G:\Musica\Discografias\System Of A Down\1999 - System Of A Down [16bit-44.1kHz]
File read to copy: 01 - Prison Song.flac
 Fr: D:\Musica\Discografias\System of a Down\2001 - Toxicity
 To: G:\Musica\Discografias\System Of A Down\2001 - Toxicity [16bit-44.1kHz]
File read to copy: 01 - Chic 'N' Stu.flac
 Fr: D:\Musica\Discografias\System of a Down\2002 - Steal This Album
 To: G:\Musica\Discografias\System Of A Down\2002 - Steal This Album! [16bit-44.1kHz]
File read to copy: 01 - Attack.flac
 Fr: D:\Musica\Discografias\System of a Down\2005 - Hypnotize
 To: G:\Musica\Discografias\System Of A Down\2005 - Hypnotize [16bit-44.1kHz]
File read to copy: 01 - Soldier Side - Intro.flac
 Fr: D:\Musica\Discografias\System of a Down\2005 - Mezmerize
 To: G:\Musica\Discografias\System Of A Down\2005 - Mezmerize [16bit-44.1kHz]
File read to copy: A1. Be Above It.flac
 Fr: D:\Musica\Discografias\Tame Impala\2012 - Lonerism [24-96]
 To: G:\Musica\Discografias\Tame Impala\2012 - Lonerism [24bit-96.0kHz]
File read to copy: 01 Be Above It.flac
 Fr: D:\Musica\Discografias\Tame Impala\2012 - Lonerism [2CD]\Lonerism
 To: G:\Musica\Discografias\Tame Impala\2012 - Lonerism [16bit-44.1kHz]
File read to copy: 01 Apocalypse Dreams (Live).flac
 Fr: D:\Musica\Discografias\Tame Impala\2012 - Lonerism [2CD]\Rough Trade Bonus
 To: G:\Musica\Discografias\Tame Impala\2012 - Rough Trade Bonus [16bit-44.1kHz]
File read to copy: 01 Let It Happen.flac
 Fr: D:\Musica\Discografias\Tame Impala\2015 - Currents (Japan Version)\Disc 1
 To: G:\Musica\Discografias\Tame Impala\2015 - Currents [16bit-44.1kHz]\Disk 1
File read to copy: 01 Endors Toi.flac
 Fr: D:\Musica\Discografias\Tame Impala\2015 - Currents (Japan Version)\Disc 2
 To: G:\Musica\Discografias\Tame Impala\2015 - Currents [16bit-44.1kHz]\Disk 2
File read to copy: 01 One More Year.flac
 Fr: D:\Musica\Discografias\Tame Impala\2020 - The Slow Rush
 To: G:\Musica\Discografias\Tame Impala\2020 - The Slow Rush [16bit-44.1kHz]
File read to copy: 11. Protex Blue - 2013 Remastered Version.flac
 Fr: D:\Musica\Discografias\The Clash\1977 - The Clash
 To: G:\Musica\Discografias\The Clash\1977 - The Clash (Remastered) [24bit-96.0kHz]
File read to copy: 01 - London Calling.flac
 Fr: D:\Musica\Discografias\The Clash\1979 - London Calling
 To: G:\Musica\Discografias\The Clash\1979 - London Calling [16bit-44.1kHz]
File read to copy: 08 Atom Tan.flac
 Fr: D:\Musica\Discografias\The Clash\1982 - Combat Rock
 To: G:\Musica\Discografias\The Clash\1982 - Combat Rock [16bit-44.1kHz]
File read to copy: 01 - Plainsong.flac
 Fr: D:\Musica\Discografias\The Cure\1989 - Disintegration
 To: G:\Musica\Discografias\The Cure\1989-05-02 - Disintegration [16bit-44.1kHz]
File read to copy: 01. The Cure – Open.flac
 Fr: D:\Musica\Discografias\The Cure\1992 - Wish (513 261-2)
 To: G:\Musica\Discografias\The Cure\1992 - Wish (513 261-2) [16bit-44.1kHz]
File read to copy: 01 - Boys Don't Cry.flac
 Fr: D:\Musica\Discografias\The Cure\2001 - Greatest Hits
 To: G:\Musica\Discografias\The Cure\2001-11-13 - Greatest Hits [16bit-44.1kHz]
File read to copy: 01 - 10-15 Saturday Night.flac
 Fr: D:\Musica\Discografias\The Cure\1979 - Three Imaginary Boys
 To: G:\Musica\Discografias\The Cure\1979-06-01 - Three Imaginary Boys [16bit-44.1kHz]
File read to copy: 01 - Boys Don't Cry.flac
 Fr: D:\Musica\Discografias\The Cure\1980 - Boys Don't Cry
 To: G:\Musica\Discografias\The Cure\1980-01-01 - Boys Don't Cry [16bit-44.1kHz]
File read to copy: 01 - A Reflection.flac
 Fr: D:\Musica\Discografias\The Cure\1980 - Seventeen Seconds
 To: G:\Musica\Discografias\The Cure\1980-05-01 - Seventeen Seconds [16bit-44.1kHz]
File read to copy: 01 - The Holy Hour.flac
 Fr: D:\Musica\Discografias\The Cure\1981 - Faith
 To: G:\Musica\Discografias\The Cure\1981-09-01 - Faith [16bit-44.1kHz]
File read to copy: 01 - One Hundred Years.flac
 Fr: D:\Musica\Discografias\The Cure\1982 - Pornography
 To: G:\Musica\Discografias\The Cure\1982-01-01 - Pornography [16bit-44.1kHz]
File read to copy: 01 - Shake Dog Shake.flac
 Fr: D:\Musica\Discografias\The Cure\1984 - The Top
 To: G:\Musica\Discografias\The Cure\1984-04-30 - The Top [16bit-44.1kHz]
File read to copy: 01 - Inbetween Days.flac
 Fr: D:\Musica\Discografias\The Cure\1985 - The Head On The Door (Remastered)
 To: G:\Musica\Discografias\The Cure\1985-08-26 - The Head On The Door (Remastered) [16bit-44.1kHz]
File read to copy: 01 - The Kiss.flac
 Fr: D:\Musica\Discografias\The Cure\1987 - Kiss Me, Kiss Me, Kiss Me
 To: G:\Musica\Discografias\The Cure\1987-05-25 - Kiss Me, Kiss Me, Kiss Me [16bit-44.1kHz]
File read to copy: 01 - Open.flac
 Fr: D:\Musica\Discografias\The Cure\1992 - Wish
 To: G:\Musica\Discografias\The Cure\1992-04-21 - Wish [16bit-44.1kHz]
File read to copy: 01 - Want.flac
 Fr: D:\Musica\Discografias\The Cure\1996 - Wild Mood Swings
 To: G:\Musica\Discografias\The Cure\1996-05-21 - Wild Mood Swings [16bit-44.1kHz]
File read to copy: 01 - Out Of This World.flac
 Fr: D:\Musica\Discografias\The Cure\2000 - Bloodflowers
 To: G:\Musica\Discografias\The Cure\2000-02-15 - Bloodflowers [16bit-44.1kHz]
File read to copy: 01 - Lost.flac
 Fr: D:\Musica\Discografias\The Cure\2004 - The Cure
 To: G:\Musica\Discografias\The Cure\2004-06-29 - The Cure [16bit-44.1kHz]
File read to copy: 01 - Underneath The Stars.flac
 Fr: D:\Musica\Discografias\The Cure\2008 - 4-13 Dream
 To: G:\Musica\Discografias\The Cure\2008-10-28 - 413 Dream [16bit-44.1kHz]
File read to copy: 12 Cure, The - Untitled.flac
 Fr: D:\Musica\Discografias\The Cure\1989 - Disintegration hd
 To: G:\Musica\Discografias\The Cure\1989 05 02 - Disintegration [16bit-44.1kHz]
File read to copy: 03 - The Crystal Ship.flac
 Fr: D:\Musica\Discografias\The Doors\1967 - The Doors [AP45]
 To: G:\Musica\Discografias\The Doors\1967 - The Doors (AP 45) [24bit-96.0kHz]
File read to copy: 01 - The Changeling.flac
 Fr: D:\Musica\Discografias\The Doors\1971 - L.A. Woman
 To: G:\Musica\Discografias\The Doors\1971 - L.A. Woman [24bit-48.0kHz]
File read to copy: 01 - Roadhouse Blues.flac
 Fr: D:\Musica\Discografias\The Doors\1970 - Morrison Hotel
 To: G:\Musica\Discografias\The Doors\1970 - Morrison Hotel [16bit-44.1kHz]
File read to copy: 01 - Strange Days.flac
 Fr: D:\Musica\Discografias\The Doors\1967 - Strange Days
 To: G:\Musica\Discografias\The Doors\1967 - Strange Days [16bit-44.1kHz]
File read to copy: 01 - Tell All the People.flac
 Fr: D:\Musica\Discografias\The Doors\1969 - The Soft Parade
 To: G:\Musica\Discografias\The Doors\1969 - The Soft Parade [16bit-44.1kHz]
File read to copy: 01 - Hello, I Love You.flac
 Fr: D:\Musica\Discografias\The Doors\1968 - Waiting for the Sun
 To: G:\Musica\Discografias\The Doors\1968 - Waiting for the Sun [24bit-48.0kHz]
File read to copy: 01 - Break on Through (To the Other Side).flac
 Fr: D:\Musica\Discografias\The Doors\1967 - The Doors
 To: G:\Musica\Discografias\The Doors\1967 - The Doors [16bit-44.1kHz]
File read to copy: 01 - Break on Through (To the Other Side) [New Stereo M.flac
 Fr: D:\Musica\Discografias\The Doors\2001 - The Very Best of the Doors
 To: G:\Musica\Discografias\The Doors\2001 - The Very Best of the Doors [16bit-44.1kHz]
File read to copy: 01 - Jenny Was A Friend Of Mine.flac
 Fr: D:\Musica\Discografias\The Killers\2004 - Hot Fuss
 To: G:\Musica\Discografias\The Killers\2004 - Hot Fuss [16bit-44.1kHz]
File read to copy: 01 - Sam's Town.flac
 Fr: D:\Musica\Discografias\The Killers\2006 - Sam's Town\Disc 1
 To: G:\Musica\Discografias\The Killers\2006 - Sam's Town [16bit-44.1kHz]\Disk 1
File read to copy: 13 - Where The White Boys Dance.flac
 Fr: D:\Musica\Discografias\The Killers\2006 - Sam's Town\Disc 2
 To: G:\Musica\Discografias\The Killers\2006 - Sam's Town [16bit-44.1kHz]\Disk 2
File read to copy: 01 - Losing Touch .flac
 Fr: D:\Musica\Discografias\The Killers\2008 - Day & Age
 To: G:\Musica\Discografias\The Killers\2008 - Day & Age [16bit-44.1kHz]
File read to copy: 01 - Flesh and Bone.flac
 Fr: D:\Musica\Discografias\The Killers\2012 - Battle Born
 To: G:\Musica\Discografias\The Killers\2012 - Battle Born [16bit-44.1kHz]
File read to copy: 01 - Wonderful Wonderful.flac
 Fr: D:\Musica\Discografias\The Killers\2017 - Wonderful Wonderful
 To: G:\Musica\Discografias\The Killers\2017 - Wonderful Wonderful [16bit-44.1kHz]
File read to copy: 01 - Jennifer Lost the War.flac
 Fr: D:\Musica\Discografias\The Offspring\1989 - The Offspring
 To: G:\Musica\Discografias\The Offspring\1989 - The Offspring [16bit-44.1kHz]
File read to copy: 01 - Session.flac
 Fr: D:\Musica\Discografias\The Offspring\1992 - Ignition
 To: G:\Musica\Discografias\The Offspring\1992 - Ignition [16bit-44.1kHz]
File read to copy: 01 - Time To Relax.flac
 Fr: D:\Musica\Discografias\The Offspring\1994 - Smash
 To: G:\Musica\Discografias\The Offspring\1994 - Smash [16bit-44.1kHz]
File read to copy: 01 - Disclaimer.flac
 Fr: D:\Musica\Discografias\The Offspring\1997 - Ixnay On The Hombre
 To: G:\Musica\Discografias\The Offspring\1997 - Ixnay On The Hombre [16bit-44.1kHz]
File read to copy: 01 - Welcome.flac
 Fr: D:\Musica\Discografias\The Offspring\1998 - Americana
 To: G:\Musica\Discografias\The Offspring\1998 - Americana [16bit-44.1kHz]
File read to copy: 01 - Half-Truism.flac
 Fr: D:\Musica\Discografias\The Offspring\2008 - Rise And Fall, Rage And Grace
 To: G:\Musica\Discografias\The Offspring\2008 - Rise And Fall, Rage And Grace [16bit-44.1kHz]
File read to copy: 01 - The Future Is Now.flac
 Fr: D:\Musica\Discografias\The Offspring\2012 - Days Go By
 To: G:\Musica\Discografias\The Offspring\2012 - Days Go By [16bit-44.1kHz]
File read to copy: 10 Walking In Your Footsteps.flac
 Fr: D:\Musica\Discografias\The Police\2007 - The Police\The Police - The Police  (Disc Two)
 To: G:\Musica\Discografias\The Police\2007 - The Police (Disc Two) [16bit-44.1kHz]
File read to copy: 14 Canary In A Coalmine.flac
 Fr: D:\Musica\Discografias\The Police\2007 - The Police\The Police - The Police (Disc One)
 To: G:\Musica\Discografias\The Police\2007 - The Police (Disc One) [16bit-44.1kHz]
File read to copy: 06-Synchronicity II.flac
 Fr: D:\Musica\Discografias\The Police\1983 - Syncronicity  [SACD] (2016 SHM-SACD Remaster)
 To: G:\Musica\Discografias\The Police\1983 - Syncronicity [24bit-96.0kHz]
File read to copy: 09-You Can't Always Get What You Want.flac
 Fr: D:\Musica\Discografias\The Rolling Stones\1969 - Let It Bleed [ABKCO 80042]
 To: G:\Musica\Discografias\The Rolling Stones\1969 - Let It Bleed [16bit-44.1kHz]
File read to copy: 01 - Start Me Up (Remastered 2009).flac
 Fr: D:\Musica\Discografias\The Rolling Stones\1981 - Tattoo You (2009 Re-Mastered)
 To: G:\Musica\Discografias\The Rolling Stones\1981 - Tattoo You (2009 Re-Mastered) [24bit-44.1kHz]
File read to copy: 01 - Miss You (Remastered).flac
 Fr: D:\Musica\Discografias\The Rolling Stones\1978 - Some Girls (Deluxe)\CD1
 To: G:\Musica\Discografias\The Rolling Stones\1978 - Some Girls (Deluxe) [24bit-44.1kHz]\Disk 1
File read to copy: 01 - Claudine.flac
 Fr: D:\Musica\Discografias\The Rolling Stones\1978 - Some Girls (Deluxe)\CD2
 To: G:\Musica\Discografias\The Rolling Stones\1978 - Some Girls (Deluxe) [24bit-44.1kHz]\Disk 2
File read to copy: 01 - Sympathy For The Devil (50th Anniversary Edition).flac
 Fr: D:\Musica\Discografias\The Rolling Stones\1968 - Beggars Banquet (50th Anniversary Edition)
 To: G:\Musica\Discografias\The Rolling Stones\1968 - Beggars Banquet (50th Anniversary Edition) [24bit-48.0kHz]
File read to copy: 01 - Flip The Switch (Remastered).flac
 Fr: D:\Musica\Discografias\The Rolling Stones\1997 - Bridges To Babylon (Remastered)
 To: G:\Musica\Discografias\The Rolling Stones\1997-09-23 - Bridges To Babylon (Remastered) [16bit-44.1kHz]
File read to copy: 01 - Rough Justice (Remastered 2009).flac
 Fr: D:\Musica\Discografias\The Rolling Stones\2005 - A Bigger Bang
 To: G:\Musica\Discografias\The Rolling Stones\2005-09-06 - A Bigger Bang [24bit-44.1kHz]
File read to copy: 01 - Living In A Ghost Town.flac
 Fr: D:\Musica\Discografias\The Rolling Stones\2019 - Honk (Deluxe)
 To: G:\Musica\Discografias\The Rolling Stones\2019-04-19 - Honk (Deluxe) [24bit-44.1kHz]
File read to copy: 01 - Is This It.flac
 Fr: D:\Musica\Discografias\The Strokes\2001 - Is This It
 To: G:\Musica\Discografias\The Strokes\2001 - Is This It [16bit-44.1kHz]
File read to copy: 01 - What Ever Happened.flac
 Fr: D:\Musica\Discografias\The Strokes\2003 - Room On Fire
 To: G:\Musica\Discografias\The Strokes\2003 - Room On Fire [16bit-44.1kHz]
File read to copy: 01 - You Only Live Once.flac
 Fr: D:\Musica\Discografias\The Strokes\2006 - First Impressions Of Earth
 To: G:\Musica\Discografias\The Strokes\2006 - First Impressions Of Earth [16bit-44.1kHz]
File read to copy: 01 - Machu Picchu.flac
 Fr: D:\Musica\Discografias\The Strokes\2011 - Angles
 To: G:\Musica\Discografias\The Strokes\2011 - Angles [16bit-44.1kHz]
File read to copy: 01 - Tap Out.flac
 Fr: D:\Musica\Discografias\The Strokes\2013 - Comedown Machine
 To: G:\Musica\Discografias\The Strokes\2013 - Comedown Machine [16bit-44.1kHz]
File read to copy: 01 - The Adults Are Talking.flac
 Fr: D:\Musica\Discografias\The Strokes\2020 - The New Abnormal
 To: G:\Musica\Discografias\The Strokes\2020-04-10 - The New Abnormal [16bit-44.1kHz]
File read to copy: 01 - Starboy.flac
 Fr: D:\Musica\Discografias\The Weekend\2016 - Starboy
 To: G:\Musica\Discografias\The Weeknd\2016 - Starboy [16bit-44.1kHz]
File read to copy: 01 - Alone Again.flac
 Fr: D:\Musica\Discografias\The Weekend\2020 - After Hours
 To: G:\Musica\Discografias\The Weeknd\2020 - After Hours [16bit-44.1kHz]
File read to copy: 01 - Burn.flac
 Fr: D:\Musica\Discografias\Three Days Grace\2003 - Three Days Grace
 To: G:\Musica\Discografias\Three Days Grace\2003 - Three Days Grace [16bit-44.1kHz]
File read to copy: 01 - It's All Over.flac
 Fr: D:\Musica\Discografias\Three Days Grace\2006 - One-X
 To: G:\Musica\Discografias\Three Days Grace\2006 - One-X [16bit-44.1kHz]
File read to copy: A1 - The Grudge.flac
 Fr: D:\Musica\Discografias\Tool\2001 - Lateralus (24bit 96kHz Vinyl)
 To: G:\Musica\Discografias\Tool\2001 - Lateralus (Vinyl 24bit 96kHz) [24bit-96.0kHz]
File read to copy: 08 Intermission.flac
 Fr: D:\Musica\Discografias\Tool\1996 - Ænima
 To: G:\Musica\Discografias\Tool\1996 - Ænima [16bit-44.1kHz]
File read to copy: 02-tool-prison_sex.flac
 Fr: D:\Musica\Discografias\Tool\1993 - Undertow
 To: G:\Musica\Discografias\Tool\1993 - Undertow [16bit-44.1kHz]
File read to copy: 03 - Litanie contre la Peur.flac
 Fr: D:\Musica\Discografias\Tool\2019 - Fear Inoculum
 To: G:\Musica\Discografias\Tool\2019 - Fear Inoculum [16bit-44.1kHz]
File read to copy: 06-tool-lipan_conjuring.flac
 Fr: D:\Musica\Discografias\Tool\2006 - 10000 Days
 To: G:\Musica\Discografias\Tool\2006 - 10,000 Days [16bit-44.1kHz]
File read to copy: 01 - The Grudge.flac
 Fr: D:\Musica\Discografias\Tool\2001 - Lateralus
 To: G:\Musica\Discografias\TOOL\2001-05-15 - Lateralus [24bit-48.0kHz]
File read to copy: 01 - Rosanna.flac
 Fr: D:\Musica\Discografias\Toto\1982 - Toto IV
 To: G:\Musica\Discografias\Toto\1982 - Toto IV [16bit-44.1kHz]
File read to copy: 01 - Child's Anthem.flac
 Fr: D:\Musica\Discografias\Toto\1978 - Toto
 To: G:\Musica\Discografias\Toto\1978 - Toto [16bit-44.1kHz]
File read to copy: 01 - Gift Of Faith.flac
 Fr: D:\Musica\Discografias\Toto\1995 - Tambu
 To: G:\Musica\Discografias\Toto\1995 - Tambu [16bit-44.1kHz]
File read to copy: 01 - Heavydirtysoul.flac
 Fr: D:\Musica\Discografias\Twenty One Pilots\2015 - Blurryface
 To: G:\Musica\Discografias\Twenty One Pilots\2015 - Blurryface [16bit-44.1kHz]
File read to copy: 01 - Jumpsuit.flac
 Fr: D:\Musica\Discografias\Twenty One Pilots\2018 - Trench
 To: G:\Musica\Discografias\Twenty One Pilots\2018 - Trench [16bit-44.1kHz]
File read to copy: 01. Lo Pasado, Pasado.flac
 Fr: D:\Musica\Discografias\Various Artists\2007 - Jose Jose Un Tributo 1 & 2\2007 - Jose Jose Un Tributo 1 & 2 (disc 1)
 To: G:\Musica\Discografias\Various Artists\2007 - Jose Jose Un Tributo 1 & 2 [16bit-44.1kHz]
File read to copy: 01. Desesperado.flac
 Fr: D:\Musica\Discografias\Various Artists\2007 - Jose Jose Un Tributo 1 & 2\2014 - José José_ Un Tributo 1 & 2 (disc 2)
 To: G:\Musica\Discografias\Various Artists\2014 - José José Un Tributo 1 & 2 [16bit-44.1kHz]
File read to copy: 01. Afuera.flac
 Fr: D:\Musica\Discografias\Various Artists\2011 - Nos Vamos Juntos_ Un Tributo a las Canciónes de Caifanes y Jaguares\2011 - Nos Vamos Juntos_ Un Tributo a las Canciónes de Caifanes y Jaguares (disc 1 of 2)
 To: G:\Musica\Discografias\Various Artists\2011 - Nos Vamos Juntos Un Tributo a las Canciónes de Caifanes y Jaguares [16bit-44.1kHz]\Disk 1
File read to copy: 01. Viento.flac
 Fr: D:\Musica\Discografias\Various Artists\2011 - Nos Vamos Juntos_ Un Tributo a las Canciónes de Caifanes y Jaguares\2011 - Nos Vamos Juntos_ Un Tributo a las Canciónes de Caifanes y Jaguares (disc 2 of 2)
 To: G:\Musica\Discografias\Various Artists\2011 - Nos Vamos Juntos Un Tributo a las Canciónes de Caifanes y Jaguares [16bit-44.1kHz]\Disk 2
File read to copy: 01 - Amores Perros.flac
 Fr: D:\Musica\Discografias\Various Artists\2000 - Amores Perros (Soundtrack)\CD1
 To: G:\Musica\Discografias\Various Artists\2000 - Amores Perros (Soundtrack) [16bit-44.1kHz]\Disk 1
File read to copy: 01 - Me Van A Matar.flac
 Fr: D:\Musica\Discografias\Various Artists\2000 - Amores Perros (Soundtrack)\CD2
 To: G:\Musica\Discografias\Various Artists\2000 - Amores Perros (Soundtrack) [16bit-44.1kHz]\Disk 2
File read to copy: Weezer - Pinkerton [Deluxe Edition] (Disc 2) - 10 - Across The Sea Piano Noodles.flac
 Fr: D:\Musica\Discografias\Weezer\1996 - Pinkerton [Deluxe Edition]\Pinkerton [Deluxe Edition] (Disc 2)
 To: G:\Musica\Discografias\Weezer\2010 - Pinkerton [Deluxe Edition [16bit-44.1kHz]
File read to copy: Weezer - Pinkerton [Deluxe Edition] (Disc 1) - 20 - Interview - 107.7 The End - Blue Vs. Pinkerton.flac
 Fr: D:\Musica\Discografias\Weezer\1996 - Pinkerton [Deluxe Edition]\Pinkerton [Deluxe Edition] (Disc 1)
 To: G:\Musica\Discografias\Weezer\1996 - Pinkerton [Deluxe Edition [16bit-44.1kHz]
File read to copy: Weezer - Weezer (The Blue Album) [Deluxe Edition] (Disc 1) - 04 - Buddy Holly.flac
 Fr: D:\Musica\Discografias\Weezer\1994 - Blue Album [Deluxe Edition]\Weezer (The Blue Album) [Deluxe Edition] (Disc 1)
 To: G:\Musica\Discografias\Weezer\1994 - Weezer (The Blue Album) [Deluxe Edition [16bit-44.1kHz]
File read to copy: Weezer - Weezer (The Blue Album) [Deluxe Edition] (Disc 2) - 13 - I Swear It_s True (Previously Unreleased Pre-Production Recording).flac
 Fr: D:\Musica\Discografias\Weezer\1994 - Blue Album [Deluxe Edition]\Weezer (The Blue Album) [Deluxe Edition] (Disc 2)
 To: G:\Musica\Discografias\Weezer\2004 - Weezer (The Blue Album) [Deluxe Edition [16bit-44.1kHz]
File read to copy: Weezer - Teal Album - 01 - Africa.flac
 Fr: D:\Musica\Discografias\Weezer\2019 - Teal Album
 To: G:\Musica\Discografias\Weezer\2019 - Teal Album [16bit-44.1kHz]
File read to copy: 01. Ah-AhO-No.flac
 Fr: D:\Musica\Discografias\Willie Colon\1972 - El Juicio (FLAC)
 To: G:\Musica\Discografias\Willie Colón\1972 - El Juicio [16bit-44.1kHz]
File read to copy: 01. Como Antes.flac
 Fr: D:\Musica\Discografias\Yandel\2017 - #Update
 To: G:\Musica\Discografias\Yandel\2017 - Update [16bit-44.1kHz]
File read to copy: 01. Reptilectric.flac
 Fr: D:\Musica\Discografias\Zoe\2008 - Reptilectric (FLAC)
 To: G:\Musica\Discografias\ZOE\2008 - Reptilectric [16bit-44.1kHz]
File read to copy: 01. Sombras.flac
 Fr: D:\Musica\Discografias\Zoe\2012 - Música de Fondo Unplugged on MTV (FLAC)
 To: G:\Musica\Discografias\Zoé\2012 - Música de Fondo  Unplugged on MTV [16bit-44.1kHz]
File read to copy: 01 - Memo Rex.flac
 Fr: D:\Musica\Discografias\Zoe\2006 - Memo Rex Commander Y El Corazón Atómico De La Vía Láctea
 To: G:\Musica\Discografias\Zoé\2006-07-12 - Memo Rex Commander Y El Corazón Atómico De La Vía Láctea [16bit-44.1kHz]
File read to copy: 01 - Peace & Love.flac
 Fr: D:\Musica\Discografias\Zoe\2003 - Rocanlover
 To: G:\Musica\Discografias\Zoé\2003-11-19 - Rocanlover [16bit-44.1kHz]
File read to copy: 01 - 10 A.M.flac
 Fr: D:\Musica\Discografias\Zoe\2013 - Programaton
 To: G:\Musica\Discografias\Zoé\2013-01-01 - Programaton [16bit-44.1kHz]
File read to copy: 01 - Asteroide.flac
 Fr: D:\Musica\Discografias\Zoe\2017 - Zoé
 To: G:\Musica\Discografias\Zoé\2017-11-10 - Zoé [16bit-44.1kHz]
File read to copy: 01 - Venus.flac
 Fr: D:\Musica\Discografias\Zoe\2018 - Aztlán
 To: G:\Musica\Discografias\Zoé\2018-04-20 - Aztlán [16bit-44.1kHz]
File read to copy: 01 - !!!!!!!.flac
 Fr: D:\Musica\Discografias\Billie Eilish\2019 - When We All Fall Asleep, Where Do We Go {Japan UICS-1350}
 To: G:\Musica\Discografias\Billie Eilish\2019 - When We Fall Asleep, Where Do We Go [16bit-44.1kHz]
File read to copy: 3 Lost on You.flac
 Fr: D:\Musica\Discografias\LP\2017 - Lost on You
 To: G:\Musica\Discografias\LP\2017 - Lost on You [16 [16bit-44.1kHz]
File read to copy: 01 - Dreamcatcher.flac
 Fr: D:\Musica\Discografias\LP\2018 - Heart to Mouth
 To: G:\Musica\Discografias\LP\2018-12-07 - Heart to Mouth [16bit-44.1kHz]
File read to copy: 01 - Heavenly Light.flac
 Fr: D:\Musica\Discografias\LP\2014 - Forever for Now
 To: G:\Musica\Discografias\LP\2014-06-03 - Forever for Now [16bit-44.1kHz]
File read to copy: 01 - When We Touch.flac
 Fr: D:\Musica\Discografias\LP\2021 - Churches
 To: G:\Musica\Discografias\LP\2021-12-03 - Churches [16bit-44.1kHz]
File read to copy: 01 - Melody.flac
 Fr: D:\Musica\Discografias\Kungs\2016 - Layers
 To: G:\Musica\Discografias\Kungs\2016 - Layers [16bit-44.1kHz]
File read to copy: 01 - Never Going Home.flac
 Fr: D:\Musica\Discografias\Kungs\2021 - Never Going Home
 To: G:\Musica\Discografias\Kungs\2021 - Never Going Home [24bit-44.1kHz]
File read to copy: 01 - Regarde-moi.flac
 Fr: D:\Musica\Discografias\Kungs\2021 - Regarde-moi
 To: G:\Musica\Discografias\Kungs\2021 - Regarde-moi [24bit-44.1kHz]
File read to copy: 01 - Hideaway.flac
 Fr: D:\Musica\Discografias\Kiesza\2014 - Hideaway
 To: G:\Musica\Discografias\Kiesza\2014 - Hideaway [16bit-44.1kHz]
File read to copy: 1. Woman.flac
 Fr: D:\Musica\Discografias\Doja Cat\2021 - Planet Her
 To: G:\Musica\Discografias\Doja Cat\2021 - Planet Her [24bit-44.1kHz]
File read to copy: 10 Shine.flac
 Fr: D:\Musica\Discografias\Doja Cat\2019- Hot Pink (24-44)
 To: G:\Musica\Discografias\Doja Cat\2019 - Hot Pink [24bit-44.1kHz]
File read to copy: 01 - Travelin' Prayer.flac
 Fr: D:\Musica\Discografias\Billy Joel\1973 - Piano Man (Legacy Edition)\CD1
 To: G:\Musica\Discografias\Billy Joel\1973 - Piano Man (Legacy Edition) [16bit-44.1kHz]\Disk 1
File read to copy: 01 - Introduction by Ed Sciaky (Live April 1972 At Sigm.flac
 Fr: D:\Musica\Discografias\Billy Joel\1973 - Piano Man (Legacy Edition)\CD2
 To: G:\Musica\Discografias\Billy Joel\1973 - Piano Man (Legacy Edition) [16bit-44.1kHz]\Disk 2
File read to copy: 01 - That's Not Her Style.flac
 Fr: D:\Musica\Discografias\Billy Joel\1989 - Storm Front
 To: G:\Musica\Discografias\Billy Joel\1989 - Storm Front [16bit-44.1kHz]
File read to copy: 01 - Movin' Out (Anthony's Song).flac
 Fr: D:\Musica\Discografias\Billy Joel\1977 - The Stranger
 To: G:\Musica\Discografias\Billy Joel\1977 - The Stranger [16bit-44.1kHz]
File read to copy: 01 - Easy Money.flac
 Fr: D:\Musica\Discografias\Billy Joel\1983 - An Innocent Man
 To: G:\Musica\Discografias\Billy Joel\1983 - An Innocent Man [16bit-44.1kHz]
File read to copy: 02 My Own Way - Rio.flac
 Fr: D:\Musica\Discografias\Duran Duran\1982 - Rio
 To: G:\Musica\Discografias\Duran Duran\1982 - Rio [16bit-44.1kHz]
File read to copy: 01 - Too Much Information.flac
 Fr: D:\Musica\Discografias\Duran Duran\1993 - Duran Duran (The Wedding Album)
 To: G:\Musica\Discografias\Duran Duran\1993 - Duran Duran (The Wedding Album) [16bit-44.1kHz]
File read to copy: 01 - Closer.flac
 Fr: D:\Musica\Discografias\Kings of Leon\2008 - Only By The Night
 To: G:\Musica\Discografias\Kings Of Leon\2008 - Only By The Night [16bit-44.1kHz]
File read to copy: 01 - The End.flac
 Fr: D:\Musica\Discografias\Kings of Leon\2010 - Come Around Sundown (Expanded Edition)
 To: G:\Musica\Discografias\Kings Of Leon\2010-10-19 - Come Around Sundown (Expanded Edition) [16bit-44.1kHz]
File read to copy: 01 - Waste A Moment.flac
 Fr: D:\Musica\Discografias\Kings of Leon\2016 - WALLS
 To: G:\Musica\Discografias\Kings Of Leon\2016-10-14 - WALLS [24bit-48.0kHz]
File read to copy: 01 - Supersoaker.flac
 Fr: D:\Musica\Discografias\Kings of Leon\2013 - Mechanical Bull (Expanded Edition)
 To: G:\Musica\Discografias\Kings Of Leon\2013-09-24 - Mechanical Bull (Expanded Edition) [24bit-44.1kHz]
File read to copy: 01 - Knocked Up.flac
 Fr: D:\Musica\Discografias\Kings of Leon\2007 - Because Of The Times
 To: G:\Musica\Discografias\Kings Of Leon\2007-04-03 - Because Of The Times [16bit-44.1kHz]
File read to copy: 01 - Slow Night, So Long.flac
 Fr: D:\Musica\Discografias\Kings of Leon\2005 - Aha Shake Heartbreak
 To: G:\Musica\Discografias\Kings Of Leon\2005-02-22 - Aha Shake Heartbreak [24bit-48.0kHz]
File read to copy: 01 - Red Morning Light.flac
 Fr: D:\Musica\Discografias\Kings of Leon\2003 - Youth And Young Manhood
 To: G:\Musica\Discografias\Kings Of Leon\2003-08-19 - Youth And Young Manhood [16bit-44.1kHz]
File read to copy: 01 - When You See Yourself, Are You Far Away.flac
 Fr: D:\Musica\Discografias\Kings of Leon\2021 - When You See Yourself
 To: G:\Musica\Discografias\Kings Of Leon\2021-03-05 - When You See Yourself [24bit-48.0kHz]
File read to copy: 01 - The Queen Is Dead.flac
 Fr: D:\Musica\Discografias\The Smiths\1986 - The Queen Is Dead
 To: G:\Musica\Discografias\The Smiths\1986 - The Queen Is Dead [16bit-44.1kHz]
File read to copy: 01 - Reel Around the Fountain.flac
 Fr: D:\Musica\Discografias\The Smiths\1984 - The Smiths
 To: G:\Musica\Discografias\The Smiths\1984 - The Smiths [16bit-44.1kHz]
File read to copy: Joy Division - Unknown Pleasures - 08 - Wilderness.flac
 Fr: D:\Musica\Discografias\Joy Division\1979 - Unknown Pleasures
 To: G:\Musica\Discografias\Joy Division\1979 - Unknown Pleasures [16bit-44.1kHz]
File read to copy: 01 - Disorder (2019 Digital Master).flac
 Fr: D:\Musica\Discografias\Joy Division\1979 - Unknown Pleasures (2019 Digital Master)
 To: G:\Musica\Discografias\Joy Division\1979 - Unknown Pleasures (2019 Digital Master) [16bit-44.1kHz]
File read to copy: 01 - Atrocity Exhibition (2020 Digital Master).flac
 Fr: D:\Musica\Discografias\Joy Division\1980 - Closer (40th Anniversary) [2020 Digital Master]
 To: G:\Musica\Discografias\Joy Division\1980 - Closer (40th Anniversary) [2020 Digital Master [16bit-44.1kHz]
File read to copy: 01 - Love Will Tear Us Apart (2020 Remaster).flac
 Fr: D:\Musica\Discografias\Joy Division\1980 - Love Will Tear Us Apart (2020 Digital Remaster)
 To: G:\Musica\Discografias\Joy Division\1980 - Love Will Tear Us Apart (2020 Digital Remaster) [16bit-44.1kHz]
File read to copy: 01 - Warsaw (2010 Remaster).flac
 Fr: D:\Musica\Discografias\Joy Division\1988 - Substance
 To: G:\Musica\Discografias\Joy Division\1988 - Substance [16bit-44.1kHz]
File read to copy: 01 - Born in the U.S.A-.flac
 Fr: D:\Musica\Discografias\Bruce Springsteen\1984 - Born In The U.S.A-
 To: G:\Musica\Discografias\Bruce Springsteen\1984 - Born In The U.S.A. [16bit-44.1kHz]
File read to copy: 01 - Let_s Go Crazy.flac
 Fr: D:\Musica\Discografias\Prince\1984 - Purple Rain
 To: G:\Musica\Discografias\Prince and The Revolution\1984 - Purple Rain [16bit-44.1kHz]
File read to copy: 01 - La fiesta del mariachi.flac
 Fr: D:\Musica\Discografias\Luis Miguel\2017 - ¡MÉXICO Por Siempre!
 To: G:\Musica\Discografias\Luis Miguel\2017-11-24 - ¡MÉXICO Por Siempre! [16bit-44.1kHz]
File read to copy: 01 - 1+1=2 Enamorados.flac
 Fr: D:\Musica\Discografias\Luis Miguel\2010 - 1 + 1 = 2 Enamorados
 To: G:\Musica\Discografias\Luis Miguel\2010-06-22 - 1 + 1 = 2 Enamorados [16bit-44.1kHz]
File read to copy: 01 - Black Is Black - King Creole - Twist and Shout - Jailhouse Rock (Medley).flac
 Fr: D:\Musica\Discografias\Luis Miguel\2010 - Tambien Es Rock
 To: G:\Musica\Discografias\Luis Miguel\2010-06-14 - Tambien Es Rock [16bit-44.1kHz]
File read to copy: 01 - Tu Di Cuore Nonne Hai.flac
 Fr: D:\Musica\Discografias\Luis Miguel\2010 - Canta En Italiano
 To: G:\Musica\Discografias\Luis Miguel\2010-01-01 - Canta En Italiano [16bit-44.1kHz]
File read to copy: 01 - Alguien como tú (Rocasound Mix).flac
 Fr: D:\Musica\Discografias\Luis Miguel\2009 - No culpes a la noche (Club remixes & versiones originales)
 To: G:\Musica\Discografias\Luis Miguel\2009-09-22 - No culpes a la noche (Club remixes & versiones originales) [16bit-44.1kHz]
File read to copy: 01 - Te Desean.flac
 Fr: D:\Musica\Discografias\Luis Miguel\2008 - Cómplices (Edición Especial)
 To: G:\Musica\Discografias\Luis Miguel\2008-05-06 - Cómplices (Edición Especial) [16bit-44.1kHz]
File read to copy: 01 - Santa Claus Llegó a La Ciudad.flac
 Fr: D:\Musica\Discografias\Luis Miguel\2006 - Navidades Luis Miguel
 To: G:\Musica\Discografias\Luis Miguel\2006-11-14 - Navidades Luis Miguel [16bit-44.1kHz]
File read to copy: 01 - Ahora Te Puedes Marchar.flac
 Fr: D:\Musica\Discografias\Luis Miguel\2005 - Grandes Éxitos\CD1
 To: G:\Musica\Discografias\Luis Miguel\2005-11-22 - Grandes Éxitos [16bit-44.1kHz]\Disk 1
File read to copy: 01 - Si Nos Dejan (En Vivo).flac
 Fr: D:\Musica\Discografias\Luis Miguel\2005 - Grandes Éxitos\CD2
 To: G:\Musica\Discografias\Luis Miguel\2005-11-22 - Grandes Éxitos [16bit-44.1kHz]\Disk 2
File read to copy: 01 - No Me Platiques Más.flac
 Fr: D:\Musica\Discografias\Luis Miguel\2005 - Mis Boleros Favoritos
 To: G:\Musica\Discografias\Luis Miguel\2005-10-25 - Mis Boleros Favoritos [16bit-44.1kHz]
File read to copy: 01 - El Viajero.flac
 Fr: D:\Musica\Discografias\Luis Miguel\2004 - Mexico en la Piel (edicion diamante)
 To: G:\Musica\Discografias\Luis Miguel\2004-11-09 - Mexico en la Piel (edicion diamante) [16bit-44.1kHz]
File read to copy: 01 - Tú No Tienes Corazón (Tú Di Coure None Hai).flac
 Fr: D:\Musica\Discografias\Luis Miguel\2004 - Palabra De Honor
 To: G:\Musica\Discografias\Luis Miguel\2004-04-27 - Palabra De Honor [16bit-44.1kHz]
File read to copy: 01 - Un te amo.flac
 Fr: D:\Musica\Discografias\Luis Miguel\2003 - 33
 To: G:\Musica\Discografias\Luis Miguel\2003-09-30 - 33 [16bit-44.1kHz]
File read to copy: 01 - Qué sabes tú.flac
 Fr: D:\Musica\Discografias\Luis Miguel\2001 - Mis Romances
 To: G:\Musica\Discografias\Luis Miguel\2001-11-13 - Mis Romances [16bit-44.1kHz]
File read to copy: 01 - Tu mirada.flac
 Fr: D:\Musica\Discografias\Luis Miguel\1999 - Amarte Es Un Placer
 To: G:\Musica\Discografias\Luis Miguel\1999-09-14 - Amarte Es Un Placer [16bit-44.1kHz]
File read to copy: 01 - No Me Platiques Más.flac
 Fr: D:\Musica\Discografias\Luis Miguel\1998 - Todos Los Romances\CD1
 To: G:\Musica\Discografias\Luis Miguel\1998-08-11 - Todos Los Romances [16bit-44.1kHz]\Disk 1
File read to copy: 01 - El Día Que Me Quieras.flac
 Fr: D:\Musica\Discografias\Luis Miguel\1998 - Todos Los Romances\CD2
 To: G:\Musica\Discografias\Luis Miguel\1998-08-11 - Todos Los Romances [16bit-44.1kHz]\Disk 2
File read to copy: 01 - Voy a Apagar La Luz - Contigo Aprendí.flac
 Fr: D:\Musica\Discografias\Luis Miguel\1998 - Todos Los Romances\CD3
 To: G:\Musica\Discografias\Luis Miguel\1998-08-11 - Todos Los Romances [16bit-44.1kHz]\Disk 3
File read to copy: 01 - Si Te Vas.flac
 Fr: D:\Musica\Discografias\Luis Miguel\1996 - Nada Es Igual
 To: G:\Musica\Discografias\Luis Miguel\1996-01-01 - Nada Es Igual [16bit-44.1kHz]
File read to copy: 01 - El Día Que Me Quieras.flac
 Fr: D:\Musica\Discografias\Luis Miguel\1994 - Segundo Romance
 To: G:\Musica\Discografias\Luis Miguel\1994-01-01 - Segundo Romance [16bit-44.1kHz]
File read to copy: 01 - Suave.flac
 Fr: D:\Musica\Discografias\Luis Miguel\1993 - Aries
 To: G:\Musica\Discografias\Luis Miguel\1993-06-22 - Aries [16bit-44.1kHz]
File read to copy: 01 - Decidete.flac
 Fr: D:\Musica\Discografias\Luis Miguel\1992 - El Idolo De Mexico
 To: G:\Musica\Discografias\Luis Miguel\1992-01-01 - El Idolo De Mexico [16bit-44.1kHz]
File read to copy: 01 - No Me Platiques Más.flac
 Fr: D:\Musica\Discografias\Luis Miguel\1991 - Romance
 To: G:\Musica\Discografias\Luis Miguel\1991-01-01 - Romance [16bit-44.1kHz]
File read to copy: 01 - Entrégate.flac
 Fr: D:\Musica\Discografias\Luis Miguel\1990 - 20 Años
 To: G:\Musica\Discografias\Luis Miguel\1990-01-01 - 20 Años [16bit-44.1kHz]
File read to copy: 01 - Fría Como El Viento.flac
 Fr: D:\Musica\Discografias\Luis Miguel\1988 - Busca Una Mujer
 To: G:\Musica\Discografias\Luis Miguel\1988-01-01 - Busca Una Mujer [16bit-44.1kHz]
File read to copy: 01 - Es mejor (Reach Out I'll Be There).flac
 Fr: D:\Musica\Discografias\Luis Miguel\1987 - Soy Como Quiero Ser
 To: G:\Musica\Discografias\Luis Miguel\1987-01-01 - Soy Como Quiero Ser [16bit-44.1kHz]
File read to copy: 01 - Decidete.flac
 Fr: D:\Musica\Discografias\Luis Miguel\1983 - Decidete
 To: G:\Musica\Discografias\Luis Miguel\1983-01-01 - Decidete [16bit-44.1kHz]
File read to copy: 01 - Directo Al Corazon.flac
 Fr: D:\Musica\Discografias\Luis Miguel\1982 - Directo Al Corazon
 To: G:\Musica\Discografias\Luis Miguel\1982-01-01 - Directo Al Corazon [16bit-44.1kHz]
File read to copy: 01 - Dr. Psiquiatra.flac
 Fr: D:\Musica\Discografias\Gloria Trevi\1989 - Que Hago Aquí-
 To: G:\Musica\Discografias\Gloria Trevi\1989 - Que Hago Aquí [16bit-44.1kHz]
File read to copy: 01 - Psicofonía (Album Version).flac
 Fr: D:\Musica\Discografias\Gloria Trevi\2007 - Una Rosa Blu
 To: G:\Musica\Discografias\Gloria Trevi\2007 - Una Rosa Blu [16bit-44.1kHz]
File read to copy: 01 - Muevelo (Album Version).flac
 Fr: D:\Musica\Discografias\Fey\1996 - Tierna La Noche
 To: G:\Musica\Discografias\Fey\1996 - Tierna La Noche [16bit-44.1kHz]
File read to copy: 01 - Mujer contra mujer.flac
 Fr: D:\Musica\Discografias\Fey\2004 - La Fuerza Del Destino
 To: G:\Musica\Discografias\Fey\2004 - La Fuerza Del Destino [16bit-44.1kHz]
File read to copy: 01 - Azúcar Amargo.flac
 Fr: D:\Musica\Discografias\Fey\2005 - Originales - 20 Exitos
 To: G:\Musica\Discografias\Fey\2005 - Originales - 20 Exitos [16bit-44.1kHz]
File read to copy: 1 Quiero Dormir Cansado.flac
 Fr: D:\Musica\Discografias\Emmanuel\Emmanuel - Personalidad
 To: G:\Musica\Discografias\Emmanuel\2014 - Personalidad [16bit-44.1kHz]
File read to copy: 01 - Tengo (MTV Unplugged).flac
 Fr: D:\Musica\Discografias\Emmanuel\2017 - MTV Unplugged- Con El Alma Desnuda
 To: G:\Musica\Discografias\Emmanuel\2017 - MTV Unplugged Con El Alma Desnuda [16bit-44.1kHz]
File read to copy: 01 - Bailamos.flac
 Fr: D:\Musica\Discografias\Enrique Iglesias\2008 - Greatest Hits
 To: G:\Musica\Discografias\Enrique Iglesias\2008 - Greatest Hits [16bit-44.1kHz]
File read to copy: 01 - I'm A Freak.flac
 Fr: D:\Musica\Discografias\Enrique Iglesias\2014 - SEX AND LOVE (Deluxe)
 To: G:\Musica\Discografias\Enrique Iglesias\2014 - SEX AND LOVE (Deluxe) [24bit-44.1kHz]
File read to copy: 01 - Bailando (Spanish Version).flac
 Fr: D:\Musica\Discografias\Enrique Iglesias\2019 - Greatest Hits
 To: G:\Musica\Discografias\Enrique Iglesias\2019 - Greatest Hits [16bit-44.1kHz]
File read to copy: 01 - Pepe.flac
 Fr: D:\Musica\Discografias\Jeans\2008 - 12 Años
 To: G:\Musica\Discografias\Jeans\2008 - 12 Años [16bit-44.1kHz]
File read to copy: 01 - Pusher Love Girl.flac
 Fr: D:\Musica\Discografias\Justin Timberlake\2013 - The 20-20 Experience (Deluxe Version)
 To: G:\Musica\Discografias\Justin Timberlake\2013 - The 2020 Experience (Deluxe Version) [24bit-44.1kHz]
File read to copy: 01 - FutureSex - LoveSound.flac
 Fr: D:\Musica\Discografias\Justin Timberlake\2006 - FutureSex-LoveSounds
 To: G:\Musica\Discografias\Justin Timberlake\2006 - FutureSexLoveSounds [16bit-44.1kHz]
File read to copy: 08 City of Love.flac
 Fr: D:\Musica\Discografias\Yes\1983 - 90125
 To: G:\Musica\Discografias\Yes\1983 - 90125 [16bit-44.1kHz]
File read to copy: Phil Collins - Face Value [Atlantic Gold Standard] - 05 - Droned.flac
 Fr: D:\Musica\Discografias\Phil Collins\1981 - Face Value
 To: G:\Musica\Discografias\Phil Collins\1981 - Face Value [Atlantic Gold Standard [16bit-44.1kHz]
File read to copy: 11 Phil Collins - Father to Son.flac
 Fr: D:\Musica\Discografias\Phil Collins\1989 - But Seriously
 To: G:\Musica\Discografias\Phil Collins\1989 11 - ...But Seriously [16bit-44.1kHz]
File read to copy: 10 Phil Collins - Why Can_t It Wait _Til Morning.flac
 Fr: D:\Musica\Discografias\Phil Collins\1982 - Hello, I Must Be Going!
 To: G:\Musica\Discografias\Phil Collins\1982 - Hello, I Must Be Going! [16bit-44.1kHz]
File read to copy: 01 - Que nadie sepa mi sufrir (Amor de mis amores).flac
 Fr: D:\Musica\Discografias\Margarita La Diosa de la Cumbia\2010 - 30 Aniversario\CD1
 To: G:\Musica\Discografias\Margarita la diosa de la cumbia\2010-01-01 - 30 Aniversario [16bit-44.1kHz]\Disk 1
File read to copy: 01 - La vida es un carnaval.flac
 Fr: D:\Musica\Discografias\Margarita La Diosa de la Cumbia\2010 - 30 Aniversario\CD2
 To: G:\Musica\Discografias\Margarita la diosa de la cumbia\2010-01-01 - 30 Aniversario [16bit-44.1kHz]\Disk 2
File read to copy: 01 - Quiero amanecer.flac
 Fr: D:\Musica\Discografias\Margarita La Diosa de la Cumbia\2013 - Peerless 80 Aniversario - Las Mejores Cumbias Pa' Bailar
 To: G:\Musica\Discografias\Margarita la diosa de la cumbia\2013-06-18 - Peerless 80 Aniversario - Las Mejores Cumbias Pa' Bailar [16bit-44.1kHz]
File read to copy: 01 - Gracias a la vida.flac
 Fr: D:\Musica\Discografias\Margarita La Diosa de la Cumbia\2006 - Sinfonica
 To: G:\Musica\Discografias\Margarita la diosa de la cumbia\2006-02-21 - Sinfonica [16bit-44.1kHz]
File read to copy: 01 - Y Volvere.flac
 Fr: D:\Musica\Discografias\Los Angleles Negros\2013 - Los Angeles Negros
 To: G:\Musica\Discografias\Los Angeles Negros\2013 - Los Angeles Negros [16bit-44.1kHz]
File read to copy: 01 - Murió La Flor.flac
 Fr: D:\Musica\Discografias\Los Angleles Negros\2014 - Angeles Negros No Morirá Jamás
 To: G:\Musica\Discografias\Los Angeles Negros\2014 - Angeles Negros No Morirá Jamás [16bit-44.1kHz]
File read to copy: Bee Gees - Main Course - 06 - All This Making Love.flac
 Fr: D:\Musica\Discografias\Bee Gees\1975 - Main Course
 To: G:\Musica\Discografias\Bee Gees\1975 - Main Course [16bit-44.1kHz]
File read to copy: 01 - You Should Be Dancing.flac
 Fr: D:\Musica\Discografias\Bee Gees\2009 - The Ultimate Bee Gees\CD1
 To: G:\Musica\Discografias\Bee Gees\2009 - The Ultimate Bee Gees [16bit-44.1kHz]\Disk 1
File read to copy: 01 - How Deep Is Your Love.flac
 Fr: D:\Musica\Discografias\Bee Gees\2009 - The Ultimate Bee Gees\CD2
 To: G:\Musica\Discografias\Bee Gees\2009 - The Ultimate Bee Gees [16bit-44.1kHz]\Disk 2
File read to copy: 01 - Tie a Yellow Ribbon Round the Ole Oak Tree (feat..flac
 Fr: D:\Musica\Discografias\Dawn\2003 - Platinum & Gold Collection
 To: G:\Musica\Discografias\Tony Orlando', 'Dawn\2003 - Platinum & Gold Collection [16bit-44.1kHz]
File read to copy: 01 - Imagine (Remastered 2010).flac
 Fr: D:\Musica\Discografias\John Lennon\1971 - Imagine
 To: G:\Musica\Discografias\John Lennon\1971 - Imagine [16bit-44.1kHz]
File read to copy: 01 - (Just Like) Starting Over (Stripped Down Mix, 2010.flac
 Fr: D:\Musica\Discografias\John Lennon\1980 - Double Fantasy (Stripped Down)\CD1
 To: G:\Musica\Discografias\John Lennon', 'Yoko Ono\1980 - Double Fantasy (Stripped Down) [24bit-48.0kHz]\Disk 1
File read to copy: 01 - (Just Like) Starting Over.flac
 Fr: D:\Musica\Discografias\John Lennon\1980 - Double Fantasy (Stripped Down)\CD2
 To: G:\Musica\Discografias\John Lennon', 'Yoko Ono\1980 - Double Fantasy (Stripped Down) [24bit-48.0kHz]\Disk 2
File read to copy: 01 - Be-Bop-A-Lula (Remastered 2010).flac
 Fr: D:\Musica\Discografias\John Lennon\1975 - Rock 'N' Roll
 To: G:\Musica\Discografias\John Lennon\1975 - Rock 'N' Roll [16bit-44.1kHz]
File read to copy: 01 - Mother (Remastered 2010).flac
 Fr: D:\Musica\Discografias\John Lennon\1970 - Plastic Ono Band
 To: G:\Musica\Discografias\John Lennon\1970 - Plastic Ono Band [16bit-44.1kHz]
File read to copy: 01 - Good Times (2018 Remaster).flac
 Fr: D:\Musica\Discografias\Chic\1979 - Risqué (2018 Remaster)
 To: G:\Musica\Discografias\Chic\1979 - Risqué (2018 Remaster) [24bit-48.0kHz]
File read to copy: 01 - Chic Cheer (2018 Remaster).flac
 Fr: D:\Musica\Discografias\Chic\1978 - C'est Chic (2018 Remaster)
 To: G:\Musica\Discografias\Chic\1978 - C'est Chic (2018 Remaster) [24bit-48.0kHz]
File read to copy: 01 - Dance, Dance, Dance (Yowsah, Yowsah, Yowsah) [2018.flac
 Fr: D:\Musica\Discografias\Chic\1977 - Chic (2018 Remaster)
 To: G:\Musica\Discografias\Chic\1977 - Chic (2018 Remaster) [24bit-48.0kHz]
File read to copy: 05 - A Horse with No Name.flac
 Fr: D:\Musica\Discografias\America\1971 - America
 To: G:\Musica\Discografias\America\1971 - America [16bit-44.1kHz]
File read to copy: 03 Fleetwood Mac - Never Going Back Again.flac
 Fr: D:\Musica\Discografias\Fleetwood Mac\1977 - Rumours
 To: G:\Musica\Discografias\Fleetwood Mac\1977 02 04 - Rumours [16bit-44.1kHz]
File read to copy: 14 - Never Make Me Cry.flac
 Fr: D:\Musica\Discografias\Fleetwood Mac\1979 - Tusk (2011)
 To: G:\Musica\Discografias\Fleetwood Mac\2011 - Tusk [24bit-96.0kHz]
File read to copy: 01 - Your Song (Remastered).flac
 Fr: D:\Musica\Discografias\Elton John\2017 - Diamonds (Deluxe)\CD1
 To: G:\Musica\Discografias\Elton John\2017 - Diamonds (Deluxe) [16bit-44.1kHz]\Disk 1
File read to copy: 01 - Song For Guy (Remastered).flac
 Fr: D:\Musica\Discografias\Elton John\2017 - Diamonds (Deluxe)\CD2
 To: G:\Musica\Discografias\Elton John\2017 - Diamonds (Deluxe) [16bit-44.1kHz]\Disk 2
File read to copy: 01 - Skyline Pigeon (Piano Version - Remastered).flac
 Fr: D:\Musica\Discografias\Elton John\2017 - Diamonds (Deluxe)\CD3
 To: G:\Musica\Discografias\Elton John\2017 - Diamonds (Deluxe) [16bit-44.1kHz]\Disk 3
File read to copy: Boston - Third Stage - 10 - Hollyann.flac
 Fr: D:\Musica\Discografias\Boston\1986 - Third Stage
 To: G:\Musica\Discografias\Boston\1986 - Third Stage [16bit-44.1kHz]
File read to copy: Boston - Boston - 07 - Something About You.flac
 Fr: D:\Musica\Discografias\Boston\1976 - Boston
 To: G:\Musica\Discografias\Boston\1976 - Boston [16bit-44.1kHz]
File read to copy: 01 - Don't Look Back.flac
 Fr: D:\Musica\Discografias\Boston\1978 - Don't Look Back
 To: G:\Musica\Discografias\Boston\1978 - Don't Look Back [16bit-44.1kHz]
File read to copy: 1 Rude.flac
 Fr: D:\Musica\Discografias\Magic!\2014 - Don't Kill the Magic
 To: G:\Musica\Discografias\MAGIC!\2014 - Don't Kill the Magic [16] [16bit-44.1kHz]
File read to copy: 01 - 2 Much.flac
 Fr: D:\Musica\Discografias\Justin Bieber\2021 - Justice
 To: G:\Musica\Discografias\Justin Bieber\2021 - Justice [24bit-44.1kHz]
File read to copy: 01 - Mark My Words.flac
 Fr: D:\Musica\Discografias\Justin Bieber\2015 - Purpose (Deluxe)
 To: G:\Musica\Discografias\Justin Bieber\2015 - Purpose (Deluxe) [24bit-44.1kHz]
File read to copy: 01 - All Around The World.flac
 Fr: D:\Musica\Discografias\Justin Bieber\2012 - Believe
 To: G:\Musica\Discografias\Justin Bieber\2012 - Believe [16bit-44.1kHz]
File read to copy: 01 - Only Thing I Ever Get For Christmas.flac
 Fr: D:\Musica\Discografias\Justin Bieber\2011 - Under The Mistletoe (Deluxe Edition)
 To: G:\Musica\Discografias\Justin Bieber\2011 - Under The Mistletoe (Deluxe Edition) [16bit-44.1kHz]
File read to copy: 01 - Make It Mine.flac
 Fr: D:\Musica\Discografias\Jason Mraz\2008 - We Sing.  We Dance.  We Steal Things-
 To: G:\Musica\Discografias\Jason Mraz\2008 - We Sing.  We Dance.  We Steal Things. [16bit-44.1kHz]
File read to copy: 01 - The Freedom Song.flac
 Fr: D:\Musica\Discografias\Jason Mraz\2012 - Love Is a Four Letter Word
 To: G:\Musica\Discografias\Jason Mraz\2012 - Love Is a Four Letter Word [16bit-44.1kHz]
File read to copy: 01 - That's My Girl.flac
 Fr: D:\Musica\Discografias\Fifth Harmony\2016 - 7-27 (Deluxe)
 To: G:\Musica\Discografias\Fifth Harmony\2016 - 727 (Deluxe) [24bit-44.1kHz]
File read to copy: 01 - Top Down.flac
 Fr: D:\Musica\Discografias\Fifth Harmony\2015 - Reflection (Deluxe)
 To: G:\Musica\Discografias\Fifth Harmony\2015 - Reflection (Deluxe) [24bit-44.1kHz]
File read to copy: 01 - Down (feat. Gucci Mane).flac
 Fr: D:\Musica\Discografias\Fifth Harmony\2017 - Fifth Harmony
 To: G:\Musica\Discografias\Fifth Harmony\2017 - Fifth Harmony [16bit-44.1kHz]
File read to copy: 01 - Faith (Remastered).flac
 Fr: D:\Musica\Discografias\George Michael\2010 - Faith
 To: G:\Musica\Discografias\George Michael\2010 - Faith [16bit-44.1kHz]
File read to copy: 01 - Jesus to a Child.flac
 Fr: D:\Musica\Discografias\George Michael\2011 - Ladies & Gentlemen\CD1
 To: G:\Musica\Discografias\George Michael\2011 - Ladies & Gentlemen [16bit-44.1kHz]\Disk 1
File read to copy: 01 - Outside.flac
 Fr: D:\Musica\Discografias\George Michael\2011 - Ladies & Gentlemen\CD2
 To: G:\Musica\Discografias\George Michael\2011 - Ladies & Gentlemen [16bit-44.1kHz]\Disk 2
File read to copy: 01 - Heartbreak Hotel.flac
 Fr: D:\Musica\Discografias\Elvis Presley\2002 - Elvis 30 #1 Hits
 To: G:\Musica\Discografias\Elvis Presley\2002 - Elvis 30 1 Hits [16bit-44.1kHz]
File read to copy: 01 - Tooth and Nail.flac
 Fr: D:\Musica\Discografias\Foreigner\1984 - Agent Provocateur
 To: G:\Musica\Discografias\Foreigner\1984 - Agent Provocateur [16bit-44.1kHz]
File read to copy: 01 - Night Life.flac
 Fr: D:\Musica\Discografias\Foreigner\1981 - 4 (Expanded)
 To: G:\Musica\Discografias\Foreigner\1981 - 4 (Expanded) [16bit-44.1kHz]
File read to copy: 01 - Feels like the First Time.flac
 Fr: D:\Musica\Discografias\Foreigner\1977 - Foreigner (Expanded)
 To: G:\Musica\Discografias\Foreigner\1977 - Foreigner (Expanded) [16bit-44.1kHz]
File read to copy: 01 - One Night Love Affair.flac
 Fr: D:\Musica\Discografias\Bryan Adams\1984 - Reckless (30th Anniversary - Deluxe Edition)\CD1
 To: G:\Musica\Discografias\Bryan Adams\1984 - Reckless (30th Anniversary  Deluxe Edition) [16bit-44.1kHz]\Disk 1
File read to copy: 01 - Lost In Love.flac
 Fr: D:\Musica\Discografias\Air Supply\2003 - Ultimate Air Supply
 To: G:\Musica\Discografias\Air Supply\2003 - Ultimate Air Supply [16bit-44.1kHz]
File read to copy: 01 - Godzilla.flac
 Fr: D:\Musica\Discografias\Blue Oyster Cult\1977 - Spectres
 To: G:\Musica\Discografias\Blue Öyster Cult\1977 - Spectres [16bit-44.1kHz]
File read to copy: 01 - Fire of Unknown Origin.flac
 Fr: D:\Musica\Discografias\Blue Oyster Cult\1981 - Fire of Unknown Origin
 To: G:\Musica\Discografias\Blue Öyster Cult\1981 - Fire of Unknown Origin [16bit-44.1kHz]
File read to copy: 01 - Transmaniacon MC.flac
 Fr: D:\Musica\Discografias\Blue Oyster Cult\1972 - Blue Oyster Cult
 To: G:\Musica\Discografias\Blue Öyster Cult\1972 - Blue Oyster Cult [16bit-44.1kHz]
File read to copy: 01 - This Ain't the Summer of Love.flac
 Fr: D:\Musica\Discografias\Blue Oyster Cult\1976 - Agents Of Fortune
 To: G:\Musica\Discografias\Blue Öyster Cult\1976 - Agents Of Fortune [24bit-44.1kHz]
File read to copy: 08 Grandad_s Little Ditty.flac
 Fr: D:\Musica\Discografias\Primus\1991 - Sailing the Seas of Cheese
 To: G:\Musica\Discografias\Primus\1991 - Sailing the Seas of Cheese [16bit-44.1kHz]
File read to copy: The Beatles - Abbey Road [50th Anniversary] (Disc 1) - 17 - Her Majesty.flac
 Fr: D:\Musica\Discografias\The Beatles\1969 - Abbey Road [50th Anniversary]\The Beatles - Abbey Road [50th Anniversary] (Disc 1)
 To: G:\Musica\Discografias\The Beatles\1969 - Abbey Road [50th Anniversary [16bit-44.1kHz]
File read to copy: The Beatles - Abbey Road [50th Anniversary] (Disc 3) - 10 - Something (Take 39  Instrumental  Strings Only).flac
 Fr: D:\Musica\Discografias\The Beatles\1969 - Abbey Road [50th Anniversary]\The Beatles - Abbey Road [50th Anniversary] (Disc 3)
 To: G:\Musica\Discografias\The Beatles\2019 - Abbey Road [50th Anniversary [16bit-44.1kHz]
File read to copy: The Beatles - Abbey Road [50th Anniversary] (Disc 2) - 09 - Her Majesty (Takes 1-3).flac
 Fr: D:\Musica\Discografias\The Beatles\1969 - Abbey Road [50th Anniversary]\The Beatles - Abbey Road [50th Anniversary] (Disc 2)
 To: G:\Musica\Discografias\The Beatles\2019 - Abbey Road [50th Anniversary [16bit-44.1kHz]
File read to copy: 01 - Sgt Pepper_s Lonely Hearts Club Band.flac
 Fr: D:\Musica\Discografias\The Beatles\1967 - Sgt. Pepper_s Lonely Hearts Club Band
 To: G:\Musica\Discografias\The Beatles\2017 - Sgt. Pepper's Lonely Hearts Club Band [50th Anniversary Super Deluxe Edition] [16bit-44.1kHz]\Disk 1
File read to copy: 01 Beatles, The - Get Back.flac
 Fr: D:\Musica\Discografias\The Beatles\1970 - Let it Be... Naked\Let It Be... Naked, Disc 1
 To: G:\Musica\Discografias\Beatles, The\2003 - Let It Be... Naked [16bit-44.1kHz]
File read to copy: 01 Beatles, The - Fly On The Wall.flac
 Fr: D:\Musica\Discografias\The Beatles\1970 - Let it Be... Naked\Let It Be...Naked, Disc 2
 To: G:\Musica\Discografias\Beatles, The\2003 - Let It Be...Naked, Disc 2 [16bit-44.1kHz]\Disk 2
File read to copy: Miles Davis - Kind Of Blue - 06 - Flamenco Sketches (Alternate Take).flac
 Fr: D:\Musica\Discografias\Miles Davis\1959 - Kind of Blue
 To: G:\Musica\Discografias\Miles Davis\1959 - Kind Of Blue [16bit-44.1kHz]
File read to copy: 4. John McLaughlin - 2014 Remastered Version.flac
 Fr: D:\Musica\Discografias\Miles Davis\1970 - Bitches Brew
 To: G:\Musica\Discografias\Miles Davis\1970 - Bitches Brew (2014 Remastered Version) [16bit-48.0kHz]
File read to copy: 13. The Doctor_s Office.flac
 Fr: D:\Musica\Discografias\Dr. Dre\1992 - The Chronic [Qobuz 24-Bit 96.0 kHz - Stereo]
 To: G:\Musica\Discografias\Dr. Dre\1992 - The Chronic (Explicit) [24bit-96.0kHz]
File read to copy: 01 - Lolo (Intro).flac
 Fr: D:\Musica\Discografias\Dr. Dre\1999 - 2001
 To: G:\Musica\Discografias\Dr. Dre\1999 - 2001 [16bit-44.1kHz]
File read to copy: The Jimi Hendrix Experience - Are You Experienced [Remastered] - 01 - Purple Haze.flac
 Fr: D:\Musica\Discografias\Jimi Hendrix\1967 - Are You Experienced [Remastered]
 To: G:\Musica\Discografias\The Jimi Hendrix Experience\1967 - Are You Experienced [Remastered [16bit-44.1kHz]
File read to copy: 02 Purple Haze.flac
 Fr: D:\Musica\Discografias\Jimi Hendrix\1992 - THE ULTIMATE EXPERIENCE
 To: G:\Musica\Discografias\Jimi Hendrix\1992 - The Ultimate Experience [16bit-44.1kHz]
File read to copy: 01 - Purple Haze.flac
 Fr: D:\Musica\Discografias\Jimi Hendrix\1998 - Experience Hendrix- The Best Of Jimi Hendrix
 To: G:\Musica\Discografias\Jimi Hendrix\1998 - Experience Hendrix The Best Of Jimi Hendrix [16bit-44.1kHz]
File read to copy: 11. Whistle In - 2014 Remastered Version.flac
 Fr: D:\Musica\Discografias\Beach Boys\1967 - Smiley Smile
 To: G:\Musica\Discografias\The Beach Boys\1967 - Smiley Smile (2014 Remastered Version) [24bit-48.0kHz]
File read to copy: The Beach Boys - Pet Sounds [50th Anniversary Edition] (Disc 2) - 02 - Sloop John B (Stereo Backing Track).flac
 Fr: D:\Musica\Discografias\Beach Boys\1966 - Pet Sounds [50th Anniversary Edition]\The Beach Boys - Pet Sounds [50th Anniversary Edition] (Disc 2)
 To: G:\Musica\Discografias\The Beach Boys\2016 - Pet Sounds [50th Anniversary Edition [16bit-44.1kHz]\Disk 2
File read to copy: The Beach Boys - Pet Sounds [50th Anniversary Edition] (Disc 3) - 02 - Good Vibrations (Stereo Backing Track).flac
 Fr: D:\Musica\Discografias\Beach Boys\1966 - Pet Sounds [50th Anniversary Edition]\The Beach Boys - Pet Sounds [50th Anniversary Edition] (Disc 3)
 To: G:\Musica\Discografias\The Beach Boys\2016 - Pet Sounds [50th Anniversary Edition [16bit-44.1kHz]\Disk 3
File read to copy: The Beach Boys - Pet Sounds [50th Anniversary Edition] (Disc 4) - 12 - Wouldn_t It Be Nice (Stack-O-Vocals).flac
 Fr: D:\Musica\Discografias\Beach Boys\1966 - Pet Sounds [50th Anniversary Edition]\The Beach Boys - Pet Sounds [50th Anniversary Edition] (Disc 4)
 To: G:\Musica\Discografias\The Beach Boys\2016 - Pet Sounds [50th Anniversary Edition [16bit-44.1kHz]\Disk 4
File read to copy: The Beach Boys - Pet Sounds [50th Anniversary Edition] (Disc 1) - 01 - Wouldn_t It Be Nice (Mono).flac
 Fr: D:\Musica\Discografias\Beach Boys\1966 - Pet Sounds [50th Anniversary Edition]\The Beach Boys - Pet Sounds [50th Anniversary Edition] (Disc 1)
 To: G:\Musica\Discografias\The Beach Boys\2016 - Pet Sounds [50th Anniversary Edition [16bit-44.1kHz]\Disk 1
File read to copy: 01 - California Girls (Remix-Remastered 2001).flac
 Fr: D:\Musica\Discografias\Beach Boys\2003 - The Very Best Of The Beach Boys- Sounds Of Summer
 To: G:\Musica\Discografias\The Beach Boys\2003 - The Very Best Of The Beach Boys Sounds Of Summer [16bit-44.1kHz]
File read to copy: 06 - And Dream of Sheep (2018 Remaster).flac
 Fr: D:\Musica\Discografias\Kate Bush\1985 - Hounds of Love
 To: G:\Musica\Discografias\Kate Bush\2018 - Hounds Of Love (2018 Remaster) [24bit-44.1kHz]
File read to copy: 01 - Running Up That Hill (A Deal With God) [2018 Remas.flac
 Fr: D:\Musica\Discografias\Kate Bush\1985 - Hounds of Love (2018 Remaster)
 To: G:\Musica\Discografias\Kate Bush\1985 - Hounds of Love (2018 Remaster) [24bit-44.1kHz]
File read to copy: 11 Santana - El Farol.flac
 Fr: D:\Musica\Discografias\Santana\1999 - Supernatural
 To: G:\Musica\Discografias\Santana\1999 - Supernatural [16bit-44.1kHz]
File read to copy: 01 I Can_t Explain.flac
 Fr: D:\Musica\Discografias\The Who\2009 - Greatest Hits
 To: G:\Musica\Discografias\The Who\2009 - Greatest Hits [16bit-44.1kHz]
File read to copy: 10 Tom Petty - Alright For Now.flac
 Fr: D:\Musica\Discografias\Tom Petty\1989 - Full Moon Fever
 To: G:\Musica\Discografias\Tom Petty\1989 - Full Moon Fever [16bit-44.1kHz]
File read to copy: 03 Introduce Yourself.flac
 Fr: D:\Musica\Discografias\Faith No More\1987 - Introduce Yourself
 To: G:\Musica\Discografias\Faith No More\1987 - Introduce Yourself [16bit-44.1kHz]
File read to copy: 01 - From out of Nowhere.flac
 Fr: D:\Musica\Discografias\Faith No More\1989 - The Real Thing
 To: G:\Musica\Discografias\Faith No More\1989 - The Real Thing [16bit-44.1kHz]
File read to copy: 01 - Land of Sunshine.flac
 Fr: D:\Musica\Discografias\Faith No More\1992 - Angel Dust
 To: G:\Musica\Discografias\Faith No More\1992 - Angel Dust [16bit-44.1kHz]
File read to copy: 01 - ZHU - Intro (Neon City).flac
 Fr: D:\Musica\Discografias\Zhu\2016 - GENERATIONWHY
 To: G:\Musica\Discografias\ZHU\2016-07-29 - GENERATIONWHY [16bit-44.1kHz]
File read to copy: 01 - ZHU - Stay Closer.flac
 Fr: D:\Musica\Discografias\Zhu\2015 - The Nightday
 To: G:\Musica\Discografias\ZHU\2015-05-04 - The Nightday [16bit-44.1kHz]
File read to copy: 01 - The Truth.flac
 Fr: D:\Musica\Discografias\Kygo\2020 - Golden Hour
 To: G:\Musica\Discografias\Kygo\2020 - Golden Hour [16bit-44.1kHz]
File read to copy: 01 - Intro.flac
 Fr: D:\Musica\Discografias\Kygo\2016 - Cloud Nine
 To: G:\Musica\Discografias\Kygo\2016 - Cloud Nine [24bit-44.1kHz]
File read to copy: 01 - Never Let You Go (feat. John Newman).flac
 Fr: D:\Musica\Discografias\Kygo\2017 - Kids in Love
 To: G:\Musica\Discografias\Kygo\2017 - Kids in Love [16bit-44.1kHz]
File read to copy: 01 - Pachanguero (Album Version).flac
 Fr: D:\Musica\Discografias\Liquits\2005 - Jardin
 To: G:\Musica\Discografias\Liquits\2005 - Jardin [16bit-44.1kHz]
File read to copy: 02 - Ven Ven.flac
 Fr: D:\Musica\Discografias\Liquits\2012 - Ven Ven
 To: G:\Musica\Discografias\Liquits\2012 - Ven Ven [16bit-44.1kHz]
File read to copy: 01 - Ghosts 'n' Stuff (feat. Rob Swire).flac
 Fr: D:\Musica\Discografias\Deadmau5\2014 - 5 Years of mau5\CD1
 To: G:\Musica\Discografias\deadmau5\2014 - 5 Years of mau5 [16bit-44.1kHz]\Disk 1
File read to copy: 01 - 4ware.flac
 Fr: D:\Musica\Discografias\Deadmau5\2016 - W--2016ALBUM-
 To: G:\Musica\Discografias\deadmau5\2016 - W2016ALBUM [16bit-44.1kHz]
File read to copy: 15 - strobe (ov).flac
 Fr: D:\Musica\Discografias\Deadmau5\2018 - where's the drop-
 To: G:\Musica\Discografias\deadmau5\2018 - where's the drop [16bit-44.1kHz]
File read to copy: 01 - Pomegranate.flac
 Fr: D:\Musica\Discografias\Deadmau5\2020 - Pomegranate
 To: G:\Musica\Discografias\deadmau5', 'The Neptunes\2020 - Pomegranate [16bit-44.1kHz]
File read to copy: 01 - Channel 43 (Radio Edit).flac
 Fr: D:\Musica\Discografias\Deadmau5\2021 - Channel 43
 To: G:\Musica\Discografias\deadmau5', 'Wolfgang Gartner\2021 - Channel 43 [16bit-44.1kHz]
File read to copy: 01 - When The Summer Dies.flac
 Fr: D:\Musica\Discografias\Deadmau5\2021 - When The Summer Dies
 To: G:\Musica\Discografias\deadmau5', 'LIGHTS\2021 - When The Summer Dies [16bit-44.1kHz]
File read to copy: 10 - Strobe.flac
 Fr: D:\Musica\Discografias\Deadmau5\2009 - For Lack of a Better Name
 To: G:\Musica\Discografias\deadmau5\2009 - For Lack of a Better Name [16bit-44.1kHz]
File read to copy: 01 - Feel Good Hit Of The Summer.flac
 Fr: D:\Musica\Discografias\Queens of the Stone Age\2000 - Rated R
 To: G:\Musica\Discografias\Queens Of The Stone Age\2000 - Rated R [16bit-44.1kHz]
File read to copy: 01 - The Real Song For The Deaf.flac
 Fr: D:\Musica\Discografias\Queens of the Stone Age\2002 - Songs For The Deaf
 To: G:\Musica\Discografias\Queens Of The Stone Age\2002 - Songs For The Deaf [16bit-44.1kHz]
File read to copy: 01 - This Lullaby (Album Version).flac
 Fr: D:\Musica\Discografias\Queens of the Stone Age\2005 - Lullabies To Paralyze
 To: G:\Musica\Discografias\Queens Of The Stone Age\2005 - Lullabies To Paralyze [16bit-44.1kHz]
File read to copy: 01 - Turnin On The Screw (Album Version).flac
 Fr: D:\Musica\Discografias\Queens of the Stone Age\2007 - Era Vulgaris
 To: G:\Musica\Discografias\Queens Of The Stone Age\2007 - Era Vulgaris [16bit-44.1kHz]
File read to copy: 01 - Keep Your Eyes Peeled.flac
 Fr: D:\Musica\Discografias\Queens of the Stone Age\2013 - ...Like Clockwork
 To: G:\Musica\Discografias\Queens Of The Stone Age\2013 - ...Like Clockwork [16bit-44.1kHz]
File read to copy: 01 - Feet Don't Fail Me.flac
 Fr: D:\Musica\Discografias\Queens of the Stone Age\2017 - Villains
 To: G:\Musica\Discografias\Queens Of The Stone Age\2017 - Villains [16bit-44.1kHz]
File read to copy: The Alan Parsons Project - I Robot [30th Anniversary] - 11 - I Robot (Boules Experiment).flac
 Fr: D:\Musica\Discografias\Alan Parsons Project\1977 - I Robot [Remastered]
 To: G:\Musica\Discografias\The Alan Parsons Project\2007 - I Robot [30th Anniversary [16bit-44.1kHz]
File read to copy: 01 - A Dream Within A Dream.flac
 Fr: D:\Musica\Discografias\Alan Parsons Project\1976 - Tales of Mystery and Imagination [Remastered]\Disc 1
 To: G:\Musica\Discografias\Alan Parsons Project\1975 - Tales Of Mystery And Imagination (Deluxe Edition, The Album) [16bit-44.1kHz]
File read to copy: 01 - A Dream Within A Dream.flac
 Fr: D:\Musica\Discografias\Alan Parsons Project\1976 - Tales of Mystery and Imagination [Remastered]\Disc 2
 To: G:\Musica\Discografias\Alan Parsons Project\1975 - Tales Of Mystery And Imagination (Deluxe Edition, The Remix) [16bit-44.1kHz]
File read to copy: The Alan Parsons Project - The Turn of a Friendly Card [Remastered] - 11 - May Be A Price To Pay (Intro -  Demo).flac
 Fr: D:\Musica\Discografias\Alan Parsons Project\1980 - The Turn of a Friendly Card [Remastered]
 To: G:\Musica\Discografias\The Alan Parsons Project\1980 - The Turn of a Friendly Card [Remastered [16bit-44.1kHz]
File read to copy: 4. Gemini.flac
 Fr: D:\Musica\Discografias\Alan Parsons Project\1982 - Eye In The Sky (24bit 96kHz)
 To: G:\Musica\Discografias\The Alan Parsons Project\1982 - Eye In The Sky [24bit-96.0kHz]
File read to copy: Sonic Youth - Daydream Nation [Deluxe Edition] (Disc 02) - 14 - Totally Trashed.flac
 Fr: D:\Musica\Discografias\Sonic Youth\Sonic Youth - Daydream Nation [Deluxe Edition]\Sonic Youth - Daydream Nation [Deluxe Edition] (Disc 2)
 To: G:\Musica\Discografias\Sonic Youth\2007 - Daydream Nation [Deluxe Edition [16bit-44.1kHz]
File read to copy: Sonic Youth - Daydream Nation [Deluxe Edition] (Disc 01) - 15 - Eric_s Trip (Home Demo).flac
 Fr: D:\Musica\Discografias\Sonic Youth\Sonic Youth - Daydream Nation [Deluxe Edition]\Sonic Youth - Daydream Nation [Deluxe Edition] (Disc 1)
 To: G:\Musica\Discografias\Sonic Youth\2007 - Daydream Nation [Deluxe Edition [16bit-44.1kHz]
File read to copy: 01 - Lust For Life.flac
 Fr: D:\Musica\Discografias\Iggy Pop\1977 - Lust For Life
 To: G:\Musica\Discografias\Iggy Pop\1977 - Lust For Life [16bit-44.1kHz]
File read to copy: 01 - Real Wild Child (Wild One).flac
 Fr: D:\Musica\Discografias\Iggy Pop\1986 - Blah-Blah-Blah
 To: G:\Musica\Discografias\Iggy Pop\1986 - Blah-Blah-Blah [16bit-44.1kHz]
File read to copy: 01 - Sister Midnight.flac
 Fr: D:\Musica\Discografias\Iggy Pop\1977 - The Idiot
 To: G:\Musica\Discografias\Iggy Pop\1977 - The Idiot [24bit-48.0kHz]
File read to copy: 01 - Home.flac
 Fr: D:\Musica\Discografias\Iggy Pop\1990 - Brick By Brick
 To: G:\Musica\Discografias\Iggy Pop\1990 - Brick By Brick [16bit-44.1kHz]
File read to copy: 03. Eiffel 65 - Blue (Da Ba Dee).flac
 Fr: D:\Musica\Discografias\Eiffel 65
 To: G:\Musica\Discografias\Eiffel 65\2000-03-06 - Europop [16bit-44.1kHz]
File read to copy: 01 - Get Up 10.flac
 Fr: D:\Musica\Discografias\Cardi B\2018 - Invasion of Privacy
 To: G:\Musica\Discografias\Cardi B\2018 - Invasion of Privacy [16bit-44.1kHz]
File read to copy: 01 - Good Morning.flac
 Fr: D:\Musica\Discografias\Kanye West\2007 - Graduation
 To: G:\Musica\Discografias\Kanye West\2007 - Graduation [16bit-44.1kHz]
File read to copy: 01 - Dark Fantasy.flac
 Fr: D:\Musica\Discografias\Kanye West\2010 - My Beautiful Dark Twisted Fantasy
 To: G:\Musica\Discografias\Kanye West\2010 - My Beautiful Dark Twisted Fantasy [16bit-44.1kHz]
File read to copy: 01 - Donda Chant.flac
 Fr: D:\Musica\Discografias\Kanye West\2021 - Donda
 To: G:\Musica\Discografias\Kanye West\2021 - Donda [24bit-48.0kHz]
File read to copy: 10 - DNCE - Truthfully.flac
 Fr: D:\Musica\Discografias\DNCE\2016 - DNCE
 To: G:\Musica\Discografias\DNCE\2016 - DNCE [24bit-44.1kHz]
File read to copy: 01 - Kissing Strangers.flac
 Fr: D:\Musica\Discografias\DNCE\2017 - Kissing Strangers
 To: G:\Musica\Discografias\DNCE', 'Nicki Minaj\2017 - Kissing Strangers [16bit-44.1kHz]
File read to copy: 11. City.flac
 Fr: D:\Musica\Discografias\Jain\2016 - Zanaka (Deluxe Edition)
 To: G:\Musica\Discografias\Jain\2016 - Zanaka [16bit-44.1kHz]
File read to copy: 01 - On My Way.flac
 Fr: D:\Musica\Discografias\Jain\2018 - Souldier
 To: G:\Musica\Discografias\Jain\2018 - Souldier [24bit-44.1kHz]
File read to copy: 02 - Gettin' over You (feat. Fergie & LMFAO).flac
 Fr: D:\Musica\Discografias\David Guetta\2009 - One Love (Deluxe)\CD1
 To: G:\Musica\Discografias\David Guetta\2009 - One Love (Deluxe) [16bit-44.1kHz]\Disk 1
File read to copy: 01 - When Love Takes Over (feat. Kelly Rowland) [Electr.flac
 Fr: D:\Musica\Discografias\David Guetta\2009 - One Love (Deluxe)\CD2
 To: G:\Musica\Discografias\David Guetta\2009 - One Love (Deluxe) [16bit-44.1kHz]\Disk 2
File read to copy: 01 - Where Them Girls At (feat. Nicki Minaj & Flo Rida).flac
 Fr: D:\Musica\Discografias\David Guetta\2011 - Nothing but the Beat
 To: G:\Musica\Discografias\David Guetta\2011 - Nothing but the Beat [16bit-44.1kHz]
File read to copy: 01 - Dangerous (feat. Sam Martin).flac
 Fr: D:\Musica\Discografias\David Guetta\2014 - Listen (Deluxe)
 To: G:\Musica\Discografias\David Guetta\2014 - Listen (Deluxe) [16bit-44.1kHz]
File read to copy: 01 - Not Gonna Get Us.flac
 Fr: D:\Musica\Discografias\TATU\2002 - 200Km in the Wrong Lane
 To: G:\Musica\Discografias\t.A.T.u.\2002 - 200 kmh in the Wrong Lane [16bit-44.1kHz]
File read to copy: 01. Long Way Down - Goo Goo Dolls.flac
 Fr: D:\Musica\Discografias\The Goo Goo Dolls\1995 - A Boy Named Goo
 To: G:\Musica\Discografias\Goo Goo Dolls\1995 - A Boy Named Goo [16bit-44.1kHz]
File read to copy: 01. Dizzy - Goo Goo Dolls.flac
 Fr: D:\Musica\Discografias\The Goo Goo Dolls\1998 - Dizzy Up The Girl
 To: G:\Musica\Discografias\Goo Goo Dolls\1998 - Dizzy Up The Girl [16bit-44.1kHz]
File read to copy: 01 - Goo Goo Dolls - Big Machine.flac
 Fr: D:\Musica\Discografias\The Goo Goo Dolls\2002 - Gutterflower
 To: G:\Musica\Discografias\Goo Goo Dolls\2002 - Gutterflower [16bit-44.1kHz]
File read to copy: 1. Coming Up (2011 Remaster - Full Length Version).flac
 Fr: D:\Musica\Discografias\Paul McCartney\Paul McCartney - McCartney II
 To: G:\Musica\Discografias\Paul McCartney\2010 - McCartney II [24bit-96.0kHz]
File read to copy: 01-01-Tiesto-The_Business_Pt_II-SMR.flac
 Fr: D:\Musica\Discografias\Tiesto
 To: G:\Musica\Discografias\Tiësto\2021 - The Business, Pt. II [24bit-44.1kHz]
File read to copy: 01 - Bleed American.flac
 Fr: D:\Musica\Discografias\Jimmy eat world\2001 - Bleed American
 To: G:\Musica\Discografias\Jimmy Eat World\2001 - Bleed American [24bit-48.0kHz]
File read to copy: 01 - Futures.flac
 Fr: D:\Musica\Discografias\Jimmy eat world\2004 - Futures
 To: G:\Musica\Discografias\Jimmy Eat World\2004 - Futures [16bit-44.1kHz]
File read to copy: 01. Fuentes de Ortiz.flac
 Fr: D:\Musica\Discografias\Ed Maverick\2019 - Mix Pa Llorar En Tu Cuarto (MX - EMI;Universal Music Group 602577627262 - 2019)
 To: G:\Musica\Discografias\Ed Maverick\2019 - Mix Pa Llorar En Tu Cuarto [16bit-44.1kHz]
File read to copy: 01. Are You Gonna Go My Way.flac
 Fr: D:\Musica\Discografias\Lenny Kravitz\2000 - Greatest Hits (FLAC)
 To: G:\Musica\Discografias\Lenny Kravitz\2000 - Greatest Hits [16bit-44.1kHz]
File read to copy: 01 - Alto, prohibido pasar.flac
 Fr: D:\Musica\Discografias\Alaska Y Dinarama\1986 - No Es Pecado -Remasters
 To: G:\Musica\Discografias\Alaska Y Dinarama\1986 - No Es Pecado -Remasters [16bit-44.1kHz]
File read to copy: 01 - Cómo pudiste hacerme esto a mí.flac
 Fr: D:\Musica\Discografias\Alaska Y Dinarama\1998 - Deseo Carnal
 To: G:\Musica\Discografias\Alaska Y Dinarama\1998 - Deseo Carnal [16bit-44.1kHz]
File read to copy: 01 - Let Me Go.flac
 Fr: D:\Musica\Discografias\Hailee Steinfeld\2017 - Let Me Go
 To: G:\Musica\Discografias\Hailee Steinfeld', 'Alesso', 'Florida Georgia Line', 'Watt\2017 - Let Me Go [16bit-44.1kHz]
File read to copy: 01 - Angels Calling.flac
 Fr: D:\Musica\Discografias\Sabaton\2020 - Angels Calling
 To: G:\Musica\Discografias\Sabaton', 'Apocalyptica\2020 - Angels Calling [16bit-44.1kHz]
File read to copy: 07 - Lírica y Metralla.flac
 Fr: D:\Musica\Discografias\Millonario\2012 - Así Soy Yo
 To: G:\Musica\Discografias\Millonario', 'W. Corona\2012 - Así Soy Yo [16bit-44.1kHz]
File read to copy: 01 - Reina De Corazones (Album Version).flac
 Fr: D:\Musica\Discografias\Alejandra Guzmán\2014 - 12 Favoritas
 To: G:\Musica\Discografias\Alejandra Guzmán\2014 - 12 Favoritas [16bit-44.1kHz]
File read to copy: 01 - Me Dediqué a Perderte.flac
 Fr: D:\Musica\Discografias\Alejandro Fernández\2011 - Lo Esencial De Alejandro Fernández\CD2
 To: G:\Musica\Discografias\Alejandro Fernández\2011 - Lo Esencial De Alejandro Fernández [16bit-44.1kHz]\Disk 2
File read to copy: 01 - Como Quien Pierde una Estrella.flac
 Fr: D:\Musica\Discografias\Alejandro Fernández\2011 - Lo Esencial De Alejandro Fernández\CD1
 To: G:\Musica\Discografias\Alejandro Fernández\2011 - Lo Esencial De Alejandro Fernández [16bit-44.1kHz]\Disk 1
File read to copy: 01 - Abrázame.flac
 Fr: D:\Musica\Discografias\Alejandro Fernández\2011 - Lo Esencial De Alejandro Fernández\CD3
 To: G:\Musica\Discografias\Alejandro Fernández\2011 - Lo Esencial De Alejandro Fernández [16bit-44.1kHz]\Disk 3
File read to copy: 01 - Acábame de Matar.flac
 Fr: D:\Musica\Discografias\Panteón Rococó\2007 - Panteón Rococó
 To: G:\Musica\Discografias\Panteón Rococó\2007 - Panteón Rococó [16bit-44.1kHz]
File read to copy: 01 - Intro.flac
 Fr: D:\Musica\Discografias\Panteón Rococó\2002 - Compañeros Musicales
 To: G:\Musica\Discografias\Panteón Rococó\2002 - Compañeros Musicales [16bit-44.1kHz]
File read to copy: 01 - Hollywood Nights.flac
 Fr: D:\Musica\Discografias\Bob Seger & The Silver Bullet Band\1978 - Stranger In Town
 To: G:\Musica\Discografias\Bob Seger & The Silver Bullet Band', 'The Silver Bullet Band\1978 - Stranger In Town [16bit-44.1kHz]
File read to copy: 01 - Love Generation.flac
 Fr: D:\Musica\Discografias\Bob Sinclar\2006 - Western Dream
 To: G:\Musica\Discografias\Bob Sinclar\2006 - Western Dream [16bit-44.1kHz]
File read to copy: 01 - Lala Song.flac
 Fr: D:\Musica\Discografias\Bob Sinclar\2009 - Born In 69
 To: G:\Musica\Discografias\Bob Sinclar\2009 - Born In 69 [16bit-44.1kHz]
File read to copy: 01 - Summer Moonlight.flac
 Fr: D:\Musica\Discografias\Bob Sinclar\2013 - Paris By Night (A Parisian Musical Experience)
 To: G:\Musica\Discografias\Bob Sinclar\2013 - Paris By Night (A Parisian Musical Experience) [16bit-44.1kHz]
File read to copy: 01 - Love Generation (Radio Edit).flac
 Fr: D:\Musica\Discografias\Bob Sinclar\2005 - Love Generation (Radio Edit)
 To: G:\Musica\Discografias\Bob Sinclar', 'Gary Pine\2005 - Love Generation (Radio Edit) [16bit-44.1kHz]
File read to copy: 01 - Sound of Freedom (Club Mix).flac
 Fr: D:\Musica\Discografias\Bob Sinclar\2007 - Sound of Freedom - Single
 To: G:\Musica\Discografias\Bob Sinclar', 'Cutee B.', 'Gary Pine', 'Dollarman\2007 - Sound of Freedom - Single [16bit-44.1kHz]
File read to copy: 01 - World Hold on (Children of the Sky) [Radio Edit].flac
 Fr: D:\Musica\Discografias\Bob Sinclar\2006 - World Hold on (Children of the Sky) [Radio Edit]
 To: G:\Musica\Discografias\Bob Sinclar', 'Steve Edwards\2006 - World Hold on (Children of the Sky) [Radio Edit [16bit-44.1kHz]
File read to copy: 01 - Lala Song (Original Radio Edit).flac
 Fr: D:\Musica\Discografias\Bob Sinclar\2009 - Lala Song
 To: G:\Musica\Discografias\Bob Sinclar\2009 - Lala Song [16bit-44.1kHz]
File read to copy: 01 - I Want You (Radio Edit).flac
 Fr: D:\Musica\Discografias\Bob Sinclar\2014 - I Want You
 To: G:\Musica\Discografias\Bob Sinclar\2014 - I Want You [16bit-44.1kHz]
File read to copy: 01 - Touché (Radio Edit).flac
 Fr: D:\Musica\Discografias\Bob Sinclar\2016 - Touché (Radio Edit)
 To: G:\Musica\Discografias\Bob Sinclar\2016 - Touché (Radio Edit) [16bit-44.1kHz]
File read to copy: 01 - Someone Who Needs Me (Club Mix).flac
 Fr: D:\Musica\Discografias\Bob Sinclar\2016 - Someone Who Needs Me
 To: G:\Musica\Discografias\Bob Sinclar\2016 - Someone Who Needs Me [16bit-44.1kHz]
File read to copy: 01 - Slow.flac
 Fr: D:\Musica\Discografias\Kylie Minogue\2004 - Body Language
 To: G:\Musica\Discografias\Kylie Minogue\2004 - Body Language [16bit-44.1kHz]
File read to copy: 01 - My Heart Will Go On (Love Theme from -Titanic-).flac
 Fr: D:\Musica\Discografias\Céline Dion\2008 - My Love Essential Collection
 To: G:\Musica\Discografias\Céline Dion\2008 - My Love Essential Collection [16bit-44.1kHz]
File read to copy: 01 - My Head & My Heart (Claptone Remix).flac
 Fr: D:\Musica\Discografias\Ava Max\2020 - My Head & My Heart (Claptone Remix)
 To: G:\Musica\Discografias\Ava Max\2020 - My Head & My Heart (Claptone Remix) [24bit-44.1kHz]
File read to copy: 01 - My Head & My Heart.flac
 Fr: D:\Musica\Discografias\Ava Max\2020 - Heaven & Hell
 To: G:\Musica\Discografias\Ava Max\2020 - Heaven & Hell [24bit-44.1kHz]
File read to copy: 01 - The View From The Afternoon.flac
 Fr: D:\Musica\Discografias\Artic Monkeys\2006 - Whatever People Say I Am, That's What I'm Not
 To: G:\Musica\Discografias\Arctic Monkeys\2006 - Whatever People Say I Am, That's What I'm Not [16bit-44.1kHz]
File read to copy: 01 - Brianstorm.flac
 Fr: D:\Musica\Discografias\Artic Monkeys\2007 - Favourite Worst Nightmare
 To: G:\Musica\Discografias\Arctic Monkeys\2007 - Favourite Worst Nightmare [16bit-44.1kHz]
File read to copy: 01 - My Propeller.flac
 Fr: D:\Musica\Discografias\Artic Monkeys\2009 - Humbug
 To: G:\Musica\Discografias\Arctic Monkeys\2009 - Humbug [16bit-44.1kHz]
File read to copy: 01 - She's Thunderstorms.flac
 Fr: D:\Musica\Discografias\Artic Monkeys\2011 - Suck It And See
 To: G:\Musica\Discografias\Arctic Monkeys\2011 - Suck It And See [16bit-44.1kHz]
File read to copy: 01 - Do I Wanna Know.flac
 Fr: D:\Musica\Discografias\Artic Monkeys\2013 - AM
 To: G:\Musica\Discografias\Arctic Monkeys\2013 - AM [16bit-44.1kHz]
File read to copy: 01 - Star Treatment.flac
 Fr: D:\Musica\Discografias\Artic Monkeys\2018 - Tranquility Base Hotel & Casino
 To: G:\Musica\Discografias\Arctic Monkeys\2018 -  Tranquility Base Hotel & Casino [16bit-44.1kHz]
File read to copy: 01 - Trip the Darkness.flac
 Fr: D:\Musica\Discografias\Lacuna coil\2012 - Dark Adrenaline
 To: G:\Musica\Discografias\Lacuna Coil\2012 - Dark Adrenaline [16bit-44.1kHz]
File read to copy: 01 - Swamped.flac
 Fr: D:\Musica\Discografias\Lacuna coil\2002 - Comalies (Deluxe Edition)\CD1
 To: G:\Musica\Discografias\Lacuna Coil\2002 - Comalies (Deluxe Edition) [16bit-44.1kHz]\Disk 1
File read to copy: 01 - Heaven's a Lie (Radio Mix and Edit).flac
 Fr: D:\Musica\Discografias\Lacuna coil\2002 - Comalies (Deluxe Edition)\CD2
 To: G:\Musica\Discografias\Lacuna Coil\2002 - Comalies (Deluxe Edition) [16bit-44.1kHz]\Disk 2
File read to copy: 01 - Fragile.flac
 Fr: D:\Musica\Discografias\Lacuna coil\2006 - Karmacode
 To: G:\Musica\Discografias\Lacuna Coil\2006-04-04 - Karmacode [16bit-44.1kHz]
File read to copy: 01 - The House of Shame.flac
 Fr: D:\Musica\Discografias\Lacuna coil\2016 - Delirium
 To: G:\Musica\Discografias\Lacuna Coil\2016-05-27 - Delirium [16bit-44.1kHz]
File read to copy: 01 - Anima Nera.flac
 Fr: D:\Musica\Discografias\Lacuna coil\2019 - Black Anima (Bonus Tracks Version)
 To: G:\Musica\Discografias\Lacuna Coil\2019-10-11 - Black Anima (Bonus Tracks Version) [16bit-44.1kHz]
File read to copy: 01 - Nothing Stands in Our Way.flac
 Fr: D:\Musica\Discografias\Lacuna coil\2014 - Broken Crown Halo
 To: G:\Musica\Discografias\Lacuna Coil\2014-04-01 - Broken Crown Halo [16bit-44.1kHz]
File read to copy: 01 - Am Ende der Stille.flac
 Fr: D:\Musica\Discografias\Lacrimosa\2000 - Elodia
 To: G:\Musica\Discografias\Lacrimosa\2000-05-02 - Elodia [16bit-44.1kHz]
File read to copy: 01 - Fassade - 1. Satz.flac
 Fr: D:\Musica\Discografias\Lacrimosa\2001 - Fassade
 To: G:\Musica\Discografias\Lacrimosa\2001-10-30 - Fassade [16bit-44.1kHz]
File read to copy: 01 - Kyrie.flac
 Fr: D:\Musica\Discografias\Lacrimosa\2003 - Echos
 To: G:\Musica\Discografias\Lacrimosa\2003-03-11 - Echos [16bit-44.1kHz]
File read to copy: 01 - Sapphire.flac
 Fr: D:\Musica\Discografias\Lacrimosa\2004 - Lichtgestalt
 To: G:\Musica\Discografias\Lacrimosa\2004-09-19 - Lichtgestalt [16bit-44.1kHz]
File read to copy: 01 - Intro-Lacrimosa Theme.flac
 Fr: D:\Musica\Discografias\Lacrimosa\1995 - Inferno
 To: G:\Musica\Discografias\Lacrimosa\1995-01-01 - Inferno [16bit-44.1kHz]
File read to copy: 01 - Der erste Tag.flac
 Fr: D:\Musica\Discografias\Lacrimosa\1997 - Stille
 To: G:\Musica\Discografias\Lacrimosa\1997-01-01 - Stille [16bit-44.1kHz]
File read to copy: 01 - Wenn unsere Helden sterben.flac
 Fr: D:\Musica\Discografias\Lacrimosa\2017 - Testimonium
 To: G:\Musica\Discografias\Lacrimosa\2017-08-25 - Testimonium [16bit-44.1kHz]
File read to copy: 01 - Ich bin der brennende Komet.flac
 Fr: D:\Musica\Discografias\Lacrimosa\2019 - Zeitreise
 To: G:\Musica\Discografias\Lacrimosa\2019-03-21 - Zeitreise [16bit-44.1kHz]
File read to copy: 01 - Mondfeuer.flac
 Fr: D:\Musica\Discografias\Lacrimosa\2015 - Hoffnung
 To: G:\Musica\Discografias\Lacrimosa\2015-12-04 - Hoffnung [16bit-44.1kHz]
File read to copy: 01 - Last Chance.flac
 Fr: D:\Musica\Discografias\Jet\2003 - Get Born
 To: G:\Musica\Discografias\Jet\2003 - Get Born [16bit-44.1kHz]
File read to copy: 01 - I Love Rock 'N Roll.flac
 Fr: D:\Musica\Discografias\Joan Jett\1981 - I Love Rock 'N' Roll (Expanded Edition)
 To: G:\Musica\Discografias\Joan Jett', 'The Blackhearts\1981 - I Love Rock 'N' Roll (Expanded Edition) [16bit-44.1kHz]
File read to copy: 01 - Bad Reputation.flac
 Fr: D:\Musica\Discografias\Joan Jett\1981 - Bad Reputation (Expanded Edition)
 To: G:\Musica\Discografias\Joan Jett\1981 - Bad Reputation (Expanded Edition) [16bit-44.1kHz]
File read to copy: 01 - I Hate Myself for Loving You.flac
 Fr: D:\Musica\Discografias\Joan Jett\1988 - Up Your Alley
 To: G:\Musica\Discografias\Joan Jett', 'The Blackhearts\1988 - Up Your Alley [16bit-44.1kHz]
File read to copy: 01 - Cherry Bomb.flac
 Fr: D:\Musica\Discografias\Joan Jett\1984 - Glorious Results of a Misspent Youth (Expanded Edi
 To: G:\Musica\Discografias\Joan Jett', 'The Blackhearts\1984 - Glorious Results of a Misspent Youth (Expanded Edition) [16bit-44.1kHz]
File read to copy: 01 - Dirty Deeds.flac
 Fr: D:\Musica\Discografias\Joan Jett\1990 - The Hit List
 To: G:\Musica\Discografias\Joan Jett\1990 - The Hit List [16bit-44.1kHz]
File read to copy: 01 - When the Going Gets Tough, The Tough Get Going.flac
 Fr: D:\Musica\Discografias\Billy Ocean\2010 - The Very Best of Billy Ocean
 To: G:\Musica\Discografias\Billy Ocean\2010 - The Very Best of Billy Ocean [16bit-44.1kHz]
File read to copy: 01 - All'inizio è la morte.flac
 Fr: D:\Musica\Discografias\Haggard\2006 - Eppur si muove
 To: G:\Musica\Discografias\Haggard\2006 - Eppur si muove [16bit-44.1kHz]
File read to copy: 01 - The Origin.flac
 Fr: D:\Musica\Discografias\Haggard\2008 - Tales of Thiria
 To: G:\Musica\Discografias\Haggard\2008 - Tales of Thiria [16bit-44.1kHz]
File read to copy: 01 - Your Mama Don't Dance.flac
 Fr: D:\Musica\Discografias\Kenny Loggins\2002 - The Essential Kenny Loggins\CD1
 To: G:\Musica\Discografias\Kenny Loggins\2002 - The Essential Kenny Loggins [16bit-44.1kHz]\Disk 1
File read to copy: 01 - Footloose (From -Footloose- Soundtrack).flac
 Fr: D:\Musica\Discografias\Kenny Loggins\2002 - The Essential Kenny Loggins\CD2
 To: G:\Musica\Discografias\Kenny Loggins\2002 - The Essential Kenny Loggins [16bit-44.1kHz]\Disk 2
File read to copy: 01 - Bad Seamstress Blues - Fallin' Apart At The Seams.flac
 Fr: D:\Musica\Discografias\Cinderella\1988 - Long Cold Winter
 To: G:\Musica\Discografias\Cinderella\1988 - Long Cold Winter [16bit-44.1kHz]
File read to copy: 01 - Night Songs.flac
 Fr: D:\Musica\Discografias\Cinderella\1986 - Night Songs
 To: G:\Musica\Discografias\Cinderella\1986 - Night Songs [16bit-44.1kHz]
File read to copy: 01 - Light of the Morning.flac
 Fr: D:\Musica\Discografias\Band of Skulls\2009 - Baby Darling Doll Face Honey
 To: G:\Musica\Discografias\Band Of Skulls\2009 - Baby Darling Doll Face Honey [16bit-44.1kHz]
File read to copy: 01 - Asleep at the Wheel.flac
 Fr: D:\Musica\Discografias\Band of Skulls\2014 - Himalayan
 To: G:\Musica\Discografias\Band Of Skulls\2014 - Himalayan [16bit-44.1kHz]
File read to copy: 01 - We Cannot Move.flac
 Fr: D:\Musica\Discografias\Kingston Wall\1993 - II
 To: G:\Musica\Discografias\Kingston Wall\1993 - II [16bit-44.1kHz]
File read to copy: 01 - Another Piece Of Cake.flac
 Fr: D:\Musica\Discografias\Kingston Wall\1994 - III - Tri - Logy
 To: G:\Musica\Discografias\Kingston Wall\1994 - III - Tri - Logy [16bit-44.1kHz]
File read to copy: 01 - Kunnia.flac
 Fr: D:\Musica\Discografias\Korpiklaani\2012 - Manala
 To: G:\Musica\Discografias\Korpiklaani\2012 - Manala [16bit-44.1kHz]
File read to copy: 01 - Vodka.flac
 Fr: D:\Musica\Discografias\Korpiklaani\2009 - Karkelo
 To: G:\Musica\Discografias\Korpiklaani\2009 - Karkelo [16bit-44.1kHz]
File read to copy: 01 - Viinamäen Mies.flac
 Fr: D:\Musica\Discografias\Korpiklaani\2015 - Noita
 To: G:\Musica\Discografias\Korpiklaani\2015 - Noita [16bit-44.1kHz]
File read to copy: 01 - Cottages & Saunas.flac
 Fr: D:\Musica\Discografias\Korpiklaani\2005 - Voice of Wilderness
 To: G:\Musica\Discografias\Korpiklaani\2005 - Voice of Wilderness [16bit-44.1kHz]
File read to copy: 01 - A Man with a Plan.flac
 Fr: D:\Musica\Discografias\Korpiklaani\2016 - A Man with a Plan
 To: G:\Musica\Discografias\Korpiklaani\2016 - A Man with a Plan [16bit-44.1kHz]
File read to copy: 01 - Jägermeister.flac
 Fr: D:\Musica\Discografias\Korpiklaani\2019 - Jägermeister
 To: G:\Musica\Discografias\Korpiklaani\2019 - Jägermeister [16bit-44.1kHz]
File read to copy: 01 - Forming.flac
 Fr: D:\Musica\Discografias\Germs\2004 - Media Blitz
 To: G:\Musica\Discografias\Germs\2004 - Media Blitz [16bit-44.1kHz]
File read to copy: B6.Shut Down.flac
 Fr: D:\Musica\Discografias\Germs\1979 - GI (LP)
 To: G:\Musica\Discografias\GERMS\1979 - (GI) [2005] (LP)   [24bit-96.0kHz]
File read to copy: 01 - Heat Waves.flac
 Fr: D:\Musica\Discografias\Glass Animals\2020 - Heat Waves
 To: G:\Musica\Discografias\Glass Animals\2020 - Heat Waves [24bit-48.0kHz]
File read to copy: 01 - Flip.flac
 Fr: D:\Musica\Discografias\Glass Animals\2014 - ZABA
 To: G:\Musica\Discografias\Glass Animals\2014 - ZABA [16bit-44.1kHz]
File read to copy: 01 - Life Itself.flac
 Fr: D:\Musica\Discografias\Glass Animals\2016 - How To Be A Human Being
 To: G:\Musica\Discografias\Glass Animals\2016 - How To Be A Human Being [16bit-44.1kHz]
File read to copy: 01 - Los Rockeros Van al Infierno.flac
 Fr: D:\Musica\Discografias\Baron Rojo\2014 - Las Aventuras del Barón\CD1
 To: G:\Musica\Discografias\Barón Rojo\2014 - Las Aventuras del Barón [16bit-44.1kHz]\Disk 1
File read to copy: 01 - Concierto para Ellos.flac
 Fr: D:\Musica\Discografias\Baron Rojo\2014 - Las Aventuras del Barón\CD2
 To: G:\Musica\Discografias\Barón Rojo\2014 - Las Aventuras del Barón [16bit-44.1kHz]\Disk 2
File read to copy: 01 - Incomunicación (Remasterizado).flac
 Fr: D:\Musica\Discografias\Baron Rojo\2014 - Volumen Brutal (Remasterizado)
 To: G:\Musica\Discografias\Barón Rojo\2014 - Volumen Brutal (Remasterizado) [16bit-44.1kHz]
File read to copy: 01 - Wargasm.flac
 Fr: D:\Musica\Discografias\L7\1992 - Bricks Are Heavy
 To: G:\Musica\Discografias\L7\1992 - Bricks Are Heavy [16bit-44.1kHz]
File read to copy: 01 - Shove (Remastered).flac
 Fr: D:\Musica\Discografias\L7\1991 - Smell the Magic (Remastered)
 To: G:\Musica\Discografias\L7\1991 - Smell the Magic (Remastered) [24bit-48.0kHz]
File read to copy: 01 - Prelude.flac
 Fr: D:\Musica\Discografias\Avantasia\2001 - The Metal Opera, Pt. I
 To: G:\Musica\Discografias\Avantasia\2001 - The Metal Opera, Pt. I [16bit-44.1kHz]
File read to copy: 01 - The Wicked Symphony.flac
 Fr: D:\Musica\Discografias\Avantasia\2010 - The Wicked Symphony
 To: G:\Musica\Discografias\Avantasia\2010 - The Wicked Symphony [16bit-44.1kHz]
File read to copy: 01 - Lost in Space.flac
 Fr: D:\Musica\Discografias\Avantasia\2008 - Lost in Space (Chapter 1 & 2)
 To: G:\Musica\Discografias\Avantasia\2008 - Lost in Space (Chapter 1 & 2) [16bit-44.1kHz]
File read to copy: 01 - Ghost in the Moon.flac
 Fr: D:\Musica\Discografias\Avantasia\2019 - Moonglow
 To: G:\Musica\Discografias\Avantasia\2019 - Moonglow [16bit-44.1kHz]
File read to copy: 01 - The Seven Angels.flac
 Fr: D:\Musica\Discografias\Avantasia\2002 - The Metal Opera, Pt. 2
 To: G:\Musica\Discografias\Avantasia\2002 - The Metal Opera, Pt. 2 [16bit-44.1kHz]
File read to copy: 01 - En Mi Defensa.flac
 Fr: D:\Musica\Discografias\Comisario Pantera\2015 - Tiempos Mejores
 To: G:\Musica\Discografias\Comisario Pantera\2015 - Tiempos Mejores [16bit-44.1kHz]
File read to copy: 01 - Abre La Ventana.flac
 Fr: D:\Musica\Discografias\Comisario Pantera\2017 - Cosmovisiones
 To: G:\Musica\Discografias\Comisario Pantera\2017 - Cosmovisiones [16bit-44.1kHz]
File read to copy: 01 - Esencia.flac
 Fr: D:\Musica\Discografias\Comisario Pantera\2014 - Club Rodante
 To: G:\Musica\Discografias\Comisario Pantera\2014 - Club Rodante [16bit-44.1kHz]
File read to copy: 01 - No Me Digas Más.flac
 Fr: D:\Musica\Discografias\Comisario Pantera\2012 - Jóvenes Ilustres
 To: G:\Musica\Discografias\Comisario Pantera\2012 - Jóvenes Ilustres [16bit-44.1kHz]
File read to copy: 01 - Remember (Na Na Hey Hey).flac
 Fr: D:\Musica\Discografias\Summer Love\2005 - Remember
 To: G:\Musica\Discografias\Summer Love\2005 - Remember [16bit-44.1kHz]
File read to copy: 01 - Todos Somos Estrambos.flac
 Fr: D:\Musica\Discografias\Los Estrambóticos\2013 - Lágrimas y Risas
 To: G:\Musica\Discografias\Los Estrambóticos\2013 - Lágrimas y Risas [16bit-44.1kHz]
File read to copy: 01 - 30 Monedas.flac
 Fr: D:\Musica\Discografias\Los Estrambóticos\2018 - 30 Monedas
 To: G:\Musica\Discografias\Los Estrambóticos\2018 - 30 Monedas [16bit-44.1kHz]
File read to copy: 01 - Estoy Solo.flac
 Fr: D:\Musica\Discografias\Los Estrambóticos\2015 - Sueños de Anoche
 To: G:\Musica\Discografias\Los Estrambóticos\2015 - Sueños de Anoche [16bit-44.1kHz]
File read to copy: 01 - Camino a Ninguna Parte.flac
 Fr: D:\Musica\Discografias\Los Estrambóticos\2020 - Lucha y Resiste
 To: G:\Musica\Discografias\Los Estrambóticos\2020 - Lucha y Resiste [16bit-44.1kHz]
File read to copy: 01 - Fantasmas.flac
 Fr: D:\Musica\Discografias\Los Estrambóticos\2020 - Lucha y Resiste 2
 To: G:\Musica\Discografias\Los Estrambóticos\2020 - Lucha y Resiste 2 [16bit-44.1kHz]
File read to copy: 01 - Maldito sea tu nombre.flac
 Fr: D:\Musica\Discografias\Angeles del Infierno\1984 - Pacto con el diablo
 To: G:\Musica\Discografias\Angeles del Infierno\1984 - Pacto con el diablo [16bit-44.1kHz]
File read to copy: 01 - Dando por detrás.flac
 Fr: D:\Musica\Discografias\Angeles del Infierno\1989 - 666
 To: G:\Musica\Discografias\Angeles del Infierno\1989 - 666 [16bit-44.1kHz]
File read to copy: 01 - 317.flac
 Fr: D:\Musica\Discografias\Angeles del Infierno\1993 - A cara o cruz
 To: G:\Musica\Discografias\Angeles del Infierno\1993 - A cara o cruz [16bit-44.1kHz]
File read to copy: 01 - If You Love Me.flac
 Fr: D:\Musica\Discografias\B.B. King\1997 - Deuces Wild
 To: G:\Musica\Discografias\B.B. King\1997 - Deuces Wild [16bit-44.1kHz]
File read to copy: 01 - So Excited.flac
 Fr: D:\Musica\Discografias\B.B. King\1969 - Completely Well
 To: G:\Musica\Discografias\B.B. King\1969 - Completely Well [24bit-48.0kHz]
File read to copy: 01 - Strange Brew.flac
 Fr: D:\Musica\Discografias\Cream\1967 - Disraeli Gears
 To: G:\Musica\Discografias\Cream\1967 - Disraeli Gears [24bit-48.0kHz]
File read to copy: 01 - White Room.flac
 Fr: D:\Musica\Discografias\Cream\1968 - Wheels Of Fire
 To: G:\Musica\Discografias\Cream\1968 - Wheels Of Fire [24bit-48.0kHz]
File read to copy: 01 - Cumbia sobre el río - Interludio.flac
 Fr: D:\Musica\Discografias\Celso Piña\2001 - Barrio Bravo
 To: G:\Musica\Discografias\Celso Piña y su Ronda Bogotá\2001 - Barrio Bravo [16bit-44.1kHz]
File read to copy: 01 - Control Machete.flac
 Fr: D:\Musica\Discografias\Control Machete\1997 - Mucho Barato
 To: G:\Musica\Discografias\Control Machete\1997 - Mucho Barato [16bit-44.1kHz]
File read to copy: 01 - BED.flac
 Fr: D:\Musica\Discografias\Joel Corry\2021 - BED
 To: G:\Musica\Discografias\Joel Corry', 'RAYE', 'David Guetta\2021 - BED [24bit-44.1kHz]
File read to copy: 01 - Love Tonight (David Guetta Remix Edit).flac
 Fr: D:\Musica\Discografias\Shouse\2021 - Love Tonight (David Guetta Remix)
 To: G:\Musica\Discografias\Shouse\2021 - Love Tonight (David Guetta Remix) [16bit-44.1kHz]
File read to copy: 01 - Operación Desahogo.flac
 Fr: D:\Musica\Discografias\Tino el Pingüino\2013 - Tu Antihéroe Favorito
 To: G:\Musica\Discografias\Tino el Pingüino\2013 - Tu Antihéroe Favorito [16bit-44.1kHz]
File read to copy: 01 - Fractúbela.flac
 Fr: D:\Musica\Discografias\Tino el Pingüino\2017 - Fractúbela - Single
 To: G:\Musica\Discografias\Tino el Pingüino\2017 - Fractúbela - Single [16bit-44.1kHz]
File read to copy: 01 - Cuando Piensas en Mí.flac
 Fr: D:\Musica\Discografias\Tino el Pingüino\2018 - Cuando Piensas en Mí
 To: G:\Musica\Discografias\Tino el Pingüino\2018 - Cuando Piensas en Mí [16bit-44.1kHz]
File read to copy: 04 - Telemaquia de los Corazones Locos.flac
 Fr: D:\Musica\Discografias\Tino el Pingüino\2012 - Todo Fue un Mal Sueño - EP
 To: G:\Musica\Discografias\Tino el Pingüino\2012 - Todo Fue un Mal Sueño - EP [16bit-44.1kHz]
File read to copy: 08 - POPSTAR (feat. Drake).flac
 Fr: D:\Musica\Discografias\DJ Khaled\2021 - KHALED KHALED
 To: G:\Musica\Discografias\DJ Khaled\2021 - KHALED KHALED [16bit-44.1kHz]
File read to copy: 01 - Tightrope.flac
 Fr: D:\Musica\Discografias\Electric Light Orchestra\1976 - A New World Record
 To: G:\Musica\Discografias\Electric Light Orchestra\1976 - A New World Record [24bit-48.0kHz]
File read to copy: 01 - Shine a Little Love.flac
 Fr: D:\Musica\Discografias\Electric Light Orchestra\1979 - Discovery
 To: G:\Musica\Discografias\Electric Light Orchestra\1979 - Discovery [24bit-48.0kHz]
File read to copy: 01 - Fire On High.flac
 Fr: D:\Musica\Discografias\Electric Light Orchestra\1975 - Face the Music
 To: G:\Musica\Discografias\Electric Light Orchestra\1975 - Face the Music [24bit-48.0kHz]
File read to copy: 01 - Turn to Stone.flac
 Fr: D:\Musica\Discografias\Electric Light Orchestra\1977 - Out of the Blue
 To: G:\Musica\Discografias\Electric Light Orchestra\1977 - Out of the Blue [24bit-48.0kHz]
File read to copy: Electric Light Orchestra - Out Of The Blue [30th Anniversary Edition] - 18 - Wild West Hero (Alternate Bridge Home Demo).flac
 Fr: D:\Musica\Discografias\Electric Light Orchestra\1977 - Out of the Blue [30th Anniversary Edition]
 To: G:\Musica\Discografias\Electric Light Orchestra\2007 - Out Of The Blue [30th Anniversary Edition [16bit-44.1kHz]
File read to copy: 01 - Let's Groove.flac
 Fr: D:\Musica\Discografias\Earth, Wind & Fire\1981 - Raise!
 To: G:\Musica\Discografias\Earth, Wind & Fire\1981 - Raise! [24bit-48.0kHz]
File read to copy: 01 - In the Stone.flac
 Fr: D:\Musica\Discografias\Earth, Wind & Fire\1979 - I Am
 To: G:\Musica\Discografias\Earth, Wind & Fire\1979 - I Am [24bit-48.0kHz]
File read to copy: 01 - Serpentine Fire.flac
 Fr: D:\Musica\Discografias\Earth, Wind & Fire\1977 - All 'N All
 To: G:\Musica\Discografias\Earth, Wind & Fire\1977 - All 'N All [24bit-48.0kHz]
File read to copy: 01 - Got to Get You Into My Life.flac
 Fr: D:\Musica\Discografias\Earth, Wind & Fire\1978 - The Best Of Earth, Wind & Fire Vol. 1
 To: G:\Musica\Discografias\Earth, Wind & Fire\1978 - The Best Of Earth, Wind & Fire Vol. 1 [24bit-48.0kHz]
File read to copy: 01 - Juan el Descuartizador.flac
 Fr: D:\Musica\Discografias\El Haragán y Compañía\2014 - Valedores Juveniles
 To: G:\Musica\Discografias\El Haragán y Compañía\2014 - Valedores Juveniles [16bit-44.1kHz]
File read to copy: 01 - No Estoy Muerto.flac
 Fr: D:\Musica\Discografias\El Haragán y Compañía\2014 - 15 Éxitos de Colección
 To: G:\Musica\Discografias\El Haragán y Compañía\2014 - 15 Éxitos de Colección [16bit-44.1kHz]
File read to copy: 01 - Muñequita Sintética.flac
 Fr: D:\Musica\Discografias\El Haragán y Compañía\2019 - Muñequita Sintética
 To: G:\Musica\Discografias\El Haragán y Compañía', 'Rubén Albarrán\2019 - Muñequita Sintética [24bit-48.0kHz]
File read to copy: 01 - Él No Lo Mató.flac
 Fr: D:\Musica\Discografias\El Haragán y Compañía\2020 - Él No Lo Mató
 To: G:\Musica\Discografias\El Haragán y Compañía', 'Alex Lora\2020 - Él No Lo Mató [16bit-44.1kHz]
File read to copy: 01 - Up Periscope (Album Version).flac
 Fr: D:\Musica\Discografias\Drake Bell\2006 - It's Only Time
 To: G:\Musica\Discografias\Drake Bell\2006 - It's Only Time [16bit-44.1kHz]
File read to copy: 01 - False Awakening Suite.flac
 Fr: D:\Musica\Discografias\Dream Theater\2013 - Dream Theater
 To: G:\Musica\Discografias\Dream Theater\2013 - Dream Theater [24bit-48.0kHz]
File read to copy: 01 - The Root of All Evil.flac
 Fr: D:\Musica\Discografias\Dream Theater\2005 - Octavarium
 To: G:\Musica\Discografias\Dream Theater\2005 - Octavarium [16bit-44.1kHz]
File read to copy: 01 - Pull Me Under.flac
 Fr: D:\Musica\Discografias\Dream Theater\1992 - Images and Words
 To: G:\Musica\Discografias\Dream Theater\1992 - Images and Words [16bit-44.1kHz]
File read to copy: 01 - 6-00.flac
 Fr: D:\Musica\Discografias\Dream Theater\1994 - Awake
 To: G:\Musica\Discografias\Dream Theater\1994 - Awake [16bit-44.1kHz]
File read to copy: 01 - As I Am.flac
 Fr: D:\Musica\Discografias\Dream Theater\2003 - Train of Thought
 To: G:\Musica\Discografias\Dream Theater\2003 - Train of Thought [16bit-44.1kHz]
File read to copy: 01 - Scene One- Regression.flac
 Fr: D:\Musica\Discografias\Dream Theater\1999 - Metropolis, Pt. 2- Scenes from a Memory
 To: G:\Musica\Discografias\Dream Theater\1999 - Metropolis, Pt. 2 Scenes from a Memory [16bit-44.1kHz]
File read to copy: 01 - In the Presence of Enemies, Pt. 1.flac
 Fr: D:\Musica\Discografias\Dream Theater\2007 - Systematic Chaos
 To: G:\Musica\Discografias\Dream Theater\2007 - Systematic Chaos [16bit-44.1kHz]
File read to copy: 01 - On the Backs of Angels.flac
 Fr: D:\Musica\Discografias\Dream Theater\2011 - A Dramatic Turn of Events
 To: G:\Musica\Discografias\Dream Theater\2011 - A Dramatic Turn of Events [24bit-48.0kHz]
File read to copy: 01 - Untethered Angel.flac
 Fr: D:\Musica\Discografias\Dream Theater\2019 - Distance Over Time (Bonus track version)
 To: G:\Musica\Discografias\Dream Theater\2019 - Distance Over Time (Bonus track version) [24bit-48.0kHz]
File read to copy: 01 - Descent of the NOMACS.flac
 Fr: D:\Musica\Discografias\Dream Theater\2016 - The Astonishing
 To: G:\Musica\Discografias\Dream Theater\2016 - The Astonishing [16bit-44.1kHz]
File read to copy: 01 - Future Nostalgia.flac
 Fr: D:\Musica\Discografias\Dua Lipa\2020 - Future Nostalgia
 To: G:\Musica\Discografias\Dua Lipa\2020 - Future Nostalgia [24bit-48.0kHz]
File read to copy: 01. Tuscan Leather.flac
 Fr: D:\Musica\Discografias\Drake\2013 - Nothing Was The Same (Deluxe Edition) (FLAC)
 To: G:\Musica\Discografias\Drake\2013 - Nothing Was The Same (Deluxe Edition) [16bit-44.1kHz]
File read to copy: 01. Free Smoke.flac
 Fr: D:\Musica\Discografias\Drake\2017 - More Life (FLAC)
 To: G:\Musica\Discografias\Drake\2017 - More Life A Playlist By October Firm [16bit-44.1kHz]
File read to copy: 01 - What’s Next.flac
 Fr: D:\Musica\Discografias\Drake\2021 - Scary Hours 2
 To: G:\Musica\Discografias\Drake\2021 - Scary Hours 2 [24bit-44.1kHz]
File read to copy: 01 - Survival.flac
 Fr: D:\Musica\Discografias\Drake\2018 - Scorpion\CD1
 To: G:\Musica\Discografias\Drake\2018 - Scorpion [24bit-44.1kHz]\Disk 1
File read to copy: 01 - Peak.flac
 Fr: D:\Musica\Discografias\Drake\2018 - Scorpion\CD2
 To: G:\Musica\Discografias\Drake\2018 - Scorpion [24bit-44.1kHz]\Disk 2
File read to copy: 01 - Keep The Family Close.flac
 Fr: D:\Musica\Discografias\Drake\2016 - Views
 To: G:\Musica\Discografias\Drake\2016 - Views [24bit-44.1kHz]
File read to copy: 01 - Digital Dash.flac
 Fr: D:\Musica\Discografias\Drake\2015 - What A Time To Be Alive
 To: G:\Musica\Discografias\Drake', 'Future\2015 - What A Time To Be Alive [24bit-44.1kHz]
File read to copy: 01 - One Kiss.flac
 Fr: D:\Musica\Discografias\Calvin Harris\2018 - One Kiss
 To: G:\Musica\Discografias\Calvin Harris', 'Dua Lipa\2018 - One Kiss [16bit-44.1kHz]
File read to copy: 01 - Summer.flac
 Fr: D:\Musica\Discografias\Calvin Harris\2014 - Summer
 To: G:\Musica\Discografias\Calvin Harris\2014 - Summer [16bit-44.1kHz]
File read to copy: 01 - How Deep Is Your Love.flac
 Fr: D:\Musica\Discografias\Calvin Harris\2015 - How Deep Is Your Love
 To: G:\Musica\Discografias\Calvin Harris', 'Disciples\2015 - How Deep Is Your Love [24bit-44.1kHz]
File read to copy: 01 - Faith.flac
 Fr: D:\Musica\Discografias\Calvin Harris\2014 - Motion
 To: G:\Musica\Discografias\Calvin Harris\2014 - Motion [16bit-44.1kHz]
File read to copy: 01 - Green Valley.flac
 Fr: D:\Musica\Discografias\Calvin Harris\2012 - 18 Months
 To: G:\Musica\Discografias\Calvin Harris\2012 - 18 Months [16bit-44.1kHz]
File read to copy: 01 - This Is What You Came For (feat. Rihanna).flac
 Fr: D:\Musica\Discografias\Calvin Harris\2016 - This Is What You Came For (feat. Rihanna)
 To: G:\Musica\Discografias\Calvin Harris', 'Rihanna\2016 - This Is What You Came For (feat. Rihanna) [24bit-44.1kHz]
File read to copy: 01 - My Way.flac
 Fr: D:\Musica\Discografias\Calvin Harris\2016 - My Way
 To: G:\Musica\Discografias\Calvin Harris\2016 - My Way [24bit-44.1kHz]
File read to copy: 01 - Promises.flac
 Fr: D:\Musica\Discografias\Calvin Harris\2018 - Promises
 To: G:\Musica\Discografias\Calvin Harris', 'Sam Smith\2018 - Promises [16bit-44.1kHz]
File read to copy: 01 - Slide (feat. Frank Ocean & Migos).flac
 Fr: D:\Musica\Discografias\Calvin Harris\2017 - Slide (feat. Frank Ocean & Migos)
 To: G:\Musica\Discografias\Calvin Harris', 'Frank Ocean', 'Migos\2017 - Slide (feat. Frank Ocean & Migos) [24bit-44.1kHz]
File read to copy: 01 - Whistle.flac
 Fr: D:\Musica\Discografias\Flo Rida\2012 - Wild Ones
 To: G:\Musica\Discografias\Flo Rida\2012 - Wild Ones [16bit-44.1kHz]
File read to copy: 01 - American Superstar (feat. Lil Wayne).flac
 Fr: D:\Musica\Discografias\Flo Rida\2008 - Mail on Sunday
 To: G:\Musica\Discografias\Flo Rida\2008 - Mail on Sunday [16bit-44.1kHz]
File read to copy: 01 - Once in a Lifetime.flac
 Fr: D:\Musica\Discografias\Flo Rida\2015 - My House
 To: G:\Musica\Discografias\Flo Rida\2015 - My House [16bit-44.1kHz]
File read to copy: 05 - I've Got The World On A String.flac
 Fr: D:\Musica\Discografias\Frank Sinatra\2015 - Ultimate Sinatra
 To: G:\Musica\Discografias\Frank Sinatra\2015 - Ultimate Sinatra [16bit-44.1kHz]
File read to copy: 01. Tú Necesitas.flac
 Fr: D:\Musica\Discografias\Aleks Syntek\2000 - 89-99
 To: G:\Musica\Discografias\Aleks Syntek\2000 - 89-99 [16bit-44.1kHz]
File read to copy: 01. Tiempos De Paz.flac
 Fr: D:\Musica\Discografias\Aleks Syntek\2004 - Mundo Lite
 To: G:\Musica\Discografias\Aleks Syntek\2004 - Mundo Lite [16bit-44.1kHz]
File read to copy: 01. Superficie Lunar.flac
 Fr: D:\Musica\Discografias\Aleks Syntek\2007 - Lección De Vuelo
 To: G:\Musica\Discografias\Aleks Syntek\2007 - Lección De Vuelo [16bit-44.1kHz]
File read to copy: 01 - Faded.flac
 Fr: D:\Musica\Discografias\Alan Walker\2015 - Faded
 To: G:\Musica\Discografias\Alan Walker\2015 - Faded [16bit-44.1kHz]
File read to copy: 01 - Alone, Pt. II.flac
 Fr: D:\Musica\Discografias\Alan Walker\2019 - Alone, Pt. II
 To: G:\Musica\Discografias\Alan Walker', 'Ava Max\2019 - Alone, Pt. II [24bit-44.1kHz]
File read to copy: 01 - Intro.flac
 Fr: D:\Musica\Discografias\Alan Walker\2018 - Different World
 To: G:\Musica\Discografias\Alan Walker\2018 - Different World [16bit-44.1kHz]
File read to copy: 01 - Sweet Dreams.flac
 Fr: D:\Musica\Discografias\Alan Walker\2021 - Sweet Dreams
 To: G:\Musica\Discografias\Alan Walker', 'Imanbek\2021 - Sweet Dreams [24bit-44.1kHz]
File read to copy: 01 - Bodywork.flac
 Fr: D:\Musica\Discografias\Majestic\2020 - Bodywork
 To: G:\Musica\Discografias\Majestic\2020-04-17 - Bodywork [16bit-44.1kHz]
File read to copy: 01 - Losing My Mind.flac
 Fr: D:\Musica\Discografias\Majestic\2021 - Losing My Mind
 To: G:\Musica\Discografias\Majestic, Nightcrawlers\2021-08-06 - Losing My Mind [16bit-44.1kHz]
File read to copy: 01 - Rasputin.flac
 Fr: D:\Musica\Discografias\Majestic\2021 - Rasputin
 To: G:\Musica\Discografias\Majestic, Boney M.\2021-02-26 - Rasputin [16bit-44.1kHz]
File read to copy: 01 - Shut You Down.flac
 Fr: D:\Musica\Discografias\Majestic\2020 - Shut You Down
 To: G:\Musica\Discografias\Shaun Dean, Majestic\2020-01-31 - Shut You Down [16bit-44.1kHz]
File read to copy: 01 - Entre dos tierras.flac
 Fr: D:\Musica\Discografias\Héroes del Silencio\2006 - The Platinum Collection\CD1
 To: G:\Musica\Discografias\Héroes del Silencio\2006 - The Platinum Collection [16bit-44.1kHz]\Disk 1
File read to copy: 01 - Nuestros nombres.flac
 Fr: D:\Musica\Discografias\Héroes del Silencio\2006 - The Platinum Collection\CD2
 To: G:\Musica\Discografias\Héroes del Silencio\2006 - The Platinum Collection [16bit-44.1kHz]\Disk 2
File read to copy: 01 - Héroe de leyenda (Versión acústica).flac
 Fr: D:\Musica\Discografias\Héroes del Silencio\2006 - The Platinum Collection\CD3
 To: G:\Musica\Discografias\Héroes del Silencio\2006 - The Platinum Collection [16bit-44.1kHz]\Disk 3
File read to copy: 01 - Nuestros nombres (2012 Remastered Version).flac
 Fr: D:\Musica\Discografias\Héroes del Silencio\1993 - El Espíritu del Vino-20th Anniversary Edition
 To: G:\Musica\Discografias\Héroes del Silencio\1993 - El Espíritu del Vino-20th Anniversary Edition [16bit-44.1kHz]
File read to copy: 01 - Derivas.flac
 Fr: D:\Musica\Discografias\Héroes del Silencio\1995 - Avalancha
 To: G:\Musica\Discografias\Héroes del Silencio\1995 - Avalancha [16bit-44.1kHz]
File read to copy: 01 - Entre dos tierras.flac
 Fr: D:\Musica\Discografias\Héroes del Silencio\1990 - Senderos de Traición
 To: G:\Musica\Discografias\Héroes del Silencio\1990 - Senderos de Traición [16bit-44.1kHz]
File read to copy: 01 - Mar adentro.flac
 Fr: D:\Musica\Discografias\Héroes del Silencio\1993 - El Mar No Cesa
 To: G:\Musica\Discografias\Héroes del Silencio\1993 - El Mar No Cesa [16bit-44.1kHz]
File read to copy: 01 - Apuesta por el rock 'n' roll.flac
 Fr: D:\Musica\Discografias\Héroes del Silencio\1998 - Rarezas
 To: G:\Musica\Discografias\Héroes del Silencio\1998 - Rarezas [16bit-44.1kHz]
File read to copy: 01 - 3 A.M-.flac
 Fr: D:\Musica\Discografias\Jesse & Joy\2017 - 3 A.M-
 To: G:\Musica\Discografias\Jesse & Joy', 'Gente de Zona\2017 - 3 A.M. [16bit-44.1kHz]
File read to copy: 01 - Noah's Intro.flac
 Fr: D:\Musica\Discografias\Jesse & Joy\2020 - Aire (Versión Día)
 To: G:\Musica\Discografias\Jesse', 'Joy\2020 - Aire (Versión Día) [16bit-44.1kHz]
File read to copy: 01 - Aquí Voy.flac
 Fr: D:\Musica\Discografias\Jesse & Joy\2012 - ¿Con Quién Se Queda El Perro-
 To: G:\Musica\Discografias\Jesse', 'Joy\2012 - ¿Con Quién Se Queda El Perro [16bit-44.1kHz]
File read to copy: 01 - Echoes Of Love.flac
 Fr: D:\Musica\Discografias\Jesse & Joy\2017 - Jesse & Joy
 To: G:\Musica\Discografias\Jesse', 'Joy\2017 - Jesse & Joy [16bit-44.1kHz]
File read to copy: 01 - No Church In The Wild.flac
 Fr: D:\Musica\Discografias\Jay-z\2011 - Watch The Throne (Deluxe)
 To: G:\Musica\Discografias\JAY-Z', 'Kanye West\2011 - Watch The Throne (Deluxe) [16bit-44.1kHz]
File read to copy: 01 - What We Talkin' About.flac
 Fr: D:\Musica\Discografias\Jay-z\2009 - The Blueprint 3
 To: G:\Musica\Discografias\JAY-Z\2009 - The Blueprint 3 [16bit-44.1kHz]
File read to copy: 01 - Kill Jay Z.flac
 Fr: D:\Musica\Discografias\Jay-z\2017 - 4-44
 To: G:\Musica\Discografias\JAY-Z\2017 - 444 [24bit-44.1kHz]
File read to copy: 01 - Intro.flac
 Fr: D:\Musica\Discografias\alt-J\2014 - This Is All Yours
 To: G:\Musica\Discografias\alt-J\2014 - This Is All Yours [24bit-44.1kHz]
File read to copy: 01 - Intro.flac
 Fr: D:\Musica\Discografias\alt-J\2012 - An Awesome Wave
 To: G:\Musica\Discografias\alt-J\2012 - An Awesome Wave [16bit-44.1kHz]
File read to copy: 01 - 3WW.flac
 Fr: D:\Musica\Discografias\alt-J\2017 - RELAXER
 To: G:\Musica\Discografias\alt-J\2017 - RELAXER [16bit-44.1kHz]
File read to copy: 01 - 3WW (feat. Little Simz) (OTG Version).flac
 Fr: D:\Musica\Discografias\alt-J\2017 - Reduxer
 To: G:\Musica\Discografias\alt-J\2017 - Reduxer [16bit-44.1kHz]
File read to copy: 01 - Merry Blues.flac
 Fr: D:\Musica\Discografias\Manu Chao\2001 - Próxima Estación- Esperanza
 To: G:\Musica\Discografias\Manu Chao\2001 - Próxima Estación Esperanza [16bit-44.1kHz]
File read to copy: 01 - Clandestino.flac
 Fr: D:\Musica\Discografias\Manu Chao\2019 - Clandestino - Bloody Border
 To: G:\Musica\Discografias\Manu Chao\2019 - Clandestino  Bloody Border [16bit-44.1kHz]
File read to copy: 01 - She's Crazy but She's Mine.flac
 Fr: D:\Musica\Discografias\Alex Sparrow\2015 - She's Crazy but She's Mine
 To: G:\Musica\Discografias\Alex Sparrow\2015 - She's Crazy but She's Mine [16bit-44.1kHz]
File read to copy: 01 - Intro Invicto.flac
 Fr: D:\Musica\Discografias\Jacob Forever\2017 - Invicto
 To: G:\Musica\Discografias\Jacob Forever\2017 - Invicto [24bit-44.1kHz]
File read to copy: 01 - Fool for the City.flac
 Fr: D:\Musica\Discografias\Foghat\1975 - Fool for the City
 To: G:\Musica\Discografias\Foghat\1975 - Fool for the City [16bit-44.1kHz]
File read to copy: 01 - No Money.flac
 Fr: D:\Musica\Discografias\Galantis\2016 - No Money
 To: G:\Musica\Discografias\Galantis\2016 - No Money [16bit-44.1kHz]
File read to copy: 01 - Heartbreak Anthem.flac
 Fr: D:\Musica\Discografias\Galantis\2021 - Heartbreak Anthem
 To: G:\Musica\Discografias\Galantis', 'David Guetta', 'Little Mix\2021 - Heartbreak Anthem [24bit-44.1kHz]
File read to copy: 01 - Runaway (U & I).flac
 Fr: D:\Musica\Discografias\Galantis\2015 - Runaway (U & I)
 To: G:\Musica\Discografias\Galantis\2015 - Runaway (U & I) [16bit-44.1kHz]
File read to copy: 01 - Peanut Butter Jelly.flac
 Fr: D:\Musica\Discografias\Galantis\2015 - Peanut Butter Jelly
 To: G:\Musica\Discografias\Galantis\2015 - Peanut Butter Jelly [16bit-44.1kHz]
File read to copy: 01 - Dandelion.flac
 Fr: D:\Musica\Discografias\Galantis\2021 - Dandelion
 To: G:\Musica\Discografias\Galantis', 'Jvke\2021 - Dandelion [24bit-44.1kHz]
File read to copy: 01 - Cult of Personality.flac
 Fr: D:\Musica\Discografias\Living Colour\1988 - Vivid (Expanded Edition)
 To: G:\Musica\Discografias\Living Colour\1988 - Vivid (Expanded Edition) [16bit-44.1kHz]
File read to copy: 01 - Time's Up.flac
 Fr: D:\Musica\Discografias\Living Colour\1990 - Time'S Up
 To: G:\Musica\Discografias\Living Colour\1990 - Time'S Up [16bit-44.1kHz]
File read to copy: 01 - Who Shot Ya.flac
 Fr: D:\Musica\Discografias\Living Colour\2016 - Who Shot Ya
 To: G:\Musica\Discografias\Living Colour\2016 - Who Shot Ya [16bit-44.1kHz]
File read to copy: 01 - I WANNA BE YOUR SLAVE.flac
 Fr: D:\Musica\Discografias\Måneskin\2021 - I WANNA BE YOUR SLAVE
 To: G:\Musica\Discografias\Måneskin', 'Iggy Pop\2021 - I WANNA BE YOUR SLAVE [24bit-44.1kHz]
File read to copy: 01 - ZITTI E BUONI.flac
 Fr: D:\Musica\Discografias\Måneskin\2021 - Teatro d'ira - Vol. I
 To: G:\Musica\Discografias\Måneskin\2021 - Teatro d'ira - Vol. I [16bit-44.1kHz]
File read to copy: 01 - Chosen.flac
 Fr: D:\Musica\Discografias\Måneskin\2017 - Chosen
 To: G:\Musica\Discografias\Måneskin\2017-12-22 - Chosen [16bit-44.1kHz]
File read to copy: 01 - ZITTI E BUONI.flac
 Fr: D:\Musica\Discografias\Måneskin\2021 - ZITTI E BUONI
 To: G:\Musica\Discografias\Måneskin\2021-03-03 - ZITTI E BUONI [16bit-44.1kHz]
File read to copy: 01 - Green Onions.flac
 Fr: D:\Musica\Discografias\Booker T-\1962 - Green Onions
 To: G:\Musica\Discografias\Booker T.', The MG's\1962 - Green Onions [24bit-48.0kHz]
File read to copy: 01 - Cheerleader (Felix Jaehn Remix Radio Edit).flac
 Fr: D:\Musica\Discografias\Omi\2014 - Cheerleader (Felix Jaehn Remix Radio Edit)
 To: G:\Musica\Discografias\Omi\2014 - Cheerleader (Felix Jaehn Remix Radio Edit) [16bit-44.1kHz]
File read to copy: 01 - What Is Love (7- Mix).flac
 Fr: D:\Musica\Discografias\Haddaway\1993 - The Album 2nd Edition
 To: G:\Musica\Discografias\Haddaway\1993 - The Album 2nd Edition [16bit-44.1kHz]
File read to copy: 01 - What Is Love (7- Mix).flac
 Fr: D:\Musica\Discografias\Haddaway\1999 - What Is Love
 To: G:\Musica\Discografias\Haddaway\1999 - What Is Love [16bit-44.1kHz]
File read to copy: 01 - Lluvia Al Corazón (2020 Remasterizado).flac
 Fr: D:\Musica\Discografias\Maná\2011 - Drama Y Luz (2020 Remasterizado)
 To: G:\Musica\Discografias\Maná\2011 - Drama Y Luz (2020 Remasterizado) [24bit-44.1kHz]
File read to copy: 01 - Hechicera.flac
 Fr: D:\Musica\Discografias\Maná\1997 - Sueños Líquidos
 To: G:\Musica\Discografias\Maná\1997 - Sueños Líquidos [16bit-44.1kHz]
File read to copy: 01 - Manda Una Señal.flac
 Fr: D:\Musica\Discografias\Maná\2006 - Amar Es Combatir
 To: G:\Musica\Discografias\Maná\2006 - Amar Es Combatir [16bit-44.1kHz]
File read to copy: 01 - Como Un Perro Enloquecido.flac
 Fr: D:\Musica\Discografias\Maná\1995 - Cuando Los Ángeles Lloran
 To: G:\Musica\Discografias\Maná\1995 - Cuando Los Ángeles Lloran [16bit-44.1kHz]
File read to copy: 01 - Gitana.flac
 Fr: D:\Musica\Discografias\Maná\1992 - Falta Amor
 To: G:\Musica\Discografias\Maná\1992 - Falta Amor [16bit-44.1kHz]
File read to copy: 01. De Pies A Cabeza.flac
 Fr: D:\Musica\Discografias\Maná\1994 - Donde Jugaran Los Niños (Edicion Especial)
 To: G:\Musica\Discografias\Maná\1994 - ¿Donde Jugaran Los Niños [16bit-44.1kHz]
File read to copy: 01. No Ha Parado de Llover.flac
 Fr: D:\Musica\Discografias\Maná\1999 - MTV Unplugged
 To: G:\Musica\Discografias\Maná\1999 06 22 - MTV Unplugged [16bit-44.1kHz]
File read to copy: 01. Justicia, Tierra y Libertad.flac
 Fr: D:\Musica\Discografias\Maná\2002 - Revolución De Amor
 To: G:\Musica\Discografias\Maná\2002 - Revolución De Amor [16bit-44.1kHz]
File read to copy: 01 - WTF Do I Know.flac
 Fr: D:\Musica\Discografias\Miley Cyrus\2020 - Plastic Hearts
 To: G:\Musica\Discografias\Miley Cyrus\2020 - Plastic Hearts [24bit-44.1kHz]
File read to copy: 01 - Y Nos Dieron las Diez.flac
 Fr: D:\Musica\Discografias\Joaquín Sabina\2014 - Esencial Joaquin Sabina\CD1
 To: G:\Musica\Discografias\Joaquín Sabina\2014 - Esencial Joaquin Sabina [24bit-44.1kHz]\Disk 1
File read to copy: 01 - 19 Dias y 500 Noches.flac
 Fr: D:\Musica\Discografias\Joaquín Sabina\2014 - Esencial Joaquin Sabina\CD2
 To: G:\Musica\Discografias\Joaquín Sabina\2014 - Esencial Joaquin Sabina [24bit-44.1kHz]\Disk 2
File read to copy: 01 - The Maussan Archives.flac
 Fr: D:\Musica\Discografias\Jonáz\2012 - The Pre End Of The World Soundtrack
 To: G:\Musica\Discografias\Jonáz\2012 - The Pre End Of The World Soundtrack [16bit-44.1kHz]
File read to copy: 01 - El Amar y el Querer.flac
 Fr: D:\Musica\Discografias\José José\2017 - El Príncipe de la Canción\CD1
 To: G:\Musica\Discografias\José José\2017 - El Príncipe de la Canción [16bit-44.1kHz]\Disk 1
File read to copy: 01 - Almohada.flac
 Fr: D:\Musica\Discografias\José José\2017 - El Príncipe de la Canción\CD2
 To: G:\Musica\Discografias\José José\2017 - El Príncipe de la Canción [16bit-44.1kHz]\Disk 2
File read to copy: 01 - STAY.flac
 Fr: D:\Musica\Discografias\The Kid LAROI-\2021 - STAY
 To: G:\Musica\Discografias\The Kid LAROI.', 'Justin Bieber\2021 - STAY [24bit-44.1kHz]
File read to copy: 01 - We Are Your Friends (Justice Vs Simian).flac
 Fr: D:\Musica\Discografias\Simian\2002 - We Are Your Friends
 To: G:\Musica\Discografias\Simian', 'Justice\2002 - We Are Your Friends [16bit-44.1kHz]
File read to copy: 01 - Cut & Run.flac
 Fr: D:\Musica\Discografias\Lifehouse\2021 - Goodbye Kanan
 To: G:\Musica\Discografias\Lifehouse\2021-11-26 - Goodbye Kanan [16bit-44.1kHz]
File read to copy: 01 - Hanging By A Moment.flac
 Fr: D:\Musica\Discografias\Lifehouse\2017 - Greatest Hits
 To: G:\Musica\Discografias\Lifehouse\2017-07-14 - Greatest Hits [16bit-44.1kHz]
File read to copy: 01 - Hurricane.flac
 Fr: D:\Musica\Discografias\Lifehouse\2015 - Out of the Wasteland
 To: G:\Musica\Discografias\Lifehouse\2015-05-26 - Out of the Wasteland [16bit-44.1kHz]
File read to copy: 02 - Between The Raindrops.flac
 Fr: D:\Musica\Discografias\Lifehouse\2012 - Almeria (Deluxe)
 To: G:\Musica\Discografias\Lifehouse\2012-12-11 - Almeria (Deluxe) [16bit-44.1kHz]
File read to copy: 01 - All In.flac
 Fr: D:\Musica\Discografias\Lifehouse\2010 - Smoke & Mirrors (Deluxe Edition)
 To: G:\Musica\Discografias\Lifehouse\2010-03-02 - Smoke & Mirrors (Deluxe Edition) [16bit-44.1kHz]
File read to copy: 01 - Disarray.flac
 Fr: D:\Musica\Discografias\Lifehouse\2007 - Who We Are
 To: G:\Musica\Discografias\Lifehouse\2007-06-19 - Who We Are [16bit-44.1kHz]
File read to copy: 01 - Come Back Down.flac
 Fr: D:\Musica\Discografias\Lifehouse\2005 - Lifehouse
 To: G:\Musica\Discografias\Lifehouse\2005-03-22 - Lifehouse [16bit-44.1kHz]
File read to copy: 01 - Spin.flac
 Fr: D:\Musica\Discografias\Lifehouse\2002 - Stanley Climbfall (Expanded Edition)
 To: G:\Musica\Discografias\Lifehouse\2002-09-17 - Stanley Climbfall (Expanded Edition) [16bit-44.1kHz]
File read to copy: 01 - Hanging By A Moment.flac
 Fr: D:\Musica\Discografias\Lifehouse\2000 - No Name Face
 To: G:\Musica\Discografias\Lifehouse\2000-10-31 - No Name Face [16bit-44.1kHz]
File read to copy: 01 - BLOOD-.flac
 Fr: D:\Musica\Discografias\Kendrick Lamar\2017 - DAMN-
 To: G:\Musica\Discografias\Kendrick Lamar\2017 - DAMN. [16bit-44.1kHz]
File read to copy: 01 - Black Panther.flac
 Fr: D:\Musica\Discografias\Kendrick Lamar\2018 - Black Panther The Album Music From And Inspired By
 To: G:\Musica\Discografias\Kendrick Lamar', 'SZA\2018 - Black Panther The Album Music From And Inspired By [24bit-44.1kHz]
File read to copy: 01 - Hoy Que No Estás Conmigo.flac
 Fr: D:\Musica\Discografias\Liran' Roll\2014 - 15 Rolitas de Amor, Vol. 7
 To: G:\Musica\Discografias\Liran' Roll\2014 - 15 Rolitas de Amor, Vol. 7 [16bit-44.1kHz]
File read to copy: 01 - Hangar Ambulante.flac
 Fr: D:\Musica\Discografias\Liran' Roll\2014 - María (Remastered)
 To: G:\Musica\Discografias\Liran' Roll\2014-05-09 - María (Remastered) [16bit-44.1kHz]
File read to copy: 01 - Recuerdos.flac
 Fr: D:\Musica\Discografias\Liran' Roll\1997 - Disco de Aniversario
 To: G:\Musica\Discografias\Liran' Roll\1997-01-01 - Disco de Aniversario [16bit-44.1kHz]
File read to copy: 01 - Todos Tenemos Un Amor.flac
 Fr: D:\Musica\Discografias\La Mosca Tse-Tse\2001 - Buenos Muchachos
 To: G:\Musica\Discografias\La Mosca Tse-Tse\2001 - Buenos Muchachos [24bit-44.1kHz]
File read to copy: 01 - Muchachos Esta Noche Me Emborracho.flac
 Fr: D:\Musica\Discografias\La Mosca Tse-Tse\2003 - Tango Latino
 To: G:\Musica\Discografias\La Mosca Tse-Tse\2003 - Tango Latino [16bit-44.1kHz]
File read to copy: 01 - El Sol No Regresa.flac
 Fr: D:\Musica\Discografias\La Quinta Estación\2012 - Recuérdame Con Cartas Y Algo Más... Los Exitos  (D
 To: G:\Musica\Discografias\La Quinta Estación\2012 - Recuérdame Con Cartas Y Algo Más... Los Exitos  (Deluxe Edition) [16bit-44.1kHz]
File read to copy: 01 - Que Te Quería.flac
 Fr: D:\Musica\Discografias\La Quinta Estación\2009 - Sin Frenos
 To: G:\Musica\Discografias\La Quinta Estación\2009-03-17 - Sin Frenos [16bit-44.1kHz]
File read to copy: 01 - Falso amor.flac
 Fr: D:\Musica\Discografias\La Unión\2000 - Grandes Exitos
 To: G:\Musica\Discografias\La Unión\2000 - Grandes Exitos [16bit-44.1kHz]
File read to copy: 01. Sildavia.flac
 Fr: D:\Musica\Discografias\La Unión\1984 - Mil Siluetas (FLAC)
 To: G:\Musica\Discografias\La Union\1984 - Mil Siluetas [16bit-44.1kHz]
File read to copy: 01 - Wired All Night.flac
 Fr: D:\Musica\Discografias\Mick Jagger\1993 - Wandering Spirit
 To: G:\Musica\Discografias\Mick Jagger\1993-02-09 - Wandering Spirit [16bit-44.1kHz]
File read to copy: 01 - El Listón De Tu Pelo.flac
 Fr: D:\Musica\Discografias\Los Ángeles azules\2005 - Grandes Éxitos Remezclados Y Remasterizados
 To: G:\Musica\Discografias\Los Ángeles azules\2005 - Grandes Éxitos Remezclados Y Remasterizados [16bit-44.1kHz]
File read to copy: 01 - Nunca Es Suficiente.flac
 Fr: D:\Musica\Discografias\Los Ángeles azules\2018 - Nunca Es Suficiente
 To: G:\Musica\Discografias\Los Ángeles azules', 'Natalia Lafourcade\2018 - Nunca Es Suficiente [16bit-44.1kHz]
File read to copy: 01 - Perdón, Perdón.flac
 Fr: D:\Musica\Discografias\Los Ángeles azules\2018 - Esto Sí Es Cumbia
 To: G:\Musica\Discografias\Los Ángeles azules\2018 - Esto Sí Es Cumbia [16bit-44.1kHz]
File read to copy: 01 - Amor A Primera Vista.flac
 Fr: D:\Musica\Discografias\Los Ángeles azules\2019 - Amor A Primera Vista
 To: G:\Musica\Discografias\Los Ángeles azules', 'Belinda', 'Lalo Ebratt', 'Horacio Palencia\2019 - Amor A Primera Vista [16bit-44.1kHz]
File read to copy: 01 - La Cumbia Del Infinito.flac
 Fr: D:\Musica\Discografias\Los Ángeles azules\2016 - De Plaza En Plaza (Cumbia Sinfónica-Deluxe)
 To: G:\Musica\Discografias\Los Ángeles azules\2016 - De Plaza En Plaza (Cumbia SinfónicaDeluxe) [16bit-44.1kHz]
File read to copy: 01. Entrega De Amor.flac
 Fr: D:\Musica\Discografias\Los Ángeles azules\2015 - Como Te Voy A Olvidar [Edicion De Super Lujo] (FLAC)
 To: G:\Musica\Discografias\Los Angeles Azules\2015 - Como Te Voy A Olvidar [Edicion De Super Lujo [16bit-44.1kHz]
File read to copy: 01 - Turbo Lover (Remastered).flac
 Fr: D:\Musica\Discografias\Judas Priest\1986 - Turbo 30 ((Remastered 30th Anniversary Deluxe Edition))\CD1
 To: G:\Musica\Discografias\Judas Priest\1986-04-07 - Turbo 30 ((Remastered 30th Anniversary Deluxe Edition)) [16bit-44.1kHz]\Disk 1
File read to copy: 01 - Out in the Cold (Recorded at Kemper Arena in Kansas City).flac
 Fr: D:\Musica\Discografias\Judas Priest\1986 - Turbo 30 ((Remastered 30th Anniversary Deluxe Edition))\CD2
 To: G:\Musica\Discografias\Judas Priest\1986-04-07 - Turbo 30 ((Remastered 30th Anniversary Deluxe Edition)) [16bit-44.1kHz]\Disk 2
File read to copy: 01 - The Hellion (Recorded at Kemper Arena in Kansas City).flac
 Fr: D:\Musica\Discografias\Judas Priest\1986 - Turbo 30 ((Remastered 30th Anniversary Deluxe Edition))\CD3
 To: G:\Musica\Discografias\Judas Priest\1986-04-07 - Turbo 30 ((Remastered 30th Anniversary Deluxe Edition)) [16bit-44.1kHz]\Disk 3
File read to copy: 01 - Ram It Down.flac
 Fr: D:\Musica\Discografias\Judas Priest\1988 - Ram It Down
 To: G:\Musica\Discografias\Judas Priest\1988-01-01 - Ram It Down [16bit-44.1kHz]
File read to copy: 01 - Rapid Fire.flac
 Fr: D:\Musica\Discografias\Judas Priest\1980 - British Steel\1- British Steel + 2001 bonus tracks
 To: G:\Musica\Discografias\Judas Priest\1980 - British Steel [16bit-44.1kHz]\Disk 1
File read to copy: 01 - Rapid Fire.flac
 Fr: D:\Musica\Discografias\Judas Priest\1980 - British Steel\2- 30th Anniversary Edition - bonus live CD-DVD
 To: G:\Musica\Discografias\Judas Priest\2010 - British Steel [16bit-44.1kHz]\Disk 2
File read to copy: 01 - The Hellion.flac
 Fr: D:\Musica\Discografias\Judas Priest\1982 - Screaming For Vengeance
 To: G:\Musica\Discografias\Judas Priest\1982 - Screaming For Vengeance [16bit-44.1kHz]
File read to copy: 01 - Painkiller.flac
 Fr: D:\Musica\Discografias\Judas Priest\1990 - Painkiller
 To: G:\Musica\Discografias\Judas Priest\1990 - Painkiller [16bit-44.1kHz]
File read to copy: 01 - Standing On The Shore.flac
 Fr: D:\Musica\Discografias\Empire of the sun\2008 - Walking On A Dream (10th Anniversary Edition)\CD1
 To: G:\Musica\Discografias\Empire Of The Sun\2008-10-04 - Walking On A Dream (10th Anniversary Edition) [16bit-44.1kHz]\Disk 1
File read to copy: 01 - Chrysalis.flac
 Fr: D:\Musica\Discografias\Empire of the sun\2008 - Walking On A Dream (10th Anniversary Edition)\CD2
 To: G:\Musica\Discografias\Empire Of The Sun\2008-10-04 - Walking On A Dream (10th Anniversary Edition) [16bit-44.1kHz]\Disk 2
File read to copy: 01 - No Somos Nada.flac
 Fr: D:\Musica\Discografias\La Polla Records\2001 - No Somos Nada
 To: G:\Musica\Discografias\La Polla Records\2001-08-23 - No Somos Nada [16bit-44.1kHz]
File read to copy: 01 - A Bailar.flac
 Fr: D:\Musica\Discografias\Maria Daniela y Su Sonido Lasser\2005 - Mdyssl
 To: G:\Musica\Discografias\Maria Daniela y Su Sonido Lasser\2005-03-10 - Mdyssl [16bit-44.1kHz]
File read to copy: 01 - Cuatro Personalidades.flac
 Fr: D:\Musica\Discografias\Turf\2010 - El recorrido 1997-2007
 To: G:\Musica\Discografias\Turf\2010-12-25 - El recorrido 19972007 [16bit-44.1kHz]
File read to copy: 01 - Moscow Mule.flac
 Fr: D:\Musica\Discografias\Bad Bunny\2022 - Un Verano Sin Ti
 To: G:\Musica\Discografias\Bad Bunny\2022-05-06 - Un Verano Sin Ti [16bit-44.1kHz]
File read to copy: 01 - SAOKO.flac
 Fr: D:\Musica\Discografias\Rosalía\2022 - MOTOMAMI
 To: G:\Musica\Discografias\Rosalía\2022-03-18 - MOTOMAMI [16bit-44.1kHz]
File read to copy: 01 - No Discutamos, Mi Fracaso, Adiós Amor, Te Vas- Obertura (En Vivo [Desde el Instituto Nacional de Bellas Artes]).flac
 Fr: D:\Musica\Discografias\Juan Gabriel\2014 - Lo Mejor en Bellas Artes - 40 Aniversario
 To: G:\Musica\Discografias\Juan Gabriel\2014-06-10 - Lo Mejor en Bellas Artes - 40 Aniversario [16bit-44.1kHz]
File read to copy: 02 - Paranoid (2012 - Remaster).flac
 Fr: D:\Musica\Album\Black Sabbath
 To: G:\Musica\Discografias\Black Sabbath\1970 - Paranoid (Remaster) [16bit-44.1kHz]
File read to copy: 01 - War Pigs - Luke's Wall (2012 - Remaster).flac
 Fr: D:\Musica\Album\Black Sabbath\1970 - Paranoid (Remaster)
 To: G:\Musica\Discografias\Black Sabbath\1970 - Paranoid (Remaster) [16bit-44.1kHz]
File read to copy: 01 - Black Sabbath (2014 Remaster).flac
 Fr: D:\Musica\Album\Black Sabbath\1970 - Black Sabbath (2014 Remaster)
 To: G:\Musica\Discografias\Black Sabbath\1970 - Black Sabbath (2014 Remaster) [16bit-44.1kHz]
File read to copy: 01 - Sweet Leaf (2014 Remaster).flac
 Fr: D:\Musica\Album\Black Sabbath\1971 - Master of Reality (2014 Remaster)
 To: G:\Musica\Discografias\Black Sabbath\1971 - Master of Reality (2014 Remaster) [24bit-48.0kHz]
File read to copy: 01 - Wheels of Confusion - The Straightener (2014 Remas.flac
 Fr: D:\Musica\Album\Black Sabbath\1972 - Vol. 4 (2014 Remaster)
 To: G:\Musica\Discografias\Black Sabbath\1972 - Vol. 4 (2014 Remaster) [16bit-44.1kHz]
File read to copy: 01 - Sabbath Bloody Sabbath (2014 Remaster).flac
 Fr: D:\Musica\Album\Black Sabbath\1973 - Sabbath Bloody Sabbath (2014 Remaster)
 To: G:\Musica\Discografias\Black Sabbath\1973 - Sabbath Bloody Sabbath (2014 Remaster) [24bit-48.0kHz]
File read to copy: 01 - Hole in the Sky (2013 Remaster).flac
 Fr: D:\Musica\Album\Black Sabbath\1975 - Sabotage (2014 Remaster)
 To: G:\Musica\Discografias\Black Sabbath\1975 - Sabotage (2014 Remaster) [24bit-48.0kHz]
File read to copy: 01 - Back Street Kids (2013 Remaster).flac
 Fr: D:\Musica\Album\Black Sabbath\1976 - Technical Ecstasy (2013 Remaster)
 To: G:\Musica\Discografias\Black Sabbath\1976 - Technical Ecstasy (2013 Remaster) [16bit-44.1kHz]
File read to copy: 01 - Never Say Die (2014 Remaster).flac
 Fr: D:\Musica\Album\Black Sabbath\1978 - Never Say Die! (2013 Remaster)
 To: G:\Musica\Discografias\Black Sabbath\1978 - Never Say Die! (2013 Remaster) [16bit-44.1kHz]
File read to copy: 01 - Turn Up the Night (2021 Remaster).flac
 Fr: D:\Musica\Album\Black Sabbath\1981 - Mob Rules (Deluxe Edition)\CD1
 To: G:\Musica\Discografias\Black Sabbath\1981 - Mob Rules (Deluxe Edition) [24bit-48.0kHz]\Disk 1
File read to copy: 01 - N.I.B. (Live at Portland Memorial Coliseum, Portla.flac
 Fr: D:\Musica\Album\Black Sabbath\1981 - Mob Rules (Deluxe Edition)\CD2
 To: G:\Musica\Discografias\Black Sabbath\1981 - Mob Rules (Deluxe Edition) [24bit-44.1kHz]\Disk 2
File read to copy: 01 - End Of The Beginning.flac
 Fr: D:\Musica\Album\Black Sabbath\2013 - 13 (Deluxe Version)
 To: G:\Musica\Discografias\Black Sabbath\2013 - 13 (Deluxe Version) [16bit-44.1kHz]
File read to copy: 01 - Trashed (2004 Remaster).flac
 Fr: D:\Musica\Album\Black Sabbath\1983 - Born Again (2004 Remaster)
 To: G:\Musica\Discografias\Black Sabbath\1983 - Born Again (2004 Remaster) [16bit-44.1kHz]
File read to copy: 01 - Soup for One.flac
 Fr: D:\Musica\Album\Various Artists\1982 - Soup for One (Original Motion Picture Soundtrack)
 To: G:\Musica\Discografias\Various Artists\1982 - Soup for One (Original Motion Picture Soundtrack) [16bit-44.1kHz]
File read to copy: 01 - Afuera.flac
 Fr: D:\Musica\Album\Various Artists\2010 - Nos Vamos Juntos - Un Tributo A Las Canciones De C
 To: G:\Musica\Discografias\Various Artists\2010 - Nos Vamos Juntos - Un Tributo A Las Canciones De Caifanes Y Jaguares [16bit-44.1kHz]
File read to copy: 14 - La Bruja - Son Jarocho Tradicional.flac
 Fr: D:\Musica\Album\Various Artists\2002 - Frida (Original Motion Picture Soundtrack)
 To: G:\Musica\Discografias\Various Artists\2002 - Frida (Original Motion Picture Soundtrack) [16bit-44.1kHz]
File read to copy: 11 - Atmosphere.flac
 Fr: D:\Musica\Album\Various Artists\2017 - Stranger Things (Soundtrack from the Netflix Origi
 To: G:\Musica\Discografias\Various Artists\2017 - Stranger Things (Soundtrack from the Netflix Original Series) [16bit-44.1kHz]
File read to copy: 02 - CAN'T STOP THE FEELING! (Original Song from DreamW.flac
 Fr: D:\Musica\Album\Various Artists\2016 - TROLLS (Original Motion Picture Soundtrack)
 To: G:\Musica\Discografias\Various Artists\2016 - TROLLS (Original Motion Picture Soundtrack) [24bit-44.1kHz]
File read to copy: 01 - Bellos Recuerdos.flac
 Fr: D:\Musica\Album\Various Artists\2014 - 15 Rolitas de Amor, Vol. 3
 To: G:\Musica\Discografias\Various Artists\2014 - 15 Rolitas de Amor, Vol. 3 [16bit-44.1kHz]
File read to copy: 01 - Lo Pasado, Pasado.flac
 Fr: D:\Musica\Album\Various Artists\1998 - Un Tributo
 To: G:\Musica\Discografias\Various Artists\1998 - Un Tributo [16bit-44.1kHz]
File read to copy: 01 - Mátenme Porque Me Muero (Versión Sinfónico [En Viv.flac
 Fr: D:\Musica\Album\Various Artists\2015 - Rock en Tu Idioma Sinfónico
 To: G:\Musica\Discografias\Various Artists\2015 - Rock en Tu Idioma Sinfónico [16bit-44.1kHz]
File read to copy: 01 - Welcome to Hell.flac
 Fr: D:\Musica\Album\Various Artists\2003 - Rock en Ñ
 To: G:\Musica\Discografias\Various Artists\2003 - Rock en Ñ [16bit-44.1kHz]
File read to copy: 01 - Lo Pasado, Pasado.flac
 Fr: D:\Musica\Album\Various Artists\2013 - José José, Un Tributo 1 & 2\CD1
 To: G:\Musica\Discografias\Various Artists\2013 - José José, Un Tributo 1 & 2 [16bit-44.1kHz]\Disk 1
File read to copy: 01 - Desesperado.flac
 Fr: D:\Musica\Album\Various Artists\2013 - José José, Un Tributo 1 & 2\CD2
 To: G:\Musica\Discografias\Various Artists\2013 - José José, Un Tributo 1 & 2 [16bit-44.1kHz]\Disk 2
File read to copy: 01 - Symphony No. 5 in C Minor, Op. 67- I. Allegro con.flac
 Fr: D:\Musica\Album\Various Artists\2013 - 100 Essential Pieces of Classical Music- The Very\CD1
 To: G:\Musica\Discografias\Various Artists\2013 - 100 Essential Pieces of Classical Music The Very Best of Mozart, Bach, Beethoven, and more, Including Symphonies, Concertos, Chamber Music, Violin, and Piano [16bit-44.1kHz]\Disk 1
File read to copy: 01 - Hansel and Gretel, Act II, Scene 3- Dream Pantomim.flac
 Fr: D:\Musica\Album\Various Artists\2013 - 100 Essential Pieces of Classical Music- The Very\CD2
 To: G:\Musica\Discografias\Various Artists\2013 - 100 Essential Pieces of Classical Music The Very Best of Mozart, Bach, Beethoven, and more, Including Symphonies, Concertos, Chamber Music, Violin, and Piano [16bit-44.1kHz]\Disk 2
File read to copy: 12 - Hungarian Dance No. 5, Allegro molto.flac
 Fr: D:\Musica\Album\Various Artists\2011 - 51 Masterpieces of Classic
 To: G:\Musica\Discografias\Various Artists\2011-07-29 - 51 Masterpieces of Classic [16bit-44.1kHz]
File read to copy: 01 - Cielo Rojo.flac
 Fr: D:\Musica\Album\Various Artists\2017 - Súper Éxitos Rancheros Vol. 1\CD2
 To: G:\Musica\Discografias\Various Artists\2017-09-15 - Súper Éxitos Rancheros Vol. 1 [16bit-44.1kHz]\Disk 2
File read to copy: 01 - Transmaniacon MC.flac
 Fr: D:\Musica\Album\Blue Öyster Cult\1972 - Blue Oyster Cult
 To: G:\Musica\Discografias\Blue Öyster Cult\1972 - Blue Oyster Cult [24bit-44.1kHz]
File read to copy: 01 - Godzilla.flac
 Fr: D:\Musica\Album\Blue Öyster Cult\1977 - Spectres
 To: G:\Musica\Discografias\Blue Öyster Cult\1977 - Spectres [24bit-44.1kHz]
File read to copy: 01 - Fire of Unknown Origin.flac
 Fr: D:\Musica\Album\Blue Öyster Cult\1981 - Fire of Unknown Origin
 To: G:\Musica\Discografias\Blue Öyster Cult\1981 - Fire of Unknown Origin [24bit-44.1kHz]
File read to copy: 01 - Chan Chan.flac
 Fr: D:\Musica\Album\Buena Vista Social Club\1997 - Buena Vista Social Club
 To: G:\Musica\Discografias\Buena Vista Social Club\1997 - Buena Vista Social Club [16bit-44.1kHz]
File read to copy: 01 - Las consecuencias (Asustar un poco).flac
 Fr: D:\Musica\Album\Bunbury\2010 - Las Consecuencias
 To: G:\Musica\Discografias\Bunbury\2010 - Las Consecuencias [16bit-44.1kHz]
File read to copy: 01 - Ahora (MTV Unplugged).flac
 Fr: D:\Musica\Album\Bunbury\2015 - MTV Unplugged. El Libro De Las Mutaciones
 To: G:\Musica\Discografias\Bunbury\2015 - MTV Unplugged. El Libro De Las Mutaciones [16bit-44.1kHz]
File read to copy: 01 - Sin documentos.flac
 Fr: D:\Musica\Album\Bunbury\2015 - Hijos del pueblo
 To: G:\Musica\Discografias\Bunbury', 'Andrés Calamaro\2015 - Hijos del pueblo [16bit-44.1kHz]
File read to copy: 22 - Aunque no sea conmigo (2018 Remaster).flac
 Fr: D:\Musica\Album\Bunbury\2018 - Canciones 1987-2017 (2018 Remaster)
 To: G:\Musica\Discografias\Bunbury\2018 - Canciones 1987-2017 (2018 Remaster) [16bit-44.1kHz]
File read to copy: 01 - Nada.flac
 Fr: D:\Musica\Album\Bunbury\2016 - Archivos Vol. 2- Duetos
 To: G:\Musica\Discografias\Bunbury\2016-11-11 - Archivos Vol. 2 Duetos [16bit-44.1kHz]
File read to copy: 01 - El aparato.flac
 Fr: D:\Musica\Album\Café Tacvba\1994 - Re
 To: G:\Musica\Discografias\Café Tacvba\1994-07-22 - Re [16bit-44.1kHz]
File read to copy: 01 - Chilanga banda.flac
 Fr: D:\Musica\Album\Café Tacvba\1996 - Avalancha de éxitos
 To: G:\Musica\Discografias\Café Tacvba\1996 - Avalancha de éxitos [16bit-44.1kHz]
File read to copy: 01 - Pájaros (Album Version).flac
 Fr: D:\Musica\Album\Café Tacvba\2012 - El Objeto Antes Llamado Disco
 To: G:\Musica\Discografias\Café Tacvba\2012 - El Objeto Antes Llamado Disco [16bit-44.1kHz]
File read to copy: 01 - Detrás de Ti.flac
 Fr: D:\Musica\Album\Caifanes\1990 - El Diablito
 To: G:\Musica\Discografias\Caifanes\1990 - El Diablito [16bit-44.1kHz]
File read to copy: 01 - Metamorféame.flac
 Fr: D:\Musica\Album\Caifanes\1992 - El Silencio
 To: G:\Musica\Discografias\Caifanes\1992 - El Silencio [16bit-44.1kHz]
File read to copy: 01 - Afuera.flac
 Fr: D:\Musica\Album\Caifanes\1994 - El Nervio Del Volcan
 To: G:\Musica\Discografias\Caifanes\1994 - El Nervio Del Volcan [16bit-44.1kHz]
File read to copy: 01 - Mátenme Porque Me Muero.flac
 Fr: D:\Musica\Album\Caifanes\2011 - Caifanes
 To: G:\Musica\Discografias\Caifanes\2011 - Caifanes [16bit-44.1kHz]
File read to copy: 01 - Verte.flac
 Fr: D:\Musica\Album\NICKI NICOLE\2020 - Verte
 To: G:\Musica\Discografias\NICKI NICOLE', 'Dread Mar I', 'Bizarrap\2020 - Verte [24bit-44.1kHz]
File read to copy: 01 - La Limpia.flac
 Fr: D:\Musica\Album\Elefante\2002 - Lo Que Andábamos Buscando (Special Para CEV)
 To: G:\Musica\Discografias\Elefante\2002 - Lo Que Andábamos Buscando (Special Para CEV) [16bit-44.1kHz]
File read to copy: 01 - De la Noche a la Mañana.flac
 Fr: D:\Musica\Album\Elefante\2001 - El Que Busca Encuentra
 To: G:\Musica\Discografias\Elefante\2001 - El Que Busca Encuentra [16bit-44.1kHz]
File read to copy: 03 - Live And Let Die.flac
 Fr: D:\Musica\Album\Guns N' Roses\1991 - Use Your Illusion I
 To: G:\Musica\Discografias\Guns N' Roses\1991 - Use Your Illusion I [16bit-44.1kHz]
File read to copy: 01 - Welcome To The Jungle.flac
 Fr: D:\Musica\Album\Guns N' Roses\1987 - Appetite For Destruction
 To: G:\Musica\Discografias\Guns N' Roses\1987 - Appetite For Destruction [16bit-44.1kHz]
File read to copy: 01 - Civil War.flac
 Fr: D:\Musica\Album\Guns N' Roses\1991 - Use Your Illusion II
 To: G:\Musica\Discografias\Guns N' Roses\1991 - Use Your Illusion II [16bit-44.1kHz]
File read to copy: 01 - Bridged By A Lightwave (Radio Edit).flac
 Fr: D:\Musica\Album\deadmau5\2020 - Bridged By A Lightwave
 To: G:\Musica\Discografias\deadmau5', 'Kiesza\2020 - Bridged By A Lightwave [16bit-44.1kHz]
File read to copy: 01 - THE SCOTTS.flac
 Fr: D:\Musica\Album\THE SCOTTS\2020 - THE SCOTTS
 To: G:\Musica\Discografias\THE SCOTTS', 'Travis Scott', 'Kid Cudi\2020 - THE SCOTTS [24bit-44.1kHz]
File read to copy: 01 - San Francisco Days.flac
 Fr: D:\Musica\Album\Chris Isaak\2006 - Best Of Chris Isaak
 To: G:\Musica\Discografias\Chris Isaak\2006 - Best Of Chris Isaak [16bit-44.1kHz]
File read to copy: 01 - Cumbia A La Gente.flac
 Fr: D:\Musica\Album\Guaynaa\2021 - Cumbia A La Gente
 To: G:\Musica\Discografias\Guaynaa', 'Los Ángeles azules\2021 - Cumbia A La Gente [24bit-48.0kHz]
File read to copy: 01 - Richter- Recomposed By Max Richter- Vivaldi, The F.flac
 Fr: D:\Musica\Album\Max Richter\2012 - Recomposed By Max Richter- Vivaldi, The Four Seaso
 To: G:\Musica\Discografias\Max Richter', 'Daniel Hope', 'Konzerthaus Kammerorchester Berlin', 'André de Ridder\2012 - Recomposed By Max Richter Vivaldi, The Four Seasons [24bit-44.1kHz]
File read to copy: 01 - Carry on Wayward Son.flac
 Fr: D:\Musica\Album\Kansas\1976 - Leftoverture (Expanded Edition)
 To: G:\Musica\Discografias\Kansas\1976-01-01 - Leftoverture (Expanded Edition) [16bit-44.1kHz]
File read to copy: 01 - Otra Noche.flac
 Fr: D:\Musica\Album\Los Ángeles azules, NICKI NICOLE\2021 - Otra Noche
 To: G:\Musica\Discografias\Los Ángeles azules, NICKI NICOLE\2021-11-12 - Otra Noche [16bit-44.1kHz]
File read to copy: 01 - Be Together (feat. Wild Belle).flac
 Fr: D:\Musica\Album\Major Lazer\2015 - Peace Is The Mission
 To: G:\Musica\Discografias\Major Lazer\2015-06-01 - Peace Is The Mission [16bit-44.1kHz]
File read to copy: 01 - Cold Water.flac
 Fr: D:\Musica\Album\Major Lazer, Justin Bieber, MØ\2016 - Cold Water
 To: G:\Musica\Discografias\Major Lazer, Justin Bieber, MØ\2016-07-22 - Cold Water [16bit-44.1kHz]
File read to copy: 01 - Intro - F.A.M.E.flac
 Fr: D:\Musica\Album\Maluma\2018 - F.A.M.E
 To: G:\Musica\Discografias\Maluma\2018-05-18 - F.A.M.E. [16bit-44.1kHz]
File read to copy: 01 - 11 PM.flac
 Fr: D:\Musica\Album\Maluma\2019 - 11-11
 To: G:\Musica\Discografias\Maluma\2019-05-17 - 1111 [16bit-44.1kHz]
File read to copy: 01 - Medallo City.flac
 Fr: D:\Musica\Album\Maluma\2020 - PAPI JUANCHO
 To: G:\Musica\Discografias\Maluma\2020-08-21 - PAPI JUANCHO [16bit-44.1kHz]
File read to copy: 01 - Cositas de la USA.flac
 Fr: D:\Musica\Album\Maluma\2022 - The Love & Sex Tape
 To: G:\Musica\Discografias\Maluma\2022-06-10 - The Love & Sex Tape [16bit-44.1kHz]
File read to copy: 01 - Will Of The People.flac
 Fr: D:\Musica\Album\Muse\2022 - Will Of The People
 To: G:\Musica\Discografias\Muse\2022-08-26 - Will Of The People [16bit-44.1kHz]
File read to copy: 01 - Demasiadas Mujeres.flac
 Fr: D:\Musica\Album\C. Tangana\2021 - El Madrileño
 To: G:\Musica\Discografias\C. Tangana\2021-02-21 - El Madrileño [16bit-44.1kHz]
File read to copy: 01 - 21st Century Schizoid Man.flac
 Fr: D:\Musica\Album\King Crimson\1969 - In The Court Of The Crimson King (Expanded & Remastered Original Album Mix)
 To: G:\Musica\Discografias\King Crimson\1969-10-10 - In The Court Of The Crimson King (Expanded & Remastered Original Album Mix) [16bit-44.1kHz]
File read to copy: 01 - Wanna Be Startin' Somethin'.flac
 Fr: D:\Musica\Album\Michael Jackson\1982 - Thriller
 To: G:\Musica\Discografias\Michael Jackson\1982-11-30 - Thriller [16bit-44.1kHz]
File read to copy: 01 - Bad (2012 Remaster).flac
 Fr: D:\Musica\Album\Michael Jackson\1987 - Bad ((Remastered))
 To: G:\Musica\Discografias\Michael Jackson\1987-09-01 - Bad ((Remastered)) [16bit-44.1kHz]
File read to copy: 06 - Swan Lake, Act II, Op. 20, TH 12- No. 13, Dances of the Swans, Pt 4. Allegro moderato -Dance of the Little Swans-.flac
 Fr: D:\Musica\Album\Tchaikovsky, Pyotr Ilyich Tchaikovsky, Pyotr Il'yich Tchaikovsky, Pyotr Ilyich Tchaikovsky\2017 - Swan Lake
 To: G:\Musica\Discografias\Tchaikovsky, Pyotr Ilyich Tchaikovsky, Pyotr Il'yich Tchaikovsky, Pyotr Ilyich Tchaikovsky\2017-07-12 - Swan Lake [16bit-44.1kHz]
File read to copy: 08 - Aria- Der Hölle Rache Kocht In Meinem Herzen (Reina De La Noche, Pamina, Serastro).flac
 Fr: D:\Musica\Album\Orquesta Sinfonica Y Coros De Baden-Baden\2008 - La Flauta Mágica
 To: G:\Musica\Discografias\Orquesta Sinfonica Y Coros De Baden-Baden\2008-11-01 - La Flauta Mágica [16bit-44.1kHz]
File read to copy: 02 - Dead Man's Party.flac
 Fr: D:\Musica\Album\Oingo Boingo\1985 - Dead Man's Party
 To: G:\Musica\Discografias\Oingo Boingo\1985-01-01 - Dead Man's Party [16bit-44.1kHz]
File read to copy: 08 - Trolls in the Dark (Instrumental).flac
 Fr: D:\Musica\Album\Rhapsody\2000 - Dawn of Victory
 To: G:\Musica\Discografias\Rhapsody\2000-11-28 - Dawn of Victory [16bit-44.1kHz]
File read to copy: 01 - Snare Liftoff - I Want to Be One of the Greats.flac
 Fr: D:\Musica\Album\Justin Hurwitz\2014 - Whiplash (Original Motion Picture Soundtrack)
 To: G:\Musica\Discografias\Justin Hurwitz\2014-10-07 - Whiplash (Original Motion Picture Soundtrack) [16bit-44.1kHz]
File read to copy: 01 - Why Don't You Do Right (Get Me Some Money Too).flac
 Fr: D:\Musica\Album\Peggy Lee\1997 - The Best Of Peggy Lee
 To: G:\Musica\Discografias\Peggy Lee\1997-11-18 - The Best Of Peggy Lee [16bit-44.1kHz]
File read to copy: 01 - La Jumpa.flac
 Fr: D:\Musica\Album\Arcángel, Bad Bunny\2022 - La Jumpa
 To: G:\Musica\Discografias\Arcángel, Bad Bunny\2022-11-30 - La Jumpa [16bit-44.1kHz]
File read to copy: 01 - Gimme All Your Lovin'.flac
 Fr: D:\Musica\Album\ZZ Top\1983 - Eliminator
 To: G:\Musica\Discografias\ZZ Top\1983-01-01 - Eliminator [16bit-44.1kHz]
File read to copy: 01 - Waitin' for the Bus (2006 Remaster).flac
 Fr: D:\Musica\Album\ZZ Top\1973 - Tres Hombres (Expanded 2006 Remaster)
 To: G:\Musica\Discografias\ZZ Top\1973-01-01 - Tres Hombres (Expanded 2006 Remaster) [16bit-44.1kHz]
File read to copy: 01 - Thunderbird (2005 Remaster).flac
 Fr: D:\Musica\Album\ZZ Top\1975 - Fandango! (Expanded 2006 Remaster)
 To: G:\Musica\Discografias\ZZ Top\1975-01-01 - Fandango! (Expanded 2006 Remaster) [16bit-44.1kHz]
File read to copy: 01 - One More Year.flac
 Fr: D:\Musica\Album\Tame Impala\2020 - The Slow Rush
 To: G:\Musica\Discografias\Tame Impala\2020-02-14 - The Slow Rush [16bit-44.1kHz]
File read to copy: 01 - Makin' My Mind Up (Mono)[Remastered].flac
 Fr: D:\Musica\Album\The Turtles\1967 - Happy Together (Deluxe Version)
 To: G:\Musica\Discografias\The Turtles\1967-04-01 - Happy Together (Deluxe Version) [16bit-44.1kHz]
File read to copy: 01 - Feel It Still (ZHU Remix).flac
 Fr: D:\Musica\Album\Portugal. The Man\2017 - Feel It Still (ZHU Remix)
 To: G:\Musica\Discografias\Portugal. The Man\2017-03-03 - Feel It Still (ZHU Remix) [16bit-44.1kHz]
File read to copy: 01 - ONLY.flac
 Fr: D:\Musica\Album\Zhu, Tinashe\2020 - ONLY
 To: G:\Musica\Discografias\Zhu, Tinashe\2020-05-15 - ONLY [16bit-44.1kHz]
File read to copy: 01 - Tú.flac
 Fr: D:\Musica\Album\Sentidos Opuestos\1997 - Viviendo Del Futuro
 To: G:\Musica\Discografias\Sentidos Opuestos\1997-05-20 - Viviendo Del Futuro [16bit-44.1kHz]
File read to copy: 01 - Tú Y Yo.flac
 Fr: D:\Musica\Album\Sentidos Opuestos\1998 - Viento A Favor
 To: G:\Musica\Discografias\Sentidos Opuestos\1998-06-30 - Viento A Favor [16bit-44.1kHz]
File read to copy: 01 - Alien Nation.flac
 Fr: D:\Musica\Album\Scorpions\1993 - Face The Heat
 To: G:\Musica\Discografias\Scorpions\1993-05-01 - Face The Heat [16bit-44.1kHz]
File read to copy: 01 - Primo Victoria.flac
 Fr: D:\Musica\Album\Sabaton\2011 - Primo Victoria (Re-Armed)
 To: G:\Musica\Discografias\Sabaton\2011-04-19 - Primo Victoria (Re-Armed) [16bit-44.1kHz]
File read to copy: 01 - Sun Tzu Says.flac
 Fr: D:\Musica\Album\Sabaton\2008 - The Art of War (Re-Armed)
 To: G:\Musica\Discografias\Sabaton\2008-06-02 - The Art of War (Re-Armed) [16bit-44.1kHz]
File read to copy: 01 - I Have Been In You.flac
 Fr: D:\Musica\Album\Frank Zappa\1979 - Sheik Yerbouti
 To: G:\Musica\Discografias\Frank Zappa\1979-03-03 - Sheik Yerbouti [16bit-44.1kHz]
File read to copy: 01 - Peaches En Regalia.flac
 Fr: D:\Musica\Album\Frank Zappa\1969 - Hot Rats
 To: G:\Musica\Discografias\Frank Zappa\1969-10-10 - Hot Rats [16bit-44.1kHz]
File read to copy: 05 - Ma Baker.flac
 Fr: D:\Musica\Album\Boney M\2012 - The Essential Boney M\CD1
 To: G:\Musica\Discografias\Boney M.\2012-08-27 - The Essential Boney M. [16bit-44.1kHz]\Disk 1
File read to copy: 01 - Cowboys from Hell.flac
 Fr: D:\Musica\Album\Pantera\1990 - Cowboys from Hell
 To: G:\Musica\Discografias\Pantera\1990-07-24 - Cowboys from Hell [16bit-44.1kHz]
File read to copy: 01 - Nightcall.flac
 Fr: D:\Musica\Album\Kavinsky\2010 - Nightcall
 To: G:\Musica\Discografias\Kavinsky\2010-01-01 - Nightcall [16bit-44.1kHz]
File read to copy: 01 - Mellon Collie And The Infinite Sadness.flac
 Fr: D:\Musica\Album\Smashing Pumpkins\1995 - Mellon Collie And The Infinite Sadness\CD1
 To: G:\Musica\Discografias\Smashing Pumpkins\1995-10-24 - Mellon Collie And The Infinite Sadness [16bit-44.1kHz]\Disk 1
File read to copy: 01 - Where Boys Fear To Tread.flac
 Fr: D:\Musica\Album\Smashing Pumpkins\1995 - Mellon Collie And The Infinite Sadness\CD2
 To: G:\Musica\Discografias\Smashing Pumpkins\1995-10-24 - Mellon Collie And The Infinite Sadness [16bit-44.1kHz]\Disk 2
File read to copy: 01 - Cherub Rock (2011 Remaster).flac
 Fr: D:\Musica\Album\Smashing Pumpkins\1993 - Siamese Dream (2011 - Remaster)
 To: G:\Musica\Discografias\Smashing Pumpkins\1993-07-27 - Siamese Dream (2011 - Remaster) [16bit-44.1kHz]
File read to copy: 01 - Shinzou Wo Sasageyo (Attack on Titan).flac
 Fr: D:\Musica\Album\NateWantsToBattle\2017 - Shinzou Wo Sasageyo (Attack on Titan)
 To: G:\Musica\Discografias\NateWantsToBattle\2017-05-19 - Shinzou Wo Sasageyo (Attack on Titan) [16bit-44.1kHz]
File read to copy: 01 - Shinzou Wo Sasageyo (Linked Horizon).flac
 Fr: D:\Musica\Album\RetroWarriorKult\2022 - Shinzou Wo Sasageyo (Linked Horizon)
 To: G:\Musica\Discografias\RetroWarriorKult\2022-03-22 - Shinzou Wo Sasageyo (Linked Horizon) [16bit-44.1kHz]
File read to copy: 01 - Untrust Us.flac
 Fr: D:\Musica\Album\Crystal Castles\2008 - Crystal Castles
 To: G:\Musica\Discografias\Crystal Castles\2008-03-15 - Crystal Castles [16bit-44.1kHz]
File read to copy: 01 - Linger (Acoustic Version).flac
 Fr: D:\Musica\Album\The Cranberries\2017 - Something Else
 To: G:\Musica\Discografias\The Cranberries\2017-04-28 - Something Else [16bit-44.1kHz]
File read to copy: 01 - Ode To My Family.flac
 Fr: D:\Musica\Album\The Cranberries\1994 - No Need To Argue (The Complete Sessions 1994-1995)
 To: G:\Musica\Discografias\The Cranberries\1994-10-03 - No Need To Argue (The Complete Sessions 1994-1995) [16bit-44.1kHz]
File read to copy: 01 - I Still Do.flac
 Fr: D:\Musica\Album\The Cranberries\1993 - Everybody Else Is Doing It, So Why Can't We- (Super Deluxe)\CD1
 To: G:\Musica\Discografias\The Cranberries\1993-04-20 - Everybody Else Is Doing It, So Why Can't We (Super Deluxe) [16bit-44.1kHz]\Disk 1
File read to copy: 01 - Íosa.flac
 Fr: D:\Musica\Album\The Cranberries\1993 - Everybody Else Is Doing It, So Why Can't We- (Super Deluxe)\CD2
 To: G:\Musica\Discografias\The Cranberries\1993-04-20 - Everybody Else Is Doing It, So Why Can't We (Super Deluxe) [16bit-44.1kHz]\Disk 2
File read to copy: 01 - Put Me Down (Live At Cork Rock, Ireland - 1991).flac
 Fr: D:\Musica\Album\The Cranberries\1993 - Everybody Else Is Doing It, So Why Can't We- (Super Deluxe)\CD3
 To: G:\Musica\Discografias\The Cranberries\1993-04-20 - Everybody Else Is Doing It, So Why Can't We (Super Deluxe) [16bit-44.1kHz]\Disk 3
File read to copy: 01 - Dreams (Dave Fanning RTÉ Radio Session).flac
 Fr: D:\Musica\Album\The Cranberries\1993 - Everybody Else Is Doing It, So Why Can't We- (Super Deluxe)\CD4
 To: G:\Musica\Discografias\The Cranberries\1993-04-20 - Everybody Else Is Doing It, So Why Can't We (Super Deluxe) [16bit-44.1kHz]\Disk 4
File read to copy: 06 - Look What You Made Me Do.flac
 Fr: D:\Musica\Album\Taylor Swift\2017 - reputation
 To: G:\Musica\Discografias\Taylor Swift\2017-11-10 - reputation [16bit-44.1kHz]
File read to copy: 01 - Burbujas de Cristal.flac
 Fr: D:\Musica\Album\Cartel De Santa, Millonario\2019 - Burbujas de Cristal
 To: G:\Musica\Discografias\Cartel De Santa, Millonario\2019-12-16 - Burbujas de Cristal [16bit-44.1kHz]
File read to copy: 01 - QLONA.flac
 Fr: D:\Musica\Album\Karol G, Peso Pluma\2023 - QLONA
 To: G:\Musica\Discografias\Karol G, Peso Pluma\2023-08-10 - QLONA [16bit-44.1kHz]
File read to copy: 01 - AMG.flac
 Fr: D:\Musica\Album\Natanael Cano, Peso Pluma, Gabito Ballesteros\2022 - AMG
 To: G:\Musica\Discografias\Natanael Cano, Peso Pluma, Gabito Ballesteros\2022-11-24 - AMG [16bit-44.1kHz]
File read to copy: 01 - La Bebe (Remix).flac
 Fr: D:\Musica\Album\Yng Lvcas, Peso Pluma\2023 - La Bebe (Remix)
 To: G:\Musica\Discografias\Yng Lvcas, Peso Pluma\2023-03-17 - La Bebe (Remix) [16bit-44.1kHz]
File read to copy: 01 - La Derrota.flac
 Fr: D:\Musica\Album\Vicente Fernández\2007 - Vicente Fernandez Para Siempre
 To: G:\Musica\Discografias\Vicente Fernández\2007-09-25 - Vicente Fernandez Para Siempre [16bit-44.1kHz]
File read to copy: 16 - Mujeres Divinas.flac
 Fr: D:\Musica\Album\Vicente Fernández\2000 - La Historia De Un Idolo
 To: G:\Musica\Discografias\Vicente Fernández\2000-11-21 - La Historia De Un Idolo [16bit-44.1kHz]
File read to copy: 04 - La Cigarra (The Cicada).flac
 Fr: D:\Musica\Album\Linda Ronstadt\1987 - Canciones de mi Padre
 To: G:\Musica\Discografias\Linda Ronstadt\1987-11-24 - Canciones de mi Padre [16bit-44.1kHz]
File read to copy: 01 - La Huasanga.flac
 Fr: D:\Musica\Album\Tlen Huicani, Lino Chávez\2009 - Veracruz Son y Huapango
 To: G:\Musica\Discografias\Tlen Huicani, Lino Chávez\2009-10-06 - Veracruz Son y Huapango [16bit-44.1kHz]
File read to copy: 07 - La Llorona.flac
 Fr: D:\Musica\Album\Ángela Aguilar\2018 - Primero Soy Mexicana
 To: G:\Musica\Discografias\Ángela Aguilar\2018-04-06 - Primero Soy Mexicana [16bit-44.1kHz]
File read to copy: 01 - Cielo Rojo.flac
 Fr: D:\Musica\Album\Mariachi Vargas De Tecalitlán\2022 - Cielo Rojo
 To: G:\Musica\Discografias\Mariachi Vargas De Tecalitlán\2022-11-11 - Cielo Rojo [16bit-44.1kHz]
File read to copy: 11 - Cielo Rojo.flac
 Fr: D:\Musica\Album\Pepe Aguilar\2003 - Con Orgullo por Herencia
 To: G:\Musica\Discografias\Pepe Aguilar\2003-11-04 - Con Orgullo por Herencia [16bit-44.1kHz]
File read to copy: 01 - Caribe Atómico.flac
 Fr: D:\Musica\Album\Aterciopelados\1998 - Caribe Atomico
 To: G:\Musica\Discografias\Aterciopelados\1998-06-30 - Caribe Atomico [16bit-44.1kHz]
File read to copy: 01 - Second Hand News (2001 Remaster).flac
 Fr: D:\Musica\Album\Fleetwood Mac\1977 - Rumours
 To: G:\Musica\Discografias\Fleetwood Mac\1977-02-04 - Rumours [24bit-48.0kHz]
File read to copy: 01 - Lolo (Intro).flac
 Fr: D:\Musica\Album\Dr. Dre\1999 - 2001
 To: G:\Musica\Discografias\Dr. Dre\1999-11-16 - 2001 [16bit-44.1kHz]
File read to copy: 01 - World in My Eyes.flac
 Fr: D:\Musica\Album\Depeche Mode\1990 - Violator
 To: G:\Musica\Discografias\Depeche Mode\1990-03-19 - Violator [16bit-44.1kHz]
File read to copy: 01 - So What (feat. John Coltrane, Cannonball Adderley & Bill Evans).flac
 Fr: D:\Musica\Album\Miles Davis\1959 - Kind Of Blue (Legacy Edition)\CD1
 To: G:\Musica\Discografias\Miles Davis\1959-08-17 - Kind Of Blue (Legacy Edition) [16bit-44.1kHz]\Disk 1
File read to copy: 01 - On Green Dolphin Street (feat. John Coltrane, Cannonball Adderley & Bill Evans).flac
 Fr: D:\Musica\Album\Miles Davis\1959 - Kind Of Blue (Legacy Edition)\CD2
 To: G:\Musica\Discografias\Miles Davis\1959-08-17 - Kind Of Blue (Legacy Edition) [16bit-44.1kHz]\Disk 2
File read to copy: 01 - 15 Step.flac
 Fr: D:\Musica\Album\Radiohead\2007 - In Rainbows
 To: G:\Musica\Discografias\Radiohead\2007-10-10 - In Rainbows [16bit-44.1kHz]
File read to copy: 01 - En la Ciudad de la Furia (MTV Unplugged).flac
 Fr: D:\Musica\Album\Soda Stereo\1996 - Comfort Y Musica Para Volar
 To: G:\Musica\Discografias\Soda Stereo\1996-11-12 - Comfort Y Musica Para Volar [16bit-44.1kHz]
File read to copy: 01 - Is This Love.flac
 Fr: D:\Musica\Album\Bob Marley & The Wailers\1984 - Legend – The Best Of Bob Marley & The Wailers
 To: G:\Musica\Discografias\Bob Marley & The Wailers\1984-05-08 - Legend – The Best Of Bob Marley & The Wailers [24bit-48.0kHz]
File read to copy: 01 - Talkin' Bout a Revolution.flac
 Fr: D:\Musica\Album\Tracy Chapman\1988 - Tracy Chapman
 To: G:\Musica\Discografias\Tracy Chapman\1988-01-01 - Tracy Chapman [16bit-44.1kHz]
File read to copy: 01 - Stinkfist.flac
 Fr: D:\Musica\Album\TOOL\1996 - Ænima
 To: G:\Musica\Discografias\TOOL\1996-10-01 - Ænima [24bit-48.0kHz]
File read to copy: 01 - Crazy Train.flac
 Fr: D:\Musica\Album\Metalachi\2012 - Uno
 To: G:\Musica\Discografias\Metalachi\2012-04-13 - Uno [16bit-44.1kHz]
File read to copy: 09 - Exogenesis_ Symphony Pt. 1 (Overture).flac
 Fr: D:\Musica\Qobuz\Muse\The Resistance\FLAC (24bit-96kHz)\CD1
 To: G:\Musica\Discografias\Muse\2009 - The Resistance [24bit-96.0kHz]
File read to copy: 01 - Uprising.flac
 Fr: D:\Musica\Qobuz\Muse\The Resistance\FLAC (24bit-96kHz)\CD2
 To: G:\Musica\Discografias\Muse\2009 - The Resistance [24bit-96.0kHz]
File read to copy: 01 - New Born (XX Anniversary RemiXX).flac
 Fr: D:\Musica\Qobuz\Muse\Origin of Symmetry (XX Anniversary RemiXX)\FLAC (24bit-96kHz)
 To: G:\Musica\Discografias\Muse\2001 - Origin of Symmetry (XX Anniversary RemiXX) [24bit-96.0kHz]
File read to copy: 01 - Take a Bow.flac
 Fr: D:\Musica\Qobuz\Muse\Black Holes and Revelations\FLAC (24bit-96kHz)
 To: G:\Musica\Discografias\Muse\2006 - Black Holes and Revelations [24bit-96.0kHz]
File read to copy: 01 - Will Of The People.flac
 Fr: D:\Musica\Qobuz\Muse\Will Of The People\FLAC (24bit-44.1kHz)
 To: G:\Musica\Discografias\Muse\2022 - Will Of The People [24bit-96.0kHz]
File read to copy: 01 - Intro.flac
 Fr: D:\Musica\Qobuz\Muse\Absolution\FLAC (24bit-96kHz)
 To: G:\Musica\Discografias\Muse\2003 - Absolution [24bit-96.0kHz]
File read to copy: 01 - Supremacy.flac
 Fr: D:\Musica\Qobuz\Muse\The 2nd Law\FLAC (24bit-96kHz)
 To: G:\Musica\Discografias\Muse\2015 - The 2nd Law [24bit-96.0kHz]
File read to copy: 01 - Sunburn.flac
 Fr: D:\Musica\Qobuz\Muse\Showbiz\FLAC (24bit-96kHz)
 To: G:\Musica\Discografias\Muse\1991 - Showbiz [24bit-96.0kHz]
File read to copy: 01 - Dead Inside.flac
 Fr: D:\Musica\Qobuz\Muse\Drones (Streaming Version)\FLAC (16bit-44.1kHz)
 To: G:\Musica\Discografias\Muse\2015 - Drones (Streaming Version) [16bit-44.1kHz]
File read to copy: 01 - Plainsong (Remastered).flac
 Fr: D:\Musica\Qobuz\The Cure\Disintegration (Deluxe Edition)\FLAC (16bit-44.1kHz)\CD 01
 To: G:\Musica\Discografias\The Cure\1989 - Disintegration (Deluxe Edition) [16bit-44.1kHz]\Disk 1
File read to copy: 01 - Prayers For Rain (RS Home Instrumental Demo).flac
 Fr: D:\Musica\Qobuz\The Cure\Disintegration (Deluxe Edition)\FLAC (16bit-44.1kHz)\CD 02
 To: G:\Musica\Discografias\The Cure\1989 - Disintegration (Deluxe Edition) [16bit-44.1kHz]\Disk 2
File read to copy: 01 - Plainsong (Live At Wembley _ 1989).flac
 Fr: D:\Musica\Qobuz\The Cure\Disintegration (Deluxe Edition)\FLAC (16bit-44.1kHz)\CD 03
 To: G:\Musica\Discografias\The Cure\1989 - Disintegration (Deluxe Edition) [16bit-44.1kHz]\Disk 3
File read to copy: 01 - I Still Have Faith In You.flac
 Fr: D:\Musica\Qobuz\ABBA\Voyage\FLAC (24bit-96kHz)
 To: G:\Musica\Discografias\ABBA\2021 - Voyage [24bit-96.0kHz]
File read to copy: 01 - Hells Bells.flac
 Fr: D:\Musica\Qobuz\AC_DC\Back In Black\FLAC (24bit-96kHz)
 To: G:\Musica\Discografias\ACDC\1980 - Back In Black [24bit-96.0kHz]
File read to copy: 01 - Go Down.flac
 Fr: D:\Musica\Qobuz\AC_DC\Let There Be Rock\FLAC (24bit-96kHz)
 To: G:\Musica\Discografias\ACDC\1977 - Let There Be Rock [24bit-96.0kHz]
File read to copy: 01 - Highway to Hell.flac
 Fr: D:\Musica\Qobuz\AC_DC\Highway To Hell\FLAC (24bit-96kHz)
 To: G:\Musica\Discografias\ACDC\1979 - Highway To Hell [24bit-96.0kHz]
File read to copy: 01 - Thunderstruck.flac
 Fr: D:\Musica\Qobuz\AC_DC\The Razors Edge\FLAC (24bit-96kHz)
 To: G:\Musica\Discografias\ACDC\1990 - The Razors Edge [24bit-96.0kHz]
File read to copy: 01 - It's a Long Way to the Top (If You Wanna Rock 'N' Roll).flac
 Fr: D:\Musica\Qobuz\AC_DC\High Voltage\FLAC (24bit-96kHz)
 To: G:\Musica\Discografias\ACDC\1975 - High Voltage [24bit-96.0kHz]
File read to copy: 01 - Rock 'N' Roll Damnation.flac
 Fr: D:\Musica\Qobuz\AC_DC\Powerage\FLAC (24bit-96kHz)
 To: G:\Musica\Discografias\ACDC\1978 - Powerage [24bit-96.0kHz]
File read to copy: 01 - For Those About to Rock (We Salute You).flac
 Fr: D:\Musica\Qobuz\AC_DC\For Those About to Rock (We Salute You)\FLAC (24bit-96kHz)
 To: G:\Musica\Discografias\ACDC\1981 - For Those About to Rock (We Salute You) [24bit-96.0kHz]
File read to copy: 01 - Dirty Deeds Done Dirt Cheap.flac
 Fr: D:\Musica\Qobuz\AC_DC\Dirty Deeds Done Dirt Cheap\FLAC (24bit-96kHz)
 To: G:\Musica\Discografias\ACDC\1976 - Dirty Deeds Done Dirt Cheap [24bit-96.0kHz]
File read to copy: 01 - Realize.flac
 Fr: D:\Musica\Qobuz\AC_DC\Power Up\FLAC (24bit-96kHz)
 To: G:\Musica\Discografias\ACDC\2020 - Power Up [24bit-96.0kHz]
File read to copy: 01 - Rock N Roll Train.flac
 Fr: D:\Musica\Qobuz\AC_DC\Black Ice\FLAC (24bit-96kHz)
 To: G:\Musica\Discografias\ACDC\2008 - Black Ice [24bit-96.0kHz]
File read to copy: 01 - Who Made Who.flac
 Fr: D:\Musica\Qobuz\AC_DC\Who Made Who\FLAC (24bit-96kHz)
 To: G:\Musica\Discografias\ACDC\1986 - Who Made Who [24bit-96.0kHz]
File read to copy: 01 - Gas In The Tank.flac
 Fr: D:\Musica\Qobuz\Scorpions\Rock Believer (Deluxe)\FLAC (24bit-96kHz)\CD 01
 To: G:\Musica\Discografias\Scorpions\2022 - Rock Believer (Deluxe) [24bit-96.0kHz]\Disk 1
File read to copy: 01 - Shoot For Your Heart.flac
 Fr: D:\Musica\Qobuz\Scorpions\Rock Believer (Deluxe)\FLAC (24bit-96kHz)\CD 02
 To: G:\Musica\Discografias\Scorpions\2022 - Rock Believer (Deluxe) [24bit-96.0kHz]\Disk 2
File read to copy: 01 - Prowler (2015 Remaster).flac
 Fr: D:\Musica\Qobuz\Iron Maiden\Iron Maiden (2015 Remaster)\FLAC (24bit-96kHz)
 To: G:\Musica\Discografias\Iron Maiden\1980 - Iron Maiden (2015 Remaster) [24bit-96.0kHz]
File read to copy: 01 - Invaders (2015 Remaster).flac
 Fr: D:\Musica\Qobuz\Iron Maiden\The Number of the Beast (2015 Remaster)\FLAC (24bit-96kHz)
 To: G:\Musica\Discografias\Iron Maiden\1982 - The Number of the Beast (2015 Remaster) [24bit-96.0kHz]
File read to copy: 01 - Aces High (2015 Remaster).flac
 Fr: D:\Musica\Qobuz\Iron Maiden\Powerslave (2015 Remaster)\FLAC (24bit-96kHz)
 To: G:\Musica\Discografias\Iron Maiden\1984 - Powerslave (2015 Remaster) [24bit-96.0kHz]
File read to copy: 01 - Caught Somewhere in Time (2015 Remaster).flac
 Fr: D:\Musica\Qobuz\Iron Maiden\Somewhere in Time (2015 Remaster)\FLAC (24bit-96kHz)
 To: G:\Musica\Discografias\Iron Maiden\1986 - Somewhere in Time (2015 Remaster) [24bit-96.0kHz]
File read to copy: 01 - Senjutsu.flac
 Fr: D:\Musica\Qobuz\Iron Maiden\Senjutsu\FLAC (24bit-96kHz)\CD 01
 To: G:\Musica\Discografias\Iron Maiden\2021 - Senjutsu [24bit-96.0kHz]\Disk 1
File read to copy: 01 - Darkest Hour.flac
 Fr: D:\Musica\Qobuz\Iron Maiden\Senjutsu\FLAC (24bit-96kHz)\CD 02
 To: G:\Musica\Discografias\Iron Maiden\2021 - Senjutsu [24bit-96.0kHz]\Disk 2
File read to copy: 01 - Moonchild (2015 Remaster).flac
 Fr: D:\Musica\Qobuz\Iron Maiden\Seventh Son of a Seventh Son (2015 Remaster)\FLAC (24bit-44.1kHz)
 To: G:\Musica\Discografias\Iron Maiden\1988 - Seventh Son of a Seventh Son (2015 Remaster) [24bit-44.1kHz]
File read to copy: 01 - Where Eagles Dare (2015 Remaster).flac
 Fr: D:\Musica\Qobuz\Iron Maiden\Piece of Mind (2015 Remaster)\FLAC (24bit-96kHz)
 To: G:\Musica\Discografias\Iron Maiden\1983 - Piece of Mind (2015 Remaster) [24bit-96.0kHz]
File read to copy: 01 - Be Quick or Be Dead (2015 Remaster).flac
 Fr: D:\Musica\Qobuz\Iron Maiden\Fear of the Dark (2015 Remaster)\FLAC (24bit-44.1kHz)
 To: G:\Musica\Discografias\Iron Maiden\1992 - Fear of the Dark (2015 Remaster) [24bit-44.1kHz]
File read to copy: 01 - The Ides of March (2015 Remaster).flac
 Fr: D:\Musica\Qobuz\Iron Maiden\Killers (2015 Remaster)\FLAC (24bit-96kHz)
 To: G:\Musica\Discografias\Iron Maiden\1981 - Killers (2015 Remaster) [24bit-96.0kHz]
File read to copy: 01 - Total Eclipse (2022 Remaster).flac
 Fr: D:\Musica\Qobuz\Iron Maiden\Total Eclipse (2022 Remaster)\FLAC (24bit-96kHz)
 To: G:\Musica\Discografias\Iron Maiden\2022 - Total Eclipse (2022 Remaster) [24bit-96.0kHz]
File read to copy: 01 - If Eternity Should Fail.flac
 Fr: D:\Musica\Qobuz\Iron Maiden\The Book of Souls\FLAC (24bit-48kHz)\CD 01
 To: G:\Musica\Discografias\Iron Maiden\2015 - The Book of Souls [24bit-48.0kHz]\Disk 1
File read to copy: 01 - Death or Glory.flac
 Fr: D:\Musica\Qobuz\Iron Maiden\The Book of Souls\FLAC (24bit-48kHz)\CD 02
 To: G:\Musica\Discografias\Iron Maiden\2015 - The Book of Souls [24bit-48.0kHz]\Disk 2
File read to copy: 01 - Wildest Dreams (2015 Remaster).flac
 Fr: D:\Musica\Qobuz\Iron Maiden\Dance of Death (2015 Remaster)\FLAC (24bit-44.1kHz)
 To: G:\Musica\Discografias\Iron Maiden\2003 - Dance of Death (2015 Remaster) [24bit-44.1kHz]
File read to copy: 01 - The Wicker Man (2015 Remaster).flac
 Fr: D:\Musica\Qobuz\Iron Maiden\Brave New World (2015 Remaster)\FLAC (24bit-44.1kHz)
 To: G:\Musica\Discografias\Iron Maiden\2000 - Brave New World (2015 Remaster) [24bit-44.1kHz]
File read to copy: 01 - Satellite 15.....The Final Frontier (2015 Remaster).flac
 Fr: D:\Musica\Qobuz\Iron Maiden\The Final Frontier (2015 Remaster)\FLAC (24bit-48kHz)
 To: G:\Musica\Discografias\Iron Maiden\2010 - The Final Frontier (2015 Remaster) [24bit-48.0kHz]
File read to copy: 01 - Churchill's Speech (Live in Mumbai 01 February 2008).flac
 Fr: D:\Musica\Qobuz\Iron Maiden\Flight 666_ The Original Soundtrack\FLAC (16bit-44.1kHz)\CD 01
 To: G:\Musica\Discografias\Iron Maiden\2009 - Flight 666 The Original Soundtrack [16bit-44.1kHz]\Disk 1
File read to copy: 01 - Powerslave (Live in San Jose 26 February 2008).flac
 Fr: D:\Musica\Qobuz\Iron Maiden\Flight 666_ The Original Soundtrack\FLAC (16bit-44.1kHz)\CD 02
 To: G:\Musica\Discografias\Iron Maiden\2009 - Flight 666 The Original Soundtrack [16bit-44.1kHz]\Disk 2
File read to copy: 01 - Running Free (2021 Remaster).flac
 Fr: D:\Musica\Qobuz\Iron Maiden\Maiden Japan (2021 Remaster)\FLAC (24bit-96kHz)
 To: G:\Musica\Discografias\Iron Maiden\2021 - Maiden Japan (2021 Remaster) [24bit-96.0kHz]
File read to copy: 01 - Intro (Churchill's Speech) (Live at Long Beach Arena, 2015 Remaster).flac
 Fr: D:\Musica\Qobuz\Iron Maiden\Live After Death (2015 Remaster)\FLAC (24bit-96kHz)\CD 01
 To: G:\Musica\Discografias\Iron Maiden\1982 - Live After Death (2015 Remaster) [24bit-96.0kHz]\Disk 1
File read to copy: 01 - Wrathchild (Live at Hammersmith Odeon, 2015 Remaster).flac
 Fr: D:\Musica\Qobuz\Iron Maiden\Live After Death (2015 Remaster)\FLAC (24bit-96kHz)\CD 02
 To: G:\Musica\Discografias\Iron Maiden\1982 - Live After Death (2015 Remaster) [24bit-96.0kHz]\Disk 2
File read to copy: 01 - Shepherd of Fire.flac
 Fr: D:\Musica\Qobuz\Avenged Sevenfold\Hail to the King (Édition StudioMasters)\FLAC (24bit-48kHz)
 To: G:\Musica\Discografias\Avenged Sevenfold\2013 - Hail to the King (Édition StudioMasters) [24bit-48.0kHz]
File read to copy: 01 - Do I Wanna Know_.flac
 Fr: D:\Musica\Qobuz\Arctic Monkeys\AM\FLAC (24bit-44.1kHz)
 To: G:\Musica\Discografias\Arctic Monkeys\2013 - AM [24bit-44.1kHz]
File read to copy: 01 - Paranoid (2016 Remaster).flac
 Fr: D:\Musica\Qobuz\Black Sabbath\The Ultimate Collection (2016 Remaster)\FLAC (24bit-96kHz)
 To: G:\Musica\Discografias\Black Sabbath\2017 - The Ultimate Collection (2016 Remaster) [24bit-96.0kHz]
File read to copy: 01 - Wheels of Confusion _ The Straightener (2021 Remaster).flac
 Fr: D:\Musica\Qobuz\Black Sabbath\Vol. 4 (2021 Remaster)\FLAC (24bit-96kHz)
 To: G:\Musica\Discografias\Black Sabbath\2021 - Vol. 4 (2021 Remaster) [24bit-96.0kHz]
File read to copy: 01 - Caribe Atómico.flac
 Fr: D:\Musica\Qobuz\Aterciopelados\Caribe Atomico\FLAC (16bit-44.1kHz)
 To: G:\Musica\Discografias\Aterciopelados\1997 - Caribe Atomico [16bit-44.1kHz]
File read to copy: 01 - Second Hand News (2001 Remaster).flac
 Fr: D:\Musica\Qobuz\Fleetwood Mac\Rumours (2001 Remaster)\FLAC (24bit-96kHz)
 To: G:\Musica\Discografias\Fleetwood Mac\1977 - Rumours (2001 Remaster) [24bit-96.0kHz]
File read to copy: 01 - Smells Like Teen Spirit (Remastered 2021).flac
 Fr: D:\Musica\Qobuz\Nirvana\Nevermind (Remastered 2021)\FLAC (24bit-192kHz)
 To: G:\Musica\Discografias\Nirvana\1991 - Nevermind (Remastered 2021) [24bit-192.0kHz]
File read to copy: 01 - Blew (Remastered).flac
 Fr: D:\Musica\Qobuz\Nirvana\Bleach (Deluxe Edition)\FLAC (24bit-96kHz)
 To: G:\Musica\Discografias\Nirvana\1989 - Bleach (Deluxe Edition) [24bit-96.0kHz]
File read to copy: 01 - Serve The Servants (Album Version).flac
 Fr: D:\Musica\Qobuz\Nirvana\In Utero\FLAC (24bit-96kHz)
 To: G:\Musica\Discografias\Nirvana\1993 - In Utero [24bit-96.0kHz]
File read to copy: 01 - Out For The Glory.flac
 Fr: D:\Musica\Qobuz\Helloween\Helloween\FLAC (24bit-44.1kHz)
 To: G:\Musica\Discografias\Helloween\2021 - Helloween [24bit-44.1kHz]
File read to copy: 01 - Poison (Album Version).flac
 Fr: D:\Musica\Qobuz\Alice Cooper\Trash\FLAC (24bit-192kHz)
 To: G:\Musica\Discografias\Alice Cooper\1989 - Trash [24bit-192.0kHz]
File read to copy: 01 - I'm Alice.flac
 Fr: D:\Musica\Qobuz\Alice Cooper\Road\FLAC (24bit-48kHz)
 To: G:\Musica\Discografias\Alice Cooper\2023 - Road [24bit-48.0kHz]
File read to copy: 01 - Stinkfist.flac
 Fr: D:\Musica\Qobuz\TOOL\Ænima\FLAC (24bit-96kHz)
 To: G:\Musica\Discografias\TOOL\1996 - Ænima [24bit-96.0kHz]
File read to copy: 01 - The Grudge.flac
 Fr: D:\Musica\Qobuz\TOOL\Lateralus\FLAC (24bit-96kHz)
 To: G:\Musica\Discografias\TOOL\2001 - Lateralus [24bit-96.0kHz]
File read to copy: 01 - Intolerance.flac
 Fr: D:\Musica\Qobuz\TOOL\Undertow\FLAC (24bit-96kHz)
 To: G:\Musica\Discografias\TOOL\1993 - Undertow [24bit-96.0kHz]
File read to copy: 01 - En el Séptimo Día (SEP7IMO DIA).flac
 Fr: D:\Musica\Qobuz\Soda Stereo\SEP7IMO DIA\FLAC (24bit-48kHz)
 To: G:\Musica\Discografias\Soda Stereo\2017 - SEP7IMO DIA [24bit-48.0kHz]
File read to copy: 01 - En La Ciudad De La Furia (MTV Unplugged).flac
 Fr: D:\Musica\Qobuz\Soda Stereo\Comfort Y Musica Para Volar\FLAC (16bit-44.1kHz)
 To: G:\Musica\Discografias\Soda Stereo\1996 - Comfort Y Musica Para Volar [16bit-44.1kHz]
File read to copy: 01 - Speak to Me.flac
 Fr: D:\Musica\Qobuz\Pink Floyd\The Dark Side of the Moon\FLAC (24bit-96kHz)
 To: G:\Musica\Discografias\Pink Floyd\1973 - The Dark Side of the Moon [24bit-96.0kHz]
File read to copy: 01 - In the Flesh_.flac
 Fr: D:\Musica\Qobuz\Pink Floyd\The Wall (Remastered 2011 Version)\FLAC (24bit-96kHz)\CD 01
 To: G:\Musica\Discografias\Pink Floyd\1979 - The Wall (Remastered 2011 Version) [24bit-96.0kHz]\Disk 1
File read to copy: 01 - Hey You.flac
 Fr: D:\Musica\Qobuz\Pink Floyd\The Wall (Remastered 2011 Version)\FLAC (24bit-96kHz)\CD 02
 To: G:\Musica\Discografias\Pink Floyd\1979 - The Wall (Remastered 2011 Version) [24bit-96.0kHz]\Disk 2
File read to copy: 01 - Shine On You Crazy Diamond (Pts. 1-5).flac
 Fr: D:\Musica\Qobuz\Pink Floyd\Wish You Were Here\FLAC (24bit-192kHz)
 To: G:\Musica\Discografias\Pink Floyd\1975 - Wish You Were Here [24bit-192.0kHz]
File read to copy: 01 - Speak to Me (2023 Remaster).flac
 Fr: D:\Musica\Qobuz\Pink Floyd\The Dark Side Of The Moon (50th Anniversary) (2023 Remaster)\FLAC (24bit-192kHz)
 To: G:\Musica\Discografias\Pink Floyd\1973 - The Dark Side Of The Moon (50th Anniversary) (2023 Remaster) [24bit-192.0kHz]
File read to copy: 01 - Pigs on the Wing 1 (2018 Remix).flac
 Fr: D:\Musica\Qobuz\Pink Floyd\Animals (2018 Remix)\FLAC (24bit-192kHz)
 To: G:\Musica\Discografias\Pink Floyd\1977 - Animals (2018 Remix) [24bit-192.0kHz]
File read to copy: 01 - Give Life Back to Music.flac
 Fr: D:\Musica\Qobuz\Daft Punk\Random Access Memories\FLAC (24bit-88.2kHz)
 To: G:\Musica\Discografias\Daft Punk\2023 - Random Access Memories [24bit-88.2kHz]
File read to copy: 01 - Make It.flac
 Fr: D:\Musica\Qobuz\Aerosmith\Aerosmith\FLAC (24bit-96kHz)
 To: G:\Musica\Discografias\Aerosmith\1973 - Aerosmith [24bit-96.0kHz]
File read to copy: 01 - Heart's Done Time (Album Version).flac
 Fr: D:\Musica\Qobuz\Aerosmith\Permanent Vacation\FLAC (24bit-96kHz)
 To: G:\Musica\Discografias\Aerosmith\1987 - Permanent Vacation [24bit-96.0kHz]
File read to copy: 01 - Back In the Saddle.flac
 Fr: D:\Musica\Qobuz\Aerosmith\Rocks\FLAC (24bit-96kHz)
 To: G:\Musica\Discografias\Aerosmith\1976 - Rocks [24bit-96.0kHz]
File read to copy: 01 - Same Old Song and Dance.flac
 Fr: D:\Musica\Qobuz\Aerosmith\Get Your Wings\FLAC (24bit-96kHz)
 To: G:\Musica\Discografias\Aerosmith\1974 - Get Your Wings [24bit-96.0kHz]
File read to copy: 01 - Toys In The Attic.flac
 Fr: D:\Musica\Qobuz\Aerosmith\Toys In The Attic\FLAC (16bit-44.1kHz)
 To: G:\Musica\Discografias\Aerosmith\1975 - Toys In The Attic [16bit-44.1kHz]
File read to copy: 01 - Intro (Aerosmith_Get A Grip).flac
 Fr: D:\Musica\Qobuz\Aerosmith\Get A Grip\FLAC (24bit-192kHz)
 To: G:\Musica\Discografias\Aerosmith\1993 - Get A Grip [24bit-192.0kHz]
File read to copy: 01 - Walk On Water (Album Version).flac
 Fr: D:\Musica\Qobuz\Aerosmith\Big Ones\FLAC (16bit-44.1kHz)
 To: G:\Musica\Discografias\Aerosmith\1994 - Big Ones [16bit-44.1kHz]
File read to copy: 01 - Beyond Beautiful.flac
 Fr: D:\Musica\Qobuz\Aerosmith\Just Push Play\FLAC (24bit-96kHz)
 To: G:\Musica\Discografias\Aerosmith\2001 - Just Push Play [24bit-96.0kHz]
File read to copy: 01 - Around the World (2014 Remaster).flac
 Fr: D:\Musica\Qobuz\Red Hot Chili Peppers\Californication (2014 Remaster)\FLAC (24bit-96kHz)
 To: G:\Musica\Discografias\Red Hot Chili Peppers\1999 - Californication (2014 Remaster) [24bit-96.0kHz]
File read to copy: 01 - The Power of Equality (2014 Remaster).flac
 Fr: D:\Musica\Qobuz\Red Hot Chili Peppers\Blood Sugar Sex Magik (2014 Remaster)\FLAC (24bit-96kHz)
 To: G:\Musica\Discografias\Red Hot Chili Peppers\1991 - Blood Sugar Sex Magik (2014 Remaster) [24bit-96.0kHz]
File read to copy: 01 - Dani California (2014 Remaster).flac
 Fr: D:\Musica\Qobuz\Red Hot Chili Peppers\Stadium Arcadium (2014 Remaster)\FLAC (24bit-96kHz)
 To: G:\Musica\Discografias\Red Hot Chili Peppers\2006 - Stadium Arcadium (2014 Remaster) [24bit-96.0kHz]
File read to copy: 01 - By the Way (2014 Remaster).flac
 Fr: D:\Musica\Qobuz\Red Hot Chili Peppers\By the Way (2014 Remaster)\FLAC (24bit-96kHz)
 To: G:\Musica\Discografias\Red Hot Chili Peppers\2002 - By the Way (2014 Remaster) [24bit-96.0kHz]
File read to copy: 01 - The Getaway.flac
 Fr: D:\Musica\Qobuz\Red Hot Chili Peppers\The Getaway\FLAC (24bit-48kHz)
 To: G:\Musica\Discografias\Red Hot Chili Peppers\2016 - The Getaway [24bit-48.0kHz]
File read to copy: 01 - Monarchy of Roses.flac
 Fr: D:\Musica\Qobuz\Red Hot Chili Peppers\I'm with You\FLAC (24bit-96kHz)
 To: G:\Musica\Discografias\Red Hot Chili Peppers\2011 - I'm with You [24bit-96.0kHz]
File read to copy: 01 - Warped (2014 Remaster).flac
 Fr: D:\Musica\Qobuz\Red Hot Chili Peppers\One Hot Minute (2014 Remaster)\FLAC (24bit-96kHz)
 To: G:\Musica\Discografias\Red Hot Chili Peppers\1995 - One Hot Minute (2014 Remaster) [24bit-96.0kHz]
File read to copy: 01 - Good Time Boys (Remastered 2003).flac
 Fr: D:\Musica\Qobuz\Red Hot Chili Peppers\Mother's Milk (Remastered)\FLAC (24bit-192kHz)
 To: G:\Musica\Discografias\Red Hot Chili Peppers\1989 - Mother's Milk (Remastered) [24bit-192.0kHz]
File read to copy: 01 - Just Dance.flac
 Fr: D:\Musica\Qobuz\Lady Gaga\The Fame\FLAC (24bit-44.1kHz)
 To: G:\Musica\Discografias\Lady Gaga\2008 - The Fame [24bit-44.1kHz]
File read to copy: 01 - Bad Romance.flac
 Fr: D:\Musica\Qobuz\Lady Gaga\The Fame Monster\FLAC (24bit-44.1kHz)\CD 01
 To: G:\Musica\Discografias\Lady Gaga\2009 - The Fame Monster [24bit-44.1kHz]\Disk 1
File read to copy: 01 - Just Dance.flac
 Fr: D:\Musica\Qobuz\Lady Gaga\The Fame Monster\FLAC (24bit-44.1kHz)\CD 02
 To: G:\Musica\Discografias\Lady Gaga\2009 - The Fame Monster [24bit-44.1kHz]\Disk 2
File read to copy: 01 - Marry The Night.flac
 Fr: D:\Musica\Qobuz\Lady Gaga\Born This Way (Bonus Track Version)\FLAC (24bit-44.1kHz)
 To: G:\Musica\Discografias\Lady Gaga\2011 - Born This Way (Bonus Track Version) [24bit-44.1kHz]
File read to copy: 01 - Chromatica I.flac
 Fr: D:\Musica\Qobuz\Lady Gaga\Chromatica\FLAC (24bit-48kHz)
 To: G:\Musica\Discografias\Lady Gaga\2020 - Chromatica [24bit-48.0kHz]
File read to copy: 01 - Diamond Heart.flac
 Fr: D:\Musica\Qobuz\Lady Gaga\Joanne\FLAC (24bit-88.2kHz)
 To: G:\Musica\Discografias\Lady Gaga\2016 - Joanne [24bit-88.2kHz]
File read to copy: 01 - Aura.flac
 Fr: D:\Musica\Qobuz\Lady Gaga\ARTPOP\FLAC (24bit-44.1kHz)
 To: G:\Musica\Discografias\Lady Gaga\2013 - ARTPOP [24bit-44.1kHz]
File read to copy: 01 - Good Times Bad Times (Remaster).flac
 Fr: D:\Musica\Qobuz\Led Zeppelin\Led Zeppelin (HD Remastered Edition) (Remaster)\FLAC (24bit-96kHz)
 To: G:\Musica\Discografias\Led Zeppelin\1969 - Led Zeppelin (HD Remastered Edition) (Remaster) [24bit-96.0kHz]
File read to copy: 01 - Whole Lotta Love (Remaster).flac
 Fr: D:\Musica\Qobuz\Led Zeppelin\Led Zeppelin II (Remaster)\FLAC (24bit-96kHz)
 To: G:\Musica\Discografias\Led Zeppelin\1969 - Led Zeppelin II (Remaster) [24bit-96.0kHz]
File read to copy: 01 - Immigrant Song (Remaster).flac
 Fr: D:\Musica\Qobuz\Led Zeppelin\Led Zeppelin III (HD Remastered Edition) (Remaster)\FLAC (24bit-96kHz)
 To: G:\Musica\Discografias\Led Zeppelin\1970 - Led Zeppelin III (HD Remastered Edition) (Remaster) [24bit-96.0kHz]
File read to copy: 01 - Whole Lotta Love (Remaster).flac
 Fr: D:\Musica\Qobuz\Led Zeppelin\Led Zeppelin II (HD Remastered Deluxe Edition) (Deluxe Edition)\FLAC (24bit-96kHz)\CD 01
 To: G:\Musica\Discografias\Led Zeppelin\1969 - Led Zeppelin II (HD Remastered Deluxe Edition) (Deluxe Edition) [24bit-96.0kHz]\Disk 1
File read to copy: 01 - Whole Lotta Love (Rough Mix with Vocal).flac
 Fr: D:\Musica\Qobuz\Led Zeppelin\Led Zeppelin II (HD Remastered Deluxe Edition) (Deluxe Edition)\FLAC (24bit-96kHz)\CD 02
 To: G:\Musica\Discografias\Led Zeppelin\1969 - Led Zeppelin II (HD Remastered Deluxe Edition) (Deluxe Edition) [24bit-96.0kHz]\Disk 2
File read to copy: 01 - You Shook Me (23_3_69 Top Gear;Remaster).flac
 Fr: D:\Musica\Qobuz\Led Zeppelin\The Complete BBC Sessions (Remastered)\FLAC (24bit-96kHz)\CD 01
 To: G:\Musica\Discografias\Led Zeppelin\2016 - The Complete BBC Sessions (Remastered) [24bit-96.0kHz]\Disk 1
File read to copy: 01 - Immigrant Song (1_4_71 Paris Theatre; Remaster).flac
 Fr: D:\Musica\Qobuz\Led Zeppelin\The Complete BBC Sessions (Remastered)\FLAC (24bit-96kHz)\CD 02
 To: G:\Musica\Discografias\Led Zeppelin\2016 - The Complete BBC Sessions (Remastered) [24bit-96.0kHz]\Disk 2
File read to copy: 01 - Communication Breakdown (23_3_69 Top Gear; Remaster).flac
 Fr: D:\Musica\Qobuz\Led Zeppelin\The Complete BBC Sessions (Remastered)\FLAC (24bit-96kHz)\CD 03
 To: G:\Musica\Discografias\Led Zeppelin\2016 - The Complete BBC Sessions (Remastered) [24bit-96.0kHz]\Disk 3
File read to copy: 01 - Bad (2012 Remaster).flac
 Fr: D:\Musica\Qobuz\Michael Jackson\Bad (Remastered)\FLAC (24bit-96kHz)
 To: G:\Musica\Discografias\Michael Jackson\1987 - Bad (Remastered) [24bit-96.0kHz]
File read to copy: 01 - Wanna Be Startin' Somethin'.flac
 Fr: D:\Musica\Qobuz\Michael Jackson\Thriller 40\FLAC (24bit-44.1kHz)
 To: G:\Musica\Discografias\Michael Jackson\2022 - Thriller 40 [24bit-44.1kHz]
File read to copy: 01 - Don't Stop 'Til You Get Enough.flac
 Fr: D:\Musica\Qobuz\Michael Jackson\Off The Wall\FLAC (24bit-96kHz)
 To: G:\Musica\Discografias\Michael Jackson\1979 - Off The Wall [24bit-96.0kHz]
File read to copy: 01 - Jam.flac
 Fr: D:\Musica\Qobuz\Michael Jackson\Dangerous\FLAC (24bit-96kHz)
 To: G:\Musica\Discografias\Michael Jackson\1991 - Dangerous [24bit-96.0kHz]
File read to copy: 01 - Wanna Be Startin' Somethin' (Album Version).flac
 Fr: D:\Musica\Qobuz\Michael Jackson\Thriller\FLAC (24bit-192kHz)
 To: G:\Musica\Discografias\Michael Jackson\1999 - Thriller [24bit-176.4kHz]
File read to copy: 01 - Billie Jean.flac
 Fr: D:\Musica\Qobuz\Michael Jackson\HIStory_ Past, Present and Future, Book I\FLAC (24bit-96kHz)\CD 01
 To: G:\Musica\Discografias\Michael Jackson\1995 - HIStory Past, Present and Future, Book I [24bit-96.0kHz]\Disk 1
File read to copy: 01 - Scream.flac
 Fr: D:\Musica\Qobuz\Michael Jackson\HIStory_ Past, Present and Future, Book I\FLAC (24bit-96kHz)\CD 02
 To: G:\Musica\Discografias\Michael Jackson\1995 - HIStory Past, Present and Future, Book I [24bit-96.0kHz]\Disk 2
File read to copy: 01 - Psycho Killer (Live) (2023 Remaster).flac
 Fr: D:\Musica\Qobuz\Talking Heads\Stop Making Sense (Deluxe Edition) (Live)\FLAC (24bit-44.1kHz)
 To: G:\Musica\Discografias\Talking Heads\1984 - Stop Making Sense (Deluxe Edition) (Live) [24bit-44.1kHz]
File read to copy: 01 - Blitzkrieg Bop.flac
 Fr: D:\Musica\Qobuz\Ramones\Ramones\FLAC (24bit-192kHz)
 To: G:\Musica\Discografias\Ramones\1976 - Ramones [24bit-192.0kHz]
File read to copy: 01 - I Just Want to Have Something to Do (2018 Remaster).flac
 Fr: D:\Musica\Qobuz\Ramones\Road to Ruin (40th Anniversary Deluxe Edition)\FLAC (24bit-96kHz)\CD 01
 To: G:\Musica\Discografias\Ramones\2018 - Road to Ruin (40th Anniversary Deluxe Edition) [24bit-192.0kHz]\Disk 1
File read to copy: 01 - I Just Want to Have Something to Do.flac
 Fr: D:\Musica\Qobuz\Ramones\Road to Ruin\FLAC (24bit-192kHz)
 To: G:\Musica\Discografias\Ramones\1978 - Road to Ruin [24bit-192.0kHz]
File read to copy: 01 - Cretin Hop.flac
 Fr: D:\Musica\Qobuz\Ramones\Rocket to Russia\FLAC (24bit-192kHz)
 To: G:\Musica\Discografias\Ramones\1977 - Rocket to Russia [24bit-192.0kHz]
File read to copy: 01 - Little Bit O' Soul.flac
 Fr: D:\Musica\Qobuz\Ramones\Subterranean Jungle\FLAC (24bit-192kHz)
 To: G:\Musica\Discografias\Ramones\1983 - Subterranean Jungle [24bit-192.0kHz]
File read to copy: 01 - Blitzkrieg Bop (2016 Remaster).flac
 Fr: D:\Musica\Qobuz\Ramones\Ramones - 40th Anniversary Deluxe Edition (Remastered) (40th Anniversary Deluxe Edition)\FLAC (24bit-96kHz)\CD 01
 To: G:\Musica\Discografias\Ramones\2016 - Ramones - 40th Anniversary Deluxe Edition (Remastered) (40th Anniversary Deluxe Edition) [24bit-96.0kHz]\Disk 1
File read to copy: 01 - Cretin Hop (2017 Remaster).flac
 Fr: D:\Musica\Qobuz\Ramones\Rocket to Russia (40th Anniversary Deluxe Edition)\FLAC (24bit-44.1kHz)\CD 01
 To: G:\Musica\Discografias\Ramones\2017 - Rocket to Russia (40th Anniversary Deluxe Edition) [24bit-192.0kHz]\Disk 1
File read to copy: 01 - Grey Matter.flac
 Fr: D:\Musica\Qobuz\Oingo Boingo\Nothing To Fear\FLAC (24bit-192kHz)
 To: G:\Musica\Discografias\Oingo Boingo\1982 - Nothing To Fear [24bit-192.0kHz]
File read to copy: 01 - Just Another Day (Album Version).flac
 Fr: D:\Musica\Qobuz\Oingo Boingo\Dead Man's Party\FLAC (16bit-44.1kHz)
 To: G:\Musica\Discografias\Oingo Boingo\1985 - Dead Man's Party [16bit-44.1kHz]
File read to copy: 01 - Welcome To The Jungle.flac
 Fr: D:\Musica\Qobuz\Guns N' Roses\Appetite For Destruction\FLAC (24bit-192kHz)
 To: G:\Musica\Discografias\Guns N' Roses\1987 - Appetite For Destruction [24bit-192.0kHz]
File read to copy: 01 - Right Next Door To Hell (2022 Remaster).flac
 Fr: D:\Musica\Qobuz\Guns N' Roses\Use Your Illusion I\FLAC (24bit-96kHz)
 To: G:\Musica\Discografias\Guns N' Roses\1991 - Use Your Illusion I [24bit-96.0kHz]
File read to copy: 01 - Civil War (2022 Remaster).flac
 Fr: D:\Musica\Qobuz\Guns N' Roses\Use Your Illusion II\FLAC (24bit-96kHz)
 To: G:\Musica\Discografias\Guns N' Roses\1991 - Use Your Illusion II [24bit-96.0kHz]
File read to copy: 01 - Perhaps.flac
 Fr: D:\Musica\Qobuz\Guns N' Roses\Perhaps\FLAC (24bit-48kHz)
 To: G:\Musica\Discografias\Guns N' Roses\2023 - Perhaps [24bit-48.0kHz]
File read to copy: 01 - Them Bones (2022 Remaster).flac
 Fr: D:\Musica\Qobuz\Alice In Chains\Dirt (2022 Remaster)\FLAC (24bit-44.1kHz)
 To: G:\Musica\Discografias\Alice In Chains\1992 - Dirt (2022 Remaster) [24bit-44.1kHz]
File read to copy: 01 - We Die Young.flac
 Fr: D:\Musica\Qobuz\Alice In Chains\Facelift\FLAC (24bit-192kHz)
 To: G:\Musica\Discografias\Alice In Chains\1990 - Facelift [24bit-192.0kHz]
File read to copy: 01 - 3WW.flac
 Fr: D:\Musica\Qobuz\Alt-J\RELAXER\FLAC (24bit-44.1kHz)
 To: G:\Musica\Discografias\Alt-J\2017 - RELAXER [24bit-44.1kHz]
File read to copy: 01 - Among The Living.flac
 Fr: D:\Musica\Qobuz\Anthrax\Among The Living\FLAC (24bit-96kHz)
 To: G:\Musica\Discografias\Anthrax\1986 - Among The Living [24bit-96.0kHz]
File read to copy: 01 - Ashes Of The Modern World.flac
 Fr: D:\Musica\Qobuz\Apocalyptica\Cell-0\FLAC (24bit-44.1kHz)
 To: G:\Musica\Discografias\Apocalyptica\2020 - Cell-0 [24bit-44.1kHz]
File read to copy: 01 - Bolero.flac
 Fr: D:\Musica\Qobuz\Apocalyptica\Metal Classic, Classic Metal\FLAC (24bit-44.1kHz)
 To: G:\Musica\Discografias\Apocalyptica\2022 - Metal Classic, Classic Metal [24bit-44.1kHz]
File read to copy: 01 - Set Flame to the Night.flac
 Fr: D:\Musica\Qobuz\Arch Enemy\Will To Power\FLAC (24bit-48kHz)
 To: G:\Musica\Discografias\Arch Enemy\2017 - Will To Power [24bit-48.0kHz]
File read to copy: 01 - Handshake with Hell.flac
 Fr: D:\Musica\Qobuz\Arch Enemy\Deceivers\FLAC (24bit-44.1kHz)
 To: G:\Musica\Discografias\Arch Enemy\2022 - Deceivers [24bit-44.1kHz]
File read to copy: 01 - Khaos Overture (Live at Wacken 2016).flac
 Fr: D:\Musica\Qobuz\Arch Enemy\As The Stages Burn! (Live at Wacken 2016)\FLAC (24bit-48kHz)
 To: G:\Musica\Discografias\Arch Enemy\2017 - As The Stages Burn! (Live at Wacken 2016) [24bit-48.0kHz]
File read to copy: 01 - Obsesion.flac
 Fr: D:\Musica\Qobuz\Aventura\We Broke The Rules\FLAC (24bit-44.1kHz)
 To: G:\Musica\Discografias\Aventura\2002 - We Broke The Rules [24bit-44.1kHz]
File read to copy: 01 - Obsesión (feat. Judy Santos).flac
 Fr: D:\Musica\Qobuz\Aventura\Todavía Me Amas_ Lo Mejor de Aventura (Deluxe Edition)\FLAC (24bit-44.1kHz)
 To: G:\Musica\Discografias\Aventura\2016 - Todavía Me Amas Lo Mejor de Aventura (Deluxe Edition) [24bit-44.1kHz]
File read to copy: 01 - Intro - The Last.flac
 Fr: D:\Musica\Qobuz\Aventura\The Last\FLAC (24bit-44.1kHz)
 To: G:\Musica\Discografias\Aventura\2009 - The Last [24bit-44.1kHz]
File read to copy: 01 - Dark Snow.flac
 Fr: D:\Musica\Qobuz\AFI\AFI (The Blood Album)\FLAC (24bit-48kHz)
 To: G:\Musica\Discografias\AFI\2017 - AFI (The Blood Album) [24bit-48.0kHz]
File read to copy: 01 - So Excited.flac
 Fr: D:\Musica\Qobuz\B.B. King\Completely Well\FLAC (24bit-96kHz)
 To: G:\Musica\Discografias\B.B. King\1969 - Completely Well [24bit-96.0kHz]
File read to copy: 01 - DÁKITI.flac
 Fr: D:\Musica\Qobuz\Bad Bunny\DÁKITI\FLAC (24bit-44.1kHz)
 To: G:\Musica\Discografias\Bad Bunny', 'Jhayco\2020 - DÁKITI [24bit-44.1kHz]
File read to copy: 01 - SI ELLA SALE.flac
 Fr: D:\Musica\Qobuz\Bad Bunny\LAS QUE NO IBAN A SALIR\FLAC (24bit-44.1kHz)
 To: G:\Musica\Discografias\Bad Bunny\2020 - LAS QUE NO IBAN A SALIR [24bit-44.1kHz]
File read to copy: 01 - Intro.flac
 Fr: D:\Musica\Qobuz\Bajofondo\Presente\FLAC (24bit-44.1kHz)
 To: G:\Musica\Discografias\Bajofondo\2013 - Presente [24bit-44.1kHz]
File read to copy: 01 - Wouldn't It Be Nice.flac
 Fr: D:\Musica\Qobuz\The Beach Boys\Pet Sounds\FLAC (24bit-192kHz)
 To: G:\Musica\Discografias\The Beach Boys\1966 - Pet Sounds [24bit-192.0kHz]
File read to copy: 01 - Rhymin & Stealin.flac
 Fr: D:\Musica\Qobuz\Beastie Boys\Licensed To Ill\FLAC (24bit-96kHz)
 To: G:\Musica\Discografias\Beastie Boys\1986 - Licensed To Ill [24bit-96.0kHz]
File read to copy: 01 - Spicks And Specks.flac
 Fr: D:\Musica\Qobuz\Bee Gees\Timeless - The All-Time Greatest Hits\FLAC (24bit-96kHz)
 To: G:\Musica\Discografias\Bee Gees\2017 - Timeless - The All-Time Greatest Hits [24bit-96.0kHz]
File read to copy: 01 - Niño.flac
 Fr: D:\Musica\Qobuz\Belanova\Dulce Beat\FLAC (16bit-44.1kHz)
 To: G:\Musica\Discografias\Belanova\2005 - Dulce Beat [16bit-44.1kHz]
File read to copy: 01 - Barco De Papel.flac
 Fr: D:\Musica\Qobuz\Belanova\Cocktail\FLAC (16bit-44.1kHz)
 To: G:\Musica\Discografias\Belanova\2003 - Cocktail [16bit-44.1kHz]
File read to copy: 01 - Sólo Para Mí (Album Version).flac
 Fr: D:\Musica\Qobuz\Belanova\Sueño Electro I\FLAC (16bit-44.1kHz)
 To: G:\Musica\Discografias\Belanova\2010 - Sueño Electro I [16bit-44.1kHz]
File read to copy: 01 - Tus Ojos (En Vivo).flac
 Fr: D:\Musica\Qobuz\Belanova\Canciones Para La Luna - Sinfónico En Vivo (En Vivo)\FLAC (16bit-44.1kHz)
 To: G:\Musica\Discografias\Belanova\2013 - Canciones Para La Luna - Sinfónico En Vivo (En Vivo) [16bit-44.1kHz]
File read to copy: 01 - Baila Mi Corazón (Album Version).flac
 Fr: D:\Musica\Qobuz\Belanova\Fantasía Pop\FLAC (16bit-44.1kHz)
 To: G:\Musica\Discografias\Belanova\2007 - Fantasía Pop [16bit-44.1kHz]
File read to copy: 01 - Nada Es Igual.flac
 Fr: D:\Musica\Qobuz\Belanova\Viaje Al Centro Del Corazón\FLAC (16bit-44.1kHz)
 To: G:\Musica\Discografias\Belanova\2018 - Viaje Al Centro Del Corazón [16bit-44.1kHz]
File read to copy: 01 - Combination of The Two (Take 3).flac
 Fr: D:\Musica\Qobuz\Big Brother & The Holding Company\Sex, Dope & Cheap Thrills\FLAC (24bit-44.1kHz)\CD 01
 To: G:\Musica\Discografias\Big Brother & The Holding Company', 'Janis Joplin\2018 - Sex, Dope & Cheap Thrills [24bit-44.1kHz]\Disk 1
File read to copy: 01 - Flower In the Sun (Take 3).flac
 Fr: D:\Musica\Qobuz\Big Brother & The Holding Company\Sex, Dope & Cheap Thrills\FLAC (24bit-44.1kHz)\CD 02
 To: G:\Musica\Discografias\Big Brother & The Holding Company', 'Janis Joplin\2018 - Sex, Dope & Cheap Thrills [24bit-44.1kHz]\Disk 2
File read to copy: 01 - Bye, Bye Baby.flac
 Fr: D:\Musica\Qobuz\Big Brother & The Holding Company\Big Brother & The Holding Company\FLAC (24bit-192kHz)
 To: G:\Musica\Discografias\Big Brother & The Holding Company', 'Janis Joplin\1967 - Big Brother & The Holding Company [24bit-192.0kHz]
File read to copy: 01 - !!!!!!!.flac
 Fr: D:\Musica\Qobuz\Billie Eilish\WHEN WE ALL FALL ASLEEP, WHERE DO WE GO_\FLAC (24bit-44.1kHz)
 To: G:\Musica\Discografias\Billie Eilish\2019 - WHEN WE ALL FALL ASLEEP, WHERE DO WE GO [24bit-44.1kHz]
File read to copy: 01 - Getting Older.flac
 Fr: D:\Musica\Qobuz\Billie Eilish\Happier Than Ever (Explicit)\FLAC (24bit-44.1kHz)
 To: G:\Musica\Discografias\Billie Eilish\2021 - Happier Than Ever (Explicit) [24bit-44.1kHz]
File read to copy: 01 - What Was I Made For_ [From The Motion Picture _Barbie_].flac
 Fr: D:\Musica\Qobuz\Billie Eilish\What Was I Made For_ [From The Motion Picture _Barbie_]\FLAC (24bit-48kHz)
 To: G:\Musica\Discografias\Billie Eilish\2023 - What Was I Made For [From The Motion Picture Barbie [24bit-48.0kHz]
File read to copy: 01 - COPYCAT.flac
 Fr: D:\Musica\Qobuz\Billie Eilish\dont smile at me\FLAC (24bit-44.1kHz)
 To: G:\Musica\Discografias\Billie Eilish\2017 - dont smile at me [24bit-44.1kHz]
File read to copy: 01 - No Time To Die.flac
 Fr: D:\Musica\Qobuz\Billie Eilish\No Time To Die\FLAC (24bit-44.1kHz)
 To: G:\Musica\Discografias\Billie Eilish\2020 - No Time To Die [24bit-44.1kHz]
File read to copy: 01 - Rebel Yell.flac
 Fr: D:\Musica\Qobuz\Billy Idol\Rebel Yell\FLAC (24bit-96kHz)
 To: G:\Musica\Discografias\Billy Idol\1982 - Rebel Yell [24bit-96.0kHz]
File read to copy: 01 - Cage.flac
 Fr: D:\Musica\Qobuz\Billy Idol\The Cage - EP\FLAC (24bit-44.1kHz)
 To: G:\Musica\Discografias\Billy Idol\2022 - The Cage - EP [24bit-44.1kHz]
File read to copy: 01 - Come On, Come On.flac
 Fr: D:\Musica\Qobuz\Billy Idol\Billy Idol\FLAC (24bit-96kHz)
 To: G:\Musica\Discografias\Billy Idol\1982 - Billy Idol [24bit-96.0kHz]
File read to copy: 01 - Worlds Forgotten Boy.flac
 Fr: D:\Musica\Qobuz\Billy Idol\Whiplash Smile\FLAC (24bit-96kHz)
 To: G:\Musica\Discografias\Billy Idol\1986 - Whiplash Smile [24bit-96.0kHz]
File read to copy: 01 - Dumpweed.flac
 Fr: D:\Musica\Qobuz\blink-182\Enema Of The State\FLAC (24bit-96kHz)
 To: G:\Musica\Discografias\blink-182\1999 - Enema Of The State [24bit-96.0kHz]
File read to copy: 01 - Pathetic.flac
 Fr: D:\Musica\Qobuz\blink-182\Dude Ranch\FLAC (24bit-96kHz)
 To: G:\Musica\Discografias\blink-182\1997 - Dude Ranch [24bit-96.0kHz]
File read to copy: 01 - The First Time.flac
 Fr: D:\Musica\Qobuz\blink-182\NINE\FLAC (24bit-44.1kHz)
 To: G:\Musica\Discografias\blink-182\2019 - NINE [24bit-44.1kHz]
File read to copy: 01 - Fire of Unknown Origin.flac
 Fr: D:\Musica\Qobuz\Blue Öyster Cult\Fire of Unknown Origin\FLAC (24bit-96kHz)
 To: G:\Musica\Discografias\Blue Öyster Cult\1981 - Fire of Unknown Origin [24bit-96.0kHz]
File read to copy: 01 - That Was Me.flac
 Fr: D:\Musica\Qobuz\Blue Öyster Cult\The Symbol Remains\FLAC (24bit-44.1kHz)
 To: G:\Musica\Discografias\Blue Öyster Cult\2020 - The Symbol Remains [24bit-44.1kHz]
File read to copy: 01 - Career of Evil.flac
 Fr: D:\Musica\Qobuz\Blue Öyster Cult\Secret Treaties\FLAC (24bit-96kHz)
 To: G:\Musica\Discografias\Blue Öyster Cult\2016 - Secret Treaties [24bit-96.0kHz]
File read to copy: 01 - Transmaniacon MC.flac
 Fr: D:\Musica\Qobuz\Blue Öyster Cult\Blue Oyster Cult\FLAC (24bit-44.1kHz)
 To: G:\Musica\Discografias\Blue Öyster Cult\1972 - Blue Oyster Cult [24bit-44.1kHz]
File read to copy: 01 - Cities On Flame with Rock and Roll.flac
 Fr: D:\Musica\Qobuz\Blue Öyster Cult\Don't Fear The Reaper_ The Best of Blue Öyster Cult\FLAC (24bit-96kHz)
 To: G:\Musica\Discografias\Blue Öyster Cult\1999 - Don't Fear The Reaper The Best of Blue Öyster Cult [24bit-96.0kHz]
File read to copy: 01 - This Ain't the Summer of Love.flac
 Fr: D:\Musica\Qobuz\Blue Öyster Cult\Agents Of Fortune\FLAC (24bit-192kHz)
 To: G:\Musica\Discografias\Blue Öyster Cult\1976 - Agents Of Fortune [24bit-192.0kHz]
File read to copy: 01 - The Ballad.flac
 Fr: D:\Musica\Qobuz\Blur\The Ballad of Darren\FLAC (24bit-44.1kHz)
 To: G:\Musica\Discografias\Blur\2023 - The Ballad of Darren [24bit-44.1kHz]
File read to copy: 01 - Beetlebum.flac
 Fr: D:\Musica\Qobuz\Blur\Blur\FLAC (24bit-96kHz)
 To: G:\Musica\Discografias\Blur\1997 - Blur [24bit-96.0kHz]
File read to copy: 01 - Girls & Boys.flac
 Fr: D:\Musica\Qobuz\Blur\Parklife\FLAC (24bit-96kHz)
 To: G:\Musica\Discografias\Blur\1994 - Parklife [24bit-96.0kHz]
File read to copy: 01 - Stereotypes.flac
 Fr: D:\Musica\Qobuz\Blur\The Great Escape\FLAC (24bit-96kHz)
 To: G:\Musica\Discografias\Blur\1995 - The Great Escape [24bit-96.0kHz]
File read to copy: 01 - Lonesome Street.flac
 Fr: D:\Musica\Qobuz\Blur\The Magic Whip\FLAC (24bit-44.1kHz)
 To: G:\Musica\Discografias\Blur\2015 - The Magic Whip [24bit-44.1kHz]
File read to copy: 01 - Is This Love.flac
 Fr: D:\Musica\Qobuz\Bob Marley & The Wailers\Legend – The Best Of Bob Marley & The Wailers\FLAC (24bit-96kHz)
 To: G:\Musica\Discografias\Bob Marley & The Wailers\1984 - Legend – The Best Of Bob Marley & The Wailers [24bit-96.0kHz]
File read to copy: 01 - Intro - El Viaje.flac
 Fr: D:\Musica\Qobuz\Calle 13\MultiViral\FLAC (24bit-44.1kHz)
 To: G:\Musica\Discografias\Calle 13\2014 - MultiViral [24bit-44.1kHz]
File read to copy: 01 - Amanecer.flac
 Fr: D:\Musica\Qobuz\Bomba Estéreo\Amanecer\FLAC (24bit-96kHz)
 To: G:\Musica\Discografias\Bomba Estéreo\2015 - Amanecer [24bit-96.0kHz]
File read to copy: 01 - Let It Rock.flac
 Fr: D:\Musica\Qobuz\Bon Jovi\Slippery When Wet\FLAC (24bit-96kHz)
 To: G:\Musica\Discografias\Bon Jovi\1986 - Slippery When Wet [24bit-96.0kHz]
File read to copy: 01 - Runaway.flac
 Fr: D:\Musica\Qobuz\Bon Jovi\Bon Jovi\FLAC (24bit-96kHz)
 To: G:\Musica\Discografias\Bon Jovi\1984 - Bon Jovi [24bit-96.0kHz]
File read to copy: 01 - Lay Your Hands On Me (Album Version).flac
 Fr: D:\Musica\Qobuz\Bon Jovi\New Jersey (Deluxe Edition)\FLAC (24bit-96kHz)\CD 01
 To: G:\Musica\Discografias\Bon Jovi\1988 - New Jersey (Deluxe Edition) [24bit-96.0kHz]\Disk 1
File read to copy: 01 - Limitless.flac
 Fr: D:\Musica\Qobuz\Bon Jovi\2020\FLAC (24bit-96kHz)
 To: G:\Musica\Discografias\Bon Jovi\2020 - 2020 [24bit-96.0kHz]
File read to copy: 01 - Green Onions.flac
 Fr: D:\Musica\Qobuz\Booker T. & The M.G.'s\Green Onions\FLAC (24bit-192kHz)
 To: G:\Musica\Discografias\Booker T. & The M.G.'s\1962 - Green Onions [24bit-192.0kHz]
File read to copy: 01 - Christmas All Over Again.flac
 Fr: D:\Musica\Qobuz\Jon Bon Jovi\A Jon Bon Jovi Christmas\FLAC (24bit-48kHz)
 To: G:\Musica\Discografias\Jon Bon Jovi\2020 - A Jon Bon Jovi Christmas [24bit-48.0kHz]
File read to copy: 01 - 1. Adagio molto - Allegro con brio (SACD Stereo).flac
 Fr: D:\Musica\Qobuz\Herbert von Karajan\Beethoven _ 9 Symphonies (1963)\FLAC (24bit-96kHz)\CD 01
 To: G:\Musica\Discografias\Berliner Philharmoniker', 'Herbert von Karajan\2014 - Beethoven  9 Symphonies (1963) [24bit-96.0kHz]\Disk 1
File read to copy: 01 - 1. Allegro con brio (SACD Stereo).flac
 Fr: D:\Musica\Qobuz\Herbert von Karajan\Beethoven _ 9 Symphonies (1963)\FLAC (24bit-96kHz)\CD 02
 To: G:\Musica\Discografias\Berliner Philharmoniker', 'Herbert von Karajan\2014 - Beethoven  9 Symphonies (1963) [24bit-96.0kHz]\Disk 2
File read to copy: 01 - 1. Allegro con brio (SACD Stereo).flac
 Fr: D:\Musica\Qobuz\Herbert von Karajan\Beethoven _ 9 Symphonies (1963)\FLAC (24bit-96kHz)\CD 03
 To: G:\Musica\Discografias\Berliner Philharmoniker', 'Herbert von Karajan\2014 - Beethoven  9 Symphonies (1963) [24bit-96.0kHz]\Disk 3
File read to copy: 01 - 1. Poco sostenuto - Vivace (SACD Stereo).flac
 Fr: D:\Musica\Qobuz\Herbert von Karajan\Beethoven _ 9 Symphonies (1963)\FLAC (24bit-96kHz)\CD 04
 To: G:\Musica\Discografias\Berliner Philharmoniker', 'Herbert von Karajan\2014 - Beethoven  9 Symphonies (1963) [24bit-96.0kHz]\Disk 4
File read to copy: 01 - 1. Allegro ma non troppo, un poco maestoso (SACD Stereo).flac
 Fr: D:\Musica\Qobuz\Herbert von Karajan\Beethoven _ 9 Symphonies (1963)\FLAC (24bit-96kHz)\CD 05
 To: G:\Musica\Discografias\Berliner Philharmoniker', 'Herbert von Karajan\2014 - Beethoven  9 Symphonies (1963) [24bit-96.0kHz]\Disk 5
File read to copy: 01 - Rough Justice (Remastered 2009).flac
 Fr: D:\Musica\Qobuz\The Rolling Stones\A Bigger Bang\FLAC (24bit-44.1kHz)
 To: G:\Musica\Discografias\The Rolling Stones\2005 - A Bigger Bang [24bit-44.1kHz]
File read to copy: 01 - Miss You (Remastered).flac
 Fr: D:\Musica\Qobuz\The Rolling Stones\Some Girls (Deluxe)\FLAC (24bit-88.2kHz)\CD 01
 To: G:\Musica\Discografias\The Rolling Stones\1978 - Some Girls (Deluxe) [24bit-88.2kHz]\Disk 1
File read to copy: 01 - Claudine.flac
 Fr: D:\Musica\Qobuz\The Rolling Stones\Some Girls (Deluxe)\FLAC (24bit-88.2kHz)\CD 02
 To: G:\Musica\Discografias\The Rolling Stones\1978 - Some Girls (Deluxe) [24bit-88.2kHz]\Disk 2
File read to copy: 01 - Gimme Shelter.flac
 Fr: D:\Musica\Qobuz\The Rolling Stones\Let It Bleed\FLAC (24bit-88.2kHz)
 To: G:\Musica\Discografias\The Rolling Stones\1969 - Let It Bleed [24bit-88.2kHz]
File read to copy: 01 - Flip The Switch (Remastered).flac
 Fr: D:\Musica\Qobuz\The Rolling Stones\Bridges To Babylon (Remastered)\FLAC (24bit-44.1kHz)
 To: G:\Musica\Discografias\The Rolling Stones\2009 - Bridges To Babylon (Remastered) [24bit-44.1kHz]
File read to copy: 01 - Gimme More (Main Version).flac
 Fr: D:\Musica\Qobuz\Britney Spears\Blackout (Deluxe Version)\FLAC (24bit-44.1kHz)
 To: G:\Musica\Discografias\Britney Spears\2007 - Blackout (Deluxe Version) [24bit-44.1kHz]
File read to copy: 01 - Womanizer.flac
 Fr: D:\Musica\Qobuz\Britney Spears\Circus (Deluxe Version)\FLAC (24bit-44.1kHz)
 To: G:\Musica\Discografias\Britney Spears\2008 - Circus (Deluxe Version) [24bit-44.1kHz]
File read to copy: 01 - Till the World Ends.flac
 Fr: D:\Musica\Qobuz\Britney Spears\Femme Fatale (Deluxe Version)\FLAC (24bit-44.1kHz)
 To: G:\Musica\Discografias\Britney Spears\2011 - Femme Fatale (Deluxe Version) [24bit-44.1kHz]
File read to copy: 01 - Grenade.flac
 Fr: D:\Musica\Qobuz\Bruno Mars\Doo-Wops & Hooligans\FLAC (24bit-44.1kHz)
 To: G:\Musica\Discografias\Bruno Mars\2010 - Doo-Wops & Hooligans [24bit-44.1kHz]
File read to copy: 01 - Young Girls.flac
 Fr: D:\Musica\Qobuz\Bruno Mars\Unorthodox Jukebox (Hi-Res Version)\FLAC (24bit-44.1kHz)
 To: G:\Musica\Discografias\Bruno Mars\2012 - Unorthodox Jukebox (Hi-Res Version) [24bit-44.1kHz]
File read to copy: 01 - 24K Magic.flac
 Fr: D:\Musica\Qobuz\Bruno Mars\24K Magic\FLAC (24bit-44.1kHz)
 To: G:\Musica\Discografias\Bruno Mars\2016 - 24K Magic [24bit-44.1kHz]
File read to copy: 01 - Silk Sonic Intro.flac
 Fr: D:\Musica\Qobuz\Bruno Mars\An Evening With Silk Sonic\FLAC (24bit-44.1kHz)
 To: G:\Musica\Discografias\Bruno Mars', 'Anderson .Paak', 'Silk Sonic\2021 - An Evening With Silk Sonic [24bit-44.1kHz]
File read to copy: 01 - Chan Chan (2021 Remaster).flac
 Fr: D:\Musica\Qobuz\Buena Vista Social Club\Buena Vista Social Club (25th Anniversary Edition)\FLAC (24bit-96kHz)\CD 01
 To: G:\Musica\Discografias\Buena Vista Social Club\2021 - Buena Vista Social Club (25th Anniversary Edition) [24bit-96.0kHz]\Disk 1
File read to copy: 01 - Chan Chan (Monitor Mix).flac
 Fr: D:\Musica\Qobuz\Buena Vista Social Club\Buena Vista Social Club (25th Anniversary Edition)\FLAC (24bit-96kHz)\CD 02
 To: G:\Musica\Discografias\Buena Vista Social Club\2021 - Buena Vista Social Club (25th Anniversary Edition) [24bit-96.0kHz]\Disk 2
File read to copy: 01 - Bruca Maniguá (feat. Ibrahim Ferrer) (Live).flac
 Fr: D:\Musica\Qobuz\Buena Vista Social Club\Lost and Found\FLAC (24bit-44.1kHz)
 To: G:\Musica\Discografias\Buena Vista Social Club\2015 - Lost and Found [24bit-44.1kHz]
File read to copy: 01 - Dónde Estabas Tú_ (2019 - Remaster).flac
 Fr: D:\Musica\Qobuz\Omara Portuondo\Omara Portuondo (Buena Vista Social Club Presents) (2019 - Remaster)\FLAC (24bit-96kHz)
 To: G:\Musica\Discografias\Omara Portuondo\2019 - Omara Portuondo (Buena Vista Social Club Presents) (2019 - Remaster) [24bit-96.0kHz]
File read to copy: 01 - Despierta.flac
 Fr: D:\Musica\Qobuz\Bunbury\Palosanto\FLAC (24bit-44.1kHz)
 To: G:\Musica\Discografias\Bunbury\2013 - Palosanto [24bit-44.1kHz]
File read to copy: 01 - I. Introitus _Requiem_.flac
 Fr: D:\Musica\Qobuz\Teodor Currentzis\Mozart_ Requiem\FLAC (24bit-48kHz)
 To: G:\Musica\Discografias\MusicAeterna', 'The New Siberian Singers', 'Teodor Currentzis\2011 - Mozart Requiem [24bit-48.0kHz]
File read to copy: 01 - I. Adagio - Allegro non troppo.flac
 Fr: D:\Musica\Qobuz\Teodor Currentzis\Tchaikovsky _ Symphony No.6\FLAC (24bit-96kHz)
 To: G:\Musica\Discografias\Teodor Currentzis\2017 - Tchaikovsky  Symphony No.6 [24bit-96.0kHz]
File read to copy: 01 - Limehouse Blues (Live).flac
 Fr: D:\Musica\Qobuz\Arne Domnerus\Jazz at the Pawnshop (Remastered 2014) [feat. Bengt Halberg, Georg Riedel, Egil Johansen & Lars Erst\FLAC (24bit-88.2kHz)
 To: G:\Musica\Discografias\Arne Domnerus\1977 - Jazz at the Pawnshop (Remastered 2014) [feat. Bengt Halberg, Georg Riedel, Egil Johansen & Lars Erstrand] [Live [24bit-88.2kHz]
File read to copy: 01 - A Soul to Claim.flac
 Fr: D:\Musica\Qobuz\Doug MacLeod\A Soul to Claim\FLAC (24bit-44.1kHz)
 To: G:\Musica\Discografias\Doug MacLeod', 'Dave Smith', 'Rick Steff', 'Steve Potts\2022 - A Soul to Claim [24bit-44.1kHz]
File read to copy: 01 - Contacto.flac
 Fr: D:\Musica\Qobuz\Camilo Séptimo\Navegantes\FLAC (24bit-44.1kHz)
 To: G:\Musica\Discografias\Camilo Séptimo\2019 - Navegantes [24bit-44.1kHz]
File read to copy: 01 - How Deep Is Your Love.flac
 Fr: D:\Musica\Qobuz\Calvin Harris\How Deep Is Your Love\FLAC (24bit-44.1kHz)
 To: G:\Musica\Discografias\Calvin Harris', 'Disciples\2015 - How Deep Is Your Love [24bit-44.1kHz]
File read to copy: 01 - My Way.flac
 Fr: D:\Musica\Qobuz\Calvin Harris\My Way\FLAC (24bit-44.1kHz)
 To: G:\Musica\Discografias\Calvin Harris\2016 - My Way [24bit-44.1kHz]
File read to copy: 01 - Shorty Party.flac
 Fr: D:\Musica\Qobuz\Cartel De Santa\Shorty Party\FLAC (24bit-96kHz)
 To: G:\Musica\Discografias\Cartel De Santa', 'La Kelly\2023 - Shorty Party [24bit-96.0kHz]
File read to copy: 01 - Piensa en Mi.flac
 Fr: D:\Musica\Qobuz\Cartel De Santa\Piensa en Mi\FLAC (24bit-96kHz)
 To: G:\Musica\Discografias\Cartel De Santa\2023 - Piensa en Mi [24bit-96.0kHz]
File read to copy: 01 - Un Beso.flac
 Fr: D:\Musica\Qobuz\Carla Morrison\Amor Supremo (Desnudo)\FLAC (24bit-88.2kHz)
 To: G:\Musica\Discografias\Carla Morrison\2021 - Amor Supremo (Desnudo) [24bit-88.2kHz]
File read to copy: 01 - Hotel California (2013 Remaster).flac
 Fr: D:\Musica\Qobuz\Eagles\Hotel California (2013 Remaster)\FLAC (24bit-192kHz)
 To: G:\Musica\Discografias\Eagles\1976 - Hotel California (2013 Remaster) [24bit-192.0kHz]
File read to copy: 01 - Concerto No. 1 « Spring » RV 269 in E Major - I. Allegro (Remastered 2022, Version 1959).flac
 Fr: D:\Musica\Qobuz\Felix Ayo\Vivaldi_ The Four Seasons by Felix Ayo\FLAC (24bit-96kHz)
 To: G:\Musica\Discografias\Felix Ayo', 'I Musici\2022 - Vivaldi The Four Seasons by Felix Ayo [24bit-96.0kHz]
File read to copy: 01 - I. Allegro ma non tanto (Instrumental).flac
 Fr: D:\Musica\Qobuz\Arcadi Volodos\Rachmaninoff_ Piano Concerto No. 3 in D Minor, Op. 30 & Solo Piano Works\FLAC (16bit-44.1kHz)
 To: G:\Musica\Discografias\Arcadi Volodos\2000 - Rachmaninoff Piano Concerto No. 3 in D Minor, Op. 30 & Solo Piano Works [16bit-44.1kHz]
File read to copy: 01 - Golden.flac
 Fr: D:\Musica\Qobuz\Claptone\Closer\FLAC (24bit-44.1kHz)
 To: G:\Musica\Discografias\Claptone\2021 - Closer [24bit-44.1kHz]
File read to copy: 01 - Euphoria.flac
 Fr: D:\Musica\Qobuz\Claptone\Euphoria\FLAC (24bit-44.1kHz)
 To: G:\Musica\Discografias\Claptone\2023 - Euphoria [24bit-44.1kHz]
File read to copy: 01 - Nobody (The Reflex Revision).flac
 Fr: D:\Musica\Qobuz\Claptone\Nobody (Remixes) (DSP Version)\FLAC (24bit-44.1kHz)
 To: G:\Musica\Discografias\Claptone', 'Barry Manilow\2022 - Nobody (Remixes) (DSP Version) [24bit-44.1kHz]
File read to copy: 01 - Cumbia Valledupar.flac
 Fr: D:\Musica\Qobuz\Celso Piña\Cumbia Valledupar\FLAC (24bit-96kHz)
 To: G:\Musica\Discografias\Celso Piña', 'Ronda Bogotá\2021 - Cumbia Valledupar [24bit-96.0kHz]
File read to copy: 01 - Woman.flac
 Fr: D:\Musica\Qobuz\Doja Cat\Planet Her (Deluxe)\FLAC (24bit-44.1kHz)
 To: G:\Musica\Discografias\Doja Cat\2021 - Planet Her (Deluxe) [24bit-44.1kHz]
File read to copy: 01 - Cyber Sex.flac
 Fr: D:\Musica\Qobuz\Doja Cat\Hot Pink (Explicit)\FLAC (24bit-44.1kHz)
 To: G:\Musica\Discografias\Doja Cat\2019 - Hot Pink (Explicit) [24bit-44.1kHz]
File read to copy: 01 - Paint The Town Red.flac
 Fr: D:\Musica\Qobuz\Doja Cat\Paint The Town Red\FLAC (24bit-44.1kHz)
 To: G:\Musica\Discografias\Doja Cat\2023 - Paint The Town Red [24bit-44.1kHz]
File read to copy: 01 - Paint The Town Red.flac
 Fr: D:\Musica\Qobuz\Doja Cat\Scarlet\FLAC (24bit-44.1kHz)
 To: G:\Musica\Discografias\Doja Cat\2023 - Scarlet [24bit-44.1kHz]
File read to copy: 01 - Intro.flac
 Fr: D:\Musica\Qobuz\Gorillaz\Demon Days\FLAC (24bit-44.1kHz)
 To: G:\Musica\Discografias\Gorillaz\2014 - Demon Days [24bit-44.1kHz]
File read to copy: 01 - Cracker Island (feat. Thundercat).flac
 Fr: D:\Musica\Qobuz\Gorillaz\Cracker Island\FLAC (24bit-44.1kHz)
 To: G:\Musica\Discografias\Gorillaz\2023 - Cracker Island [24bit-44.1kHz]
File read to copy: 01 - Re-Hash.flac
 Fr: D:\Musica\Qobuz\Gorillaz\Gorillaz\FLAC (24bit-44.1kHz)
 To: G:\Musica\Discografias\Gorillaz\2014 - Gorillaz [24bit-44.1kHz]
File read to copy: 01 - Orchestral Intro (feat. Sinfonia ViVA).flac
 Fr: D:\Musica\Qobuz\Gorillaz\Plastic Beach\FLAC (24bit-44.1kHz)
 To: G:\Musica\Discografias\Gorillaz\2010 - Plastic Beach [24bit-44.1kHz]
File read to copy: 01 - Intro_ I Switched My Robot Off.flac
 Fr: D:\Musica\Qobuz\Gorillaz\Humanz (Deluxe)\FLAC (24bit-96kHz)
 To: G:\Musica\Discografias\Gorillaz\2017 - Humanz (Deluxe) [24bit-96.0kHz]
File read to copy: 01 - Let It Happen.flac
 Fr: D:\Musica\Qobuz\Tame Impala\Currents\FLAC (24bit-44.1kHz)
 To: G:\Musica\Discografias\Tame Impala\2015 - Currents [24bit-44.1kHz]
File read to copy: 01 - One More Year.flac
 Fr: D:\Musica\Qobuz\Tame Impala\The Slow Rush\FLAC (24bit-44.1kHz)
 To: G:\Musica\Discografias\Tame Impala\2020 - The Slow Rush [24bit-44.1kHz]
File read to copy: 01 - Pasiflorine.flac
 Fr: D:\Musica\Qobuz\La Gusana Ciega\Pasiflorine\FLAC (24bit-44.1kHz)
 To: G:\Musica\Discografias\La Gusana Ciega', 'Madame Récamier\2019 - Pasiflorine [24bit-44.1kHz]
File read to copy: 01 - Bailando Bachata.flac
 Fr: D:\Musica\Qobuz\Chayanne\Bailando Bachata\FLAC (24bit-48kHz)
 To: G:\Musica\Discografias\Chayanne\2023 - Bailando Bachata [24bit-48.0kHz]
File read to copy: 01 - Chic Cheer.flac
 Fr: D:\Musica\Qobuz\Chic\C'est Chic\FLAC (24bit-192kHz)
 To: G:\Musica\Discografias\Chic\1970 - C'est Chic [24bit-192.0kHz]
File read to copy: 01 - Dance, Dance, Dance (Yowsah, Yowsah, Yowsah) [2018 Remaster] (Remastered).flac
 Fr: D:\Musica\Qobuz\Chic\The Chic Organization 1977-1979 (2018 Remaster)\FLAC (24bit-192kHz)\CD 01
 To: G:\Musica\Discografias\Chic\2018 - The Chic Organization 1977-1979 (2018 Remaster) [24bit-192.0kHz]\Disk 1
File read to copy: 01 - Chic Cheer (2018 Remaster) (Remastered).flac
 Fr: D:\Musica\Qobuz\Chic\The Chic Organization 1977-1979 (2018 Remaster)\FLAC (24bit-192kHz)\CD 02
 To: G:\Musica\Discografias\Chic\2018 - The Chic Organization 1977-1979 (2018 Remaster) [24bit-192.0kHz]\Disk 2
File read to copy: 01 - He's the Greatest Dancer (2018 Remaster) (Remastered).flac
 Fr: D:\Musica\Qobuz\Chic\The Chic Organization 1977-1979 (2018 Remaster)\FLAC (24bit-192kHz)\CD 03
 To: G:\Musica\Discografias\Chic\2018 - The Chic Organization 1977-1979 (2018 Remaster) [24bit-192.0kHz]\Disk 3
File read to copy: 01 - Good Times (2018 Remaster) (Remastered).flac
 Fr: D:\Musica\Qobuz\Chic\The Chic Organization 1977-1979 (2018 Remaster)\FLAC (24bit-192kHz)\CD 04
 To: G:\Musica\Discografias\Chic\2018 - The Chic Organization 1977-1979 (2018 Remaster) [24bit-192.0kHz]\Disk 4
File read to copy: 01 - Dance, Dance, Dance (Yowsah, Yowsah, Yowsah)  [2018 Remaster] (7_ Edit).flac
 Fr: D:\Musica\Qobuz\Chic\The Chic Organization 1977-1979 (2018 Remaster)\FLAC (24bit-192kHz)\CD 05
 To: G:\Musica\Discografias\Chic\2018 - The Chic Organization 1977-1979 (2018 Remaster) [24bit-192.0kHz]\Disk 5
File read to copy: 01 - Good Times (2018 Remaster).flac
 Fr: D:\Musica\Qobuz\Chic\Risqué (2018 Remaster)\FLAC (24bit-192kHz)
 To: G:\Musica\Discografias\Chic\2018 - Risqué (2018 Remaster) [24bit-192.0kHz]
File read to copy: 01 - Don't Panic.flac
 Fr: D:\Musica\Qobuz\Coldplay\Parachutes\FLAC (24bit-192kHz)
 To: G:\Musica\Discografias\Coldplay\2000 - Parachutes [24bit-192.0kHz]
File read to copy: 01 - Life in Technicolor.flac
 Fr: D:\Musica\Qobuz\Coldplay\Viva La Vida or Death and All His Friends\FLAC (24bit-44.1kHz)
 To: G:\Musica\Discografias\Coldplay\2000 - Viva La Vida or Death and All His Friends [24bit-44.1kHz]
File read to copy: 01 - Politik.flac
 Fr: D:\Musica\Qobuz\Coldplay\A Rush of Blood to the Head\FLAC (24bit-192kHz)
 To: G:\Musica\Discografias\Coldplay\2002 - A Rush of Blood to the Head [24bit-192.0kHz]
File read to copy: 01 - Square One.flac
 Fr: D:\Musica\Qobuz\Coldplay\X&Y\FLAC (24bit-192kHz)
 To: G:\Musica\Discografias\Coldplay\2005 - X&Y [24bit-192.0kHz]
Traceback (most recent call last):
  File "C:\Users\Batcave\PycharmProjects\Library Order by Sound Quality\FLAC_Organizer.py", line 110, in <module>
    print("File read to copy: " + file + "\n Fr: " + path + "\n To: " + destination_path, file=log)
  File "C:\Python311\Lib\encodings\cp1252.py", line 19, in encode
    return codecs.charmap_encode(input,self.errors,encoding_table)[0]
           ^^^^^^^^^^^^^^^^^^^^^^^^^^^^^^^^^^^^^^^^^^^^^^^^^^^^^^^
UnicodeEncodeError: 'charmap' codec can't encode character '\u29b5' in position 24: character maps to <undefined>
File read to copy: 02 - Higher Power.flac
 Fr: D:\Musica\Qobuz\Coldplay\Music Of The Spheres\FLAC (24bit-44.1kHz)
 To: G:\Musica\Discografias\Coldplay\2021 - Music Of The Spheres [24bit-44.1kHz]
File read to copy: 01 - Always in My Head.flac
 Fr: D:\Musica\Qobuz\Coldplay\Ghost Stories\FLAC (24bit-44.1kHz)
 To: G:\Musica\Discografias\Coldplay\2014 - Ghost Stories [24bit-44.1kHz]
File read to copy: 01 - A Head Full of Dreams.flac
 Fr: D:\Musica\Qobuz\Coldplay\A Head Full of Dreams\FLAC (24bit-192kHz)
 To: G:\Musica\Discografias\Coldplay\2015 - A Head Full of Dreams [24bit-192.0kHz]
File read to copy: 01 - Strange Brew.flac
 Fr: D:\Musica\Qobuz\Cream\Disraeli Gears\FLAC (24bit-192kHz)
 To: G:\Musica\Discografias\Cream\1967 - Disraeli Gears [24bit-192.0kHz]
File read to copy: 01 - Susie Q. (Single Edit).flac
 Fr: D:\Musica\Qobuz\Creedence Clearwater Revival\Chronicle_ The 20 Greatest Hits (Remastered 2023 _ Hi Res)\FLAC (24bit-192kHz)
 To: G:\Musica\Discografias\Creedence Clearwater Revival\2023 - Chronicle The 20 Greatest Hits (Remastered 2023  Hi Res) [24bit-192.0kHz]
File read to copy: 01 - Oceans.flac
 Fr: D:\Musica\Qobuz\Dash Berlin\Oceans\FLAC (24bit-44.1kHz)
 To: G:\Musica\Discografias\Dash Berlin\2022 - Oceans [24bit-44.1kHz]
File read to copy: 01 - Five Years (2012 Remaster).flac
 Fr: D:\Musica\Qobuz\David Bowie\The Rise and Fall of Ziggy Stardust and the Spiders from Mars (2012 Remaster)\FLAC (24bit-96kHz)
 To: G:\Musica\Discografias\David Bowie\1972 - The Rise and Fall of Ziggy Stardust and the Spiders from Mars (2012 Remaster) [24bit-96.0kHz]
File read to copy: 01 - Space Oddity (2019 Mix).flac
 Fr: D:\Musica\Qobuz\David Bowie\Space Oddity (2019 Mix)\FLAC (24bit-96kHz)
 To: G:\Musica\Discografias\David Bowie\1969 - Space Oddity (2019 Mix) [24bit-96.0kHz]
File read to copy: 01 - Watch That Man (2013 Remaster).flac
 Fr: D:\Musica\Qobuz\David Bowie\Aladdin Sane (2013 Remaster)\FLAC (24bit-192kHz)
 To: G:\Musica\Discografias\David Bowie\1973 - Aladdin Sane (2013 Remaster) [24bit-192.0kHz]
File read to copy: 01 - Modern Love (2018 Remaster).flac
 Fr: D:\Musica\Qobuz\David Bowie\Let's Dance (2018 Remaster)\FLAC (24bit-96kHz)
 To: G:\Musica\Discografias\David Bowie\1983 - Let's Dance (2018 Remaster) [24bit-96.0kHz]
File read to copy: 01 - Changes (2015 Remaster).flac
 Fr: D:\Musica\Qobuz\David Bowie\Hunky Dory (2015 Remaster)\FLAC (24bit-96kHz)
 To: G:\Musica\Discografias\David Bowie\1971 - Hunky Dory (2015 Remaster) [24bit-96.0kHz]
File read to copy: 01 - Hang On To Yourself (Live, 2023 Remaster).flac
 Fr: D:\Musica\Qobuz\David Bowie\Ziggy Stardust and the Spiders from Mars_ The Motion Picture Soundtrack (Live, 50th Anniversary Edit\FLAC (24bit-96kHz)
 To: G:\Musica\Discografias\David Bowie\1983 - Ziggy Stardust and the Spiders from Mars The Motion Picture Soundtrack (Live, 50th Anniversary Edition, 2023 Remaster) [24bit-96.0kHz]
File read to copy: 01 - The Width of a Circle (2015 Remaster).flac
 Fr: D:\Musica\Qobuz\David Bowie\The Man Who Sold the World (2015 Remaster)\FLAC (24bit-192kHz)
 To: G:\Musica\Discografias\David Bowie\1970 - The Man Who Sold the World (2015 Remaster) [24bit-192.0kHz]
File read to copy: 01 - Station to Station (2016 Remaster).flac
 Fr: D:\Musica\Qobuz\David Bowie\Station to Station (2016 Remaster)\FLAC (24bit-192kHz)
 To: G:\Musica\Discografias\David Bowie\1976 - Station to Station (2016 Remaster) [24bit-192.0kHz]
File read to copy: 01 - Future Legend (2016 Remaster).flac
 Fr: D:\Musica\Qobuz\David Bowie\Diamond Dogs (2016 Remaster)\FLAC (24bit-192kHz)
 To: G:\Musica\Discografias\David Bowie\1974 - Diamond Dogs (2016 Remaster) [24bit-192.0kHz]
File read to copy: 01 - Beauty and the Beast (2017 Remaster).flac
 Fr: D:\Musica\Qobuz\David Bowie\Heroes (2017 Remaster)\FLAC (24bit-192kHz)
 To: G:\Musica\Discografias\David Bowie\1977 - Heroes (2017 Remaster) [24bit-192.0kHz]
File read to copy: 01 - Speed of Life (2017 Remaster).flac
 Fr: D:\Musica\Qobuz\David Bowie\Low (2017 Remaster)\FLAC (24bit-192kHz)
 To: G:\Musica\Discografias\David Bowie\1977 - Low (2017 Remaster) [24bit-192.0kHz]
Traceback (most recent call last):
  File "C:\Users\Batcave\PycharmProjects\Library Order by Sound Quality\FLAC_Organizer.py", line 110, in <module>
    print("File read to copy: " + file + "\n Fr: " + path + "\n To: " + destination_path, file=log)
  File "C:\Python311\Lib\encodings\cp1252.py", line 19, in encode
    return codecs.charmap_encode(input,self.errors,encoding_table)[0]
           ^^^^^^^^^^^^^^^^^^^^^^^^^^^^^^^^^^^^^^^^^^^^^^^^^^^^^^^
UnicodeEncodeError: 'charmap' codec can't encode character '\u2605' in position 24: character maps to <undefined>
File read to copy: 02 - 'Tis A Pity She Was A Whore.flac
 Fr: D:\Musica\Qobuz\David Bowie\Blackstar\FLAC (24bit-44.1kHz)
 To: G:\Musica\Discografias\David Bowie\2023 - Blackstar [24bit-96.0kHz]
File read to copy: 01 - 1984 (Live; 2005 Mix; 2016 Remaster).flac
 Fr: D:\Musica\Qobuz\David Bowie\David Live (2005 Mix, Remastered Version)\FLAC (24bit-96kHz)\CD 01
 To: G:\Musica\Discografias\David Bowie\1974 - David Live (2005 Mix, Remastered Version) [24bit-96.0kHz]\Disk 1
File read to copy: 01 - Knock on Wood (Live; 2005 Mix; 2016 Remaster).flac
 Fr: D:\Musica\Qobuz\David Bowie\David Live (2005 Mix, Remastered Version)\FLAC (24bit-96kHz)\CD 02
 To: G:\Musica\Discografias\David Bowie\1974 - David Live (2005 Mix, Remastered Version) [24bit-96.0kHz]\Disk 2
File read to copy: 01 - Fantastic Voyage (2017 Remaster).flac
 Fr: D:\Musica\Qobuz\David Bowie\Lodger (2017 Remaster)\FLAC (24bit-192kHz)
 To: G:\Musica\Discografias\David Bowie\1979 - Lodger (2017 Remaster) [24bit-192.0kHz]
File read to copy: 01 - Sister Midnight.flac
 Fr: D:\Musica\Qobuz\Iggy Pop\The Idiot\FLAC (24bit-192kHz)
 To: G:\Musica\Discografias\Iggy Pop\1977 - The Idiot [24bit-192.0kHz]
File read to copy: 01 - I'm Good (Blue).flac
 Fr: D:\Musica\Qobuz\David Guetta\I'm Good (Blue)\FLAC (24bit-44.1kHz)
 To: G:\Musica\Discografias\David Guetta', 'Bebe Rexha\2022 - I'm Good (Blue) [24bit-44.1kHz]
File read to copy: 01 - Memories (feat. Kid Cudi) (2021 Remix).flac
 Fr: D:\Musica\Qobuz\David Guetta\Memories (feat. Kid Cudi) (2021 Remix)\FLAC (24bit-44.1kHz)
 To: G:\Musica\Discografias\David Guetta', 'Kid Cudi\2021 - Memories (feat. Kid Cudi) (2021 Remix) [24bit-44.1kHz]
File read to copy: 01 - Baby Don't Hurt Me.flac
 Fr: D:\Musica\Qobuz\David Guetta\Baby Don't Hurt Me\FLAC (24bit-44.1kHz)
 To: G:\Musica\Discografias\David Guetta', 'Anne-Marie', 'Coi Leray\2023 - Baby Don't Hurt Me [24bit-44.1kHz]
File read to copy: 01 - I Don't Want to Discuss It.flac
 Fr: D:\Musica\Qobuz\Little Richard\The Explosive Little Richard\FLAC (24bit-192kHz)
 To: G:\Musica\Discografias\Little Richard\1967 - The Explosive Little Richard [24bit-192.0kHz]
File read to copy: 01 - Tutti Frutti.flac
 Fr: D:\Musica\Qobuz\Little Richard\The Very Best Of _Little Richard_\FLAC (16bit-44.1kHz)
 To: G:\Musica\Discografias\Little Richard\2008 - The Very Best Of Little Richard [16bit-44.1kHz]
File read to copy: 01 - 4ware.flac
 Fr: D:\Musica\Qobuz\Deadmau5\W__2016ALBUM_\FLAC (24bit-44.1kHz)
 To: G:\Musica\Discografias\Deadmau5\2016 - W2016ALBUM [24bit-44.1kHz]
File read to copy: 01 - Wesley's Theory.flac
 Fr: D:\Musica\Qobuz\Kendrick Lamar\To Pimp A Butterfly\FLAC (24bit-44.1kHz)
 To: G:\Musica\Discografias\Kendrick Lamar\2015 - To Pimp A Butterfly [24bit-44.1kHz]
File read to copy: 01 - Speed King.flac
 Fr: D:\Musica\Qobuz\Deep Purple\In Rock\FLAC (24bit-96kHz)
 To: G:\Musica\Discografias\Deep Purple\1970 - In Rock [24bit-96.0kHz]
File read to copy: 01 - Fireball.flac
 Fr: D:\Musica\Qobuz\Deep Purple\Fireball\FLAC (24bit-96kHz)
 To: G:\Musica\Discografias\Deep Purple\1987 - Fireball [24bit-96.0kHz]
File read to copy: 01 - Time for Bedlam.flac
 Fr: D:\Musica\Qobuz\Deep Purple\inFinite\FLAC (24bit-48kHz)
 To: G:\Musica\Discografias\Deep Purple\2017 - inFinite [24bit-48.0kHz]
File read to copy: 01 - 7 and 7 Is.flac
 Fr: D:\Musica\Qobuz\Deep Purple\Turning to Crime\FLAC (24bit-48kHz)
 To: G:\Musica\Discografias\Deep Purple\2021 - Turning to Crime [24bit-48.0kHz]
File read to copy: 01 - Throw My Bones.flac
 Fr: D:\Musica\Qobuz\Deep Purple\Whoosh!\FLAC (24bit-44.1kHz)
 To: G:\Musica\Discografias\Deep Purple\2020 - Whoosh! [24bit-44.1kHz]
File read to copy: 01 - Highway Star (Remastered 2012).flac
 Fr: D:\Musica\Qobuz\Deep Purple\Machine Head (Remastered)\FLAC (16bit-44.1kHz)
 To: G:\Musica\Discografias\Deep Purple\2001 - Machine Head (Remastered) [16bit-44.1kHz]
File read to copy: 01 - Hush (1998 Remaster).flac
 Fr: D:\Musica\Qobuz\Deep Purple\Hush (1998 Remaster)\FLAC (16bit-44.1kHz)
 To: G:\Musica\Discografias\Deep Purple\2008 - Hush (1998 Remaster) [16bit-44.1kHz]
File read to copy: 01 - And the Address (2000 Remaster).flac
 Fr: D:\Musica\Qobuz\Deep Purple\Shades Of Deep Purple\FLAC (16bit-44.1kHz)
 To: G:\Musica\Discografias\Deep Purple\1968 - Shades Of Deep Purple [16bit-44.1kHz]
File read to copy: 01 - Let's Go.flac
 Fr: D:\Musica\Qobuz\Def Leppard\Def Leppard\FLAC (24bit-44.1kHz)
 To: G:\Musica\Discografias\Def Leppard\2015 - Def Leppard [24bit-44.1kHz]
File read to copy: 01 - My Cosmos Is Mine.flac
 Fr: D:\Musica\Qobuz\Depeche Mode\Memento Mori\FLAC (24bit-96kHz)
 To: G:\Musica\Discografias\Depeche Mode\2023 - Memento Mori [24bit-96.0kHz]
File read to copy: 01 - The Eye of the Storm.flac
 Fr: D:\Musica\Qobuz\Disturbed\Immortalized (Deluxe Edition)\FLAC (24bit-48kHz)
 To: G:\Musica\Discografias\Disturbed\2015 - Immortalized (Deluxe Edition) [24bit-48.0kHz]
File read to copy: 01 - Voices.flac
 Fr: D:\Musica\Qobuz\Disturbed\The Sickness\FLAC (24bit-96kHz)
 To: G:\Musica\Discografias\Disturbed\2000 - The Sickness [24bit-96.0kHz]
File read to copy: 01 - Ten Thousand Fists.flac
 Fr: D:\Musica\Qobuz\Disturbed\Ten Thousand Fists\FLAC (24bit-96kHz)
 To: G:\Musica\Discografias\Disturbed\2005 - Ten Thousand Fists [24bit-96.0kHz]
File read to copy: 01 - Indestructible.flac
 Fr: D:\Musica\Qobuz\Disturbed\Indestructible\FLAC (24bit-96kHz)
 To: G:\Musica\Discografias\Disturbed\2008 - Indestructible [24bit-96.0kHz]
File read to copy: 01 - Escombros.flac
 Fr: D:\Musica\Qobuz\Division Minuscula\Escombros\FLAC (24bit-48kHz)
 To: G:\Musica\Discografias\Division Minuscula\2023 - Escombros [24bit-48.0kHz]
File read to copy: 01 - FRICCIÓN (Instrumental).flac
 Fr: D:\Musica\Qobuz\DLD\Transcender\FLAC (24bit-96kHz)
 To: G:\Musica\Discografias\DLD\2020 - Transcender [24bit-96.0kHz]
File read to copy: 01 - DNCE.flac
 Fr: D:\Musica\Qobuz\DNCE\DNCE\FLAC (24bit-44.1kHz)
 To: G:\Musica\Discografias\DNCE\2016 - DNCE [24bit-44.1kHz]
File read to copy: 01 - The Logical Song.flac
 Fr: D:\Musica\Qobuz\Supertramp\The Logical Song\FLAC (24bit-44.1kHz)
 To: G:\Musica\Discografias\Supertramp\1979 - The Logical Song [24bit-44.1kHz]
File read to copy: 01 - School (Remastered 2010).flac
 Fr: D:\Musica\Qobuz\Supertramp\Crime Of The Century [2014 - HD Remaster] (192kHz _ Remastered)\FLAC (24bit-192kHz)
 To: G:\Musica\Discografias\Supertramp\1974 - Crime Of The Century [2014 - HD Remaster] (192kHz  Remastered) [24bit-192.0kHz]
File read to copy: 01 - The Game.flac
 Fr: D:\Musica\Qobuz\Dragonforce\Maximum Overload (Deluxe Edition)\FLAC (24bit-48kHz)
 To: G:\Musica\Discografias\Dragonforce\2014 - Maximum Overload (Deluxe Edition) [24bit-48.0kHz]
File read to copy: 01 - Reaching into Infinity.flac
 Fr: D:\Musica\Qobuz\Dragonforce\Reaching into Infinity\FLAC (24bit-48kHz)
 To: G:\Musica\Discografias\Dragonforce\2017 - Reaching into Infinity [24bit-48.0kHz]
File read to copy: 01 - Rich Flex.flac
 Fr: D:\Musica\Qobuz\Drake\Her Loss\FLAC (24bit-48kHz)
 To: G:\Musica\Discografias\Drake', '21 Savage\2022 - Her Loss [24bit-48.0kHz]
File read to copy: 01 - Keep The Family Close.flac
 Fr: D:\Musica\Qobuz\Drake\Views (Explicit)\FLAC (24bit-44.1kHz)
 To: G:\Musica\Discografias\Drake\2016 - Views (Explicit) [24bit-44.1kHz]
File read to copy: 01 - Digital Dash.flac
 Fr: D:\Musica\Qobuz\Drake\What A Time To Be Alive (Explicit Version)\FLAC (24bit-44.1kHz)
 To: G:\Musica\Discografias\Drake', 'Future\2015 - What A Time To Be Alive (Explicit Version) [24bit-44.1kHz]
File read to copy: 01 - Tu Sin Mi (Messi10).flac
 Fr: D:\Musica\Qobuz\Dread Mar I\Tu Sin Mi (Messi10)\FLAC (24bit-44.1kHz)
 To: G:\Musica\Discografias\Dread Mar I\2019 - Tu Sin Mi (Messi10) [24bit-44.1kHz]
File read to copy: 01 - El Brillo de los Dos.flac
 Fr: D:\Musica\Qobuz\Dread Mar I\Caminarás Caminos\FLAC (24bit-96kHz)
 To: G:\Musica\Discografias\Dread Mar I\2018 - Caminarás Caminos [24bit-96.0kHz]
File read to copy: 01 - False Awakening Suite.flac
 Fr: D:\Musica\Qobuz\Dream Theater\Dream Theater\FLAC (24bit-96kHz)
 To: G:\Musica\Discografias\Dream Theater\2013 - Dream Theater [24bit-96.0kHz]
File read to copy: 01 - Untethered Angel.flac
 Fr: D:\Musica\Qobuz\Dream Theater\Distance Over Time (Bonus track version)\FLAC (24bit-96kHz)
 To: G:\Musica\Discografias\Dream Theater\2019 - Distance Over Time (Bonus track version) [24bit-96.0kHz]
File read to copy: 01 - The Alien.flac
 Fr: D:\Musica\Qobuz\Dream Theater\A View From The Top Of The World\FLAC (24bit-96kHz)
 To: G:\Musica\Discografias\Dream Theater\2021 - A View From The Top Of The World [24bit-96.0kHz]
File read to copy: 01 - Fight Fire With Fire (Remastered).flac
 Fr: D:\Musica\Qobuz\Metallica\Ride The Lightning (Remastered)\FLAC (24bit-96kHz)
 To: G:\Musica\Discografias\Metallica\1984 - Ride The Lightning (Remastered) [24bit-96.0kHz]
File read to copy: 01 - Enter Sandman (Remastered 2021).flac
 Fr: D:\Musica\Qobuz\Metallica\Metallica (Remastered 2021)\FLAC (24bit-96kHz)
 To: G:\Musica\Discografias\Metallica\1991 - Metallica (Remastered 2021) [24bit-96.0kHz]
File read to copy: 01 - Blackened (Remastered 2018).flac
 Fr: D:\Musica\Qobuz\Metallica\…And Justice for All (Remastered)\FLAC (24bit-96kHz)
 To: G:\Musica\Discografias\Metallica\1988 - …And Justice for All (Remastered) [24bit-96.0kHz]
File read to copy: 01 - Hit The Lights (Remastered).flac
 Fr: D:\Musica\Qobuz\Metallica\Kill 'Em All (Remastered)\FLAC (24bit-96kHz)
 To: G:\Musica\Discografias\Metallica\1983 - Kill 'Em All (Remastered) [24bit-96.0kHz]
File read to copy: 01 - Fuel.flac
 Fr: D:\Musica\Qobuz\Metallica\Reload\FLAC (24bit-96kHz)
 To: G:\Musica\Discografias\Metallica\1997 - Reload [24bit-96.0kHz]
File read to copy: 01 - Ain't My Bitch.flac
 Fr: D:\Musica\Qobuz\Metallica\Load\FLAC (24bit-96kHz)
 To: G:\Musica\Discografias\Metallica\1996 - Load [24bit-96.0kHz]
File read to copy: 01 - That Was Just Your Life.flac
 Fr: D:\Musica\Qobuz\Metallica\Death Magnetic\FLAC (24bit-96kHz)
 To: G:\Musica\Discografias\Metallica\2008 - Death Magnetic [24bit-96.0kHz]
File read to copy: 01 - Frantic.flac
 Fr: D:\Musica\Qobuz\Metallica\St. Anger\FLAC (24bit-88.2kHz)
 To: G:\Musica\Discografias\Metallica\2003 - St. Anger [24bit-88.2kHz]
File read to copy: 01 - Free Speech For The Dumb.flac
 Fr: D:\Musica\Qobuz\Metallica\Garage Inc\FLAC (24bit-96kHz)\CD 01
 To: G:\Musica\Discografias\Metallica\1998 - Garage Inc. [24bit-96.0kHz]\Disk 1
File read to copy: 01 - Helpless.flac
 Fr: D:\Musica\Qobuz\Metallica\Garage Inc\FLAC (24bit-96kHz)\CD 02
 To: G:\Musica\Discografias\Metallica\1998 - Garage Inc. [24bit-96.0kHz]\Disk 2
File read to copy: 01 - 72 Seasons.flac
 Fr: D:\Musica\Qobuz\Metallica\72 Seasons\FLAC (24bit-96kHz)
 To: G:\Musica\Discografias\Metallica\2023 - 72 Seasons [24bit-96.0kHz]
File read to copy: 01 - Future Nostalgia.flac
 Fr: D:\Musica\Qobuz\Dua Lipa\Future Nostalgia\FLAC (24bit-44.1kHz)
 To: G:\Musica\Discografias\Dua Lipa\2019 - Future Nostalgia [24bit-48.0kHz]
File read to copy: 01 - Cold Heart (Acoustic).flac
 Fr: D:\Musica\Qobuz\Elton John\Cold Heart (Acoustic)\FLAC (24bit-48kHz)
 To: G:\Musica\Discografias\Elton John', 'Dua Lipa\2021 - Cold Heart (Acoustic) [24bit-48.0kHz]
File read to copy: 01 - Cold Heart (Claptone Remix).flac
 Fr: D:\Musica\Qobuz\Elton John\Cold Heart (Claptone Remix)\FLAC (24bit-44.1kHz)
 To: G:\Musica\Discografias\Elton John', 'Dua Lipa\2021 - Cold Heart (Claptone Remix) [24bit-44.1kHz]
File read to copy: 01 - Cold As Christmas (In The Middle Of The Year).flac
 Fr: D:\Musica\Qobuz\Elton John\Too Low For Zero\FLAC (16bit-44.1kHz)
 To: G:\Musica\Discografias\Elton John\1983 - Too Low For Zero [16bit-44.1kHz]
File read to copy: 01 - Hola, ¿cómo estás_,.flac
 Fr: D:\Musica\Qobuz\Ed Maverick\eduardo\FLAC (24bit-96kHz)
 To: G:\Musica\Discografias\Ed Maverick\2021 - eduardo [24bit-96.0kHz]
File read to copy: 01 - Fuentes de Ortiz.flac
 Fr: D:\Musica\Qobuz\Ed Maverick\mix pa llorar en tu cuarto\FLAC (16bit-44.1kHz)
 To: G:\Musica\Discografias\Ed Maverick\2018 - mix pa llorar en tu cuarto [16bit-44.1kHz]
File read to copy: 01 - Planeador.flac
 Fr: D:\Musica\Qobuz\Bengala\Bengala\FLAC (16bit-44.1kHz)
 To: G:\Musica\Discografias\Bengala\2006 - Bengala [16bit-44.1kHz]
File read to copy: 01 - Todo Final Es También un Comienzo.flac
 Fr: D:\Musica\Qobuz\Austin TV\Rizoma\FLAC (24bit-44.1kHz)
 To: G:\Musica\Discografias\Austin TV\2023 - Rizoma [24bit-44.1kHz]
File read to copy: 01 - De la Orquídea y la Avispa.flac
 Fr: D:\Musica\Qobuz\Austin TV\De la Orquídea y la Avispa\FLAC (24bit-44.1kHz)
 To: G:\Musica\Discografias\Austin TV\2022 - De la Orquídea y la Avispa [24bit-44.1kHz]
File read to copy: 01 - Ésta Es la Razón.flac
 Fr: D:\Musica\Qobuz\Austin TV\Ésta Es la Razón\FLAC (24bit-44.1kHz)
 To: G:\Musica\Discografias\Austin TV\2023 - Ésta Es la Razón [24bit-44.1kHz]
File read to copy: 01 - Eraser.flac
 Fr: D:\Musica\Qobuz\Ed Sheeran\÷ (Deluxe)\FLAC (24bit-44.1kHz)
 To: G:\Musica\Discografias\Ed Sheeran\2017 - ÷ (Deluxe) [24bit-44.1kHz]
File read to copy: 01 - Warsaw (2010 Remaster).flac
 Fr: D:\Musica\Qobuz\Joy Division\Substance 1977 - 1980\FLAC (24bit-96kHz)
 To: G:\Musica\Discografias\Joy Division\1988 - Substance 1977 - 1980 [24bit-96.0kHz]
File read to copy: 01 - Intro.flac
 Fr: D:\Musica\Qobuz\Genitallica\Sean Todos Bien.Venidos\FLAC (24bit-44.1kHz)
 To: G:\Musica\Discografias\Genitallica\2022 - Sean Todos Bien.Venidos [24bit-44.1kHz]
File read to copy: 01 - Got to Get You Into My Life.flac
 Fr: D:\Musica\Qobuz\Earth\The Best Of Earth, Wind & Fire Vol. 1\FLAC (24bit-96kHz)
 To: G:\Musica\Discografias\Earth\1978 - The Best Of Earth, Wind & Fire Vol. 1 [24bit-96.0kHz]
Traceback (most recent call last):
  File "C:\Users\Batcave\PycharmProjects\Library Order by Sound Quality\FLAC_Organizer.py", line 110, in <module>
    print("File read to copy: " + file + "\n Fr: " + path + "\n To: " + destination_path, file=log)
  File "C:\Python311\Lib\encodings\cp1252.py", line 19, in encode
    return codecs.charmap_encode(input,self.errors,encoding_table)[0]
           ^^^^^^^^^^^^^^^^^^^^^^^^^^^^^^^^^^^^^^^^^^^^^^^^^^^^^^^
UnicodeEncodeError: 'charmap' codec can't encode character '\u0303' in position 27: character maps to <undefined>
File read to copy: 01 - Turn to Stone.flac
 Fr: D:\Musica\Qobuz\Electric Light Orchestra\Out of the Blue\FLAC (24bit-192kHz)
 To: G:\Musica\Discografias\Electric Light Orchestra\1977 - Out of the Blue [24bit-192.0kHz]
File read to copy: 01 - Tightrope.flac
 Fr: D:\Musica\Qobuz\Electric Light Orchestra\A New World Record\FLAC (24bit-192kHz)
 To: G:\Musica\Discografias\Electric Light Orchestra\1976 - A New World Record [24bit-192.0kHz]
File read to copy: 01 - He's the Greatest Dancer (1995 Remaster) (LP Version).flac
 Fr: D:\Musica\Qobuz\Sister Sledge\We Are Family (1995 Remaster)\FLAC (16bit-44.1kHz)
 To: G:\Musica\Discografias\Sister Sledge\1979 - We Are Family (1995 Remaster) [16bit-44.1kHz]
File read to copy: 01 - En la Naturaleza (4-3-2-1-0).flac
 Fr: D:\Musica\Qobuz\Gepe\GP\FLAC (16bit-44.1kHz)
 To: G:\Musica\Discografias\Gepe\2012 - GP [16bit-44.1kHz]
File read to copy: 01 - Valerie.flac
 Fr: D:\Musica\Qobuz\The Greg Kihn Band\Rockihnroll\FLAC (16bit-44.1kHz)
 To: G:\Musica\Discografias\The Greg Kihn Band\1981 - Rockihnroll [16bit-44.1kHz]
File read to copy: 01 - Rolex.flac
 Fr: D:\Musica\Qobuz\Ayo & Teo\Rolex\FLAC (16bit-44.1kHz)
 To: G:\Musica\Discografias\Ayo & Teo\2017 - Rolex [16bit-44.1kHz]
File read to copy: 01 - Melancholy Mood.flac
 Fr: D:\Musica\Qobuz\Bob Dylan\Melancholy Mood\FLAC (16bit-44.1kHz)
 To: G:\Musica\Discografias\Bob Dylan\2016 - Melancholy Mood [16bit-44.1kHz]
File read to copy: 01 - Ready, Set, Slow.flac
 Fr: D:\Musica\Qobuz\Bass Extremes\S'Low Down\FLAC (24bit-96kHz)
 To: G:\Musica\Discografias\Bass Extremes', 'Victor Wooten', 'Steve Bailey\2022 - S'Low Down [24bit-96.0kHz]
File read to copy: 01 - You Got It.flac
 Fr: D:\Musica\Qobuz\Average White Band\Average White Band\FLAC (16bit-44.1kHz)
 To: G:\Musica\Discografias\Average White Band\1974 - Average White Band [16bit-44.1kHz]
File read to copy: 01 - My Medicine (Single Version).flac
 Fr: D:\Musica\Qobuz\The Pretty Reckless\Light Me Up\FLAC (16bit-44.1kHz)
 To: G:\Musica\Discografias\The Pretty Reckless\2011 - Light Me Up [16bit-44.1kHz]
File read to copy: 01 - Come Together (2019 Mix).flac
 Fr: D:\Musica\Qobuz\The Beatles\Abbey Road (Super Deluxe Edition)\FLAC (24bit-96kHz)\CD 01
 To: G:\Musica\Discografias\The Beatles\1969 - Abbey Road (Super Deluxe Edition) [24bit-96.0kHz]\Disk 1
File read to copy: 01 - I Want You (She's So Heavy) (Trident Recording Session & Reduction Mix).flac
 Fr: D:\Musica\Qobuz\The Beatles\Abbey Road (Super Deluxe Edition)\FLAC (24bit-96kHz)\CD 02
 To: G:\Musica\Discografias\The Beatles\1969 - Abbey Road (Super Deluxe Edition) [24bit-96.0kHz]\Disk 2
File read to copy: 01 - Sgt. Pepper's Lonely Hearts Club Band (Remastered 2017).flac
 Fr: D:\Musica\Qobuz\The Beatles\Sgt. Pepper's Lonely Hearts Club Band (Deluxe Anniversary Edition)\FLAC (24bit-96kHz)\CD 01
 To: G:\Musica\Discografias\The Beatles\1967 - Sgt. Pepper's Lonely Hearts Club Band (Deluxe Anniversary Edition) [24bit-96.0kHz]\Disk 1
File read to copy: 01 - Sgt. Pepper's Lonely Hearts Club Band (Take 9 And Speech).flac
 Fr: D:\Musica\Qobuz\The Beatles\Sgt. Pepper's Lonely Hearts Club Band (Deluxe Anniversary Edition)\FLAC (24bit-96kHz)\CD 02
 To: G:\Musica\Discografias\The Beatles\1967 - Sgt. Pepper's Lonely Hearts Club Band (Deluxe Anniversary Edition) [24bit-96.0kHz]\Disk 2
File read to copy: 01 - Taxman (2022 Mix).flac
 Fr: D:\Musica\Qobuz\The Beatles\Revolver (Super Deluxe)\FLAC (24bit-96kHz)\CD 01
 To: G:\Musica\Discografias\The Beatles\1966 - Revolver (Super Deluxe) [24bit-96.0kHz]\Disk 1
File read to copy: 01 - Tomorrow Never Knows (Take 1).flac
 Fr: D:\Musica\Qobuz\The Beatles\Revolver (Super Deluxe)\FLAC (24bit-96kHz)\CD 02
 To: G:\Musica\Discografias\The Beatles\1966 - Revolver (Super Deluxe) [24bit-96.0kHz]\Disk 2
File read to copy: 01 - And Your Bird Can Sing (Second Version _ Take 5).flac
 Fr: D:\Musica\Qobuz\The Beatles\Revolver (Super Deluxe)\FLAC (24bit-96kHz)\CD 03
 To: G:\Musica\Discografias\The Beatles\1966 - Revolver (Super Deluxe) [24bit-96.0kHz]\Disk 3
File read to copy: 01 - Taxman (Mono).flac
 Fr: D:\Musica\Qobuz\The Beatles\Revolver (Super Deluxe)\FLAC (24bit-96kHz)\CD 04
 To: G:\Musica\Discografias\The Beatles\1966 - Revolver (Super Deluxe) [24bit-96.0kHz]\Disk 4
File read to copy: 01 - Paperback Writer (2022 Stereo Mix).flac
 Fr: D:\Musica\Qobuz\The Beatles\Revolver (Super Deluxe)\FLAC (24bit-96kHz)\CD 05
 To: G:\Musica\Discografias\The Beatles\1966 - Revolver (Super Deluxe) [24bit-96.0kHz]\Disk 5
File read to copy: 01 - Strawberry Fields Forever (Remastered).flac
 Fr: D:\Musica\Qobuz\The Beatles\The Beatles 1967 - 1970 (Remastered)\FLAC (16bit-44.1kHz)\CD 01
 To: G:\Musica\Discografias\The Beatles\1973 - The Beatles 1967 - 1970 (Remastered) [16bit-44.1kHz]\Disk 1
File read to copy: 01 - Back In The U.S.S.R. (Remastered).flac
 Fr: D:\Musica\Qobuz\The Beatles\The Beatles 1967 - 1970 (Remastered)\FLAC (16bit-44.1kHz)\CD 02
 To: G:\Musica\Discografias\The Beatles\1973 - The Beatles 1967 - 1970 (Remastered) [16bit-44.1kHz]\Disk 2
File read to copy: 001 - Back In The U.S.S.R. (2018 Mix).flac
 Fr: D:\Musica\Qobuz\The Beatles\The Beatles (White Album) [Super Deluxe] (White Album _ Super Deluxe)\FLAC (24bit-96kHz)\CD 01
 To: G:\Musica\Discografias\The Beatles\1968 - The Beatles (White Album) [Super Deluxe] (White Album  Super Deluxe) [24bit-96.0kHz]\Disk 1
File read to copy: 001 - Birthday (2018 Mix).flac
 Fr: D:\Musica\Qobuz\The Beatles\The Beatles (White Album) [Super Deluxe] (White Album _ Super Deluxe)\FLAC (24bit-96kHz)\CD 02
 To: G:\Musica\Discografias\The Beatles\1968 - The Beatles (White Album) [Super Deluxe] (White Album  Super Deluxe) [24bit-96.0kHz]\Disk 2
File read to copy: 001 - Back In The U.S.S.R. (Esher Demo).flac
 Fr: D:\Musica\Qobuz\The Beatles\The Beatles (White Album) [Super Deluxe] (White Album _ Super Deluxe)\FLAC (24bit-96kHz)\CD 03
 To: G:\Musica\Discografias\The Beatles\1968 - The Beatles (White Album) [Super Deluxe] (White Album  Super Deluxe) [24bit-96.0kHz]\Disk 3
File read to copy: 01 - Now And Then.flac
 Fr: D:\Musica\Qobuz\The Beatles\Now And Then\FLAC (24bit-96kHz)
 To: G:\Musica\Discografias\The Beatles\2023 - Now And Then [24bit-96.0kHz]
File read to copy: 01 - Ángel (Versión Sinfónico).flac
 Fr: D:\Musica\Qobuz\Elefante\Sinfónico\FLAC (24bit-48kHz)
 To: G:\Musica\Discografias\Elefante\2020 - Sinfónico [24bit-48.0kHz]
File read to copy: 01 - Can't We Be Friends_.flac
 Fr: D:\Musica\Qobuz\Ella Fitzgerald\Ella And Louis\FLAC (24bit-96kHz)
 To: G:\Musica\Discografias\Ella Fitzgerald', 'Louis Armstrong\2015 - Ella And Louis [24bit-96.0kHz]
File read to copy: 01 - Don't Be That Way.flac
 Fr: D:\Musica\Qobuz\Ella Fitzgerald\Ella And Louis Again\FLAC (24bit-96kHz)\CD 01
 To: G:\Musica\Discografias\Ella Fitzgerald', 'Louis Armstrong\1957 - Ella And Louis Again [24bit-96.0kHz]\Disk 1
File read to copy: 01 - Let's Call The Whole Thing Off.flac
 Fr: D:\Musica\Qobuz\Ella Fitzgerald\Ella And Louis Again\FLAC (24bit-96kHz)\CD 02
 To: G:\Musica\Discografias\Ella Fitzgerald', 'Louis Armstrong\1957 - Ella And Louis Again [24bit-96.0kHz]\Disk 2
File read to copy: 01 - Cheek To Cheek (Live).flac
 Fr: D:\Musica\Qobuz\Ella Fitzgerald\Ella_ The Lost Berlin Tapes (Live)\FLAC (24bit-96kHz)
 To: G:\Musica\Discografias\Ella Fitzgerald\2020 - Ella The Lost Berlin Tapes (Live) [24bit-96.0kHz]
File read to copy: 01 - I'm Beginning To See The Light.flac
 Fr: D:\Musica\Qobuz\Ella Fitzgerald\Live From The Cave Supper Club 19 May 1968\FLAC (16bit-44.1kHz)
 To: G:\Musica\Discografias\Ella Fitzgerald\2006 - Live From The Cave Supper Club 19 May 1968 [16bit-44.1kHz]
File read to copy: Ella Fitzgerald - Dream A Little Dream Of Me.flac
 Fr: D:\Musica\Qobuz\Ella Fitzgerald\FLAC (24bit-192kHz)
 To: G:\Musica\Discografias\Ella Fitzgerald', 'Count Basie\1963 - Ella And Basie! (192kHz24bit) [24bit-192.0kHz]
File read to copy: 01 - What A Wonderful World.flac
 Fr: D:\Musica\Qobuz\Louis Armstrong\What A Wonderful World\FLAC (24bit-192kHz)
 To: G:\Musica\Discografias\Louis Armstrong\1968 - What A Wonderful World [24bit-192.0kHz]
File read to copy: 01 - That's All Right.flac
 Fr: D:\Musica\Qobuz\Elvis Presley\The 50 Greatest Hits\FLAC (24bit-96kHz)\CD 01
 To: G:\Musica\Discografias\Elvis Presley\2020 - The 50 Greatest Hits [24bit-96.0kHz]\Disk 1
File read to copy: 01 - Are You Lonesome Tonight.flac
 Fr: D:\Musica\Qobuz\Elvis Presley\The 50 Greatest Hits\FLAC (24bit-96kHz)\CD 02
 To: G:\Musica\Discografias\Elvis Presley\2020 - The 50 Greatest Hits [24bit-96.0kHz]\Disk 2
File read to copy: 01 - We Are The People (southstar Remix).flac
 Fr: D:\Musica\Qobuz\Empire Of The Sun\We Are The People (southstar Remix)\FLAC (24bit-44.1kHz)
 To: G:\Musica\Discografias\Empire Of The Sun', 'Southstar\2023 - We Are The People (southstar Remix) [24bit-44.1kHz]
File read to copy: 01 - Eidola.flac
 Fr: D:\Musica\Qobuz\Epica\The Holographic Principle\FLAC (24bit-96kHz)
 To: G:\Musica\Discografias\Epica\2016 - The Holographic Principle [24bit-96.0kHz]
File read to copy: 01 - Alpha - Anteludium -.flac
 Fr: D:\Musica\Qobuz\Epica\Omega\FLAC (24bit-48kHz)
 To: G:\Musica\Discografias\Epica\2021 - Omega [24bit-48.0kHz]
File read to copy: 01 - Adyta (The Neverending Embrace).flac
 Fr: D:\Musica\Qobuz\Epica\The Phantom Agony (Expanded Edition)\FLAC (16bit-44.1kHz)
 To: G:\Musica\Discografias\Epica\2003 - The Phantom Agony (Expanded Edition) [16bit-44.1kHz]
File read to copy: 01 - Love Is a Stranger (2018 Remastered).flac
 Fr: D:\Musica\Qobuz\Eurythmics\Sweet Dreams (Are Made of This [2018 Remastered])\FLAC (24bit-96kHz)
 To: G:\Musica\Discografias\Eurythmics', 'Annie Lennox', 'Dave Stewart\1983 - Sweet Dreams (Are Made of This [2018 Remastered]) [24bit-96.0kHz]
File read to copy: 01 - Here Comes the Rain Again (2018 Remastered).flac
 Fr: D:\Musica\Qobuz\Eurythmics\Touch ((2018 Remastered))\FLAC (24bit-44.1kHz)
 To: G:\Musica\Discografias\Eurythmics', 'Annie Lennox', 'Dave Stewart\1983 - Touch ((2018 Remastered)) [24bit-44.1kHz]
File read to copy: 01 - Would I Lie to You_ (2018 Remastered).flac
 Fr: D:\Musica\Qobuz\Eurythmics\Be Yourself Tonight ((2018 Remastered))\FLAC (24bit-96kHz)
 To: G:\Musica\Discografias\Eurythmics', 'Annie Lennox', 'Dave Stewart\1985 - Be Yourself Tonight ((2018 Remastered)) [24bit-96.0kHz]
File read to copy: 01 - Overture.flac
 Fr: D:\Musica\Qobuz\Evanescence\Synthesis\FLAC (24bit-96kHz)
 To: G:\Musica\Discografias\Evanescence\2017 - Synthesis [24bit-96.0kHz]
File read to copy: 01 - Artifact_The Turn.flac
 Fr: D:\Musica\Qobuz\Evanescence\The Bitter Truth\FLAC (24bit-44.1kHz)
 To: G:\Musica\Discografias\Evanescence\2021 - The Bitter Truth [24bit-44.1kHz]
File read to copy: 01 - Más Caliente Que el Sol.flac
 Fr: D:\Musica\Qobuz\Fobia\Wow (87-04)\FLAC (16bit-44.1kHz)
 To: G:\Musica\Discografias\Fobia\2012 - Wow (87-04) [16bit-44.1kHz]
File read to copy: 01 - No Eres Yo (En Vivo).flac
 Fr: D:\Musica\Qobuz\Fobia\Fobia - XX (En Vivo)\FLAC (16bit-44.1kHz)
 To: G:\Musica\Discografias\Fobia\2007 - Fobia - XX (En Vivo) [16bit-44.1kHz]
File read to copy: 01 - Plástico.flac
 Fr: D:\Musica\Qobuz\Fobia\Leche\FLAC (16bit-44.1kHz)
 To: G:\Musica\Discografias\Fobia\1993 - Leche [16bit-44.1kHz]
File read to copy: 01 - Rosa Venus.flac
 Fr: D:\Musica\Qobuz\Fobia\Rosa Venus\FLAC (16bit-44.1kHz)
 To: G:\Musica\Discografias\Fobia\2005 - Rosa Venus [16bit-44.1kHz]
File read to copy: 01 - I. Adagio sostenuto - II. Allegro.flac
 Fr: D:\Musica\Qobuz\Alisa Weilerstein\Beethoven_ Cello Sonatas Nos. 1-5\FLAC (24bit-96kHz)\CD 01
 To: G:\Musica\Discografias\Alisa Weilerstein', 'Inon Barnatan\2022 - Beethoven Cello Sonatas Nos. 1-5 [24bit-96.0kHz]\Disk 1
File read to copy: 01 - I. Allegro ma non tanto.flac
 Fr: D:\Musica\Qobuz\Alisa Weilerstein\Beethoven_ Cello Sonatas Nos. 1-5\FLAC (24bit-96kHz)\CD 02
 To: G:\Musica\Discografias\Alisa Weilerstein', 'Inon Barnatan\2022 - Beethoven Cello Sonatas Nos. 1-5 [24bit-96.0kHz]\Disk 2
File read to copy: 01 - I. Prélude.flac
 Fr: D:\Musica\Qobuz\Yo-Yo Ma\Six Evolutions - Bach_ Cello Suites\FLAC (24bit-96kHz)\CD 01
 To: G:\Musica\Discografias\Yo-Yo Ma\2018 - Six Evolutions - Bach Cello Suites [24bit-96.0kHz]\Disk 1
File read to copy: 01 - I. Prélude.flac
 Fr: D:\Musica\Qobuz\Yo-Yo Ma\Six Evolutions - Bach_ Cello Suites\FLAC (24bit-96kHz)\CD 02
 To: G:\Musica\Discografias\Yo-Yo Ma\2018 - Six Evolutions - Bach Cello Suites [24bit-96.0kHz]\Disk 2
File read to copy: 01 - Irresistible.flac
 Fr: D:\Musica\Qobuz\Fall Out Boy\American Beauty_American Psycho\FLAC (24bit-96kHz)
 To: G:\Musica\Discografias\Fall Out Boy\2015 - American BeautyAmerican Psycho [24bit-96.0kHz]
File read to copy: 01 - Stay Frosty Royal Milk Tea.flac
 Fr: D:\Musica\Qobuz\Fall Out Boy\M A  N   I    A\FLAC (24bit-44.1kHz)
 To: G:\Musica\Discografias\Fall Out Boy\2018 - M A  N   I    A [24bit-44.1kHz]
File read to copy: 01 - Pepas.flac
 Fr: D:\Musica\Qobuz\Farruko\Pepas\FLAC (24bit-96kHz)
 To: G:\Musica\Discografias\Farruko\2021 - Pepas [24bit-96.0kHz]
File read to copy: 01 - Pepas (Tiësto Remix).flac
 Fr: D:\Musica\Qobuz\Farruko\Pepas (Tiësto Remix)\FLAC (24bit-44.1kHz)
 To: G:\Musica\Discografias\Farruko', 'Tiësto\2021 - Pepas (Tiësto Remix) [24bit-44.1kHz]
File read to copy: 01 - Ki.flac
 Fr: D:\Musica\Qobuz\Farruko\La 167\FLAC (24bit-96kHz)
 To: G:\Musica\Discografias\Farruko\2021 - La 167 [24bit-96.0kHz]
File read to copy: 01 - La Cartera.flac
 Fr: D:\Musica\Qobuz\Farruko\Gangalee\FLAC (24bit-44.1kHz)
 To: G:\Musica\Discografias\Farruko\2019 - Gangalee [24bit-44.1kHz]
File read to copy: 01 - Viaje.flac
 Fr: D:\Musica\Qobuz\Farruko\Viaje\FLAC (24bit-96kHz)
 To: G:\Musica\Discografias\Farruko\2022 - Viaje [24bit-96.0kHz]
File read to copy: 01 - Provócame (2020 Remastered).flac
 Fr: D:\Musica\Qobuz\Fey\Dulce Tentación (2020 Remastered)\FLAC (24bit-44.1kHz)
 To: G:\Musica\Discografias\Fey\2009 - Dulce Tentación (2020 Remastered) [24bit-44.1kHz]
File read to copy: 01 - The Cruel Angel's Thesis (Director's Edit Version).flac
 Fr: D:\Musica\Qobuz\Neon Genesis Evangelion\NEON GENESIS EVANGELION (Original Series Soundtrack)\FLAC (16bit-44.1kHz)
 To: G:\Musica\Discografias\Neon Genesis Evangelion\2019 - NEON GENESIS EVANGELION (Original Series Soundtrack) [16bit-44.1kHz]
File read to copy: 01 - For a Pessimist, I'm Pretty Optimistic.flac
 Fr: D:\Musica\Qobuz\Paramore\RIOT! (Édition StudioMasters)\FLAC (24bit-44.1kHz)
 To: G:\Musica\Discografias\Paramore\2013 - RIOT! (Édition StudioMasters) [24bit-44.1kHz]
File read to copy: 01 - Fast in My Car.flac
 Fr: D:\Musica\Qobuz\Paramore\Paramore (Édition Studio Masters)\FLAC (24bit-44.1kHz)
 To: G:\Musica\Discografias\Paramore\2013 - Paramore (Édition Studio Masters) [24bit-44.1kHz]
File read to copy: 01 - Hard Times.flac
 Fr: D:\Musica\Qobuz\Paramore\After Laughter\FLAC (24bit-96kHz)
 To: G:\Musica\Discografias\Paramore\2017 - After Laughter [24bit-96.0kHz]
File read to copy: 01 - This Is Why.flac
 Fr: D:\Musica\Qobuz\Paramore\This Is Why\FLAC (24bit-44.1kHz)
 To: G:\Musica\Discografias\Paramore\2023 - This Is Why [24bit-96.0kHz]
File read to copy: 01 - Careful.flac
 Fr: D:\Musica\Qobuz\Paramore\brand new eyes (Deluxe) (Édition Studio Masters) (Deluxe Edition)\FLAC (24bit-44.1kHz)
 To: G:\Musica\Discografias\Paramore\2009 - brand new eyes (Deluxe) (Édition Studio Masters) (Deluxe Edition) [24bit-44.1kHz]
File read to copy: 01 - All We Know.flac
 Fr: D:\Musica\Qobuz\Paramore\All We Know Is Falling (Deluxe) (Édition StudioMasters) (Deluxe Edition)\FLAC (24bit-44.1kHz)
 To: G:\Musica\Discografias\Paramore\2005 - All We Know Is Falling (Deluxe) (Édition StudioMasters) (Deluxe Edition) [24bit-44.1kHz]
File read to copy: Karol G - QLONA.flac
 Fr: D:\Musica\Qobuz\Karol G\FLAC (24bit-44.1kHz)
 To: G:\Musica\Discografias\Karol G\2023 - MAÑANA SERÁ BONITO (BICHOTA SEASON) [24bit-44.1kHz]
File read to copy: 01 - Sehnsucht.flac
 Fr: D:\Musica\Qobuz\Rammstein\Sehnsucht (Anniversary Edition - Remastered)\FLAC (24bit-44.1kHz)
 To: G:\Musica\Discografias\Rammstein\1997 - Sehnsucht (Anniversary Edition - Remastered) [24bit-44.1kHz]
File read to copy: 01 - Armee der Tristen.flac
 Fr: D:\Musica\Qobuz\Rammstein\Zeit\FLAC (24bit-48kHz)
 To: G:\Musica\Discografias\Rammstein\2022 - Zeit [24bit-48.0kHz]
File read to copy: 01 - Benzin (ALBUM VERSION).flac
 Fr: D:\Musica\Qobuz\Rammstein\Rosenrot\FLAC (16bit-44.1kHz)
 To: G:\Musica\Discografias\Rammstein\2005 - Rosenrot [16bit-44.1kHz]
File read to copy: 01 - Wollt ihr das Bett in Flammen sehen.flac
 Fr: D:\Musica\Qobuz\Rammstein\Herzeleid (XXV Anniversary Edition – Remastered)\FLAC (24bit-44.1kHz)
 To: G:\Musica\Discografias\Rammstein\1995 - Herzeleid (XXV Anniversary Edition – Remastered) [24bit-44.1kHz]
File read to copy: 01 - Mein Herz brennt.flac
 Fr: D:\Musica\Qobuz\Rammstein\Mutter\FLAC (16bit-44.1kHz)
 To: G:\Musica\Discografias\Rammstein\2001 - Mutter [16bit-44.1kHz]
File read to copy: 01 - Deutschland.flac
 Fr: D:\Musica\Qobuz\Rammstein\Rammstein\FLAC (16bit-44.1kHz)
 To: G:\Musica\Discografias\Rammstein\2019 - Rammstein [16bit-44.1kHz]
File read to copy: 01 - Reise, Reise.flac
 Fr: D:\Musica\Qobuz\Rammstein\Reise, Reise\FLAC (16bit-44.1kHz)
 To: G:\Musica\Discografias\Rammstein\2004 - Reise, Reise [16bit-44.1kHz]
File read to copy: 01 - Bridge Burning.flac
 Fr: D:\Musica\Qobuz\Foo Fighters\Wasting Light\FLAC (24bit-192kHz)
 To: G:\Musica\Discografias\Foo Fighters\2011 - Wasting Light [24bit-192.0kHz]
File read to copy: 01 - The Pretender.flac
 Fr: D:\Musica\Qobuz\Foo Fighters\Echoes, Silence, Patience & Grace\FLAC (24bit-192kHz)
 To: G:\Musica\Discografias\Foo Fighters\2007 - Echoes, Silence, Patience & Grace [24bit-192.0kHz]
File read to copy: 01 - In Your Honor.flac
 Fr: D:\Musica\Qobuz\Foo Fighters\In Your Honor\FLAC (24bit-192kHz)\CD 01
 To: G:\Musica\Discografias\Foo Fighters\2005 - In Your Honor [24bit-192.0kHz]\Disk 1
File read to copy: 01 - Still.flac
 Fr: D:\Musica\Qobuz\Foo Fighters\In Your Honor\FLAC (24bit-192kHz)\CD 02
 To: G:\Musica\Discografias\Foo Fighters\2005 - In Your Honor [24bit-192.0kHz]\Disk 2
File read to copy: 01 - Everlong.flac
 Fr: D:\Musica\Qobuz\Foo Fighters\The Essential Foo Fighters\FLAC (24bit-44.1kHz)
 To: G:\Musica\Discografias\Foo Fighters\2022 - The Essential Foo Fighters [24bit-44.1kHz]
File read to copy: 02 - Juke Box Hero.flac
 Fr: D:\Musica\Qobuz\Foreigner\4 (Version Studio Masters)\FLAC (24bit-96kHz)
 To: G:\Musica\Discografias\Foreigner\2011 - 4 (Version Studio Masters) [24bit-96.0kHz]
File read to copy: 01 - Tooth and Nail.flac
 Fr: D:\Musica\Qobuz\Foreigner\Agent Provocateur\FLAC (24bit-192kHz)
 To: G:\Musica\Discografias\Foreigner\2013 - Agent Provocateur [24bit-192.0kHz]
File read to copy: 01 - Feels like the First Time.flac
 Fr: D:\Musica\Qobuz\Foreigner\Foreigner\FLAC (24bit-96kHz)
 To: G:\Musica\Discografias\Foreigner\1977 - Foreigner [24bit-96.0kHz]
File read to copy: 01 - Hot Blooded.flac
 Fr: D:\Musica\Qobuz\Foreigner\Double Vision (Édition Studio Masters)\FLAC (24bit-192kHz)
 To: G:\Musica\Discografias\Foreigner\1978 - Double Vision (Édition Studio Masters) [24bit-192.0kHz]
File read to copy: 01 - Overture (Live).flac
 Fr: D:\Musica\Qobuz\Foreigner\Foreigner with the 21st Century Symphony Orchestra & Chorus (Live)\FLAC (24bit-48kHz)
 To: G:\Musica\Discografias\Foreigner\2018 - Foreigner with the 21st Century Symphony Orchestra & Chorus (Live) [24bit-48.0kHz]
File read to copy: 01 - Dirty White Boy.flac
 Fr: D:\Musica\Qobuz\Foreigner\Head Games\FLAC (24bit-192kHz)
 To: G:\Musica\Discografias\Foreigner\2013 - Head Games [24bit-192.0kHz]
File read to copy: 01 - Pay the Man.flac
 Fr: D:\Musica\Qobuz\Foster The People\Sacred Hearts Club\FLAC (24bit-44.1kHz)
 To: G:\Musica\Discografias\Foster The People\2017 - Sacred Hearts Club [24bit-44.1kHz]
File read to copy: 01 - Strangers In The Night (Album Version).flac
 Fr: D:\Musica\Qobuz\Frank Sinatra\Strangers In The Night\FLAC (24bit-96kHz)
 To: G:\Musica\Discografias\Frank Sinatra\1966 - Strangers In The Night [24bit-96.0kHz]
File read to copy: 016 - I've Got The World On A String (Remastered 2000).flac
 Fr: D:\Musica\Qobuz\Frank Sinatra\Ultimate Sinatra_ The Centennial Collection\FLAC (24bit-44.1kHz)\CD 01
 To: G:\Musica\Discografias\Frank Sinatra\2015 - Ultimate Sinatra The Centennial Collection [24bit-44.1kHz]\Disk 1
File read to copy: 001 - This Love Of Mine (1998 Remastered).flac
 Fr: D:\Musica\Qobuz\Frank Sinatra\Ultimate Sinatra_ The Centennial Collection\FLAC (24bit-44.1kHz)\CD 02
 To: G:\Musica\Discografias\Frank Sinatra\2015 - Ultimate Sinatra The Centennial Collection [24bit-44.1kHz]\Disk 2
File read to copy: 001 - Only The Lonely.flac
 Fr: D:\Musica\Qobuz\Frank Sinatra\Ultimate Sinatra_ The Centennial Collection\FLAC (24bit-44.1kHz)\CD 03
 To: G:\Musica\Discografias\Frank Sinatra\2015 - Ultimate Sinatra The Centennial Collection [24bit-44.1kHz]\Disk 3
File read to copy: 001 - The Way You Look Tonight (2008 Remastered).flac
 Fr: D:\Musica\Qobuz\Frank Sinatra\Ultimate Sinatra_ The Centennial Collection\FLAC (24bit-44.1kHz)\CD 04
 To: G:\Musica\Discografias\Frank Sinatra\2015 - Ultimate Sinatra The Centennial Collection [24bit-44.1kHz]\Disk 4
File read to copy: 01 - My Funny Valentine.flac
 Fr: D:\Musica\Qobuz\Frank Sinatra\BD Music Presents Frank Sinatra, Capitol Years\FLAC (24bit-44.1kHz)\CD 01
 To: G:\Musica\Discografias\Frank Sinatra\2012 - BD Music Presents Frank Sinatra, Capitol Years [24bit-44.1kHz]\Disk 1
File read to copy: Franz Ferdinand - Take Me Out.flac
 Fr: D:\Musica\Qobuz\Franz ferdinand\FLAC (24bit-44.1kHz)
 To: G:\Musica\Discografias\Franz Ferdinand\2022 - Hits To The Head [24bit-96.0kHz]
File read to copy: 01 - Hawái.flac
 Fr: D:\Musica\Qobuz\Maluma\Hawái\FLAC (24bit-48kHz)
 To: G:\Musica\Discografias\Maluma\2020 - Hawái [24bit-48.0kHz]
File read to copy: 01 - I. Allegro (Cadenza by Mozart).flac
 Fr: D:\Musica\Qobuz\Camerata Salzburg\Mozart_ Piano Concertos Nos.6, 17 & 21\FLAC (24bit-96kHz)
 To: G:\Musica\Discografias\Camerata Salzburg', 'Geza Anda\1995 - Mozart Piano Concertos Nos.6, 17 & 21 [24bit-96.0kHz]
File read to copy: 01 - Piano Sonata No. 12 in A-Flat Major, Op. 26_ I. (a) Andante con variazioni.flac
 Fr: D:\Musica\Qobuz\Stephen Kovacevich\Beethoven_ Piano Sonatas Nos. 12, 13, 14 _Moonlight_, 19 & 20\FLAC (16bit-44.1kHz)
 To: G:\Musica\Discografias\Stephen Kovacevich\2001 - Beethoven Piano Sonatas Nos. 12, 13, 14 Moonlight, 19 & 20 [16bit-44.1kHz]
File read to copy: 01 - Ah-Ah _ O-No.flac
 Fr: D:\Musica\Qobuz\Willie Colón\El Juicio\FLAC (24bit-96kHz)
 To: G:\Musica\Discografias\Willie Colón\1972 - El Juicio [24bit-96.0kHz]
File read to copy: 01 - Che Che Colé.flac
 Fr: D:\Musica\Qobuz\Willie Colón\Cosa Nuestra\FLAC (24bit-192kHz)
 To: G:\Musica\Discografias\Willie Colón', 'Hector Lavoe\1968 - Cosa Nuestra [24bit-192.0kHz]
File read to copy: 01 - Plástico.flac
 Fr: D:\Musica\Qobuz\Willie Colón\Siembra\FLAC (24bit-192kHz)
 To: G:\Musica\Discografias\Willie Colón', 'Ruben Blades\1978 - Siembra [24bit-192.0kHz]
File read to copy: 01 - Ché Ché Colé.flac
 Fr: D:\Musica\Qobuz\Willie Colón\Crime Pays\FLAC (24bit-192kHz)
 To: G:\Musica\Discografias\Willie Colón', 'Hector Lavoe\1972 - Crime Pays [24bit-192.0kHz]
File read to copy: 01 - Triste y Vacía.flac
 Fr: D:\Musica\Qobuz\Willie Colón\Vigilante\FLAC (24bit-192kHz)
 To: G:\Musica\Discografias\Willie Colón', 'Hector Lavoe\1982 - Vigilante [24bit-192.0kHz]
File read to copy: 01 - Sin Tu Cariño.flac
 Fr: D:\Musica\Qobuz\Ruben Blades\Pasieros\FLAC (24bit-44.1kHz)
 To: G:\Musica\Discografias\Ruben Blades', 'Boca Livre\2022 - Pasieros [24bit-44.1kHz]
File read to copy: 01 - Papa Don't Preach.flac
 Fr: D:\Musica\Qobuz\Madonna\True Blue (Hi-Res Version)\FLAC (24bit-192kHz)
 To: G:\Musica\Discografias\Madonna\1986 - True Blue (Hi-Res Version) [24bit-192.0kHz]
File read to copy: 01 - Spring 0 (2012).flac
 Fr: D:\Musica\Qobuz\Max Richter\Recomposed By Max Richter_ Vivaldi, The Four Seasons (2012)\FLAC (24bit-44.1kHz)
 To: G:\Musica\Discografias\Max Richter', 'Daniel Hope', 'Konzerthaus Kammerorchester Berlin', 'André de Ridder\2012 - Recomposed By Max Richter Vivaldi, The Four Seasons (2012) [24bit-44.1kHz]
File read to copy: 01 - 1. Contrapunctus 1.flac
 Fr: D:\Musica\Qobuz\Ottavio Dantone\Bach_ The Art of Fugue\FLAC (24bit-96kHz)
 To: G:\Musica\Discografias\Accademia Bizantina', 'Ottavio Dantone\2017 - Bach The Art of Fugue [24bit-96.0kHz]
File read to copy: 01 - Sinfonia.flac
 Fr: D:\Musica\Qobuz\Accademia Bizantina\Bach, J.S._ Sinfonia\FLAC (24bit-96kHz)
 To: G:\Musica\Discografias\Accademia Bizantina', 'Ottavio Dantone\2013 - Bach, J.S. Sinfonia [24bit-96.0kHz]
File read to copy: 01 - The Magic Flute, K 620_ Overture.flac
 Fr: D:\Musica\Qobuz\Coros Sinfónico de Baden-Baden\Wolfgang Amadeus Mozart_ Very Classics. The Magic Flute\FLAC (16bit-44.1kHz)
 To: G:\Musica\Discografias\Coros Sinfónico de Baden-Baden\2014 - Wolfgang Amadeus Mozart Very Classics. The Magic Flute [16bit-44.1kHz]
File read to copy: 01 - Music.flac
 Fr: D:\Musica\Qobuz\Nightwish\HUMAN. _II_ NATURE\FLAC (24bit-44.1kHz)
 To: G:\Musica\Discografias\Nightwish\2020 - HUMAN. II NATURE. [24bit-44.1kHz]
File read to copy: 01 - 21st Century Schizoid Man (Including 'Mirrors').flac
 Fr: D:\Musica\Qobuz\King Crimson\In The Court Of The Crimson King\FLAC (24bit-96kHz)
 To: G:\Musica\Discografias\King Crimson\1969 - In The Court Of The Crimson King [24bit-96.0kHz]
File read to copy: 01 - Alone Again Or (2015 Remaster).flac
 Fr: D:\Musica\Qobuz\Love\Forever Changes (2015 Remaster)\FLAC (24bit-192kHz)
 To: G:\Musica\Discografias\Love\2015 - Forever Changes (2015 Remaster) [24bit-192.0kHz]
File read to copy: 01 - Alone Again Or.flac
 Fr: D:\Musica\Qobuz\Love\Forever Changes\FLAC (24bit-192kHz)
 To: G:\Musica\Discografias\Love\1967 - Forever Changes [24bit-192.0kHz]
File read to copy: 01 - Cross Road Blues (Album Version).flac
 Fr: D:\Musica\Qobuz\Robert Johnson\King Of The Delta Blues Singers\FLAC (16bit-44.1kHz)
 To: G:\Musica\Discografias\Robert Johnson\1961 - King Of The Delta Blues Singers [16bit-44.1kHz]
File read to copy: 01 - Gloria _ In Excelsis Deo - Gloria.flac
 Fr: D:\Musica\Qobuz\Patti Smith\Horses\FLAC (24bit-96kHz)
 To: G:\Musica\Discografias\Patti Smith\1975 - Horses [24bit-96.0kHz]
File read to copy: 01 - Europe Endless (2009 Remaster).flac
 Fr: D:\Musica\Qobuz\Kraftwerk\Trans Europe Express (2009 Digital Remaster) (2009 Remaster)\FLAC (16bit-44.1kHz)
 To: G:\Musica\Discografias\Kraftwerk\1977 - Trans Europe Express (2009 Digital Remaster) (2009 Remaster) [16bit-44.1kHz]
File read to copy: 01 - Respect.flac
 Fr: D:\Musica\Qobuz\Aretha Franklin\I Never Loved A Man The Way I Loved You\FLAC (24bit-192kHz)
 To: G:\Musica\Discografias\Aretha Franklin\1967 - I Never Loved A Man The Way I Loved You [24bit-192.0kHz]
File read to copy: 01 - London Calling (Remastered).flac
 Fr: D:\Musica\Qobuz\The Clash\London Calling (Remastered)\FLAC (24bit-96kHz)
 To: G:\Musica\Discografias\The Clash\1979 - London Calling (Remastered) [24bit-96.0kHz]
File read to copy: 01 - Carnaval Toda La Vida (Remasterizado 2008).flac
 Fr: D:\Musica\Qobuz\Los Fabulosos Cadillacs\El León (Remasterizado 2008)\FLAC (16bit-44.1kHz)
 To: G:\Musica\Discografias\Los Fabulosos Cadillacs\1992 - El León (Remasterizado 2008) [16bit-44.1kHz]
File read to copy: 01 - Asleep at the Wheel.flac
 Fr: D:\Musica\Qobuz\Band Of Skulls\Himalayan\FLAC (24bit-44.1kHz)
 To: G:\Musica\Discografias\Band Of Skulls\2014 - Himalayan [24bit-44.1kHz]
File read to copy: 01 - Birth.flac
 Fr: D:\Musica\Qobuz\30 Seconds To Mars\LOVE LUST FAITH + DREAMS\FLAC (24bit-96kHz)
 To: G:\Musica\Discografias\30 Seconds To Mars\2013 - LOVE LUST FAITH + DREAMS [24bit-96.0kHz]
File read to copy: 01 - Walk On Water.flac
 Fr: D:\Musica\Qobuz\30 Seconds To Mars\AMERICA\FLAC (24bit-96kHz)
 To: G:\Musica\Discografias\30 Seconds To Mars\2018 - AMERICA [24bit-96.0kHz]
File read to copy: 01 - Rehab.flac
 Fr: D:\Musica\Qobuz\Amy Winehouse\Back To Black\FLAC (24bit-96kHz)
 To: G:\Musica\Discografias\Amy Winehouse\2006 - Back To Black [24bit-96.0kHz]
File read to copy: 01 - Intro _ Stronger Than Me.flac
 Fr: D:\Musica\Qobuz\Amy Winehouse\Frank\FLAC (24bit-44.1kHz)
 To: G:\Musica\Discografias\Amy Winehouse\2003 - Frank [24bit-44.1kHz]
File read to copy: 01 - JS4E.flac
 Fr: D:\Musica\Qobuz\Arcángel\SR. SANTOS\FLAC (24bit-96kHz)
 To: G:\Musica\Discografias\Arcángel\2022 - SR. SANTOS [24bit-96.0kHz]
File read to copy: 01 - Arcángel_ Bzrp Music Sessions, Vol. 54.flac
 Fr: D:\Musica\Qobuz\Bizarrap\Arcángel_ Bzrp Music Sessions, Vol. 54\FLAC (24bit-44.1kHz)
 To: G:\Musica\Discografias\Bizarrap', 'Arcángel\2023 - Arcángel Bzrp Music Sessions, Vol. 54 [24bit-44.1kHz]
File read to copy: 01 - Move Over.flac
 Fr: D:\Musica\Qobuz\Janis Joplin\Pearl\FLAC (24bit-96kHz)
 To: G:\Musica\Discografias\Janis Joplin\1971 - Pearl [24bit-96.0kHz]
File read to copy: 01 - Try (Just a Little Bit Harder).flac
 Fr: D:\Musica\Qobuz\Janis Joplin\I Got Dem Ol' Kozmic Blues Again Mama!\FLAC (24bit-192kHz)
 To: G:\Musica\Discografias\Janis Joplin\1969 - I Got Dem Ol' Kozmic Blues Again Mama! [24bit-192.0kHz]
File read to copy: 01 - Rumble.flac
 Fr: D:\Musica\Qobuz\Skrillex\Rumble\FLAC (24bit-48kHz)
 To: G:\Musica\Discografias\Skrillex', 'Fred again..', 'Flowdan\2023 - Rumble [24bit-48.0kHz]
File read to copy: 01 - First Of The Year (Equinox).flac
 Fr: D:\Musica\Qobuz\Skrillex\More Monsters and Sprites EP\FLAC (16bit-44.1kHz)
 To: G:\Musica\Discografias\Skrillex\2011 - More Monsters and Sprites EP [16bit-44.1kHz]
File read to copy: 01 - In Da Getto.flac
 Fr: D:\Musica\Qobuz\J Balvin\In Da Getto\FLAC (24bit-96kHz)
 To: G:\Musica\Discografias\J Balvin', 'Skrillex\2021 - In Da Getto [24bit-96.0kHz]
File read to copy: 01 - Heavydirtysoul.flac
 Fr: D:\Musica\Qobuz\twenty one pilots\Blurryface\FLAC (24bit-44.1kHz)
 To: G:\Musica\Discografias\twenty one pilots\2015 - Blurryface [24bit-44.1kHz]
File read to copy: 01 - Jumpsuit.flac
 Fr: D:\Musica\Qobuz\twenty one pilots\Trench\FLAC (24bit-44.1kHz)
 To: G:\Musica\Discografias\twenty one pilots\2018 - Trench [24bit-44.1kHz]
File read to copy: 01 - Heathens _ Trees (Livestream Version).flac
 Fr: D:\Musica\Qobuz\twenty one pilots\Heathens _ Trees (Livestream Version)\FLAC (24bit-96kHz)
 To: G:\Musica\Discografias\twenty one pilots\2021 - Heathens  Trees (Livestream Version) [24bit-96.0kHz]
File read to copy: 01 - La Llorona.flac
 Fr: D:\Musica\Qobuz\Alejandra Robles\La Sirena\FLAC (16bit-44.1kHz)
 To: G:\Musica\Discografias\Alejandra Robles\2013 - La Sirena [16bit-44.1kHz]
File read to copy: 01 - AfroMéxico Sí.flac
 Fr: D:\Musica\Qobuz\Sonora Santanera de Carlos Colorado y Alejandra Robles\AfroMéxico Sí\FLAC (16bit-44.1kHz)
 To: G:\Musica\Discografias\Sonora Santanera de Carlos Colorado y Alejandra Robles\2020 - AfroMéxico Sí [16bit-44.1kHz]
File read to copy: 01 - Los placeres efímeros.flac
 Fr: D:\Musica\Qobuz\Dorian\La velocidad del vacío\FLAC (24bit-44.1kHz)
 To: G:\Musica\Discografias\Dorian\2013 - La velocidad del vacío [24bit-44.1kHz]
File read to copy: 01 - Simulacro De Emergencia.flac
 Fr: D:\Musica\Qobuz\Dorian\La Ciudad Subterránea\FLAC (16bit-44.1kHz)
 To: G:\Musica\Discografias\Dorian\2009 - La Ciudad Subterránea [16bit-44.1kHz]
File read to copy: 01 - Too Young to Know (2007 Remaster).flac
 Fr: D:\Musica\Qobuz\U.F.O\Phenomenon (2007 Remaster)\FLAC (16bit-44.1kHz)
 To: G:\Musica\Discografias\U.F.O.\1974 - Phenomenon (2007 Remaster) [16bit-44.1kHz]
File read to copy: 01 - SAOKO.flac
 Fr: D:\Musica\Qobuz\ROSALÍA\MOTOMAMI\FLAC (24bit-48kHz)
 To: G:\Musica\Discografias\ROSALÍA\2022 - MOTOMAMI [24bit-48.0kHz]
File read to copy: 01 - Lolo (Intro).flac
 Fr: D:\Musica\Qobuz\Dr. Dre\2001\FLAC (16bit-44.1kHz)
 To: G:\Musica\Discografias\Dr. Dre\1999 - 2001 [16bit-44.1kHz]
File read to copy: 01 - Sparta.flac
 Fr: D:\Musica\Qobuz\Sabaton\The Last Stand\FLAC (24bit-96kHz)
 To: G:\Musica\Discografias\Sabaton\2016 - The Last Stand [24bit-96.0kHz]
File read to copy: 01 - Keep On.flac
 Fr: D:\Musica\Qobuz\Alfa Mist\Antiphon\FLAC (16bit-44.1kHz)
 To: G:\Musica\Discografias\Alfa Mist\2017 - Antiphon [16bit-44.1kHz]
File read to copy: 01 - Foreword.flac
 Fr: D:\Musica\Qobuz\Alfa Mist\Variables\FLAC (24bit-44.1kHz)
 To: G:\Musica\Discografias\Alfa Mist\2023 - Variables [24bit-44.1kHz]
File read to copy: 01 - So What.flac
 Fr: D:\Musica\Qobuz\Miles Davis\Kind Of Blue\FLAC (24bit-192kHz)
 To: G:\Musica\Discografias\Miles Davis\1959 - Kind Of Blue [24bit-192.0kHz]
File read to copy: 01 - Godzilla.flac
 Fr: D:\Musica\Qobuz\Eminem\Curtain Call 2\FLAC (24bit-44.1kHz)\CD 01
 To: G:\Musica\Discografias\Eminem\2022 - Curtain Call 2 [24bit-44.1kHz]\Disk 1
File read to copy: 01 - 3 a.m.flac
 Fr: D:\Musica\Qobuz\Eminem\Curtain Call 2\FLAC (24bit-44.1kHz)\CD 02
 To: G:\Musica\Discografias\Eminem\2022 - Curtain Call 2 [24bit-44.1kHz]\Disk 2
File read to copy: 01 - Intro_ Eminem_ Curtain Call (Album Version (Explicit)).flac
 Fr: D:\Musica\Qobuz\Eminem\Curtain Call_ The Hits\FLAC (16bit-44.1kHz)
 To: G:\Musica\Discografias\Eminem\2005 - Curtain Call The Hits [16bit-44.1kHz]
File read to copy: 01 - Untitled.flac
 Fr: D:\Musica\Qobuz\Enjambre\El Segundo Es Felino\FLAC (16bit-44.1kHz)
 To: G:\Musica\Discografias\Enjambre\2009 - El Segundo Es Felino [16bit-44.1kHz]
File read to copy: 01 - Enemigo (Noches de Salón).flac
 Fr: D:\Musica\Qobuz\Enjambre\Noches De Salón (Noches de Salón)\FLAC (24bit-96kHz)
 To: G:\Musica\Discografias\Enjambre\2023 - Noches De Salón (Noches de Salón) [24bit-96.0kHz]
File read to copy: 01 - Cobarde.flac
 Fr: D:\Musica\Qobuz\Enjambre\Daltónico\FLAC (16bit-44.1kHz)
 To: G:\Musica\Discografias\Enjambre\2010 - Daltónico [16bit-44.1kHz]
File read to copy: 01 - Broken Boy.flac
 Fr: D:\Musica\Qobuz\Cage The Elephant\Social Cues\FLAC (24bit-48kHz)
 To: G:\Musica\Discografias\Cage The Elephant\2019 - Social Cues [24bit-48.0kHz]
File read to copy: 01 - Cry Baby.flac
 Fr: D:\Musica\Qobuz\Cage The Elephant\Tell Me I'm Pretty\FLAC (24bit-44.1kHz)
 To: G:\Musica\Discografias\Cage The Elephant\2015 - Tell Me I'm Pretty [24bit-44.1kHz]
File read to copy: 01 - Spiderhead.flac
 Fr: D:\Musica\Qobuz\Cage The Elephant\Melophobia\FLAC (16bit-44.1kHz)
 To: G:\Musica\Discografias\Cage The Elephant\2013 - Melophobia [16bit-44.1kHz]
File read to copy: 01 - Murciélago.flac
 Fr: D:\Musica\Qobuz\Porter\Moctezuma\FLAC (16bit-44.1kHz)
 To: G:\Musica\Discografias\Porter\2014 - Moctezuma [16bit-44.1kHz]
File read to copy: 01 - Book Of Revelation.flac
 Fr: D:\Musica\Qobuz\The Drums\Portamento\FLAC (16bit-44.1kHz)
 To: G:\Musica\Discografias\The Drums\2011 - Portamento [16bit-44.1kHz]
File read to copy: 01 - Get Out (2016 Remaster).flac
 Fr: D:\Musica\Qobuz\Faith No More\King for a Day, Fool for a Lifetime (2016 Remaster; Deluxe Edition)\FLAC (24bit-44.1kHz)
 To: G:\Musica\Discografias\Faith No More\2016 - King for a Day, Fool for a Lifetime (2016 Remaster; Deluxe Edition) [24bit-44.1kHz]
File read to copy: 01 - War.flac
 Fr: D:\Musica\Qobuz\Emigrate\A Million Degrees\FLAC (16bit-44.1kHz)
 To: G:\Musica\Discografias\Emigrate\2018 - A Million Degrees [16bit-44.1kHz]
File read to copy: 01 - Fish On.flac
 Fr: D:\Musica\Qobuz\Lindemann\Fish On\FLAC (24bit-44.1kHz)
 To: G:\Musica\Discografias\Lindemann\2015 - Fish On [24bit-44.1kHz]
File read to copy: 01 - Dark & Long (Remastered).flac
 Fr: D:\Musica\Qobuz\Underworld\Dubnobasswithmyheadman (20th Anniversary Remaster)\FLAC (24bit-96kHz)
 To: G:\Musica\Discografias\Underworld\1994 - Dubnobasswithmyheadman (20th Anniversary Remaster) [24bit-96.0kHz]
File read to copy: 01 - Every Day Is Halloween.flac
 Fr: D:\Musica\Qobuz\Ministry\Twelve Inch Singles (Expanded Edition)\FLAC (16bit-44.1kHz)
 To: G:\Musica\Discografias\Ministry\1987 - Twelve Inch Singles (Expanded Edition) [16bit-44.1kHz]
File read to copy: 01 - Mediterranean Sundance _ Rio Ancho (Live).flac
 Fr: D:\Musica\Qobuz\Al Di Meola with Paco DeLucia & John McLaughlin\Friday Night in San Francisco (Live at Warfield Theatre, San Francisco, CA - December 5, 1980)\FLAC (24bit-176.4kHz)
 To: G:\Musica\Discografias\Al Di Meola', 'John McLaughlin', 'Paco de Lucía\1980 - Friday Night in San Francisco (Live at Warfield Theatre, San Francisco, CA - December 5, 1980) [24bit-176.4kHz]
File read to copy: 01 - Entre Dos Aguas.flac
 Fr: D:\Musica\Qobuz\Paco de Lucía\Entre Dos Aguas\FLAC (16bit-44.1kHz)
 To: G:\Musica\Discografias\Paco de Lucía\1981 - Entre Dos Aguas [16bit-44.1kHz]
File read to copy: 01 - Patio Custodio (Album Version).flac
 Fr: D:\Musica\Qobuz\Paco de Lucía\Cositas Buenas\FLAC (16bit-44.1kHz)
 To: G:\Musica\Discografias\Paco de Lucía\2003 - Cositas Buenas [16bit-44.1kHz]
File read to copy: 01 - Veleta de Tu Viento.flac
 Fr: D:\Musica\Qobuz\Pedro Iturralde Quintet\Flamenco Jazz\FLAC (24bit-88.2kHz)
 To: G:\Musica\Discografias\Pedro Iturralde Quintet', 'Paco de Lucía\1968 - Flamenco Jazz [24bit-88.2kHz]
File read to copy: 01 - Soun Tha Mi Primer Amor (Mtv Unplugged (Track By Track Commentary)).flac
 Fr: D:\Musica\Qobuz\Kinky\Mtv Unplugged (Track by Track Commentary)\FLAC (16bit-44.1kHz)
 To: G:\Musica\Discografias\Kinky\2014 - Mtv Unplugged (Track by Track Commentary) [16bit-44.1kHz]
File read to copy: 01 - I Don't Know.flac
 Fr: D:\Musica\Qobuz\Ozzy Osbourne\Blizzard Of Ozz (40th Anniversary Expanded Edition)\FLAC (24bit-44.1kHz)
 To: G:\Musica\Discografias\Ozzy Osbourne\1980 - Blizzard Of Ozz (40th Anniversary Expanded Edition) [24bit-44.1kHz]
File read to copy: 01 - Mr. Tinkertrain (Album Version).flac
 Fr: D:\Musica\Qobuz\Ozzy Osbourne\No More Tears\FLAC (24bit-96kHz)
 To: G:\Musica\Discografias\Ozzy Osbourne\1991 - No More Tears [24bit-96.0kHz]
File read to copy: 01 - Beim ersten Mal tut's immer weh.flac
 Fr: D:\Musica\Qobuz\Oomph!\Monster\FLAC (16bit-44.1kHz)
 To: G:\Musica\Discografias\Oomph!\2008 - Monster [16bit-44.1kHz]
File read to copy: 01 - Priest.flac
 Fr: D:\Musica\Qobuz\Lord Of The Lost\Judas (Deluxe Version)\FLAC (24bit-44.1kHz)\CD 01
 To: G:\Musica\Discografias\Lord Of The Lost\2021 - Judas (Deluxe Version) [24bit-44.1kHz]\Disk 1
File read to copy: 01 - The Gospel of Judas.flac
 Fr: D:\Musica\Qobuz\Lord Of The Lost\Judas (Deluxe Version)\FLAC (24bit-44.1kHz)\CD 02
 To: G:\Musica\Discografias\Lord Of The Lost\2021 - Judas (Deluxe Version) [24bit-44.1kHz]\Disk 2
File read to copy: 01 - Living a Lie (feat. a Life Divided).flac
 Fr: D:\Musica\Qobuz\Lord Of The Lost\Judas (Deluxe Version)\FLAC (24bit-44.1kHz)\CD 03
 To: G:\Musica\Discografias\Lord Of The Lost\2021 - Judas (Deluxe Version) [24bit-44.1kHz]\Disk 3
File read to copy: 01 - Alles wird gut, aber... (feat. Lacrimosa).flac
 Fr: D:\Musica\Qobuz\Lord Of The Lost\Judas (Deluxe Version)\FLAC (24bit-44.1kHz)\CD 04
 To: G:\Musica\Discografias\Lord Of The Lost\2021 - Judas (Deluxe Version) [24bit-44.1kHz]\Disk 4
File read to copy: 01 - Sapphire.flac
 Fr: D:\Musica\Qobuz\Lacrimosa\Lichtgestalt\FLAC (16bit-44.1kHz)
 To: G:\Musica\Discografias\Lacrimosa\2005 - Lichtgestalt [16bit-44.1kHz]
File read to copy: 01 - Am Ende Der Stille.flac
 Fr: D:\Musica\Qobuz\Lacrimosa\Elodia\FLAC (16bit-44.1kHz)
 To: G:\Musica\Discografias\Lacrimosa\1999 - Elodia [16bit-44.1kHz]
File read to copy: 01 - Por Tu Amor (Duranguense).flac
 Fr: D:\Musica\Qobuz\Alacranes Musical\Lo Más Escuchado De\FLAC (16bit-44.1kHz)
 To: G:\Musica\Discografias\Alacranes Musical\2019 - Lo Más Escuchado De [16bit-44.1kHz]
File read to copy: 01 - The Lucky One.flac
 Fr: D:\Musica\Qobuz\Laura Branigan\Self Control\FLAC (16bit-44.1kHz)
 To: G:\Musica\Discografias\Laura Branigan\1984 - Self Control [16bit-44.1kHz]
File read to copy: 01 - Sara Smile.flac
 Fr: D:\Musica\Qobuz\Hall & Oates\The Very Best of Daryl Hall _ John Oates\FLAC (16bit-44.1kHz)
 To: G:\Musica\Discografias\Hall & Oates\2009 - The Very Best of Daryl Hall  John Oates [16bit-44.1kHz]
File read to copy: 01 - Rosanna (Album Version).flac
 Fr: D:\Musica\Qobuz\Toto\Toto IV\FLAC (24bit-192kHz)
 To: G:\Musica\Discografias\Toto\1982 - Toto IV [24bit-192.0kHz]
File read to copy: 01 - Death On Two Legs (Dedicated To...) (Remastered 2011).flac
 Fr: D:\Musica\Qobuz\Queen\A Night At The Opera (Remastered 2011)\FLAC (24bit-96kHz)
 To: G:\Musica\Discografias\Queen\2011 - A Night At The Opera (Remastered 2011) [24bit-96.0kHz]
File read to copy: 01 - Bohemian Rhapsody (Remastered 2011).flac
 Fr: D:\Musica\Qobuz\Queen\Greatest Hits\FLAC (24bit-96kHz)
 To: G:\Musica\Discografias\Queen\2011 - Greatest Hits [24bit-96.0kHz]
File read to copy: 01 - Procession (Remastered 2011).flac
 Fr: D:\Musica\Qobuz\Queen\Queen II\FLAC (24bit-96kHz)
 To: G:\Musica\Discografias\Queen\1974 - Queen II [24bit-96.0kHz]
File read to copy: 01 - Mi Credo.flac
 Fr: D:\Musica\Qobuz\K-Paz De La Sierra\Lo Más Escuchado De\FLAC (16bit-44.1kHz)
 To: G:\Musica\Discografias\K-Paz De La Sierra\2019 - Lo Más Escuchado De [16bit-44.1kHz]
File read to copy: 01 - Break on Through (To the Other Side) (2017 Remaster).flac
 Fr: D:\Musica\Qobuz\The Doors\The Doors (50th Anniversary Deluxe Edition)\FLAC (24bit-192kHz)\CD 01
 To: G:\Musica\Discografias\The Doors\1967 - The Doors (50th Anniversary Deluxe Edition) [24bit-192.0kHz]\Disk 1
File read to copy: 01 - Break on Through (To the Other Side) (Mono; 2017 Remaster).flac
 Fr: D:\Musica\Qobuz\The Doors\The Doors (50th Anniversary Deluxe Edition)\FLAC (24bit-192kHz)\CD 02
 To: G:\Musica\Discografias\The Doors\1967 - The Doors (50th Anniversary Deluxe Edition) [24bit-192.0kHz]\Disk 2
File read to copy: 01 - Break on Through (To the Other Side) (Live at the Matrix, 3_7_1967).flac
 Fr: D:\Musica\Qobuz\The Doors\The Doors (50th Anniversary Deluxe Edition)\FLAC (24bit-192kHz)\CD 03
 To: G:\Musica\Discografias\The Doors\1967 - The Doors (50th Anniversary Deluxe Edition) [24bit-192.0kHz]\Disk 3
File read to copy: 01 - Perdido.flac
 Fr: D:\Musica\Qobuz\Allison\Allison (Edición Especial)\FLAC (16bit-44.1kHz)
 To: G:\Musica\Discografias\Allison\2003 - Allison (Edición Especial) [16bit-44.1kHz]
File read to copy: 01 - Algo Que Decir.flac
 Fr: D:\Musica\Qobuz\Allison\Memorama\FLAC (16bit-44.1kHz)
 To: G:\Musica\Discografias\Allison\2008 - Memorama [16bit-44.1kHz]
File read to copy: 01 - Beautiful Trip.flac
 Fr: D:\Musica\Qobuz\Kid Cudi\Man On The Moon III_ The Chosen\FLAC (24bit-44.1kHz)
 To: G:\Musica\Discografias\Kid Cudi\2020 - Man On The Moon III The Chosen [24bit-44.1kHz]
File read to copy: 01 - Scott Mescudi Vs. The World (Album Version).flac
 Fr: D:\Musica\Qobuz\Kid Cudi\Man On The Moon II_ The Legend Of Mr. Rager\FLAC (16bit-44.1kHz)
 To: G:\Musica\Discografias\Kid Cudi\2010 - Man On The Moon II The Legend Of Mr. Rager [16bit-44.1kHz]
File read to copy: 01 - In My Dreams (Cudder Anthem) (Album Version (Explicit)).flac
 Fr: D:\Musica\Qobuz\Kid Cudi\Man On The Moon_ The End Of Day (Intl Deluxe Digital)\FLAC (16bit-44.1kHz)
 To: G:\Musica\Discografias\Kid Cudi\2009 - Man On The Moon The End Of Day (Intl Deluxe Digital) [16bit-44.1kHz]
File read to copy: 01 - Dream Girl (Remix).flac
 Fr: D:\Musica\Qobuz\Ir Sais\Dream Girl (Remix)\FLAC (24bit-48kHz)
 To: G:\Musica\Discografias\Ir Sais', 'Rauw Alejandro\2019 - Dream Girl (Remix) [24bit-48.0kHz]
File read to copy: 01 - Dream Girl.flac
 Fr: D:\Musica\Qobuz\Ir Sais\Dream Girl\FLAC (24bit-44.1kHz)
 To: G:\Musica\Discografias\Ir Sais\2019 - Dream Girl [24bit-44.1kHz]
File read to copy: 01 - Myage.flac
 Fr: D:\Musica\Qobuz\Descendents\Milo Goes to College\FLAC (16bit-44.1kHz)
 To: G:\Musica\Discografias\Descendents\2022 - Milo Goes to College [16bit-44.1kHz]
File read to copy: 01 - Yo Te Quiero Dar.flac
 Fr: D:\Musica\Qobuz\La Mosca Tsé-Tsé\Visperas De Carnaval\FLAC (16bit-44.1kHz)
 To: G:\Musica\Discografias\La Mosca Tsé-Tsé\1999 - Visperas De Carnaval [16bit-44.1kHz]
File read to copy: 01 - El Elias.flac
 Fr: D:\Musica\Qobuz\Panda\Arroz Con Leche (Collectors Edition)\FLAC (16bit-44.1kHz)
 To: G:\Musica\Discografias\Panda\2000 - Arroz Con Leche (Collectors Edition) [16bit-44.1kHz]
